
tmxcrlast018#!

tmxcrlast018#term len 0

tmxcrlast018#!

tmxcrlast018#show boot
---------------------------
Switch 1
---------------------------
Current Boot Variables:
BOOT variable does not exist

Boot Variables on next reload:
BOOT variable = flash:packages.conf;
Manual Boot = no
Enable Break = no
Boot Mode = DEVICE
iPXE Timeout = 0
tmxcrlast018#!

tmxcrlast018#show version
Cisco IOS XE Software, Version 16.12.05b
Cisco IOS Software [Gibraltar], Catalyst L3 Switch Software (CAT9K_LITE_IOSXE), Version 16.12.5b, RELEASE SOFTWARE (fc3)
Technical Support: http://www.cisco.com/techsupport
Copyright (c) 1986-2021 by Cisco Systems, Inc.
Compiled Thu 25-Mar-21 13:16 by mcpre


Cisco IOS-XE software, Copyright (c) 2005-2021 by cisco Systems, Inc.
All rights reserved.  Certain components of Cisco IOS-XE software are
licensed under the GNU General Public License ("GPL") Version 2.0.  The
software code licensed under GPL Version 2.0 is free software that comes
with ABSOLUTELY NO WARRANTY.  You can redistribute and/or modify such
GPL code under the terms of GPL Version 2.0.  For more details, see the
documentation or "License Notice" file accompanying the IOS-XE software,
or the applicable URL provided on the flyer accompanying the IOS-XE
software.


ROM: IOS-XE ROMMON
BOOTLDR: System Bootstrap, Version 17.3.1r [FC3], RELEASE SOFTWARE (P) 

tmxcrlast018 uptime is 14 weeks, 4 days, 17 hours, 1 minute
Uptime for this control processor is 14 weeks, 4 days, 17 hours, 2 minutes
System returned to ROM by Power Failure or Unknown
System restarted at 22:54:12 UTC Sat Dec 24 2022
System image file is "flash:packages.conf"
Last reload reason: Power Failure or Unknown



This product contains cryptographic features and is subject to United
States and local country laws governing import, export, transfer and
use. Delivery of Cisco cryptographic products does not imply
third-party authority to import, export, distribute or use encryption.
Importers, exporters, distributors and users are responsible for
compliance with U.S. and local country laws. By using this product you
agree to comply with applicable laws and regulations. If you are unable
to comply with U.S. and local laws, return this product immediately.

A summary of U.S. laws governing Cisco cryptographic products may be found at:
http://www.cisco.com/wwl/export/crypto/tool/stqrg.html

If you require further assistance please contact us by sending email to
export@cisco.com.


Technology Package License Information: 

------------------------------------------------------------------------------
Technology-package                                     Technology-package
Current                        Type                       Next reboot  
------------------------------------------------------------------------------
network-advantage   	Smart License                 	 network-advantage   
dna-advantage       	Subscription Smart License    	 dna-advantage                 


Smart Licensing Status: REGISTERED/AUTHORIZED

cisco C9200-24P (ARM64) processor with 649226K/3071K bytes of memory.
Processor board ID JAE24450CFZ
12 Virtual Ethernet interfaces
28 Gigabit Ethernet interfaces
4 Ten Gigabit Ethernet interfaces
2048K bytes of non-volatile configuration memory.
4060240K bytes of physical memory.
819200K bytes of Crash Files at crashinfo:.
1941504K bytes of Flash at flash:.
0K bytes of WebUI ODM Files at webui:.

Base Ethernet MAC Address          : 40:b5:c1:10:22:00
Motherboard Assembly Number        : 73-18793-04
Motherboard Serial Number          : JAE24450CFZ
Model Revision Number              : C1
Motherboard Revision Number        : B0
Model Number                       : C9200-24P
System Serial Number               : JAE24450CFZ


Switch Ports Model              SW Version        SW Image              Mode   
------ ----- -----              ----------        ----------            ----   
*    1 32    C9200-24P          16.12.05b         CAT9K_LITE_IOSXE      INSTALL


Configuration register is 0x102

tmxcrlast018#!

tmxcrlast018#show clock
15:55:13.271 UTC Thu Apr 6 2023
tmxcrlast018#!

tmxcrlast018#show ntp status
Clock is synchronized, stratum 4, reference is 164.56.50.7    
nominal freq is 250.0000 Hz, actual freq is 250.0069 Hz, precision is 2**10
ntp uptime is 887403900 (1/100 of seconds), resolution is 4000
reference time is E7D964D6.F1EB87B8 (15:33:42.945 UTC Thu Apr 6 2023)
clock offset is -4.1794 msec, root delay is 61.32 msec
root dispersion is 35.47 msec, peer dispersion is 1.12 msec
loopfilter state is 'CTRL' (Normal Controlled Loop), drift is -0.000027704 s/s
system poll interval is 512, last update was 1291 sec ago.
tmxcrlast018#!

tmxcrlast018#show spanning-tree | include VLAN|this bridge
VLAN0300
VLAN1526
VLAN1527
VLAN2146
VLAN2147
VLAN2526
VLAN2527
tmxcrlast018#!

tmxcrlast018#show ip interface brief | exclude unassigned
Interface              IP-Address      OK? Method Status                Protocol
Vlan300                172.20.117.209  YES NVRAM  up                    up      
Vlan600                11.178.79.129   YES NVRAM  up                    down    
Vlan750                10.50.79.129    YES NVRAM  up                    down    
Vlan762                192.168.14.1    YES NVRAM  up                    down    
Vlan900                26.50.79.129    YES NVRAM  up                    down    
Vlan1526               10.50.120.53    YES NVRAM  up                    up      
Vlan1527               10.50.120.55    YES NVRAM  up                    up      
Vlan2146               192.168.251.53  YES NVRAM  up                    up      
Vlan2147               192.168.251.55  YES NVRAM  up                    up      
Vlan2526               26.50.120.53    YES NVRAM  up                    up      
Vlan2527               26.50.120.55    YES NVRAM  up                    up      
Loopback0              172.20.113.18   YES NVRAM  up                    up      
Loopback1              26.50.121.18    YES NVRAM  up                    up      
Loopback762            192.168.250.14  YES NVRAM  up                    up      
Tunnel0                10.50.120.53    YES unset  up                    up      
tmxcrlast018#!

tmxcrlast018#show interface counters errors

Port           Align-Err     FCS-Err    Xmit-Err     Rcv-Err  UnderSize  OutDiscards 
Gi1/0/1                0           0           0           0          0            0 
Gi1/0/2                0           0           0           0          0            0 
Gi1/0/3                0           0           0           0          0            0 
Gi1/0/4                0           0           0           0          0            0 
Gi1/0/5                0           0           0           0          0            0 
Gi1/0/6                0           0           0           0          0            0 
Gi1/0/7                0           0           0           0          0            0 
Gi1/0/8                0           0           0           0          0            0 
Gi1/0/9                0           0           0           0          0            0 
Gi1/0/10               0           0           0           0          0            0 
Gi1/0/11               0           0           0           0          0            0 
Gi1/0/12               0           0           0           0          0            0 
Gi1/0/13               0           0           0           0          0            0 
Gi1/0/14               0           0           0           0          0            0 
Gi1/0/15               0           0           0           0          0            0 
Gi1/0/16               0           0           0           0          0            0 
Gi1/0/17               0           0           0           0          0            0 
Gi1/0/18               0           0           0           0          0            0 
Gi1/0/19               0           0           0           0          0            0 
Gi1/0/20               0           0           0           0          0            0 
Gi1/0/21               0           0           0           0          0            0 
Gi1/0/22               0           0           0           0          0            0 
Gi1/0/23               0           0           0           0          0            0 
Gi1/0/24               0           0           0           0          0            0 
Gi1/1/1                0           0           0           0          0            0 
Gi1/1/2                0           0           0           0          0            0 
Gi1/1/3                0           0           0           0          0            0 
Gi1/1/4                0           0           0           0          0            0 

Port         Single-Col  Multi-Col   Late-Col  Excess-Col  Carri-Sen      Runts 
Gi1/0/1               0          0          0           0          0          0 
Gi1/0/2               0          0          0           0          0          0 
Gi1/0/3               0          0          0           0          0          0 
Gi1/0/4               0          0          0           0          0          0 
Gi1/0/5               0          0          0           0          0          0 
Gi1/0/6               0          0          0           0          0          0 
Gi1/0/7               0          0          0           0          0          0 
Gi1/0/8               0          0          0           0          0          0 
Gi1/0/9               0          0          0           0          0          0 
Gi1/0/10              0          0          0           0          0          0 
Gi1/0/11              0          0          0           0          0          0 
Gi1/0/12              0          0          0           0          0          0 
Gi1/0/13              0          0          0           0          0          0 
Gi1/0/14              0          0          0           0          0          0 
Gi1/0/15              0          0          0           0          0          0 
Gi1/0/16              0          0          0           0          0          0 
Gi1/0/17              0          0          0           0          0          0 
Gi1/0/18              0          0          0           0          0          0 
Gi1/0/19              0          0          0           0          0          0 
Gi1/0/20              0          0          0           0          0          0 
Gi1/0/21              0          0          0           0          0          0 
Gi1/0/22              0          0          0           0          0          0 
Gi1/0/23              0          0          0           0          0          0 
Gi1/0/24              0          0          0           0          0          0 
Gi1/1/1               0          0          0           0          0          0 
Gi1/1/2               0          0          0           0          0          0 
Gi1/1/3               0          0          0           0          0          0 
Gi1/1/4               0          0          0           0          0          0 
tmxcrlast018#!

tmxcrlast018#show ip route static
Codes: L - local, C - connected, S - static, R - RIP, M - mobile, B - BGP
       D - EIGRP, EX - EIGRP external, O - OSPF, IA - OSPF inter area 
       N1 - OSPF NSSA external type 1, N2 - OSPF NSSA external type 2
       E1 - OSPF external type 1, E2 - OSPF external type 2, m - OMP
       n - NAT, Ni - NAT inside, No - NAT outside, Nd - NAT DIA
       i - IS-IS, su - IS-IS summary, L1 - IS-IS level-1, L2 - IS-IS level-2
       ia - IS-IS inter area, * - candidate default, U - per-user static route
       H - NHRP, G - NHRP registered, g - NHRP registration summary
       o - ODR, P - periodic downloaded static route, l - LISP
       a - application route
       + - replicated route, % - next hop override, p - overrides from PfR

Gateway of last resort is 10.50.120.54 to network 0.0.0.0

tmxcrlast018#!

tmxcrlast018#show ip eigrp interface
EIGRP-IPv4 Interfaces for AS(1293)
                              Xmit Queue   PeerQ        Mean   Pacing Time   Multicast    Pending
Interface              Peers  Un/Reliable  Un/Reliable  SRTT   Un/Reliable   Flow Timer   Routes
Vl1526                   1        0/0       0/0        1274       0/0         6372           0
Vl1527                   1        0/0       0/0           1       0/0           50           0
EIGRP-IPv4 Interfaces for AS(900)
                              Xmit Queue   PeerQ        Mean   Pacing Time   Multicast    Pending
Interface              Peers  Un/Reliable  Un/Reliable  SRTT   Un/Reliable   Flow Timer   Routes
EIGRP-IPv4 Interfaces for AS(762)
                              Xmit Queue   PeerQ        Mean   Pacing Time   Multicast    Pending
Interface              Peers  Un/Reliable  Un/Reliable  SRTT   Un/Reliable   Flow Timer   Routes
tmxcrlast018#!

tmxcrlast018#show standby brief

tmxcrlast018#!

tmxcrlast018#show cdp neighbor
Capability Codes: R - Router, T - Trans Bridge, B - Source Route Bridge
                  S - Switch, H - Host, I - IGMP, r - Repeater, P - Phone, 
                  D - Remote, C - CVTA, M - Two-port Mac Relay 

Device ID        Local Intrfce     Holdtme    Capability  Platform  Port ID
tmxcrlcrt001-01-X9.tmx.nam.gm.com
                 Gig 1/1/1         176             R S I  C9500-48Y Twe 1/0/14
tmxcrlcrt002-01-Y9.tmx.nam.gm.com
                 Gig 1/1/2         143             R S I  C9500-48Y Twe 1/0/14
tmxcclaap062-n9-wrehs
                 Gig 1/0/1         123              R T   C9120AXE- Gig 0
tmxcclaap063-l5-wrehs
                 Gig 1/0/2         132              R T   C9120AXE- Gig 0
tmxcclaap076-n3-wrehs
                 Gig 1/0/3         174              R T   C9120AXE- Gig 0

Total cdp entries displayed : 5
tmxcrlast018#!

tmxcrlast018#show lldp neighbor
Capability codes:
    (R) Router, (B) Bridge, (T) Telephone, (C) DOCSIS Cable Device
    (W) WLAN Access Point, (P) Repeater, (S) Station, (O) Other

Device ID           Local Intf     Hold-time  Capability      Port ID
tmxcclaap062-n9-wrehGi1/0/1        120        B               0
tmxcrlcrt001-01-X9.tGi1/1/1        120        B,R             Twe1/0/14
tmxcrlcrt002-01-Y9.tGi1/1/2        120        B,R             Twe1/0/14
tmxcclaap063-l5-wrehGi1/0/2        120        B               0
tmxcclaap076-n3-wrehGi1/0/3        120        B               0

Total entries displayed: 5

tmxcrlast018#!

tmxcrlast018#show vlan

VLAN Name                             Status    Ports
---- -------------------------------- --------- -------------------------------
1    default                          active    Gi1/0/4, Gi1/0/5, Gi1/0/6, Gi1/0/7, Gi1/0/8, Gi1/0/9, Gi1/0/10, Gi1/0/11, Gi1/0/12, Gi1/0/13, Gi1/0/14, Gi1/0/15, Gi1/0/16, Gi1/0/17, Gi1/0/18, Gi1/0/19, Gi1/0/20, Gi1/0/21, Gi1/0/22, Gi1/0/23, Gi1/0/24
300  tmxcrlast018-vl300-ap            active    Gi1/0/1, Gi1/0/2, Gi1/0/3
600  tmxcrlast018-vl600-voice         active    Gi1/0/4, Gi1/0/5, Gi1/0/6, Gi1/0/7, Gi1/0/8, Gi1/0/9, Gi1/0/10, Gi1/0/11, Gi1/0/12, Gi1/0/13, Gi1/0/14, Gi1/0/15, Gi1/0/16, Gi1/0/17, Gi1/0/18, Gi1/0/19, Gi1/0/20, Gi1/0/21, Gi1/0/22, Gi1/0/23, Gi1/0/24
750  tmxcrlast018-vl750-gmol          active    
762  gm-security-camera-vrf           active    
900  tmxcrlast018-vl900-guest         active    
999  Unused                           active    Gi1/1/3, Gi1/1/4
1002 fddi-default                     act/unsup 
1003 token-ring-default               act/unsup 
1004 fddinet-default                  act/unsup 
1005 trnet-default                    act/unsup 
1526 Prod-PtoP-tmxcrlcrt001           active    
1527 Prod-PtoP-tmxcrlcrt002           active    
2146 gm-security-vrf-P2P-tmxcrlcrt001 active    
2147 gm-security-vrf-P2P-tmxcrlcrt002 active    
2526 VRF-PtoP-tmxcrlcrt001            active    
2527 VRF-PtoP-tmxcrlcrt002            active    

VLAN Type  SAID       MTU   Parent RingNo BridgeNo Stp  BrdgMode Trans1 Trans2
---- ----- ---------- ----- ------ ------ -------- ---- -------- ------ ------
1    enet  100001     1500  -      -      -        -    -        0      0   
300  enet  100300     1500  -      -      -        -    -        0      0   
600  enet  100600     1500  -      -      -        -    -        0      0   
750  enet  100750     1500  -      -      -        -    -        0      0   
762  enet  100762     1500  -      -      -        -    -        0      0   
900  enet  100900     1500  -      -      -        -    -        0      0   
999  enet  100999     1500  -      -      -        -    -        0      0   
1002 fddi  101002     1500  -      -      -        -    -        0      0   
1003 tr    101003     1500  -      -      -        -    -        0      0   
1004 fdnet 101004     1500  -      -      -        ieee -        0      0   
1005 trnet 101005     1500  -      -      -        ibm  -        0      0   
1526 enet  101526     1500  -      -      -        -    -        0      0   
1527 enet  101527     1500  -      -      -        -    -        0      0   
2146 enet  102146     1500  -      -      -        -    -        0      0   
2147 enet  102147     1500  -      -      -        -    -        0      0   
2526 enet  102526     1500  -      -      -        -    -        0      0   
2527 enet  102527     1500  -      -      -        -    -        0      0   

Remote SPAN VLANs
------------------------------------------------------------------------------


Primary Secondary Type              Ports
------- --------- ----------------- ------------------------------------------

tmxcrlast018#!

tmxcrlast018#sh int status

Port         Name               Status       Vlan       Duplex  Speed Type
Gi1/0/1      nmxtmx-t00e-0b6-la connected    300        a-full a-1000 10/100/1000BaseTX
Gi1/0/2      nmxtmx-t00e-0b6-la connected    300        a-full a-1000 10/100/1000BaseTX
Gi1/0/3      tmxcclaap076-n3-wr connected    300        a-full a-1000 10/100/1000BaseTX
Gi1/0/4      End-Device         disabled     1            auto   auto 10/100/1000BaseTX
Gi1/0/5      End-Device         disabled     1            auto   auto 10/100/1000BaseTX
Gi1/0/6      End-Device         disabled     1            auto   auto 10/100/1000BaseTX
Gi1/0/7      End-Device         disabled     1            auto   auto 10/100/1000BaseTX
Gi1/0/8      End-Device         disabled     1            auto   auto 10/100/1000BaseTX
Gi1/0/9      End-Device         disabled     1            auto   auto 10/100/1000BaseTX
Gi1/0/10     End-Device         disabled     1            auto   auto 10/100/1000BaseTX
Gi1/0/11     End-Device         disabled     1            auto   auto 10/100/1000BaseTX
Gi1/0/12     End-Device         disabled     1            auto   auto 10/100/1000BaseTX
Gi1/0/13     End-Device         disabled     1            auto   auto 10/100/1000BaseTX
Gi1/0/14     End-Device         disabled     1            auto   auto 10/100/1000BaseTX
Gi1/0/15     End-Device         disabled     1            auto   auto 10/100/1000BaseTX
Gi1/0/16     End-Device         disabled     1            auto   auto 10/100/1000BaseTX
Gi1/0/17     End-Device         disabled     1            auto   auto 10/100/1000BaseTX
Gi1/0/18     End-Device         disabled     1            auto   auto 10/100/1000BaseTX
Gi1/0/19     End-Device         disabled     1            auto   auto 10/100/1000BaseTX
Gi1/0/20     End-Device         disabled     1            auto   auto 10/100/1000BaseTX
Gi1/0/21     End-Device         disabled     1            auto   auto 10/100/1000BaseTX
Gi1/0/22     End-Device         disabled     1            auto   auto 10/100/1000BaseTX
Gi1/0/23     End-Device         disabled     1            auto   auto 10/100/1000BaseTX
Gi1/0/24     End-Device         disabled     1            auto   auto 10/100/1000BaseTX
Gi1/1/1      tmxcrlcrt001-Twe1/ connected    trunk        full   1000 1000BaseLX SFP
Gi1/1/2      tmxcrlcrt002-Twe1/ connected    trunk        full   1000 1000BaseLX SFP
Gi1/1/3      Unused GT Infrastr disabled     999          auto   auto unknown
Gi1/1/4      Unused GT Infrastr disabled     999          auto   auto unknown
tmxcrlast018#!

tmxcrlast018#show interface trunk

Port        Mode             Encapsulation  Status        Native vlan  
Gi1/1/1     on               802.1q         trunking      1
Gi1/1/2     on               802.1q         trunking      1

Port        Vlans allowed on trunk
Gi1/1/1     1526,2146,2526
Gi1/1/2     1527,2147,2527

Port        Vlans allowed and active in management domain
Gi1/1/1     1526,2146,2526
Gi1/1/2     1527,2147,2527

Port        Vlans in spanning tree forwarding state and not pruned
Gi1/1/1     1526,2146,2526
Gi1/1/2     1527,2147,2527
tmxcrlast018#!

tmxcrlast018#show interface status | inc connected
Gi1/0/1      nmxtmx-t00e-0b6-la connected    300        a-full a-1000 10/100/1000BaseTX
Gi1/0/2      nmxtmx-t00e-0b6-la connected    300        a-full a-1000 10/100/1000BaseTX
Gi1/0/3      tmxcclaap076-n3-wr connected    300        a-full a-1000 10/100/1000BaseTX
Gi1/1/1      tmxcrlcrt001-Twe1/ connected    trunk        full   1000 1000BaseLX SFP
Gi1/1/2      tmxcrlcrt002-Twe1/ connected    trunk        full   1000 1000BaseLX SFP
tmxcrlast018#!

tmxcrlast018#show power inline

Module   Available     Used     Remaining
          (Watts)     (Watts)    (Watts) 
------   ---------   --------   ---------
1           370.0       90.0       280.0
Interface Admin  Oper       Power   Device              Class Max
                            (Watts)                            
--------- ------ ---------- ------- ------------------- ----- ----
Gi1/0/1   auto   on         30.0    C9120AXE-A          4     30.0 
Gi1/0/2   auto   on         30.0    C9120AXE-A          4     30.0 
Gi1/0/3   auto   on         30.0    C9120AXE-A          4     30.0 
Gi1/0/4   auto   off        0.0     n/a                 n/a   30.0 
Gi1/0/5   auto   off        0.0     n/a                 n/a   30.0 
Gi1/0/6   auto   off        0.0     n/a                 n/a   30.0 
Gi1/0/7   auto   off        0.0     n/a                 n/a   30.0 
Gi1/0/8   auto   off        0.0     n/a                 n/a   30.0 
Gi1/0/9   auto   off        0.0     n/a                 n/a   30.0 
Gi1/0/10  auto   off        0.0     n/a                 n/a   30.0 
Gi1/0/11  auto   off        0.0     n/a                 n/a   30.0 
Gi1/0/12  auto   off        0.0     n/a                 n/a   30.0 
Gi1/0/13  auto   off        0.0     n/a                 n/a   30.0 
Gi1/0/14  auto   off        0.0     n/a                 n/a   30.0 
Gi1/0/15  auto   off        0.0     n/a                 n/a   30.0 
Gi1/0/16  auto   off        0.0     n/a                 n/a   30.0 
Gi1/0/17  auto   off        0.0     n/a                 n/a   30.0 
Gi1/0/18  auto   off        0.0     n/a                 n/a   30.0 
Gi1/0/19  auto   off        0.0     n/a                 n/a   30.0 
Gi1/0/20  auto   off        0.0     n/a                 n/a   30.0 
Gi1/0/21  auto   off        0.0     n/a                 n/a   30.0 
Gi1/0/22  auto   off        0.0     n/a                 n/a   30.0 
Gi1/0/23  auto   off        0.0     n/a                 n/a   30.0 
Gi1/0/24  auto   off        0.0     n/a                 n/a   30.0 
tmxcrlast018#!

tmxcrlast018#show interfaces | include Vlan
Vlan1 is administratively down, line protocol is down , Autostate Enabled
Vlan300 is up, line protocol is up , Autostate Enabled
Vlan600 is up, line protocol is down , Autostate Enabled
Vlan750 is up, line protocol is down , Autostate Enabled
Vlan762 is up, line protocol is down , Autostate Enabled
Vlan900 is up, line protocol is down , Autostate Enabled
Vlan1526 is up, line protocol is up , Autostate Enabled
Vlan1527 is up, line protocol is up , Autostate Enabled
Vlan2146 is up, line protocol is up , Autostate Enabled
Vlan2147 is up, line protocol is up , Autostate Enabled
Vlan2526 is up, line protocol is up , Autostate Enabled
Vlan2527 is up, line protocol is up , Autostate Enabled
  Interface is unnumbered. Using address of Vlan1526 (10.50.120.53)
  Tunnel source 10.50.120.53 (Vlan1526), destination 10.56.255.252
         Tunnel0 source tracking subblock associated with Vlan1526
          Set of tunnels with source Vlan1526, 1 member (includes iterators), on interface <OK>
tmxcrlast018#!

tmxcrlast018#show mac address-table
          Mac Address Table
-------------------------------------------

Vlan    Mac Address       Type        Ports
----    -----------       --------    -----
 All    0100.0ccc.cccc    STATIC      CPU
 All    0100.0ccc.cccd    STATIC      CPU
 All    0180.c200.0000    STATIC      CPU
 All    0180.c200.0001    STATIC      CPU
 All    0180.c200.0002    STATIC      CPU
 All    0180.c200.0003    STATIC      CPU
 All    0180.c200.0004    STATIC      CPU
 All    0180.c200.0005    STATIC      CPU
 All    0180.c200.0006    STATIC      CPU
 All    0180.c200.0007    STATIC      CPU
 All    0180.c200.0008    STATIC      CPU
 All    0180.c200.0009    STATIC      CPU
 All    0180.c200.000a    STATIC      CPU
 All    0180.c200.000b    STATIC      CPU
 All    0180.c200.000c    STATIC      CPU
 All    0180.c200.000d    STATIC      CPU
 All    0180.c200.000e    STATIC      CPU
 All    0180.c200.000f    STATIC      CPU
 All    0180.c200.0010    STATIC      CPU
 All    0180.c200.0021    STATIC      CPU
 All    ffff.ffff.ffff    STATIC      CPU
 300    40b5.c110.2247    STATIC      Vl300 
 300    687d.b4dc.bccc    DYNAMIC     Gi1/0/2
 300    687d.b4dd.40c8    DYNAMIC     Gi1/0/1
 300    84f1.4783.932c    DYNAMIC     Gi1/0/3
 600    40b5.c110.2256    STATIC      Vl600 
 750    40b5.c110.2274    STATIC      Vl750 
 762    40b5.c110.2276    STATIC      Vl762 
 900    40b5.c110.2245    STATIC      Vl900 
1526    40b5.c110.2275    STATIC      Vl1526 
1526    549f.c6f4.8fbf    DYNAMIC     Gi1/1/1
1527    40b5.c110.224f    STATIC      Vl1527 
1527    b0c5.3c3e.04ff    DYNAMIC     Gi1/1/2
2146    40b5.c110.225b    STATIC      Vl2146 
2146    549f.c6f4.8fbf    DYNAMIC     Gi1/1/1
2147    40b5.c110.226b    STATIC      Vl2147 
2147    b0c5.3c3e.04ff    DYNAMIC     Gi1/1/2
2526    40b5.c110.2241    STATIC      Vl2526 
2526    549f.c6f4.8fbf    DYNAMIC     Gi1/1/1
2527    40b5.c110.2261    STATIC      Vl2527 
2527    b0c5.3c3e.04ff    DYNAMIC     Gi1/1/2
Total Mac Addresses for this criterion: 41
tmxcrlast018#!

tmxcrlast018#show switch detail
Switch/Stack Mac Address : 40b5.c110.2200 - Local Mac Address
Mac persistency wait time: Indefinite
                                             H/W   Current
Switch#   Role    Mac Address     Priority Version  State 
-------------------------------------------------------------------------------------
*1       Active   40b5.c110.2200     1      V01     Ready                



         Stack Port Status             Neighbors     
Switch#  Port 1     Port 2           Port 1   Port 2 
--------------------------------------------------------
  1       DOWN       DOWN             None     None

tmxcrlast018#!

tmxcrlast018#show env all
Switch	 FAN	 Speed	 State
---------------------------------------------------
  1  	  1	5460 	  OK
  1  	  2	5490 	  OK
Switch 1: SYSTEM TEMPERATURE is OK
Inlet Temperature Value: 27 Degree Celsius
Temperature State: GREEN
Yellow Threshold : 46 Degree Celsius
Red Threshold    : 56 Degree Celsius

Outlet Temperature Value: 32 Degree Celsius
Temperature State: GREEN
Yellow Threshold : 105 Degree Celsius
Red Threshold : 125 Degree Celsius

Hotspot Temperature Value: 41 Degree Celsius
Temperature State: GREEN
Yellow Threshold : 105 Degree Celsius
Red Threshold    : 125 Degree Celsius
SW  PID                 Serial#     Status           Sys Pwr  PoE Pwr  Watts
--  ------------------  ----------  ---------------  -------  -------  -----
1A  PWR-C6-600WAC       QCS24025A3C  OK              Good     Good     600 
1B  Not Present

tmxcrlast018#!

tmxcrlast018#show ip arp
Protocol  Address          Age (min)  Hardware Addr   Type   Interface
Internet  10.50.79.129            -   40b5.c110.2274  ARPA   Vlan750
Internet  10.50.120.52           10   549f.c6f4.8fbf  ARPA   Vlan1526
Internet  10.50.120.53            -   40b5.c110.2275  ARPA   Vlan1526
Internet  10.50.120.54           12   b0c5.3c3e.04ff  ARPA   Vlan1527
Internet  10.50.120.55            -   40b5.c110.224f  ARPA   Vlan1527
Internet  11.178.79.129           -   40b5.c110.2256  ARPA   Vlan600
Internet  172.20.117.209          -   40b5.c110.2247  ARPA   Vlan300
Internet  172.20.117.210          0   687d.b4dd.40c8  ARPA   Vlan300
Internet  172.20.117.211          0   687d.b4dc.bccc  ARPA   Vlan300
Internet  172.20.117.212          0   84f1.4783.932c  ARPA   Vlan300
tmxcrlast018#!

tmxcrlast018#show arp | in Vlan((5)*[0-1][0-9])
Internet  10.50.120.52           10   549f.c6f4.8fbf  ARPA   Vlan1526
Internet  10.50.120.53            -   40b5.c110.2275  ARPA   Vlan1526
Internet  10.50.120.54           12   b0c5.3c3e.04ff  ARPA   Vlan1527
Internet  10.50.120.55            -   40b5.c110.224f  ARPA   Vlan1527
tmxcrlast018#!

tmxcrlast018#show license status
Smart Licensing is ENABLED

Utility:
  Status: DISABLED

Data Privacy:
  Sending Hostname: yes
    Callhome hostname privacy: DISABLED
    Smart Licensing hostname privacy: DISABLED
  Version privacy: DISABLED

Transport:
  Type: Callhome

Registration:
  Status: REGISTERED
  Smart Account: Mfg / Site Engineering-TZ / On-Prem
  Virtual Account: Default
  Export-Controlled Functionality: ALLOWED
  Initial Registration: SUCCEEDED on Aug 21 00:12:16 2022 UTC
  Last Renewal Attempt: SUCCEEDED on Mar 17 15:32:58 2023 UTC
  Next Renewal Attempt: Sep 13 15:32:58 2023 UTC
  Registration Expires: Mar 13 15:32:57 2024 UTC

License Authorization: 
  Status: AUTHORIZED on Mar 17 15:02:27 2023 UTC
  Last Communication Attempt: SUCCEEDED on Mar 17 15:02:27 2023 UTC
  Next Communication Attempt: Apr 16 15:02:26 2023 UTC
  Communication Deadline: Jun 15 14:59:23 2023 UTC

Export Authorization Key:
  Features Authorized:
    <none>


tmxcrlast018#!

tmxcrlast018#show license all
Smart Licensing Status
======================

Smart Licensing is ENABLED

Registration:
  Status: REGISTERED
  Smart Account: Mfg / Site Engineering-TZ / On-Prem
  Virtual Account: Default
  Export-Controlled Functionality: ALLOWED
  Initial Registration: SUCCEEDED on Aug 21 00:12:16 2022 UTC
  Last Renewal Attempt: SUCCEEDED on Mar 17 15:32:58 2023 UTC
  Next Renewal Attempt: Sep 13 15:32:58 2023 UTC
  Registration Expires: Mar 13 15:32:57 2024 UTC

License Authorization: 
  Status: AUTHORIZED on Mar 17 15:02:27 2023 UTC
  Last Communication Attempt: SUCCEEDED on Mar 17 15:02:27 2023 UTC
  Next Communication Attempt: Apr 16 15:02:26 2023 UTC
  Communication Deadline: Jun 15 14:59:23 2023 UTC

Export Authorization Key:
  Features Authorized:
    <none>

Utility:
  Status: DISABLED

Data Privacy:
  Sending Hostname: yes
    Callhome hostname privacy: DISABLED
    Smart Licensing hostname privacy: DISABLED
  Version privacy: DISABLED

Transport:
  Type: Callhome

License Usage
==============

C9200 Network Advantage, 24-port license (C9200-NW-A-24):
  Description: C9200 Network Advantage, 24-port license
  Count: 1
  Version: 1.0
  Status: AUTHORIZED
  Export status: NOT RESTRICTED

C9200 DNA Advantage, 24-port Term licenses (C9200-DNA-A-24):
  Description: C9200 DNA Advantage, 24-port Term licenses
  Count: 1
  Version: 1.0
  Status: AUTHORIZED
  Export status: NOT RESTRICTED

Product Information
===================
UDI: PID:C9200-24P,SN:JAE24450CFZ

Agent Version
=============
Smart Agent for Licensing: 4.8.14_rel/75

Reservation Info
================ 
License reservation: DISABLED
 


tmxcrlast018#!

tmxcrlast018#sh log
Syslog logging: enabled (0 messages dropped, 2 messages rate-limited, 0 flushes, 0 overruns, xml disabled, filtering disabled)

Active Message Discriminator:
FILTER    msg-body       drops    DOT1X-5|MAB-5|SESSION_MGR-5




No Inactive Message Discriminator.


    Console logging: disabled
    Monitor logging: level informational, 0 messages logged, xml disabled,
                     filtering disabled
    Buffer logging:  level informational, 6262 messages logged, xml disabled,
                    filtering disabled, discriminator(FILTER), 
                     0 messages rate-limited, 0 messages dropped-by-MD
    Exception Logging: size (4096 bytes)
    Count and timestamp logging messages: disabled
    File logging: disabled
    Persistent logging: enabled, url flash:/syslog, disk space 5120000 bytes, file size 500000 bytes, batch size 4096 bytes, threshold capacity 0  , immediate  

No active filter modules.

    Trap logging: level informational, 6262 message lines logged
        Logging to 148.93.49.21  (udp port 5012, audit disabled,
              link up),
              6261 message lines logged, 
              0 message lines rate-limited, 
              0 message lines dropped-by-MD, 
              xml disabled, sequence number disabled
              filtering disabled
        Logging to 130.172.129.8  (udp port 5012, audit disabled,
              link up),
              6262 message lines logged, 
              0 message lines rate-limited, 
              0 message lines dropped-by-MD, 
              xml disabled, sequence number disabled
              filtering disabled
        Logging to 148.93.115.30  (udp port 5400, audit disabled,
              link up),
              6262 message lines logged, 
              0 message lines rate-limited, 
              0 message lines dropped-by-MD, 
              xml disabled, sequence number disabled
              filtering disabled
        Logging to 130.172.83.30  (udp port 5400, audit disabled,
              link up),
              6262 message lines logged, 
              0 message lines rate-limited, 
              0 message lines dropped-by-MD, 
              xml disabled, sequence number disabled
              filtering disabled
        Logging Source-Interface:       VRF Name:
        Loopback0                       

Log Buffer (40960 bytes):
ource: 148.93.49.245] [localport: 22] at 04:10:32 UTC Thu Mar 23 2023
005969: Mar 23 04:10:36.647: %SYS-6-LOGOUT: User si_nam_52343_p_004 has exited tty session 2(148.93.49.245)
005970: Mar 23 04:15:36.422: %SEC_LOGIN-5-LOGIN_SUCCESS: Login Success [user: si_nam_52343_p_004] [Source: 148.93.49.245] [localport: 22] at 04:15:36 UTC Thu Mar 23 2023
005971: Mar 23 04:15:39.896: %SYS-6-LOGOUT: User si_nam_52343_p_004 has exited tty session 2(148.93.49.245)
005972: Mar 23 07:34:25.437: %SEC_LOGIN-5-LOGIN_SUCCESS: Login Success [user: si_nam_52343_p_004] [Source: 148.93.49.245] [localport: 22] at 07:34:25 UTC Thu Mar 23 2023
005973: Mar 23 07:40:32.256: %SYS-6-LOGOUT: User si_nam_52343_p_004 has exited tty session 2(148.93.49.245)
005974: Mar 23 08:40:26.713: %SEC_LOGIN-5-LOGIN_SUCCESS: Login Success [user: si_nam_52343_p_004] [Source: 148.93.49.245] [localport: 22] at 08:40:26 UTC Thu Mar 23 2023
005975: Mar 23 08:40:34.632: %SYS-6-LOGOUT: User si_nam_52343_p_004 has exited tty session 2(148.93.49.245)
005976: Mar 23 08:41:18.948: %SEC_LOGIN-5-LOGIN_SUCCESS: Login Success [user: si_nam_52343_p_004] [Source: 148.93.49.245] [localport: 22] at 08:41:18 UTC Thu Mar 23 2023
005977: Mar 23 08:41:29.168: %SYS-6-LOGOUT: User si_nam_52343_p_004 has exited tty session 2(148.93.49.245)
005978: Mar 23 12:01:25.151: %SEC_LOGIN-5-LOGIN_SUCCESS: Login Success [user: si_nam_52343_p_004] [Source: 148.93.49.245] [localport: 22] at 12:01:25 UTC Thu Mar 23 2023
005979: Mar 23 12:01:26.148: %SYS-6-LOGOUT: User si_nam_52343_p_004 has exited tty session 2(148.93.49.245)
005980: Mar 23 18:14:10.202: %SEC_LOGIN-5-LOGIN_SUCCESS: Login Success [user: si_nam_52343_p_004] [Source: 148.93.49.245] [localport: 22] at 18:14:10 UTC Thu Mar 23 2023
005981: Mar 23 18:17:05.174: %SYS-6-LOGOUT: User si_nam_52343_p_004 has exited tty session 2(148.93.49.245)
005982: Mar 23 20:01:19.716: %SEC_LOGIN-5-LOGIN_SUCCESS: Login Success [user: si_nam_52343_p_004] [Source: 148.93.49.245] [localport: 22] at 20:01:19 UTC Thu Mar 23 2023
005983: Mar 23 20:01:20.694: %SYS-6-LOGOUT: User si_nam_52343_p_004 has exited tty session 2(148.93.49.245)
005984: Mar 24 04:01:26.914: %SEC_LOGIN-5-LOGIN_SUCCESS: Login Success [user: si_nam_52343_p_004] [Source: 148.93.49.245] [localport: 22] at 04:01:26 UTC Fri Mar 24 2023
005985: Mar 24 04:01:27.887: %SYS-6-LOGOUT: User si_nam_52343_p_004 has exited tty session 2(148.93.49.245)
005986: Mar 24 04:14:07.049: %SEC_LOGIN-5-LOGIN_SUCCESS: Login Success [user: si_nam_52343_p_004] [Source: 148.93.49.245] [localport: 22] at 04:14:07 UTC Fri Mar 24 2023
005987: Mar 24 04:14:08.841: %SYS-6-LOGOUT: User si_nam_52343_p_004 has exited tty session 2(148.93.49.245)
005988: Mar 24 06:16:48.618: %SEC_LOGIN-5-LOGIN_SUCCESS: Login Success [user: si_nam_52343_p_004] [Source: 148.93.49.245] [localport: 22] at 06:16:48 UTC Fri Mar 24 2023
005989: Mar 24 06:19:44.730: %SYS-6-LOGOUT: User si_nam_52343_p_004 has exited tty session 2(148.93.49.245)
005990: Mar 24 07:10:02.876: %SEC_LOGIN-5-LOGIN_SUCCESS: Login Success [user: si_nam_52343_p_004] [Source: 148.93.49.245] [localport: 22] at 07:10:02 UTC Fri Mar 24 2023
005991: Mar 24 07:10:09.952: %SYS-6-LOGOUT: User si_nam_52343_p_004 has exited tty session 2(148.93.49.245)
005992: Mar 24 07:10:45.224: %SEC_LOGIN-5-LOGIN_SUCCESS: Login Success [user: si_nam_52343_p_004] [Source: 148.93.49.245] [localport: 22] at 07:10:45 UTC Fri Mar 24 2023
005993: Mar 24 07:10:50.191: %SYS-6-LOGOUT: User si_nam_52343_p_004 has exited tty session 2(148.93.49.245)
005994: Mar 24 12:01:24.393: %SEC_LOGIN-5-LOGIN_SUCCESS: Login Success [user: si_nam_52343_p_004] [Source: 148.93.49.245] [localport: 22] at 12:01:24 UTC Fri Mar 24 2023
005995: Mar 24 12:01:25.792: %SYS-6-LOGOUT: User si_nam_52343_p_004 has exited tty session 2(148.93.49.245)
005996: Mar 24 18:08:55.163: %SEC_LOGIN-5-LOGIN_SUCCESS: Login Success [user: si_nam_52343_p_004] [Source: 148.93.49.245] [localport: 22] at 18:08:55 UTC Fri Mar 24 2023
005997: Mar 24 18:10:44.668: %SYS-6-LOGOUT: User si_nam_52343_p_004 has exited tty session 2(148.93.49.245)
005998: Mar 24 20:09:20.600: %SEC_LOGIN-5-LOGIN_SUCCESS: Login Success [user: si_nam_52343_p_004] [Source: 148.93.49.245] [localport: 22] at 20:09:20 UTC Fri Mar 24 2023
005999: Mar 24 20:09:25.368: %SYS-6-LOGOUT: User si_nam_52343_p_004 has exited tty session 2(148.93.49.245)
006000: Mar 25 02:40:31.845: %SEC_LOGIN-5-LOGIN_SUCCESS: Login Success [user: SI_NAM_52343_P_012] [Source: 148.93.49.26] [localport: 22] at 02:40:31 UTC Sat Mar 25 2023
006001: Mar 25 02:40:42.815: %SYS-6-LOGOUT: User SI_NAM_52343_P_012 has exited tty session 2(148.93.49.26)
006002: Mar 25 03:04:23.950: %SEC_LOGIN-5-LOGIN_SUCCESS: Login Success [user: SI_NAM_52343_P_012] [Source: 148.93.49.26] [localport: 22] at 03:04:23 UTC Sat Mar 25 2023
006003: Mar 25 03:21:08.259: %SYS-6-LOGOUT: User SI_NAM_52343_P_012 has exited tty session 2(148.93.49.26)
006004: Mar 25 04:10:40.993: %SEC_LOGIN-5-LOGIN_SUCCESS: Login Success [user: si_nam_52343_p_004] [Source: 148.93.49.245] [localport: 22] at 04:10:40 UTC Sat Mar 25 2023
006005: Mar 25 04:10:46.934: %SYS-6-LOGOUT: User si_nam_52343_p_004 has exited tty session 2(148.93.49.245)
006006: Mar 25 04:16:45.898: %SEC_LOGIN-5-LOGIN_SUCCESS: Login Success [user: si_nam_52343_p_004] [Source: 148.93.49.245] [localport: 22] at 04:16:45 UTC Sat Mar 25 2023
006007: Mar 25 04:16:50.153: %SYS-6-LOGOUT: User si_nam_52343_p_004 has exited tty session 2(148.93.49.245)
006008: Mar 25 07:19:34.547: %SEC_LOGIN-5-LOGIN_SUCCESS: Login Success [user: si_nam_52343_p_004] [Source: 148.93.49.245] [localport: 22] at 07:19:34 UTC Sat Mar 25 2023
006009: Mar 25 07:25:19.269: %SYS-6-LOGOUT: User si_nam_52343_p_004 has exited tty session 2(148.93.49.245)
006010: Mar 25 08:42:24.962: %SEC_LOGIN-5-LOGIN_SUCCESS: Login Success [user: si_nam_52343_p_004] [Source: 148.93.49.245] [localport: 22] at 08:42:24 UTC Sat Mar 25 2023
006011: Mar 25 08:42:32.162: %SYS-6-LOGOUT: User si_nam_52343_p_004 has exited tty session 2(148.93.49.245)
006012: Mar 25 08:43:17.792: %SEC_LOGIN-5-LOGIN_SUCCESS: Login Success [user: si_nam_52343_p_004] [Source: 148.93.49.245] [localport: 22] at 08:43:17 UTC Sat Mar 25 2023
006013: Mar 25 08:43:30.302: %SYS-6-LOGOUT: User si_nam_52343_p_004 has exited tty session 2(148.93.49.245)
006014: Mar 25 12:01:25.163: %SEC_LOGIN-5-LOGIN_SUCCESS: Login Success [user: si_nam_52343_p_004] [Source: 148.93.49.245] [localport: 22] at 12:01:25 UTC Sat Mar 25 2023
006015: Mar 25 12:01:26.190: %SYS-6-LOGOUT: User si_nam_52343_p_004 has exited tty session 2(148.93.49.245)
006016: Mar 25 18:38:03.121: %SEC_LOGIN-5-LOGIN_SUCCESS: Login Success [user: si_nam_52343_p_004] [Source: 148.93.49.245] [localport: 22] at 18:38:03 UTC Sat Mar 25 2023
006017: Mar 25 18:43:37.202: %SYS-6-LOGOUT: User si_nam_52343_p_004 has exited tty session 2(148.93.49.245)
006018: Mar 25 20:10:00.927: %SEC_LOGIN-5-LOGIN_SUCCESS: Login Success [user: si_nam_52343_p_004] [Source: 148.93.49.245] [localport: 22] at 20:10:00 UTC Sat Mar 25 2023
006019: Mar 25 20:10:03.299: %SYS-6-LOGOUT: User si_nam_52343_p_004 has exited tty session 2(148.93.49.245)
006020: Mar 26 04:26:43.128: %SEC_LOGIN-5-LOGIN_SUCCESS: Login Success [user: si_nam_52343_p_004] [Source: 148.93.49.245] [localport: 22] at 04:26:43 UTC Sun Mar 26 2023
006021: Mar 26 04:27:02.151: %SYS-6-LOGOUT: User si_nam_52343_p_004 has exited tty session 2(148.93.49.245)
006022: Mar 26 04:36:10.920: %SEC_LOGIN-5-LOGIN_SUCCESS: Login Success [user: si_nam_52343_p_004] [Source: 148.93.49.245] [localport: 22] at 04:36:10 UTC Sun Mar 26 2023
006023: Mar 26 04:36:18.782: %SYS-6-LOGOUT: User si_nam_52343_p_004 has exited tty session 2(148.93.49.245)
006024: Mar 26 07:52:16.119: %SEC_LOGIN-5-LOGIN_SUCCESS: Login Success [user: si_nam_52343_p_004] [Source: 148.93.49.245] [localport: 22] at 07:52:16 UTC Sun Mar 26 2023
006025: Mar 26 07:59:29.081: %SYS-6-LOGOUT: User si_nam_52343_p_004 has exited tty session 2(148.93.49.245)
006026: Mar 26 09:15:11.665: %SEC_LOGIN-5-LOGIN_SUCCESS: Login Success [user: si_nam_52343_p_004] [Source: 148.93.49.245] [localport: 22] at 09:15:11 UTC Sun Mar 26 2023
006027: Mar 26 09:15:20.204: %SYS-6-LOGOUT: User si_nam_52343_p_004 has exited tty session 2(148.93.49.245)
006028: Mar 26 09:16:12.217: %SEC_LOGIN-5-LOGIN_SUCCESS: Login Success [user: si_nam_52343_p_004] [Source: 148.93.49.245] [localport: 22] at 09:16:12 UTC Sun Mar 26 2023
006029: Mar 26 09:16:29.177: %SYS-6-LOGOUT: User si_nam_52343_p_004 has exited tty session 2(148.93.49.245)
006030: Mar 26 12:01:21.766: %SEC_LOGIN-5-LOGIN_SUCCESS: Login Success [user: si_nam_52343_p_004] [Source: 148.93.49.245] [localport: 22] at 12:01:21 UTC Sun Mar 26 2023
006031: Mar 26 12:01:22.784: %SYS-6-LOGOUT: User si_nam_52343_p_004 has exited tty session 2(148.93.49.245)
006032: Mar 26 18:30:54.916: %SEC_LOGIN-5-LOGIN_SUCCESS: Login Success [user: si_nam_52343_p_004] [Source: 148.93.49.245] [localport: 22] at 18:30:54 UTC Sun Mar 26 2023
006033: Mar 26 18:35:24.060: %SYS-6-LOGOUT: User si_nam_52343_p_004 has exited tty session 2(148.93.49.245)
006034: Mar 26 20:15:31.663: %SEC_LOGIN-5-LOGIN_SUCCESS: Login Success [user: si_nam_52343_p_004] [Source: 148.93.49.245] [localport: 22] at 20:15:31 UTC Sun Mar 26 2023
006035: Mar 26 20:15:37.446: %SYS-6-LOGOUT: User si_nam_52343_p_004 has exited tty session 2(148.93.49.245)
006036: Mar 27 04:01:40.238: %SEC_LOGIN-5-LOGIN_SUCCESS: Login Success [user: si_nam_52343_p_004] [Source: 148.93.49.245] [localport: 22] at 04:01:40 UTC Mon Mar 27 2023
006037: Mar 27 04:01:41.224: %SYS-6-LOGOUT: User si_nam_52343_p_004 has exited tty session 2(148.93.49.245)
006038: Mar 27 04:11:51.723: %SEC_LOGIN-5-LOGIN_SUCCESS: Login Success [user: si_nam_52343_p_004] [Source: 148.93.49.245] [localport: 22] at 04:11:51 UTC Mon Mar 27 2023
006039: Mar 27 04:11:53.522: %SYS-6-LOGOUT: User si_nam_52343_p_004 has exited tty session 2(148.93.49.245)
006040: Mar 27 06:27:34.803: %SEC_LOGIN-5-LOGIN_SUCCESS: Login Success [user: si_nam_52343_p_004] [Source: 148.93.49.245] [localport: 22] at 06:27:34 UTC Mon Mar 27 2023
006041: Mar 27 06:30:59.227: %SYS-6-LOGOUT: User si_nam_52343_p_004 has exited tty session 2(148.93.49.245)
006042: Mar 27 07:38:20.459: %SEC_LOGIN-5-LOGIN_SUCCESS: Login Success [user: si_nam_52343_p_004] [Source: 148.93.49.245] [localport: 22] at 07:38:20 UTC Mon Mar 27 2023
006043: Mar 27 07:38:27.102: %SYS-6-LOGOUT: User si_nam_52343_p_004 has exited tty session 2(148.93.49.245)
006044: Mar 27 07:39:03.563: %SEC_LOGIN-5-LOGIN_SUCCESS: Login Success [user: si_nam_52343_p_004] [Source: 148.93.49.245] [localport: 22] at 07:39:03 UTC Mon Mar 27 2023
006045: Mar 27 07:39:08.635: %SYS-6-LOGOUT: User si_nam_52343_p_004 has exited tty session 2(148.93.49.245)
006046: Mar 27 10:01:25.506: %SEC_LOGIN-5-LOGIN_SUCCESS: Login Success [user: si_nam_52343_p_004] [Source: 148.93.49.245] [localport: 22] at 10:01:25 UTC Mon Mar 27 2023
006047: Mar 27 10:01:26.921: %SYS-6-LOGOUT: User si_nam_52343_p_004 has exited tty session 2(148.93.49.245)
006048: Mar 27 12:02:00.074: %SEC_LOGIN-5-LOGIN_SUCCESS: Login Success [user: si_nam_52343_p_004] [Source: 148.93.49.245] [localport: 22] at 12:02:00 UTC Mon Mar 27 2023
006049: Mar 27 12:02:01.207: %SYS-6-LOGOUT: User si_nam_52343_p_004 has exited tty session 2(148.93.49.245)
006050: Mar 27 18:20:16.537: %SEC_LOGIN-5-LOGIN_SUCCESS: Login Success [user: si_nam_52343_p_004] [Source: 148.93.49.245] [localport: 22] at 18:20:16 UTC Mon Mar 27 2023
006051: Mar 27 18:21:58.650: %SYS-6-LOGOUT: User si_nam_52343_p_004 has exited tty session 2(148.93.49.245)
006052: Mar 27 20:07:30.340: %SEC_LOGIN-5-LOGIN_SUCCESS: Login Success [user: si_nam_52343_p_004] [Source: 148.93.49.245] [localport: 22] at 20:07:30 UTC Mon Mar 27 2023
006053: Mar 27 20:07:32.417: %SYS-6-LOGOUT: User si_nam_52343_p_004 has exited tty session 2(148.93.49.245)
006054: Mar 28 02:13:40.501: %SEC_LOGIN-5-LOGIN_SUCCESS: Login Success [user: si_nam_52343_p_004] [Source: 148.93.49.245] [localport: 22] at 02:13:40 UTC Tue Mar 28 2023
006055: Mar 28 02:15:00.624: %SYS-6-LOGOUT: User si_nam_52343_p_004 has exited tty session 2(148.93.49.245)
006056: Mar 28 04:10:48.027: %SEC_LOGIN-5-LOGIN_SUCCESS: Login Success [user: si_nam_52343_p_004] [Source: 148.93.49.245] [localport: 22] at 04:10:48 UTC Tue Mar 28 2023
006057: Mar 28 04:10:52.252: %SYS-6-LOGOUT: User si_nam_52343_p_004 has exited tty session 2(148.93.49.245)
006058: Mar 28 04:22:40.027: %SEC_LOGIN-5-LOGIN_SUCCESS: Login Success [user: si_nam_52343_p_004] [Source: 148.93.49.245] [localport: 22] at 04:22:40 UTC Tue Mar 28 2023
006059: Mar 28 04:22:46.916: %SYS-6-LOGOUT: User si_nam_52343_p_004 has exited tty session 2(148.93.49.245)
006060: Mar 28 06:35:01.674: %SEC_LOGIN-5-LOGIN_SUCCESS: Login Success [user: si_nam_52343_p_004] [Source: 148.93.49.245] [localport: 22] at 06:35:01 UTC Tue Mar 28 2023
006061: Mar 28 06:37:06.083: %SYS-6-LOGOUT: User si_nam_52343_p_004 has exited tty session 2(148.93.49.245)
006062: Mar 28 09:01:55.827: %SEC_LOGIN-5-LOGIN_SUCCESS: Login Success [user: si_nam_52343_p_004] [Source: 148.93.49.245] [localport: 22] at 09:01:55 UTC Tue Mar 28 2023
006063: Mar 28 09:02:04.346: %SYS-6-LOGOUT: User si_nam_52343_p_004 has exited tty session 2(148.93.49.245)
006064: Mar 28 09:02:40.123: %SEC_LOGIN-5-LOGIN_SUCCESS: Login Success [user: si_nam_52343_p_004] [Source: 148.93.49.245] [localport: 22] at 09:02:40 UTC Tue Mar 28 2023
006065: Mar 28 09:02:44.424: %SYS-6-LOGOUT: User si_nam_52343_p_004 has exited tty session 2(148.93.49.245)
006066: Mar 28 12:01:29.535: %SEC_LOGIN-5-LOGIN_SUCCESS: Login Success [user: si_nam_52343_p_004] [Source: 148.93.49.245] [localport: 22] at 12:01:29 UTC Tue Mar 28 2023
006067: Mar 28 12:01:30.643: %SYS-6-LOGOUT: User si_nam_52343_p_004 has exited tty session 2(148.93.49.245)
006068: Mar 28 18:29:30.111: %SEC_LOGIN-5-LOGIN_SUCCESS: Login Success [user: si_nam_52343_p_004] [Source: 148.93.49.245] [localport: 22] at 18:29:30 UTC Tue Mar 28 2023
006069: Mar 28 18:31:09.530: %SYS-6-LOGOUT: User si_nam_52343_p_004 has exited tty session 2(148.93.49.245)
006070: Mar 28 20:12:44.556: %SEC_LOGIN-5-LOGIN_SUCCESS: Login Success [user: si_nam_52343_p_004] [Source: 148.93.49.245] [localport: 22] at 20:12:44 UTC Tue Mar 28 2023
006071: Mar 28 20:12:49.072: %SYS-6-LOGOUT: User si_nam_52343_p_004 has exited tty session 2(148.93.49.245)
006072: Mar 29 04:11:43.589: %SEC_LOGIN-5-LOGIN_SUCCESS: Login Success [user: si_nam_52343_p_004] [Source: 148.93.49.245] [localport: 22] at 04:11:43 UTC Wed Mar 29 2023
006073: Mar 29 04:11:47.134: %SYS-6-LOGOUT: User si_nam_52343_p_004 has exited tty session 2(148.93.49.245)
006074: Mar 29 08:21:42.062: %SEC_LOGIN-5-LOGIN_SUCCESS: Login Success [user: si_nam_52343_p_004] [Source: 148.93.49.245] [localport: 22] at 08:21:42 UTC Wed Mar 29 2023
006075: Mar 29 08:29:38.379: %SYS-6-LOGOUT: User si_nam_52343_p_004 has exited tty session 2(148.93.49.245)
006076: Mar 29 09:41:25.120: %SEC_LOGIN-5-LOGIN_SUCCESS: Login Success [user: si_nam_52343_p_004] [Source: 148.93.49.245] [localport: 22] at 09:41:25 UTC Wed Mar 29 2023
006077: Mar 29 09:41:33.739: %SYS-6-LOGOUT: User si_nam_52343_p_004 has exited tty session 2(148.93.49.245)
006078: Mar 29 09:42:10.284: %SEC_LOGIN-5-LOGIN_SUCCESS: Login Success [user: si_nam_52343_p_004] [Source: 148.93.49.245] [localport: 22] at 09:42:10 UTC Wed Mar 29 2023
006079: Mar 29 09:42:22.182: %SYS-6-LOGOUT: User si_nam_52343_p_004 has exited tty session 2(148.93.49.245)
006080: Mar 29 10:13:22.861: %SEC_LOGIN-5-LOGIN_SUCCESS: Login Success [user: si_nam_52343_p_004] [Source: 148.93.49.245] [localport: 22] at 10:13:22 UTC Wed Mar 29 2023
006081: Mar 29 10:13:25.779: %SYS-6-LOGOUT: User si_nam_52343_p_004 has exited tty session 2(148.93.49.245)
006082: Mar 29 12:07:24.765: %SEC_LOGIN-5-LOGIN_SUCCESS: Login Success [user: si_nam_52343_p_004] [Source: 148.93.49.245] [localport: 22] at 12:07:24 UTC Wed Mar 29 2023
006083: Mar 29 12:07:31.349: %SYS-6-LOGOUT: User si_nam_52343_p_004 has exited tty session 2(148.93.49.245)
006084: Mar 29 18:22:56.373: %SEC_LOGIN-5-LOGIN_SUCCESS: Login Success [user: si_nam_52343_p_004] [Source: 148.93.49.245] [localport: 22] at 18:22:56 UTC Wed Mar 29 2023
006085: Mar 29 18:24:25.452: %SYS-6-LOGOUT: User si_nam_52343_p_004 has exited tty session 2(148.93.49.245)
006086: Mar 29 20:12:23.325: %SEC_LOGIN-5-LOGIN_SUCCESS: Login Success [user: si_nam_52343_p_004] [Source: 148.93.49.245] [localport: 22] at 20:12:23 UTC Wed Mar 29 2023
006087: Mar 29 20:12:26.962: %SYS-6-LOGOUT: User si_nam_52343_p_004 has exited tty session 2(148.93.49.245)
006088: Mar 30 04:10:42.984: %SEC_LOGIN-5-LOGIN_SUCCESS: Login Success [user: si_nam_52343_p_004] [Source: 148.93.49.245] [localport: 22] at 04:10:42 UTC Thu Mar 30 2023
006089: Mar 30 04:10:51.409: %SYS-6-LOGOUT: User si_nam_52343_p_004 has exited tty session 2(148.93.49.245)
006090: Mar 30 04:18:31.202: %SEC_LOGIN-5-LOGIN_SUCCESS: Login Success [user: si_nam_52343_p_004] [Source: 148.93.49.245] [localport: 22] at 04:18:31 UTC Thu Mar 30 2023
006091: Mar 30 04:18:35.574: %SYS-6-LOGOUT: User si_nam_52343_p_004 has exited tty session 2(148.93.49.245)
006092: Mar 30 07:47:59.779: %SEC_LOGIN-5-LOGIN_SUCCESS: Login Success [user: si_nam_52343_p_004] [Source: 148.93.49.245] [localport: 22] at 07:47:59 UTC Thu Mar 30 2023
006093: Mar 30 07:53:31.635: %SYS-6-LOGOUT: User si_nam_52343_p_004 has exited tty session 2(148.93.49.245)
006094: Mar 30 09:00:15.461: %SEC_LOGIN-5-LOGIN_SUCCESS: Login Success [user: si_nam_52343_p_004] [Source: 148.93.49.245] [localport: 22] at 09:00:15 UTC Thu Mar 30 2023
006095: Mar 30 09:00:24.729: %SYS-6-LOGOUT: User si_nam_52343_p_004 has exited tty session 2(148.93.49.245)
006096: Mar 30 09:01:10.353: %SEC_LOGIN-5-LOGIN_SUCCESS: Login Success [user: si_nam_52343_p_004] [Source: 148.93.49.245] [localport: 22] at 09:01:10 UTC Thu Mar 30 2023
006097: Mar 30 09:01:25.348: %SYS-6-LOGOUT: User si_nam_52343_p_004 has exited tty session 2(148.93.49.245)
006098: Mar 30 12:01:25.150: %SEC_LOGIN-5-LOGIN_SUCCESS: Login Success [user: si_nam_52343_p_004] [Source: 148.93.49.245] [localport: 22] at 12:01:25 UTC Thu Mar 30 2023
006099: Mar 30 12:01:28.218: %SYS-6-LOGOUT: User si_nam_52343_p_004 has exited tty session 2(148.93.49.245)
006100: Mar 30 18:15:43.404: %SEC_LOGIN-5-LOGIN_SUCCESS: Login Success [user: si_nam_52343_p_004] [Source: 148.93.49.245] [localport: 22] at 18:15:43 UTC Thu Mar 30 2023
006101: Mar 30 18:17:24.514: %SYS-6-LOGOUT: User si_nam_52343_p_004 has exited tty session 2(148.93.49.245)
006102: Mar 30 20:10:46.617: %SEC_LOGIN-5-LOGIN_SUCCESS: Login Success [user: si_nam_52343_p_004] [Source: 148.93.49.245] [localport: 22] at 20:10:46 UTC Thu Mar 30 2023
006103: Mar 30 20:10:48.852: %SYS-6-LOGOUT: User si_nam_52343_p_004 has exited tty session 2(148.93.49.245)
006104: Mar 31 04:01:25.350: %SEC_LOGIN-5-LOGIN_SUCCESS: Login Success [user: si_nam_52343_p_004] [Source: 148.93.49.245] [localport: 22] at 04:01:25 UTC Fri Mar 31 2023
006105: Mar 31 04:01:26.484: %SYS-6-LOGOUT: User si_nam_52343_p_004 has exited tty session 2(148.93.49.245)
006106: Mar 31 04:13:24.046: %SEC_LOGIN-5-LOGIN_SUCCESS: Login Success [user: si_nam_52343_p_004] [Source: 148.93.49.245] [localport: 22] at 04:13:24 UTC Fri Mar 31 2023
006107: Mar 31 04:13:25.854: %SYS-6-LOGOUT: User si_nam_52343_p_004 has exited tty session 2(148.93.49.245)
006108: Mar 31 06:22:38.374: %SEC_LOGIN-5-LOGIN_SUCCESS: Login Success [user: si_nam_52343_p_004] [Source: 148.93.49.245] [localport: 22] at 06:22:38 UTC Fri Mar 31 2023
006109: Mar 31 06:25:34.421: %SYS-6-LOGOUT: User si_nam_52343_p_004 has exited tty session 2(148.93.49.245)
006110: Mar 31 07:29:33.101: %SEC_LOGIN-5-LOGIN_SUCCESS: Login Success [user: si_nam_52343_p_004] [Source: 148.93.49.245] [localport: 22] at 07:29:33 UTC Fri Mar 31 2023
006111: Mar 31 07:29:39.549: %SYS-6-LOGOUT: User si_nam_52343_p_004 has exited tty session 2(148.93.49.245)
006112: Mar 31 07:30:17.514: %SEC_LOGIN-5-LOGIN_SUCCESS: Login Success [user: si_nam_52343_p_004] [Source: 148.93.49.245] [localport: 22] at 07:30:17 UTC Fri Mar 31 2023
006113: Mar 31 07:30:24.419: %SYS-6-LOGOUT: User si_nam_52343_p_004 has exited tty session 2(148.93.49.245)
006114: Mar 31 12:01:23.848: %SEC_LOGIN-5-LOGIN_SUCCESS: Login Success [user: si_nam_52343_p_004] [Source: 148.93.49.245] [localport: 22] at 12:01:23 UTC Fri Mar 31 2023
006115: Mar 31 12:01:24.908: %SYS-6-LOGOUT: User si_nam_52343_p_004 has exited tty session 2(148.93.49.245)
006116: Mar 31 18:24:17.896: %SEC_LOGIN-5-LOGIN_SUCCESS: Login Success [user: si_nam_52343_p_004] [Source: 148.93.49.245] [localport: 22] at 18:24:17 UTC Fri Mar 31 2023
006117: Mar 31 18:26:14.508: %SYS-6-LOGOUT: User si_nam_52343_p_004 has exited tty session 2(148.93.49.245)
006118: Mar 31 18:59:52.938: %SEC_LOGIN-5-LOGIN_SUCCESS: Login Success [user: as_jztcg6] [Source: 148.93.49.245] [localport: 22] at 18:59:52 UTC Fri Mar 31 2023
006119: Mar 31 18:59:54.667: %SEC_LOGIN-5-LOGIN_SUCCESS: Login Success [user: as_jztcg6] [Source: 148.93.49.245] [localport: 22] at 18:59:54 UTC Fri Mar 31 2023
006120: Mar 31 18:59:59.311: %SYS-5-CONFIG_P: Configured programmatically by process SSH Process from console as as_jztcg6 on vty1 (148.93.49.245)
006121: Mar 31 18:59:59.312: %PARSER-4-BADCFG: Unexpected end of configuration file.

006122: Mar 31 18:59:59.312: %SYS-5-CONFIG_I: Configured from scp://nascp@148.93.49.245//opt/NA/server/ext/tftp/tftpdroot/421_20230331145956.tmp by as_jztcg6 on vty1 (148.93.49.245)
006123: Mar 31 18:59:59.312: %SYS-5-CONFIG_C: Running-config file is Modified 
006124: Mar 31 18:59:59.650: %SYS-6-LOGOUT: User as_jztcg6 has exited tty session 3(148.93.49.245)
006125: Mar 31 19:43:41.739: %SEC_LOGIN-5-LOGIN_SUCCESS: Login Success [user: as_jztcg6] [Source: 148.93.49.245] [localport: 22] at 19:43:41 UTC Fri Mar 31 2023
006126: Mar 31 19:43:42.628: %SEC_LOGIN-5-LOGIN_SUCCESS: Login Success [user: as_jztcg6] [Source: 148.93.49.245] [localport: 22] at 19:43:42 UTC Fri Mar 31 2023
006127: Mar 31 19:43:46.032: %SYS-5-CONFIG_P: Configured programmatically by process SSH Process from console as as_jztcg6 on vty1 (148.93.49.245)
006128: Mar 31 19:43:46.032: %PARSER-4-BADCFG: Unexpected end of configuration file.

006129: Mar 31 19:43:46.032: %SYS-5-CONFIG_I: Configured from scp://nascp@148.93.49.245//opt/NA/server/ext/tftp/tftpdroot/421_20230331154343.tmp by as_jztcg6 on vty1 (148.93.49.245)
006130: Mar 31 19:43:46.033: %SYS-5-CONFIG_C: Running-config file is Modified 
006131: Mar 31 19:43:46.143: %SYS-6-LOGOUT: User as_jztcg6 has exited tty session 3(148.93.49.245)
006132: Mar 31 20:24:25.773: %SEC_LOGIN-5-LOGIN_SUCCESS: Login Success [user: si_nam_52343_p_004] [Source: 148.93.49.245] [localport: 22] at 20:24:25 UTC Fri Mar 31 2023
006133: Mar 31 20:24:27.522: %SYS-6-LOGOUT: User si_nam_52343_p_004 has exited tty session 2(148.93.49.245)
006134: Mar 31 21:16:44.540: %SEC_LOGIN-5-LOGIN_SUCCESS: Login Success [user: as_jztcg6] [Source: 148.93.49.245] [localport: 22] at 21:16:44 UTC Fri Mar 31 2023
006135: Mar 31 21:16:47.218: %SEC_LOGIN-5-LOGIN_SUCCESS: Login Success [user: as_jztcg6] [Source: 148.93.49.245] [localport: 22] at 21:16:47 UTC Fri Mar 31 2023
006136: Mar 31 21:16:54.754: %SYS-5-CONFIG_P: Configured programmatically by process SSH Process from console as as_jztcg6 on vty1 (148.93.49.245)
006137: Mar 31 21:16:54.754: %PARSER-4-BADCFG: Unexpected end of configuration file.

006138: Mar 31 21:16:54.754: %SYS-5-CONFIG_I: Configured from scp://nascp@148.93.49.245//opt/NA/server/ext/tftp/tftpdroot/421_20230331171651.tmp by as_jztcg6 on vty1 (148.93.49.245)
006139: Mar 31 21:16:54.755: %SYS-5-CONFIG_C: Running-config file is Modified 
006140: Mar 31 21:16:58.136: %SYS-6-LOGOUT: User as_jztcg6 has exited tty session 3(148.93.49.245)
006141: Mar 31 21:47:27.676: %SEC_LOGIN-5-LOGIN_SUCCESS: Login Success [user: as_jztcg6] [Source: 148.93.49.245] [localport: 22] at 21:47:27 UTC Fri Mar 31 2023
006142: Mar 31 21:47:28.877: %SEC_LOGIN-5-LOGIN_SUCCESS: Login Success [user: as_jztcg6] [Source: 148.93.49.245] [localport: 22] at 21:47:28 UTC Fri Mar 31 2023
006143: Mar 31 21:47:34.973: %SYS-5-CONFIG_P: Configured programmatically by process SSH Process from console as as_jztcg6 on vty1 (148.93.49.245)
006144: Mar 31 21:47:34.973: %PARSER-4-BADCFG: Unexpected end of configuration file.

006145: Mar 31 21:47:34.973: %SYS-5-CONFIG_I: Configured from scp://nascp@148.93.49.245//opt/NA/server/ext/tftp/tftpdroot/421_20230331174731.tmp by as_jztcg6 on vty1 (148.93.49.245)
006146: Mar 31 21:47:34.974: %SYS-5-CONFIG_C: Running-config file is Modified 
006147: Mar 31 21:47:35.976: %SYS-6-LOGOUT: User as_jztcg6 has exited tty session 3(148.93.49.245)
006148: Mar 31 23:06:41.920: %PLATFORM-4-ELEMENT_WARNING: Switch 1 R0/0: smand: 1/RP/0: limited space - copy files out of flash: directory. flash: value 76% (1449 MB) exceeds warning level 70% (1337 MB).
006149: Apr  1 02:41:14.223: %SEC_LOGIN-5-LOGIN_SUCCESS: Login Success [user: SI_NAM_52343_P_012] [Source: 148.93.49.26] [localport: 22] at 02:41:14 UTC Sat Apr 1 2023
006150: Apr  1 02:41:25.209: %SYS-6-LOGOUT: User SI_NAM_52343_P_012 has exited tty session 2(148.93.49.26)
006151: Apr  1 03:03:04.555: %SEC_LOGIN-5-LOGIN_SUCCESS: Login Success [user: SI_NAM_52343_P_012] [Source: 148.93.49.26] [localport: 22] at 03:03:04 UTC Sat Apr 1 2023
006152: Apr  1 03:19:15.034: %SYS-6-LOGOUT: User SI_NAM_52343_P_012 has exited tty session 2(148.93.49.26)
006153: Apr  1 04:11:33.112: %SEC_LOGIN-5-LOGIN_SUCCESS: Login Success [user: si_nam_52343_p_004] [Source: 148.93.49.245] [localport: 22] at 04:11:33 UTC Sat Apr 1 2023
006154: Apr  1 04:11:40.620: %SYS-6-LOGOUT: User si_nam_52343_p_004 has exited tty session 2(148.93.49.245)
006155: Apr  1 04:19:13.662: %SEC_LOGIN-5-LOGIN_SUCCESS: Login Success [user: si_nam_52343_p_004] [Source: 148.93.49.245] [localport: 22] at 04:19:13 UTC Sat Apr 1 2023
006156: Apr  1 04:19:15.449: %SYS-6-LOGOUT: User si_nam_52343_p_004 has exited tty session 2(148.93.49.245)
006157: Apr  1 07:31:35.386: %SEC_LOGIN-5-LOGIN_SUCCESS: Login Success [user: si_nam_52343_p_004] [Source: 148.93.49.245] [localport: 22] at 07:31:35 UTC Sat Apr 1 2023
006158: Apr  1 07:37:58.322: %SYS-6-LOGOUT: User si_nam_52343_p_004 has exited tty session 2(148.93.49.245)
006159: Apr  1 08:50:18.556: %SEC_LOGIN-5-LOGIN_SUCCESS: Login Success [user: si_nam_52343_p_004] [Source: 148.93.49.245] [localport: 22] at 08:50:18 UTC Sat Apr 1 2023
006160: Apr  1 08:50:25.964: %SYS-6-LOGOUT: User si_nam_52343_p_004 has exited tty session 2(148.93.49.245)
006161: Apr  1 08:51:10.465: %SEC_LOGIN-5-LOGIN_SUCCESS: Login Success [user: si_nam_52343_p_004] [Source: 148.93.49.245] [localport: 22] at 08:51:10 UTC Sat Apr 1 2023
006162: Apr  1 08:51:23.213: %SYS-6-LOGOUT: User si_nam_52343_p_004 has exited tty session 2(148.93.49.245)
006163: Apr  1 08:52:41.033: %SEC_LOGIN-5-LOGIN_SUCCESS: Login Success [user: si_nam_52343_p_004] [Source: 148.93.49.245] [localport: 22] at 08:52:41 UTC Sat Apr 1 2023
006164: Apr  1 08:53:45.366: %SYS-6-LOGOUT: User si_nam_52343_p_004 has exited tty session 2(148.93.49.245)
006165: Apr  1 08:54:32.970: %SEC_LOGIN-5-LOGIN_SUCCESS: Login Success [user: si_nam_52343_p_004] [Source: 148.93.49.245] [localport: 22] at 08:54:32 UTC Sat Apr 1 2023
006166: Apr  1 08:55:08.246: %SYS-6-LOGOUT: User si_nam_52343_p_004 has exited tty session 2(148.93.49.245)
006167: Apr  1 09:08:01.845: %SEC_LOGIN-5-LOGIN_SUCCESS: Login Success [user: si_nam_52343_p_004] [Source: 148.93.49.245] [localport: 22] at 09:08:01 UTC Sat Apr 1 2023
006168: Apr  1 09:08:44.982: %SYS-6-LOGOUT: User si_nam_52343_p_004 has exited tty session 2(148.93.49.245)
006169: Apr  1 12:01:25.771: %SEC_LOGIN-5-LOGIN_SUCCESS: Login Success [user: si_nam_52343_p_004] [Source: 148.93.49.245] [localport: 22] at 12:01:25 UTC Sat Apr 1 2023
006170: Apr  1 12:01:26.746: %SYS-6-LOGOUT: User si_nam_52343_p_004 has exited tty session 2(148.93.49.245)
006171: Apr  1 18:13:50.911: %SEC_LOGIN-5-LOGIN_SUCCESS: Login Success [user: si_nam_52343_p_004] [Source: 148.93.49.245] [localport: 22] at 18:13:50 UTC Sat Apr 1 2023
006172: Apr  1 18:16:42.095: %SYS-6-LOGOUT: User si_nam_52343_p_004 has exited tty session 2(148.93.49.245)
006173: Apr  1 20:10:03.385: %SEC_LOGIN-5-LOGIN_SUCCESS: Login Success [user: si_nam_52343_p_004] [Source: 148.93.49.245] [localport: 22] at 20:10:03 UTC Sat Apr 1 2023
006174: Apr  1 20:10:08.543: %SYS-6-LOGOUT: User si_nam_52343_p_004 has exited tty session 2(148.93.49.245)
006175: Apr  2 04:20:32.814: %SEC_LOGIN-5-LOGIN_SUCCESS: Login Success [user: si_nam_52343_p_004] [Source: 148.93.49.245] [localport: 22] at 04:20:32 UTC Sun Apr 2 2023
006176: Apr  2 04:20:38.601: %SYS-6-LOGOUT: User si_nam_52343_p_004 has exited tty session 2(148.93.49.245)
006177: Apr  2 04:23:17.609: %SEC_LOGIN-5-LOGIN_SUCCESS: Login Success [user: si_nam_52343_p_004] [Source: 148.93.49.245] [localport: 22] at 04:23:17 UTC Sun Apr 2 2023
006178: Apr  2 04:23:21.271: %SYS-6-LOGOUT: User si_nam_52343_p_004 has exited tty session 2(148.93.49.245)
006179: Apr  2 07:30:29.907: %SEC_LOGIN-5-LOGIN_SUCCESS: Login Success [user: si_nam_52343_p_004] [Source: 148.93.49.245] [localport: 22] at 07:30:29 UTC Sun Apr 2 2023
006180: Apr  2 07:34:29.910: %SYS-6-LOGOUT: User si_nam_52343_p_004 has exited tty session 2(148.93.49.245)
006181: Apr  2 08:46:14.068: %SEC_LOGIN-5-LOGIN_SUCCESS: Login Success [user: si_nam_52343_p_004] [Source: 148.93.49.245] [localport: 22] at 08:46:14 UTC Sun Apr 2 2023
006182: Apr  2 08:46:22.064: %SYS-6-LOGOUT: User si_nam_52343_p_004 has exited tty session 2(148.93.49.245)
006183: Apr  2 08:47:15.068: %SEC_LOGIN-5-LOGIN_SUCCESS: Login Success [user: si_nam_52343_p_004] [Source: 148.93.49.245] [localport: 22] at 08:47:15 UTC Sun Apr 2 2023
006184: Apr  2 08:47:29.770: %SYS-6-LOGOUT: User si_nam_52343_p_004 has exited tty session 2(148.93.49.245)
006185: Apr  2 12:01:24.896: %SEC_LOGIN-5-LOGIN_SUCCESS: Login Success [user: si_nam_52343_p_004] [Source: 148.93.49.245] [localport: 22] at 12:01:24 UTC Sun Apr 2 2023
006186: Apr  2 12:01:25.880: %SYS-6-LOGOUT: User si_nam_52343_p_004 has exited tty session 2(148.93.49.245)
006187: Apr  2 18:18:35.769: %SEC_LOGIN-5-LOGIN_SUCCESS: Login Success [user: si_nam_52343_p_004] [Source: 148.93.49.245] [localport: 22] at 18:18:35 UTC Sun Apr 2 2023
006188: Apr  2 18:20:07.741: %SYS-6-LOGOUT: User si_nam_52343_p_004 has exited tty session 2(148.93.49.245)
006189: Apr  2 20:09:07.601: %SEC_LOGIN-5-LOGIN_SUCCESS: Login Success [user: si_nam_52343_p_004] [Source: 148.93.49.245] [localport: 22] at 20:09:07 UTC Sun Apr 2 2023
006190: Apr  2 20:09:08.554: %SYS-6-LOGOUT: User si_nam_52343_p_004 has exited tty session 2(148.93.49.245)
006191: Apr  3 04:01:19.723: %SEC_LOGIN-5-LOGIN_SUCCESS: Login Success [user: si_nam_52343_p_004] [Source: 148.93.49.245] [localport: 22] at 04:01:19 UTC Mon Apr 3 2023
006192: Apr  3 04:01:20.678: %SYS-6-LOGOUT: User si_nam_52343_p_004 has exited tty session 2(148.93.49.245)
006193: Apr  3 04:14:08.985: %SEC_LOGIN-5-LOGIN_SUCCESS: Login Success [user: si_nam_52343_p_004] [Source: 148.93.49.245] [localport: 22] at 04:14:08 UTC Mon Apr 3 2023
006194: Apr  3 04:14:10.782: %SYS-6-LOGOUT: User si_nam_52343_p_004 has exited tty session 2(148.93.49.245)
006195: Apr  3 06:13:10.208: %SEC_LOGIN-5-LOGIN_SUCCESS: Login Success [user: si_nam_52343_p_004] [Source: 148.93.49.245] [localport: 22] at 06:13:10 UTC Mon Apr 3 2023
006196: Apr  3 06:14:57.484: %SYS-6-LOGOUT: User si_nam_52343_p_004 has exited tty session 2(148.93.49.245)
006197: Apr  3 07:06:30.759: %SEC_LOGIN-5-LOGIN_SUCCESS: Login Success [user: si_nam_52343_p_004] [Source: 148.93.49.245] [localport: 22] at 07:06:30 UTC Mon Apr 3 2023
006198: Apr  3 07:06:47.627: %SYS-6-LOGOUT: User si_nam_52343_p_004 has exited tty session 2(148.93.49.245)
006199: Apr  3 07:07:23.906: %SEC_LOGIN-5-LOGIN_SUCCESS: Login Success [user: si_nam_52343_p_004] [Source: 148.93.49.245] [localport: 22] at 07:07:23 UTC Mon Apr 3 2023
006200: Apr  3 07:07:29.847: %SYS-6-LOGOUT: User si_nam_52343_p_004 has exited tty session 2(148.93.49.245)
006201: Apr  3 10:01:22.730: %SEC_LOGIN-5-LOGIN_SUCCESS: Login Success [user: si_nam_52343_p_004] [Source: 148.93.49.245] [localport: 22] at 10:01:22 UTC Mon Apr 3 2023
006202: Apr  3 10:01:24.163: %SYS-6-LOGOUT: User si_nam_52343_p_004 has exited tty session 2(148.93.49.245)
006203: Apr  3 12:01:49.223: %SEC_LOGIN-5-LOGIN_SUCCESS: Login Success [user: si_nam_52343_p_004] [Source: 148.93.49.245] [localport: 22] at 12:01:49 UTC Mon Apr 3 2023
006204: Apr  3 12:01:50.218: %SYS-6-LOGOUT: User si_nam_52343_p_004 has exited tty session 2(148.93.49.245)
006205: Apr  3 18:20:31.211: %SEC_LOGIN-5-LOGIN_SUCCESS: Login Success [user: si_nam_52343_p_004] [Source: 148.93.49.245] [localport: 22] at 18:20:31 UTC Mon Apr 3 2023
006206: Apr  3 18:21:49.017: %SYS-6-LOGOUT: User si_nam_52343_p_004 has exited tty session 2(148.93.49.245)
006207: Apr  3 20:09:51.876: %SEC_LOGIN-5-LOGIN_SUCCESS: Login Success [user: si_nam_52343_p_004] [Source: 148.93.49.245] [localport: 22] at 20:09:51 UTC Mon Apr 3 2023
006208: Apr  3 20:09:54.496: %SYS-6-LOGOUT: User si_nam_52343_p_004 has exited tty session 2(148.93.49.245)
006209: Apr  4 02:46:12.385: %SEC_LOGIN-5-LOGIN_SUCCESS: Login Success [user: si_nam_52343_p_004] [Source: 148.93.49.245] [localport: 22] at 02:46:12 UTC Tue Apr 4 2023
006210: Apr  4 02:46:25.785: %SYS-6-LOGOUT: User si_nam_52343_p_004 has exited tty session 2(148.93.49.245)
006211: Apr  4 04:10:32.265: %SEC_LOGIN-5-LOGIN_SUCCESS: Login Success [user: si_nam_52343_p_004] [Source: 148.93.49.245] [localport: 22] at 04:10:32 UTC Tue Apr 4 2023
006212: Apr  4 04:10:34.415: %SYS-6-LOGOUT: User si_nam_52343_p_004 has exited tty session 2(148.93.49.245)
006213: Apr  4 04:11:56.208: %SEC_LOGIN-5-LOGIN_SUCCESS: Login Success [user: si_nam_52343_p_004] [Source: 148.93.49.245] [localport: 22] at 04:11:56 UTC Tue Apr 4 2023
006214: Apr  4 04:11:57.715: %SYS-6-LOGOUT: User si_nam_52343_p_004 has exited tty session 2(148.93.49.245)
006215: Apr  4 06:27:41.659: %SEC_LOGIN-5-LOGIN_SUCCESS: Login Success [user: si_nam_52343_p_004] [Source: 148.93.49.245] [localport: 22] at 06:27:41 UTC Tue Apr 4 2023
006216: Apr  4 06:30:24.179: %SYS-6-LOGOUT: User si_nam_52343_p_004 has exited tty session 2(148.93.49.245)
006217: Apr  4 09:11:42.101: %SEC_LOGIN-5-LOGIN_SUCCESS: Login Success [user: si_nam_52343_p_004] [Source: 148.93.49.245] [localport: 22] at 09:11:42 UTC Tue Apr 4 2023
006218: Apr  4 09:11:48.274: %SYS-6-LOGOUT: User si_nam_52343_p_004 has exited tty session 2(148.93.49.245)
006219: Apr  4 09:12:23.172: %SEC_LOGIN-5-LOGIN_SUCCESS: Login Success [user: si_nam_52343_p_004] [Source: 148.93.49.245] [localport: 22] at 09:12:23 UTC Tue Apr 4 2023
006220: Apr  4 09:12:27.189: %SYS-6-LOGOUT: User si_nam_52343_p_004 has exited tty session 2(148.93.49.245)
006221: Apr  4 12:01:24.278: %SEC_LOGIN-5-LOGIN_SUCCESS: Login Success [user: si_nam_52343_p_004] [Source: 148.93.49.245] [localport: 22] at 12:01:24 UTC Tue Apr 4 2023
006222: Apr  4 12:01:25.467: %SYS-6-LOGOUT: User si_nam_52343_p_004 has exited tty session 2(148.93.49.245)
006223: Apr  4 14:24:36.634: %SEC_LOGIN-5-LOGIN_SUCCESS: Login Success [user: as_cz507f] [Source: 148.93.114.73] [localport: 22] at 14:24:36 UTC Tue Apr 4 2023
006224: Apr  4 14:54:57.056: %SYS-6-TTY_EXPIRE_TIMER: (exec timer expired, tty 2 (148.93.114.73)), user as_cz507f
006225: Apr  4 14:54:57.056: %SYS-6-LOGOUT: User as_cz507f has exited tty session 2(148.93.114.73)
006226: Apr  4 15:06:15.444: %SEC_LOGIN-5-LOGIN_SUCCESS: Login Success [user: as_cz507f] [Source: 148.93.114.73] [localport: 22] at 15:06:15 UTC Tue Apr 4 2023
006227: Apr  4 16:12:36.563: %SYS-6-LOGOUT: User as_cz507f has exited tty session 2(148.93.114.73)
006228: Apr  4 16:12:37.568: %SYS-4-LOGGING_PERSISTENT_OVERRUN: Logging persistent command exceeded its size. Oldest logging-persistent file was deleted (file name: flash:/syslog/log_20220821-003931).
006229: Apr  4 16:12:37.581: %SYS-4-LOGGING_PERSISTENT_OVERRUN: Logging persistent command exceeded its size. Oldest logging-persistent file was deleted (file name: flash:/syslog/log_20221224-225440).
006230: Apr  4 16:12:37.590: %SYS-4-LOGGING_PERSISTENT_OVERRUN: Logging persistent command exceeded its size. Oldest logging-persistent file was deleted (file name: flash:/syslog/log_20230224-162030).
006231: Apr  4 18:06:41.974: %SEC_LOGIN-5-LOGIN_SUCCESS: Login Success [user: si_nam_52343_p_004] [Source: 148.93.49.245] [localport: 22] at 18:06:41 UTC Tue Apr 4 2023
006232: Apr  4 18:08:49.546: %SYS-6-LOGOUT: User si_nam_52343_p_004 has exited tty session 2(148.93.49.245)
006233: Apr  4 20:07:55.332: %SEC_LOGIN-5-LOGIN_SUCCESS: Login Success [user: si_nam_52343_p_004] [Source: 148.93.49.245] [localport: 22] at 20:07:55 UTC Tue Apr 4 2023
006234: Apr  4 20:07:57.593: %SYS-6-LOGOUT: User si_nam_52343_p_004 has exited tty session 2(148.93.49.245)
006235: Apr  5 04:13:37.880: %SEC_LOGIN-5-LOGIN_SUCCESS: Login Success [user: si_nam_52343_p_004] [Source: 148.93.49.245] [localport: 22] at 04:13:37 UTC Wed Apr 5 2023
006236: Apr  5 04:13:43.484: %SYS-6-LOGOUT: User si_nam_52343_p_004 has exited tty session 2(148.93.49.245)
006237: Apr  5 08:11:23.426: %SEC_LOGIN-5-LOGIN_SUCCESS: Login Success [user: si_nam_52343_p_004] [Source: 148.93.49.245] [localport: 22] at 08:11:23 UTC Wed Apr 5 2023
006238: Apr  5 08:17:26.174: %SYS-6-LOGOUT: User si_nam_52343_p_004 has exited tty session 2(148.93.49.245)
006239: Apr  5 09:23:42.350: %SEC_LOGIN-5-LOGIN_SUCCESS: Login Success [user: si_nam_52343_p_004] [Source: 148.93.49.245] [localport: 22] at 09:23:42 UTC Wed Apr 5 2023
006240: Apr  5 09:23:49.003: %SYS-6-LOGOUT: User si_nam_52343_p_004 has exited tty session 2(148.93.49.245)
006241: Apr  5 09:24:26.565: %SEC_LOGIN-5-LOGIN_SUCCESS: Login Success [user: si_nam_52343_p_004] [Source: 148.93.49.245] [localport: 22] at 09:24:26 UTC Wed Apr 5 2023
006242: Apr  5 09:24:35.166: %SYS-6-LOGOUT: User si_nam_52343_p_004 has exited tty session 2(148.93.49.245)
006243: Apr  5 09:33:02.617: %SEC_LOGIN-5-LOGIN_SUCCESS: Login Success [user: si_nam_52343_p_004] [Source: 148.93.49.245] [localport: 22] at 09:33:02 UTC Wed Apr 5 2023
006244: Apr  5 09:33:04.150: %SYS-6-LOGOUT: User si_nam_52343_p_004 has exited tty session 2(148.93.49.245)
006245: Apr  5 12:04:28.359: %SEC_LOGIN-5-LOGIN_SUCCESS: Login Success [user: si_nam_52343_p_004] [Source: 148.93.49.245] [localport: 22] at 12:04:28 UTC Wed Apr 5 2023
006246: Apr  5 12:04:29.733: %SYS-6-LOGOUT: User si_nam_52343_p_004 has exited tty session 2(148.93.49.245)
006247: Apr  5 18:12:34.627: %SEC_LOGIN-5-LOGIN_SUCCESS: Login Success [user: si_nam_52343_p_004] [Source: 148.93.49.245] [localport: 22] at 18:12:34 UTC Wed Apr 5 2023
006248: Apr  5 18:14:45.431: %SYS-6-LOGOUT: User si_nam_52343_p_004 has exited tty session 2(148.93.49.245)
006249: Apr  5 20:08:25.181: %SEC_LOGIN-5-LOGIN_SUCCESS: Login Success [user: si_nam_52343_p_004] [Source: 148.93.49.245] [localport: 22] at 20:08:25 UTC Wed Apr 5 2023
006250: Apr  5 20:08:27.229: %SYS-6-LOGOUT: User si_nam_52343_p_004 has exited tty session 2(148.93.49.245)
006251: Apr  6 04:14:23.334: %SEC_LOGIN-5-LOGIN_SUCCESS: Login Success [user: si_nam_52343_p_004] [Source: 148.93.49.245] [localport: 22] at 04:14:23 UTC Thu Apr 6 2023
006252: Apr  6 04:14:30.851: %SYS-6-LOGOUT: User si_nam_52343_p_004 has exited tty session 2(148.93.49.245)
006253: Apr  6 04:20:45.534: %SEC_LOGIN-5-LOGIN_SUCCESS: Login Success [user: si_nam_52343_p_004] [Source: 148.93.49.245] [localport: 22] at 04:20:45 UTC Thu Apr 6 2023
006254: Apr  6 04:20:47.213: %SYS-6-LOGOUT: User si_nam_52343_p_004 has exited tty session 2(148.93.49.245)
006255: Apr  6 07:38:34.130: %SEC_LOGIN-5-LOGIN_SUCCESS: Login Success [user: si_nam_52343_p_004] [Source: 148.93.49.245] [localport: 22] at 07:38:34 UTC Thu Apr 6 2023
006256: Apr  6 07:44:06.367: %SYS-6-LOGOUT: User si_nam_52343_p_004 has exited tty session 2(148.93.49.245)
006257: Apr  6 08:51:45.365: %SEC_LOGIN-5-LOGIN_SUCCESS: Login Success [user: si_nam_52343_p_004] [Source: 148.93.49.245] [localport: 22] at 08:51:45 UTC Thu Apr 6 2023
006258: Apr  6 08:51:53.354: %SYS-6-LOGOUT: User si_nam_52343_p_004 has exited tty session 2(148.93.49.245)
006259: Apr  6 08:52:36.778: %SEC_LOGIN-5-LOGIN_SUCCESS: Login Success [user: si_nam_52343_p_004] [Source: 148.93.49.245] [localport: 22] at 08:52:36 UTC Thu Apr 6 2023
006260: Apr  6 08:52:49.613: %SYS-6-LOGOUT: User si_nam_52343_p_004 has exited tty session 2(148.93.49.245)
006261: Apr  6 12:01:26.332: %SEC_LOGIN-5-LOGIN_SUCCESS: Login Success [user: si_nam_52343_p_004] [Source: 148.93.49.245] [localport: 22] at 12:01:26 UTC Thu Apr 6 2023
006262: Apr  6 12:01:27.330: %SYS-6-LOGOUT: User si_nam_52343_p_004 has exited tty session 2(148.93.49.245)
006263: Apr  6 15:55:08.360: %SEC_LOGIN-5-LOGIN_SUCCESS: Login Success [user: as_cz507f] [Source: 148.93.114.216] [localport: 22] at 15:55:08 UTC Thu Apr 6 2023
tmxcrlast018#!

tmxcrlast018#sh run
Building configuration...

Current configuration : 36711 bytes
!
! Last configuration change at 21:47:34 UTC Fri Mar 31 2023 by as_jztcg6
! NVRAM config last updated at 21:47:34 UTC Fri Mar 31 2023 by as_jztcg6
!
version 16.12
service nagle
no service pad
service tcp-keepalives-in
service tcp-keepalives-out
service timestamps debug datetime msec localtime
service timestamps log datetime msec localtime
service password-encryption
service sequence-numbers
service call-home
platform punt-keepalive disable-kernel-core
!
hostname tmxcrlast018
!
!
vrf definition Mgmt-vrf
 !
 address-family ipv4
 exit-address-family
 !
 address-family ipv6
 exit-address-family
!
logging discriminator FILTER msg-body drops DOT1X-5|MAB-5|SESSION_MGR-5
logging buffered discriminator FILTER 40960 informational
logging persistent url flash:/syslog size 5120000 filesize 500000 immediate
no logging console
logging monitor informational
enable secret 9 $9$dzSKX/KLo.JjQ.$KIBmS83/hdgqPvjmx8EmwzXepBHQOPlelkm.bUrzQbc
!
!
!
!
aaa new-model
!
!
aaa authentication attempts login 6
aaa authentication login default group tacacs+ line
aaa authentication enable default group tacacs+ enable
aaa authentication dot1x default group radius
aaa authorization exec default group tacacs+ local if-authenticated 
aaa authorization commands 15 default local group tacacs+ if-authenticated 
aaa authorization network default group radius 
aaa accounting update newinfo periodic 2880
aaa accounting dot1x default start-stop group radius
aaa accounting exec default stop-only group tacacs+
aaa accounting commands 15 default stop-only group tacacs+
aaa accounting network default stop-only group tacacs+
!
!
!
!
!
aaa server radius dynamic-author
 client 10.122.174.132 server-key 7 142613275B5C7E203C3D20633A192C22532A7257567C5357541D20680965655E73
 client 10.123.174.36 server-key 7 142613275B5C7E203C3D20633A192C22532A7257567C5357541D20680965655E73
 client 10.122.174.133 server-key 7 142613275B5C7E203C3D20633A192C22532A7257567C5357541D20680965655E73
 client 10.123.174.37 server-key 7 142613275B5C7E203C3D20633A192C22532A7257567C5357541D20680965655E73
!
aaa session-id common
stack-mac persistent timer 0
switch 1 provision c9200-24p
!
!
!
!
vtp domain nmxtmx
vtp mode transparent
!
device-sensor filter-list dhcp list DS-dhcp-list
 option name host-name
 option name default-ip-ttl
 option name requested-address
 option name parameter-request-list
 option name class-identifier
 option name client-identifier
!
device-sensor filter-list lldp list DS-lldp-list
 tlv name system-name
 tlv name system-description
 tlv name system-capabilities
!
device-sensor filter-list cdp list DS-cdp-list
 tlv name device-name
 tlv name address-type
 tlv name capabilities-type
 tlv name platform-type
device-sensor filter-spec dhcp include list DS-dhcp-list
device-sensor filter-spec lldp include list DS-lldp-list
device-sensor filter-spec cdp include list DS-cdp-list
device-sensor accounting
device-sensor notify all-changes
!
!
!
!
!
no ip source-route
ip routing
!
!
!
!
!
ip vrf gm-security
 description gm-security-VRF vlan 762
 rd 762:200001
!
ip vrf gm-supplier
 description gm-supplier access VRF - Vlan 900
 rd 900:200001
!
ip multicast-routing 
ip multicast multipath
ip name-server 164.56.50.7
no ip domain lookup
ip domain name tmx.nam.gm.com
!
ip dhcp pool VLAN300
 network 172.20.117.208 255.255.255.240
 default-router 172.20.117.209 
 option 43 hex f108.ac14.75f9
!
!
!
ip dhcp snooping vlan 750
no ip dhcp snooping information option
ip dhcp snooping
login on-success log
udld aggressive

call-home
 ! If contact email address in call-home is configured as sch-smart-licensing@cisco.com
 ! the email address configured in Cisco Smart License Portal will be used as contact email address to send SCH notifications.
 contact-email-addr sch-smart-licensing@cisco.com
 no http secure server-identity-check
 profile "CiscoTAC-1"
  no reporting smart-licensing-data
  destination transport-method http
  no destination transport-method email
 profile "Site-Engineering-LAN"
  reporting smart-licensing-data
  destination transport-method http
  no destination transport-method email
  destination address http https://148.93.145.110:443/Transportgateway/services/DeviceRequestHandler 
!
!
authentication mac-move permit
authentication logging verbose
access-session acl default passthrough
no device-tracking logging theft
device-tracking tracking auto-source override
!
device-tracking policy IPDT_MAX_10
 limit address-count 10
 security-level glean
 no protocol udp
 tracking enable reachable-lifetime 10
!
!
crypto pki trustpoint SLA-TrustPoint
 enrollment terminal
 revocation-check none
!
crypto pki trustpoint TP-self-signed-4216658772
 enrollment selfsigned
 subject-name cn=IOS-Self-Signed-Certificate-4216658772
 revocation-check none
 rsakeypair TP-self-signed-4216658772
!
!
crypto pki certificate chain SLA-TrustPoint
 certificate ca 01
  30820321 30820209 A0030201 02020101 300D0609 2A864886 F70D0101 0B050030 
  32310E30 0C060355 040A1305 43697363 6F312030 1E060355 04031317 43697363 
  6F204C69 63656E73 696E6720 526F6F74 20434130 1E170D31 33303533 30313934 
  3834375A 170D3338 30353330 31393438 34375A30 32310E30 0C060355 040A1305 
  43697363 6F312030 1E060355 04031317 43697363 6F204C69 63656E73 696E6720 
  526F6F74 20434130 82012230 0D06092A 864886F7 0D010101 05000382 010F0030 
  82010A02 82010100 A6BCBD96 131E05F7 145EA72C 2CD686E6 17222EA1 F1EFF64D 
  CBB4C798 212AA147 C655D8D7 9471380D 8711441E 1AAF071A 9CAE6388 8A38E520 
  1C394D78 462EF239 C659F715 B98C0A59 5BBB5CBD 0CFEBEA3 700A8BF7 D8F256EE 
  4AA4E80D DB6FD1C9 60B1FD18 FFC69C96 6FA68957 A2617DE7 104FDC5F EA2956AC 
  7390A3EB 2B5436AD C847A2C5 DAB553EB 69A9A535 58E9F3E3 C0BD23CF 58BD7188 
  68E69491 20F320E7 948E71D7 AE3BCC84 F10684C7 4BC8E00F 539BA42B 42C68BB7 
  C7479096 B4CB2D62 EA2F505D C7B062A4 6811D95B E8250FC4 5D5D5FB8 8F27D191 
  C55F0D76 61F9A4CD 3D992327 A8BB03BD 4E6D7069 7CBADF8B DF5F4368 95135E44 
  DFC7C6CF 04DD7FD1 02030100 01A34230 40300E06 03551D0F 0101FF04 04030201 
  06300F06 03551D13 0101FF04 05300301 01FF301D 0603551D 0E041604 1449DC85 
  4B3D31E5 1B3E6A17 606AF333 3D3B4C73 E8300D06 092A8648 86F70D01 010B0500 
  03820101 00507F24 D3932A66 86025D9F E838AE5C 6D4DF6B0 49631C78 240DA905 
  604EDCDE FF4FED2B 77FC460E CD636FDB DD44681E 3A5673AB 9093D3B1 6C9E3D8B 
  D98987BF E40CBD9E 1AECA0C2 2189BB5C 8FA85686 CD98B646 5575B146 8DFC66A8 
  467A3DF4 4D565700 6ADF0F0D CF835015 3C04FF7C 21E878AC 11BA9CD2 55A9232C 
  7CA7B7E6 C1AF74F6 152E99B7 B1FCF9BB E973DE7F 5BDDEB86 C71E3B49 1765308B 
  5FB0DA06 B92AFE7F 494E8A9E 07B85737 F3A58BE1 1A48A229 C37C1E69 39F08678 
  80DDCD16 D6BACECA EEBC7CF9 8428787B 35202CDC 60E4616A B623CDBD 230E3AFB 
  418616A9 4093E049 4D10AB75 27E86F73 932E35B5 8862FDAE 0275156F 719BB2F0 
  D697DF7F 28
  	quit
crypto pki certificate chain TP-self-signed-4216658772
!
!
dot1x system-auth-control
license boot level network-advantage addon dna-advantage
!
!
diagnostic bootup level complete
!
spanning-tree mode rapid-pvst
spanning-tree loopguard default
spanning-tree portfast bpduguard default
spanning-tree extend system-id
spanning-tree vlan 300,600,750,762,900 priority 24576
memory free low-watermark processor 22836
!
errdisable recovery cause udld
errdisable recovery cause bpduguard
errdisable recovery cause security-violation
errdisable recovery cause channel-misconfig
errdisable recovery cause pagp-flap
errdisable recovery cause dtp-flap
errdisable recovery cause link-flap
errdisable recovery cause sfp-config-mismatch
errdisable recovery cause gbic-invalid
errdisable recovery cause l2ptguard
errdisable recovery cause psecure-violation
errdisable recovery cause port-mode-failure
errdisable recovery cause dhcp-rate-limit
errdisable recovery cause pppoe-ia-rate-limit
errdisable recovery cause mac-limit
errdisable recovery cause storm-control
errdisable recovery cause inline-power
errdisable recovery cause arp-inspection
errdisable recovery cause loopback
errdisable recovery cause psp
errdisable recovery cause mrp-miscabling
errdisable recovery interval 1200
!
redundancy
 mode sso
!
!
vlan 300
 name tmxcrlast018-vl300-ap
!
vlan 600
 name tmxcrlast018-vl600-voice
!
vlan 750
 name tmxcrlast018-vl750-gmol
!
vlan 762
 name gm-security-camera-vrf
!
vlan 900
 name tmxcrlast018-vl900-guest
!
vlan 999
 name Unused
!
vlan 1526
 name Prod-PtoP-tmxcrlcrt001
!
vlan 1527
 name Prod-PtoP-tmxcrlcrt002
!
vlan 2146
 name gm-security-vrf-P2P-tmxcrlcrt001
!
vlan 2147
 name gm-security-vrf-P2P-tmxcrlcrt002
!
vlan 2526
 name VRF-PtoP-tmxcrlcrt001
!
vlan 2527
 name VRF-PtoP-tmxcrlcrt002
lldp run
!
!
class-map match-any system-cpp-police-ewlc-control
  description EWLC Control 
class-map match-any system-cpp-police-topology-control
  description Topology control
class-map match-any system-cpp-police-sw-forward
  description Sw forwarding, L2 LVX data packets, LOGGING, Transit Traffic
class-map match-any system-cpp-default
  description EWLC data, Inter FED Traffic 
class-map match-any system-cpp-police-sys-data
  description Openflow, Exception, EGR Exception, NFL Sampled Data, RPF Failed
class-map match-any system-cpp-police-punt-webauth
  description Punt Webauth
class-map match-any system-cpp-police-l2lvx-control
  description L2 LVX control packets
class-map match-any system-cpp-police-forus
  description Forus Address resolution and Forus traffic
class-map match-any system-cpp-police-multicast-end-station
  description MCAST END STATION
class-map match-any system-cpp-police-high-rate-app
  description High Rate Applications 
class-map match-any system-cpp-police-multicast
  description MCAST Data
class-map match-any system-cpp-police-l2-control
  description L2 control
class-map match-any system-cpp-police-dot1x-auth
  description DOT1X Auth
class-map match-any system-cpp-police-data
  description ICMP redirect, ICMP_GEN and BROADCAST
class-map match-any system-cpp-police-stackwise-virt-control
  description Stackwise Virtual OOB
class-map match-any non-client-nrt-class
class-map match-any system-cpp-police-routing-control
  description Routing control and Low Latency
class-map match-any system-cpp-police-protocol-snooping
  description Protocol snooping
class-map match-any system-cpp-police-dhcp-snooping
  description DHCP snooping
class-map match-any system-cpp-police-ios-routing
  description L2 control, Topology control, Routing control, Low Latency
class-map match-any system-cpp-police-system-critical
  description System Critical and Gold Pkt
class-map match-any system-cpp-police-ios-feature
  description ICMPGEN,BROADCAST,ICMP,L2LVXCntrl,ProtoSnoop,PuntWebauth,MCASTData,Transit,DOT1XAuth,Swfwd,LOGGING,L2LVXData,ForusTraffic,ForusARP,McastEndStn,Openflow,Exception,EGRExcption,NflSampled,RpfFailed
!
policy-map system-cpp-policy
!
! 
!
!
!
!
!
!
!
!
!
!
!
!
interface Loopback0
 description tmxcrlast018 trap-source
 ip address 172.20.113.18 255.255.255.255
 no ip redirects
 no ip unreachables
 no ip proxy-arp
!
interface Loopback1
 description tmxcrlast018 GM-Supplier VRF trap-source
 ip vrf forwarding gm-supplier
 ip address 26.50.121.18 255.255.255.255
 no ip redirects
 no ip unreachables
 no ip proxy-arp
!
interface Loopback762
 description EIGRP Router ID
 ip vrf forwarding gm-security
 ip address 192.168.250.14 255.255.255.255
 no ip redirects
 no ip unreachables
 no ip proxy-arp
!
interface GigabitEthernet0/0
 description Unused GT Infrastructure
 vrf forwarding Mgmt-vrf
 no ip address
 shutdown
 negotiation auto
!
interface GigabitEthernet1/0/1
 description nmxtmx-t00e-0b6-law01
 switchport access vlan 300
 switchport mode access
 no snmp trap link-status
 no mdix auto
 spanning-tree portfast
!
interface GigabitEthernet1/0/2
 description nmxtmx-t00e-0b6-law02
 switchport access vlan 300
 switchport mode access
 no snmp trap link-status
 no mdix auto
 spanning-tree portfast
!
interface GigabitEthernet1/0/3
 description tmxcclaap076-n3-wrehs
 switchport access vlan 300
 switchport mode access
 no snmp trap link-status
 no mdix auto
 spanning-tree portfast
!
interface GigabitEthernet1/0/4
 description End-Device
 switchport mode access
 switchport voice vlan 600
 no logging event link-status
 shutdown
 authentication event fail retry 0 action authorize vlan 900
 authentication event no-response action authorize vlan 900
 authentication host-mode multi-domain
 authentication port-control auto
 authentication timer reauthenticate 60
 authentication violation restrict
 mab
 no snmp trap link-status
 dot1x pae authenticator
 dot1x timeout tx-period 5
 dot1x timeout supp-timeout 10
 no mdix auto
 spanning-tree portfast
!
interface GigabitEthernet1/0/5
 description End-Device
 switchport mode access
 switchport voice vlan 600
 no logging event link-status
 shutdown
 authentication event fail retry 0 action authorize vlan 900
 authentication event no-response action authorize vlan 900
 authentication host-mode multi-domain
 authentication port-control auto
 authentication timer reauthenticate 60
 authentication violation restrict
 mab
 no snmp trap link-status
 dot1x pae authenticator
 dot1x timeout tx-period 5
 dot1x timeout supp-timeout 10
 no mdix auto
 spanning-tree portfast
!
interface GigabitEthernet1/0/6
 description End-Device
 switchport mode access
 switchport voice vlan 600
 no logging event link-status
 shutdown
 authentication event fail retry 0 action authorize vlan 900
 authentication event no-response action authorize vlan 900
 authentication host-mode multi-domain
 authentication port-control auto
 authentication timer reauthenticate 60
 authentication violation restrict
 mab
 no snmp trap link-status
 dot1x pae authenticator
 dot1x timeout tx-period 5
 dot1x timeout supp-timeout 10
 no mdix auto
 spanning-tree portfast
!
interface GigabitEthernet1/0/7
 description End-Device
 switchport mode access
 switchport voice vlan 600
 no logging event link-status
 shutdown
 authentication event fail retry 0 action authorize vlan 900
 authentication event no-response action authorize vlan 900
 authentication host-mode multi-domain
 authentication port-control auto
 authentication timer reauthenticate 60
 authentication violation restrict
 mab
 no snmp trap link-status
 dot1x pae authenticator
 dot1x timeout tx-period 5
 dot1x timeout supp-timeout 10
 no mdix auto
 spanning-tree portfast
!
interface GigabitEthernet1/0/8
 description End-Device
 switchport mode access
 switchport voice vlan 600
 no logging event link-status
 shutdown
 authentication event fail retry 0 action authorize vlan 900
 authentication event no-response action authorize vlan 900
 authentication host-mode multi-domain
 authentication port-control auto
 authentication timer reauthenticate 60
 authentication violation restrict
 mab
 no snmp trap link-status
 dot1x pae authenticator
 dot1x timeout tx-period 5
 dot1x timeout supp-timeout 10
 no mdix auto
 spanning-tree portfast
!
interface GigabitEthernet1/0/9
 description End-Device
 switchport mode access
 switchport voice vlan 600
 no logging event link-status
 shutdown
 authentication event fail retry 0 action authorize vlan 900
 authentication event no-response action authorize vlan 900
 authentication host-mode multi-domain
 authentication port-control auto
 authentication timer reauthenticate 60
 authentication violation restrict
 mab
 no snmp trap link-status
 dot1x pae authenticator
 dot1x timeout tx-period 5
 dot1x timeout supp-timeout 10
 no mdix auto
 spanning-tree portfast
!
interface GigabitEthernet1/0/10
 description End-Device
 switchport mode access
 switchport voice vlan 600
 no logging event link-status
 shutdown
 authentication event fail retry 0 action authorize vlan 900
 authentication event no-response action authorize vlan 900
 authentication host-mode multi-domain
 authentication port-control auto
 authentication timer reauthenticate 60
 authentication violation restrict
 mab
 no snmp trap link-status
 dot1x pae authenticator
 dot1x timeout tx-period 5
 dot1x timeout supp-timeout 10
 no mdix auto
 spanning-tree portfast
!
interface GigabitEthernet1/0/11
 description End-Device
 switchport mode access
 switchport voice vlan 600
 no logging event link-status
 shutdown
 authentication event fail retry 0 action authorize vlan 900
 authentication event no-response action authorize vlan 900
 authentication host-mode multi-domain
 authentication port-control auto
 authentication timer reauthenticate 60
 authentication violation restrict
 mab
 no snmp trap link-status
 dot1x pae authenticator
 dot1x timeout tx-period 5
 dot1x timeout supp-timeout 10
 no mdix auto
 spanning-tree portfast
!
interface GigabitEthernet1/0/12
 description End-Device
 switchport mode access
 switchport voice vlan 600
 no logging event link-status
 shutdown
 authentication event fail retry 0 action authorize vlan 900
 authentication event no-response action authorize vlan 900
 authentication host-mode multi-domain
 authentication port-control auto
 authentication timer reauthenticate 60
 authentication violation restrict
 mab
 no snmp trap link-status
 dot1x pae authenticator
 dot1x timeout tx-period 5
 dot1x timeout supp-timeout 10
 no mdix auto
 spanning-tree portfast
!
interface GigabitEthernet1/0/13
 description End-Device
 switchport mode access
 switchport voice vlan 600
 no logging event link-status
 shutdown
 authentication event fail retry 0 action authorize vlan 900
 authentication event no-response action authorize vlan 900
 authentication host-mode multi-domain
 authentication port-control auto
 authentication timer reauthenticate 60
 authentication violation restrict
 mab
 no snmp trap link-status
 dot1x pae authenticator
 dot1x timeout tx-period 5
 dot1x timeout supp-timeout 10
 no mdix auto
 spanning-tree portfast
!
interface GigabitEthernet1/0/14
 description End-Device
 switchport mode access
 switchport voice vlan 600
 no logging event link-status
 shutdown
 authentication event fail retry 0 action authorize vlan 900
 authentication event no-response action authorize vlan 900
 authentication host-mode multi-domain
 authentication port-control auto
 authentication timer reauthenticate 60
 authentication violation restrict
 mab
 no snmp trap link-status
 dot1x pae authenticator
 dot1x timeout tx-period 5
 dot1x timeout supp-timeout 10
 no mdix auto
 spanning-tree portfast
!
interface GigabitEthernet1/0/15
 description End-Device
 switchport mode access
 switchport voice vlan 600
 no logging event link-status
 shutdown
 authentication event fail retry 0 action authorize vlan 900
 authentication event no-response action authorize vlan 900
 authentication host-mode multi-domain
 authentication port-control auto
 authentication timer reauthenticate 60
 authentication violation restrict
 mab
 no snmp trap link-status
 dot1x pae authenticator
 dot1x timeout tx-period 5
 dot1x timeout supp-timeout 10
 no mdix auto
 spanning-tree portfast
!
interface GigabitEthernet1/0/16
 description End-Device
 switchport mode access
 switchport voice vlan 600
 no logging event link-status
 shutdown
 authentication event fail retry 0 action authorize vlan 900
 authentication event no-response action authorize vlan 900
 authentication host-mode multi-domain
 authentication port-control auto
 authentication timer reauthenticate 60
 authentication violation restrict
 mab
 no snmp trap link-status
 dot1x pae authenticator
 dot1x timeout tx-period 5
 dot1x timeout supp-timeout 10
 no mdix auto
 spanning-tree portfast
!
interface GigabitEthernet1/0/17
 description End-Device
 switchport mode access
 switchport voice vlan 600
 no logging event link-status
 shutdown
 authentication event fail retry 0 action authorize vlan 900
 authentication event no-response action authorize vlan 900
 authentication host-mode multi-domain
 authentication port-control auto
 authentication timer reauthenticate 60
 authentication violation restrict
 mab
 no snmp trap link-status
 dot1x pae authenticator
 dot1x timeout tx-period 5
 dot1x timeout supp-timeout 10
 no mdix auto
 spanning-tree portfast
!
interface GigabitEthernet1/0/18
 description End-Device
 switchport mode access
 switchport voice vlan 600
 no logging event link-status
 shutdown
 authentication event fail retry 0 action authorize vlan 900
 authentication event no-response action authorize vlan 900
 authentication host-mode multi-domain
 authentication port-control auto
 authentication timer reauthenticate 60
 authentication violation restrict
 mab
 no snmp trap link-status
 dot1x pae authenticator
 dot1x timeout tx-period 5
 dot1x timeout supp-timeout 10
 no mdix auto
 spanning-tree portfast
!
interface GigabitEthernet1/0/19
 description End-Device
 switchport mode access
 switchport voice vlan 600
 no logging event link-status
 shutdown
 authentication event fail retry 0 action authorize vlan 900
 authentication event no-response action authorize vlan 900
 authentication host-mode multi-domain
 authentication port-control auto
 authentication timer reauthenticate 60
 authentication violation restrict
 mab
 no snmp trap link-status
 dot1x pae authenticator
 dot1x timeout tx-period 5
 dot1x timeout supp-timeout 10
 no mdix auto
 spanning-tree portfast
!
interface GigabitEthernet1/0/20
 description End-Device
 switchport mode access
 switchport voice vlan 600
 no logging event link-status
 shutdown
 authentication event fail retry 0 action authorize vlan 900
 authentication event no-response action authorize vlan 900
 authentication host-mode multi-domain
 authentication port-control auto
 authentication timer reauthenticate 60
 authentication violation restrict
 mab
 no snmp trap link-status
 dot1x pae authenticator
 dot1x timeout tx-period 5
 dot1x timeout supp-timeout 10
 no mdix auto
 spanning-tree portfast
!
interface GigabitEthernet1/0/21
 description End-Device
 switchport mode access
 switchport voice vlan 600
 no logging event link-status
 shutdown
 authentication event fail retry 0 action authorize vlan 900
 authentication event no-response action authorize vlan 900
 authentication host-mode multi-domain
 authentication port-control auto
 authentication timer reauthenticate 60
 authentication violation restrict
 mab
 no snmp trap link-status
 dot1x pae authenticator
 dot1x timeout tx-period 5
 dot1x timeout supp-timeout 10
 no mdix auto
 spanning-tree portfast
!
interface GigabitEthernet1/0/22
 description End-Device
 switchport mode access
 switchport voice vlan 600
 no logging event link-status
 shutdown
 authentication event fail retry 0 action authorize vlan 900
 authentication event no-response action authorize vlan 900
 authentication host-mode multi-domain
 authentication port-control auto
 authentication timer reauthenticate 60
 authentication violation restrict
 mab
 no snmp trap link-status
 dot1x pae authenticator
 dot1x timeout tx-period 5
 dot1x timeout supp-timeout 10
 no mdix auto
 spanning-tree portfast
!
interface GigabitEthernet1/0/23
 description End-Device
 switchport mode access
 switchport voice vlan 600
 no logging event link-status
 shutdown
 authentication event fail retry 0 action authorize vlan 900
 authentication event no-response action authorize vlan 900
 authentication host-mode multi-domain
 authentication port-control auto
 authentication timer reauthenticate 60
 authentication violation restrict
 mab
 no snmp trap link-status
 dot1x pae authenticator
 dot1x timeout tx-period 5
 dot1x timeout supp-timeout 10
 no mdix auto
 spanning-tree portfast
!
interface GigabitEthernet1/0/24
 description End-Device
 switchport mode access
 switchport voice vlan 600
 no logging event link-status
 shutdown
 authentication event fail retry 0 action authorize vlan 900
 authentication event no-response action authorize vlan 900
 authentication host-mode multi-domain
 authentication port-control auto
 authentication timer reauthenticate 60
 authentication violation restrict
 mab
 no snmp trap link-status
 dot1x pae authenticator
 dot1x timeout tx-period 5
 dot1x timeout supp-timeout 10
 no mdix auto
 spanning-tree portfast
!
interface GigabitEthernet1/1/1
 description tmxcrlcrt001-Twe1/0/14 GT Infrastructure
 switchport trunk allowed vlan 1526,2146,2526
 switchport mode trunk
 udld port aggressive
 spanning-tree portfast disable
 ip dhcp snooping trust
!
interface GigabitEthernet1/1/2
 description tmxcrlcrt002-Twe1/0/14 GT Infrastructure
 switchport trunk allowed vlan 1527,2147,2527
 switchport mode trunk
 udld port aggressive
 spanning-tree portfast disable
 ip dhcp snooping trust
!
interface GigabitEthernet1/1/3
 description Unused GT Infrastructure
 switchport access vlan 999
 switchport mode access
 shutdown
 udld port aggressive
 spanning-tree portfast disable
!
interface GigabitEthernet1/1/4
 description Unused GT Infrastructure
 switchport access vlan 999
 switchport mode access
 shutdown
 udld port aggressive
 spanning-tree portfast disable
!
interface TenGigabitEthernet1/1/1
 description Unused GT Infrastructure
 switchport access vlan 999
 switchport mode access
 shutdown
 udld port aggressive
 spanning-tree portfast disable
!
interface TenGigabitEthernet1/1/2
 description Unused GT Infrastructure
 switchport access vlan 999
 switchport mode access
 shutdown
 udld port aggressive
 spanning-tree portfast disable
!
interface TenGigabitEthernet1/1/3
 description Unused GT Infrastructure
 switchport access vlan 999
 switchport mode access
 shutdown
 udld port aggressive
 spanning-tree portfast disable
!
interface TenGigabitEthernet1/1/4
 description Unused GT Infrastructure
 switchport access vlan 999
 switchport mode access
 shutdown
 udld port aggressive
 spanning-tree portfast disable
!
interface Vlan1
 no ip address
 shutdown
!
interface Vlan300
 description tmxcrlast018-vl300-ap
 ip address 172.20.117.209 255.255.255.240
 no ip redirects
 no ip unreachables
 no ip proxy-arp
 ip pim sparse-mode
 arp timeout 1500
!
interface Vlan600
 description tmxcrlast018-vl600-voice
 ip address 11.178.79.129 255.255.255.128
 ip helper-address 130.170.159.119
 ip helper-address 164.56.5.103
 no ip redirects
 no ip unreachables
 no ip proxy-arp
 ip pim sparse-mode
 no snmp trap link-status
 arp timeout 1500
!
interface Vlan750
 description tmxcrlast018-vl750-gmol
 ip address 10.50.79.129 255.255.255.128
 ip helper-address 130.170.159.119
 ip helper-address 164.56.5.103
 no ip redirects
 no ip unreachables
 no ip proxy-arp
 ip pim sparse-mode
 no snmp trap link-status
 arp timeout 1500
!
interface Vlan762
 description gm-security-cameras
 ip vrf forwarding gm-security
 ip address 192.168.14.1 255.255.255.192
 no ip redirects
 no ip unreachables
 no ip proxy-arp
 no snmp trap link-status
 arp timeout 1500
!
interface Vlan900
 description tmxcrlast018-vl900-guest
 ip vrf forwarding gm-supplier
 ip address 26.50.79.129 255.255.255.128
 ip helper-address 144.72.254.55
 ip helper-address 144.72.254.59
 ip helper-address 10.194.60.165
 ip helper-address 10.194.60.166
 ip helper-address 10.194.60.37
 no ip redirects
 no ip unreachables
 no ip proxy-arp
 no snmp trap link-status
 arp timeout 1500
!
interface Vlan1526
 description tmxcrlcrt001-Twe1/0/14-PtoP
 ip address 10.50.120.53 255.255.255.254
 no ip redirects
 no ip unreachables
 no ip proxy-arp
 ip pim sparse-mode
 arp timeout 1500
!
interface Vlan1527
 description tmxcrlcrt002-Twe1/0/14-PtoP
 ip address 10.50.120.55 255.255.255.254
 no ip redirects
 no ip unreachables
 no ip proxy-arp
 ip pim sparse-mode
 arp timeout 1500
!
interface Vlan2146
 description gm-security-vrf-P2P-tmxcrlcrt001
 ip vrf forwarding gm-security
 ip address 192.168.251.53 255.255.255.254
 no ip redirects
 no ip unreachables
 no ip proxy-arp
 arp timeout 1500
!
interface Vlan2147
 description gm-security-vrf-P2P-tmxcrlcrt002
 ip vrf forwarding gm-security
 ip address 192.168.251.55 255.255.255.254
 no ip redirects
 no ip unreachables
 no ip proxy-arp
 arp timeout 1500
!
interface Vlan2526
 description VRF-tmxcrlcrt001-Twe1/0/14
 ip vrf forwarding gm-supplier
 ip address 26.50.120.53 255.255.255.254
 no ip redirects
 no ip unreachables
 no ip proxy-arp
 arp timeout 1500
!
interface Vlan2527
 description VRF-tmxcrlcrt002-Twe1/0/14
 ip vrf forwarding gm-supplier
 ip address 26.50.120.55 255.255.255.254
 no ip redirects
 no ip unreachables
 no ip proxy-arp
 arp timeout 1500
!
!
router eigrp 1293
 distribute-list 25 in Vlan1526
 distribute-list 25 in Vlan1527
 default-metric 10000 100 255 1 1500
 network 10.50.64.0 0.0.63.255
 network 11.178.64.0 0.0.63.255
 network 172.20.113.0 0.0.0.255
 network 172.20.117.0 0.0.0.255
 passive-interface default
 no passive-interface Vlan1526
 no passive-interface Vlan1527
 eigrp router-id 172.20.113.18
 eigrp stub connected
!
!
router eigrp 900
 !
 address-family ipv4 vrf gm-supplier 
  default-metric 10000 100 255 1 1500
  network 26.50.64.0 0.0.63.255
  passive-interface default
  no passive-interface Vlan2526
  no passive-interface Vlan2527
  distribute-list 25 in Vlan2526
  distribute-list 25 in Vlan2527
  autonomous-system 900
  eigrp router-id 26.50.121.18
  eigrp stub connected
 exit-address-family
!
!
router eigrp 762
 !
 address-family ipv4 vrf gm-security 
  network 192.168.0.0 0.0.255.255
  passive-interface default
  no passive-interface Vlan2146
  no passive-interface Vlan2147
  distribute-list 25 in Vlan2146
  distribute-list 25 in Vlan2147
  autonomous-system 762
  eigrp router-id 192.168.250.14
 exit-address-family
!
ip telnet source-interface Loopback0
ip forward-protocol nd
no ip forward-protocol udp tftp
no ip forward-protocol udp nameserver
no ip forward-protocol udp domain
no ip forward-protocol udp time
no ip forward-protocol udp netbios-ns
no ip forward-protocol udp netbios-dgm
no ip forward-protocol udp tacacs
ip pim autorp listener
no ip http server
ip http authentication local
no ip http secure-server
ip http client source-interface Loopback0
ip ftp source-interface Loopback0
ip tftp source-interface Loopback0
ip tacacs source-interface Loopback0 
ip ssh authentication-retries 5
ip ssh source-interface Loopback0
ip ssh version 2
!
!
!
ip radius source-interface Loopback0 
logging source-interface Loopback0
logging host 148.93.49.21 transport udp port 5012
logging host 130.172.129.8 transport udp port 5012
logging host 148.93.115.30 transport udp port 5400
logging host 130.172.83.30 transport udp port 5400
ip access-list standard 25
 10 permit 0.0.0.0
ip access-list standard 90
 130 remark IO TV NetFlow Collector (Singapore W2)
 130 permit 10.147.94.37
 10 remark GM monitor/manage center in Warren
 10 permit 148.93.48.0 0.0.1.255
 20 permit 148.93.50.0 0.0.0.255
 30 permit 148.93.144.0 0.0.1.255
 40 permit 148.93.146.0 0.0.1.255
 50 permit 148.93.148.0 0.0.1.255
 60 remark GM monitor/manage center in Milford
 60 permit 130.172.128.0 0.0.1.255
 70 permit 130.172.130.0 0.0.0.255
 80 permit 130.172.100.0 0.0.1.255
 90 permit 130.172.36.0 0.0.1.255
 100 permit 130.172.42.0 0.0.1.255
 110 remark Global Plant HP NNMi Servers
 110 permit 10.0.11.203 0.255.0.0
 120 permit 10.0.139.203 0.255.0.0
ip access-list standard 91
 10 remark GM monitor/manage center in Warren
 10 permit 148.93.49.0 0.0.0.255
 20 permit 148.93.144.0 0.0.1.255
 30 permit 148.93.146.0 0.0.1.255
 40 permit 148.93.148.0 0.0.1.255
 50 remark GM monitor/manage center in Milford
 50 permit 130.172.129.0 0.0.0.255
 60 permit 130.172.100.0 0.0.1.255
 70 permit 130.172.36.0 0.0.1.255
 80 permit 130.172.42.0 0.0.1.255
ip access-list standard 93
 60 permit 10.14.9.251
 10 remark version 1.0
 10 remark GM monitor/manage center in Warren
 10 permit 148.93.114.0 0.0.0.255
 20 permit 148.93.49.0 0.0.0.255
 30 permit 148.93.144.0 0.0.1.255
 40 permit 148.93.146.0 0.0.1.255
 50 permit 148.93.148.0 0.0.1.255
 70 permit 148.93.50.0 0.0.0.255
 80 remark GM monitor/manage center in Milford
 80 permit 130.172.119.0 0.0.0.255
 90 permit 130.172.129.0 0.0.0.255
 100 permit 130.172.100.0 0.0.1.255
 110 permit 130.172.36.0 0.0.1.255
 120 permit 130.172.42.0 0.0.1.255
 130 remark GM monitor/manage center in Singapore
 130 permit 10.147.62.128 0.0.0.127
 140 permit 10.147.52.128 0.0.0.127
!
snmp-server group network-operator v3 auth 
snmp-server community Zeta2008XT RW 91
snmp-server community Delta4123R RO 90
snmp-server trap-source Loopback0
snmp-server location NMXTMX | TOLUCA MEXICO | AV INDUSTRIAL MINERA 700 | 1 | WAREHOUSE | TC B6 AT N-6 | GM-LAN-GRP | CORP
snmp-server contact GM GTSC (855)780-1125
snmp-server system-shutdown
snmp-server enable traps snmp authentication linkdown linkup coldstart warmstart
snmp-server enable traps ospf state-change
snmp-server enable traps ospf errors
snmp-server enable traps ospf retransmit
snmp-server enable traps ospf cisco-specific state-change nssa-trans-change
snmp-server enable traps ospf cisco-specific state-change shamlink interface
snmp-server enable traps ospf cisco-specific state-change shamlink neighbor
snmp-server enable traps ospf cisco-specific errors
snmp-server enable traps ospf cisco-specific retransmit
snmp-server enable traps eigrp
snmp-server enable traps vtp
snmp-server enable traps vlancreate
snmp-server enable traps stackwise
snmp-server enable traps flash insertion removal lowspace
snmp-server enable traps entity
snmp-server enable traps envmon
snmp-server enable traps msdp
snmp-server enable traps pim neighbor-change rp-mapping-change invalid-pim-message
snmp-server enable traps config
snmp-server enable traps ipsla
snmp-server enable traps bgp state-changes updown-limited
snmp-server enable traps hsrp
snmp-server enable traps rf
snmp-server host 130.172.129.252 informs version 3 auth snmpv3user 
snmp-server host 148.93.49.56 informs version 3 auth snmpv3user 
snmp-server host 130.172.129.252 version 2c Trap41String 
snmp-server host 148.93.49.56 version 2c Trap41String 
snmp-server host 130.172.129.252 version 3 auth snmpv3user 
snmp-server host 148.93.49.56 version 3 auth snmpv3user 
snmp ifmib ifalias long
snmp ifmib ifindex persist
tacacs-server directed-request
tacacs server GM-DCW-1
 address ipv4 148.93.49.176
 key 7 012A07037A2A5758024A5E003B2406263E38232F3176046020052A23323711595659035B1D041F3F40716347790042256A202E5F7C2B0608146F2C1F3D307F46
tacacs server GM-DCM-1
 address ipv4 130.172.129.176
 key 7 012A07037A2A5758024A5E003B2406263E38232F3176046020052A23323711595659035B1D041F3F40716347790042256A202E5F7C2B0608146F2C1F3D307F46
tacacs server GM-DCW-2
 address ipv4 148.93.49.177
 key 7 012A07037A2A5758024A5E003B2406263E38232F3176046020052A23323711595659035B1D041F3F40716347790042256A202E5F7C2B0608146F2C1F3D307F46
tacacs server GM-DCM-2
 address ipv4 130.172.129.177
 key 7 012A07037A2A5758024A5E003B2406263E38232F3176046020052A23323711595659035B1D041F3F40716347790042256A202E5F7C2B0608146F2C1F3D307F46
!
!
radius-server attribute 6 on-for-login-auth
radius-server attribute 8 include-in-access-req
radius-server attribute 25 access-request include
radius-server retry method reorder
!
radius server DCWRadius1
 address ipv4 10.122.174.132 auth-port 1812 acct-port 1813
 key 7 142613275B5C7E203C3D20633A192C22532A7257567C5357541D20680965655E73
!
radius server DCMRadius2
 address ipv4 10.123.174.36 auth-port 1812 acct-port 1813
 key 7 142613275B5C7E203C3D20633A192C22532A7257567C5357541D20680965655E73
!
radius server DCWRadius3
 address ipv4 10.122.174.133 auth-port 1812 acct-port 1813
 key 7 142613275B5C7E203C3D20633A192C22532A7257567C5357541D20680965655E73
!
radius server DCMRadius4
 address ipv4 10.123.174.37 auth-port 1812 acct-port 1813
 key 7 142613275B5C7E203C3D20633A192C22532A7257567C5357541D20680965655E73
!
!
!
control-plane
 service-policy input system-cpp-policy
!
banner login ^C
********************************************************************
Use of this system is restricted to authorized users. User activity
is monitored and recorded by system personnel. Anyone using this
system expressly consents to such monitoring and recording. BE
ADVISED: if possible criminal activity is detected, system records,
along with certain personal information, may be provided to law
enforcement officials.
(Rev G5.34 ) Requires AS_Zid account
$(hostname)
********************************************************************
^C
!
line con 0
 session-timeout 15 
 exec-timeout 30 0
 password 7 08396F654C0B31003C380D5D2111362537
 stopbits 1
line aux 0
 session-timeout 15 
 exec-timeout 15 0
 password 7 00233E57144E090A0622
 no exec
 stopbits 1
line vty 0 4
 session-timeout 15 
 access-class 93 in vrf-also
 exec-timeout 30 0
 password 7 08396F654C0B31003C380D5D2111362537
 transport input ssh
line vty 5 15
 session-timeout 15 
 access-class 93 in vrf-also
 exec-timeout 30 0
 password 7 08396F654C0B31003C380D5D2111362537
 transport input ssh
!
ntp source Loopback0
ntp server 10.68.65.96
ntp server 130.173.33.162
ntp server 164.56.50.7
!
mac address-table aging-time 1800
!
!
!
!
!
end

tmxcrlast018#!