
tmxcrlasw201#!

tmxcrlasw201#term len 0

tmxcrlasw201#!

tmxcrlasw201#show boot
---------------------------
Switch 1
---------------------------
Current Boot Variables:
BOOT variable does not exist

Boot Variables on next reload:
BOOT variable = flash:packages.conf
Manual Boot = no
Enable Break = no
Boot Mode = DEVICE
iPXE Timeout = 0
tmxcrlasw201#!

tmxcrlasw201#show version
Cisco IOS XE Software, Version 16.12.05b
Cisco IOS Software [Gibraltar], Catalyst L3 Switch Software (CAT9K_IOSXE), Version 16.12.5b, RELEASE SOFTWARE (fc3)
Technical Support: http://www.cisco.com/techsupport
Copyright (c) 1986-2021 by Cisco Systems, Inc.
Compiled Thu 25-Mar-21 13:21 by mcpre


Cisco IOS-XE software, Copyright (c) 2005-2021 by cisco Systems, Inc.
All rights reserved.  Certain components of Cisco IOS-XE software are
licensed under the GNU General Public License ("GPL") Version 2.0.  The
software code licensed under GPL Version 2.0 is free software that comes
with ABSOLUTELY NO WARRANTY.  You can redistribute and/or modify such
GPL code under the terms of GPL Version 2.0.  For more details, see the
documentation or "License Notice" file accompanying the IOS-XE software,
or the applicable URL provided on the flyer accompanying the IOS-XE
software.


ROM: IOS-XE ROMMON
BOOTLDR: System Bootstrap, Version 16.12.2r, RELEASE SOFTWARE (P)

tmxcrlasw201 uptime is 38 weeks, 4 days, 23 hours, 53 minutes
Uptime for this control processor is 38 weeks, 4 days, 23 hours, 54 minutes
System returned to ROM by PowerOn
System restarted at 16:02:33 UTC Sat Jul 9 2022
System image file is "flash:packages.conf"
Last reload reason: PowerOn



This product contains cryptographic features and is subject to United
States and local country laws governing import, export, transfer and
use. Delivery of Cisco cryptographic products does not imply
third-party authority to import, export, distribute or use encryption.
Importers, exporters, distributors and users are responsible for
compliance with U.S. and local country laws. By using this product you
agree to comply with applicable laws and regulations. If you are unable
to comply with U.S. and local laws, return this product immediately.

A summary of U.S. laws governing Cisco cryptographic products may be found at:
http://www.cisco.com/wwl/export/crypto/tool/stqrg.html

If you require further assistance please contact us by sending email to
export@cisco.com.


Technology Package License Information: 

------------------------------------------------------------------------------
Technology-package                                     Technology-package
Current                        Type                       Next reboot  
------------------------------------------------------------------------------
network-advantage   	Smart License                 	 network-advantage   
dna-advantage       	Subscription Smart License    	 dna-advantage                 
AIR License Level: AIR DNA Advantage
Next reload AIR license Level: AIR DNA Advantage


Smart Licensing Status: REGISTERED/AUTHORIZED

cisco C9300-48UXM (X86) processor with 1343489K/6147K bytes of memory.
Processor board ID FJC24431P88
2 Virtual Ethernet interfaces
4 Gigabit Ethernet interfaces
36 2.5 Gigabit Ethernet interfaces
20 Ten Gigabit Ethernet interfaces
2 TwentyFive Gigabit Ethernet interfaces
2 Forty Gigabit Ethernet interfaces
2048K bytes of non-volatile configuration memory.
8388608K bytes of physical memory.
1638400K bytes of Crash Files at crashinfo:.
11264000K bytes of Flash at flash:.
0K bytes of WebUI ODM Files at webui:.

Base Ethernet MAC Address          : 40:f0:78:1b:b5:00
Motherboard Assembly Number        : 73-18277-05
Motherboard Serial Number          : FJZ24430F7S
Model Revision Number              : A0
Motherboard Revision Number        : A0
Model Number                       : C9300-48UXM
System Serial Number               : FJC24431P88


Switch Ports Model              SW Version        SW Image              Mode   
------ ----- -----              ----------        ----------            ----   
*    1 65    C9300-48UXM        16.12.05b         CAT9K_IOSXE           INSTALL


Configuration register is 0x102

tmxcrlasw201#!

tmxcrlasw201#show clock
15:56:00.458 UTC Thu Apr 6 2023
tmxcrlasw201#!

tmxcrlasw201#show ntp status
Clock is synchronized, stratum 4, reference is 164.56.50.7    
nominal freq is 250.0000 Hz, actual freq is 249.9982 Hz, precision is 2**10
ntp uptime is 2332588500 (1/100 of seconds), resolution is 4016
reference time is E7D9670D.33F7CF68 (15:43:09.203 UTC Thu Apr 6 2023)
clock offset is -3.4863 msec, root delay is 63.26 msec
root dispersion is 23.51 msec, peer dispersion is 1.13 msec
loopfilter state is 'CTRL' (Normal Controlled Loop), drift is 0.000007064 s/s
system poll interval is 1024, last update was 772 sec ago.
tmxcrlasw201#!

tmxcrlasw201#show spanning-tree | include VLAN|this bridge
VLAN0105
VLAN0218
VLAN0401
VLAN0500
VLAN0800
tmxcrlasw201#!

tmxcrlasw201#show ip interface brief | exclude unassigned
Interface              IP-Address      OK? Method Status                Protocol
Vlan800                172.20.113.201  YES NVRAM  up                    up      
tmxcrlasw201#!

tmxcrlasw201#show interface counters errors

Port           Align-Err     FCS-Err    Xmit-Err     Rcv-Err  UnderSize  OutDiscards 
Tw1/0/1                0           0           0           0          0            0 
Tw1/0/2                0           0           0           0          0            0 
Tw1/0/3                0          45           0          52          0            0 
Tw1/0/4                0           0           0           0          0            0 
Tw1/0/5                0           0           0           0          0            0 
Tw1/0/6                0           8           0           8          0            0 
Tw1/0/7                0           1           0           1          0          172 
Tw1/0/8                0           0           0           0          0            0 
Tw1/0/9                0           0           0           0          0            0 
Tw1/0/10               0           0           0           0          0            0 
Tw1/0/11               0           0           0           0          0           84 
Tw1/0/12               0           0           0           0          0            0 
Tw1/0/13               0           0           0           0          0            0 
Tw1/0/14               0           0           0           0          0            0 
Tw1/0/15               0           0           0           0          0            0 
Tw1/0/16               0           0           0           0          0            0 
Tw1/0/17               0           0           0           0          0            0 
Tw1/0/18               0           0           0           0          0            0 
Tw1/0/19               0           0           0           0          0            0 
Tw1/0/20               0           0           0           0          0            0 
Tw1/0/21               0           0           0           0          0            0 
Tw1/0/22               0           0           0           0          0            0 
Tw1/0/23               0           0           0           0          0            0 
Tw1/0/24               0           0           0           0          0            0 
Tw1/0/25               0           0           0           0          0            0 
Tw1/0/26               0           0           0           0          0            0 
Tw1/0/27               0           0           0           0          0            0 
Tw1/0/28               0           0           0           0          0            0 
Tw1/0/29               0           0           0           0          0            0 
Tw1/0/30               0           0           0           0          0            0 
Tw1/0/31               0           0           0           0          0            0 
Tw1/0/32               0           0           0           0          0            0 
Tw1/0/33               0           0           0           0          0            0 
Tw1/0/34               0           0           0           0          0            0 
Tw1/0/35               0           0           0           0          0            0 
Tw1/0/36               0           0           0           0          0            0 
Te1/0/37               0           0           0           0          0            0 
Te1/0/38               0           0           0           0          0            0 
Te1/0/39               0           0           0           0          0            0 
Te1/0/40               0           0           0           0          0            0 
Te1/0/41               0           0           0           0          0            0 
Te1/0/42               0           0           0           0          0            0 
Te1/0/43               0           0           0           0          0            0 
Te1/0/44               0           0           0           0          0            0 
Te1/0/45               0           0           0           0          0            0 
Te1/0/46               0           0           0           0          0            0 
Te1/0/47               0           0           0           0          0            0 
Te1/0/48               0           0           0           0          0            0 
Twe1/1/1               0           0           0           0          0            0 
Twe1/1/2               0           0           0           0          0            0 
Ap1/0/1                0           0           0           0          0            0 
Po20                   0           0           0           0          0            0 
Po55                   0           0           0           0          0            0 
Po56                   0           0           0           0          0            0 

Port         Single-Col  Multi-Col   Late-Col  Excess-Col  Carri-Sen      Runts 
Tw1/0/1               0          0          0           0          0          0 
Tw1/0/2               0          0          0           0          0          0 
Tw1/0/3               0          0          0           0          0          0 
Tw1/0/4               0          0          0           0          0          0 
Tw1/0/5               0          0          0           0          0          0 
Tw1/0/6               0          0          0           0          0          0 
Tw1/0/7               0          0          0           0          0          0 
Tw1/0/8               0          0          0           0          0          0 
Tw1/0/9               0          0          0           0          0          0 
Tw1/0/10              0          0          0           0          0          0 
Tw1/0/11              0          0          0           0          0          0 
Tw1/0/12              0          0          0           0          0          0 
Tw1/0/13              0          0          0           0          0          0 
Tw1/0/14              0          0          0           0          0          0 
Tw1/0/15              0          0          0           0          0          0 
Tw1/0/16              0          0          0           0          0          0 
Tw1/0/17              0          0          0           0          0          0 
Tw1/0/18              0          0          0           0          0          0 
Tw1/0/19              0          0          0           0          0          0 
Tw1/0/20              0          0          0           0          0          0 
Tw1/0/21              0          0          0           0          0          0 
Tw1/0/22              0          0          0           0          0          0 
Tw1/0/23              0          0          0           0          0          0 
Tw1/0/24              0          0          0           0          0          0 
Tw1/0/25              0          0          0           0          0          0 
Tw1/0/26              0          0          0           0          0          0 
Tw1/0/27              0          0          0           0          0          0 
Tw1/0/28              0          0          0           0          0          0 
Tw1/0/29              0          0          0           0          0          0 
Tw1/0/30              0          0          0           0          0          0 
Tw1/0/31              0          0          0           0          0          0 
Tw1/0/32              0          0          0           0          0          0 
Tw1/0/33              0          0          0           0          0          0 
Tw1/0/34              0          0          0           0          0          0 
Tw1/0/35              0          0          0           0          0          0 
Tw1/0/36              0          0          0           0          0          0 
Te1/0/37              0          0          0           0          0          0 
Te1/0/38              0          0          0           0          0          0 
Te1/0/39              0          0          0           0          0          0 
Te1/0/40              0          0          0           0          0          0 
Te1/0/41              0          0          0           0          0          0 
Te1/0/42              0          0          0           0          0          0 
Te1/0/43              0          0          0           0          0          0 
Te1/0/44              0          0          0           0          0          0 
Te1/0/45              0          0          0           0          0          0 
Te1/0/46              0          0          0           0          0          0 
Te1/0/47              0          0          0           0          0          0 
Te1/0/48              0          0          0           0          0          0 
Twe1/1/1              0          0          0           0          0          0 
Twe1/1/2              0          0          0           0          0          0 
Ap1/0/1               0          0          0           0          0          0 
Po20                  0          0          0           0          0          0 
Po55                  0          0          0           0          0          0 
Po56                  0          0          0           0          0          0 
tmxcrlasw201#!

tmxcrlasw201#show ip route static
Codes: L - local, C - connected, S - static, R - RIP, M - mobile, B - BGP
       D - EIGRP, EX - EIGRP external, O - OSPF, IA - OSPF inter area 
       N1 - OSPF NSSA external type 1, N2 - OSPF NSSA external type 2
       E1 - OSPF external type 1, E2 - OSPF external type 2, m - OMP
       n - NAT, Ni - NAT inside, No - NAT outside, Nd - NAT DIA
       i - IS-IS, su - IS-IS summary, L1 - IS-IS level-1, L2 - IS-IS level-2
       ia - IS-IS inter area, * - candidate default, U - per-user static route
       H - NHRP, G - NHRP registered, g - NHRP registration summary
       o - ODR, P - periodic downloaded static route, l - LISP
       a - application route
       + - replicated route, % - next hop override, p - overrides from PfR

Gateway of last resort is 172.20.113.193 to network 0.0.0.0

S*    0.0.0.0/0 [1/0] via 172.20.113.193
tmxcrlasw201#!

tmxcrlasw201#show ip eigrp interface

tmxcrlasw201#!

tmxcrlasw201#show standby brief

tmxcrlasw201#!

tmxcrlasw201#show cdp neighbor
Capability Codes: R - Router, T - Trans Bridge, B - Source Route Bridge
                  S - Switch, H - Host, I - IGMP, r - Repeater, P - Phone, 
                  D - Remote, C - CVTA, M - Two-port Mac Relay 

Device ID        Local Intrfce     Holdtme    Capability  Platform  Port ID
tolipstnap001-02 Two 1/0/6         145               H    FAS8200   e0M
tolipstnap001-01 Two 1/0/4         141               H    FAS8200   e0d
tolipstnap001-01 Two 1/0/5         141               H    FAS8200   e0c
tmxcrlcrt001-01-X9.tmx.nam.gm.com
                 Twe 1/1/1         120             R S I  C9500-48Y Twe 2/0/1
tmxcrlcrt002-01-Y9.tmx.nam.gm.com
                 Twe 1/1/2         159             R S I  C9500-48Y Twe 2/0/1

Total cdp entries displayed : 5
tmxcrlasw201#!

tmxcrlasw201#show lldp neighbor
Capability codes:
    (R) Router, (B) Bridge, (T) Telephone, (C) DOCSIS Cable Device
    (W) WLAN Access Point, (P) Repeater, (S) Station, (O) Other

Device ID           Local Intf     Hold-time  Capability      Port ID
tmxcrlcrt002-01-Y9.tTwe1/1/2       120        B,R             Twe2/0/1
tmxcrlcrt001-01-X9.tTwe1/1/1       120        B,R             Twe2/0/1
b496.91f4.2844      Tw1/0/20       121                        b496.91f4.2844
b496.91f4.2a54      Tw1/0/19       121                        b496.91f4.2a54

Total entries displayed: 4

tmxcrlasw201#!

tmxcrlasw201#show vlan

VLAN Name                             Status    Ports
---- -------------------------------- --------- -------------------------------
1    default                          active    Ap1/0/1
105  Server-BuR                       active    
218  Server_Mgmt                      active    Tw1/0/1, Tw1/0/2, Tw1/0/3, Tw1/0/6, Tw1/0/12, Tw1/0/14, Tw1/0/16, Tw1/0/17
401  Iman_Engineering                 active    Tw1/0/8, Tw1/0/10, Tw1/0/11, Tw1/0/13, Tw1/0/18, Tw1/0/19, Tw1/0/20, Tw1/0/21
500  NMXTMX;VL500;TOLUCA_PDC          active    Tw1/0/7, Tw1/0/9, Tw1/0/15
800  Multi_TC_L2_Switch_Mgt_VLAN      active    
999  Unused_ports                     active    Tw1/0/22, Tw1/0/23, Tw1/0/24, Tw1/0/25, Tw1/0/26, Tw1/0/27, Tw1/0/28, Tw1/0/29, Tw1/0/30, Tw1/0/31, Tw1/0/32, Tw1/0/33, Tw1/0/34, Tw1/0/35, Tw1/0/36, Te1/0/37, Te1/0/38, Te1/0/39, Te1/0/40, Te1/0/41, Te1/0/42, Te1/0/43, Te1/0/44, Te1/0/45, Te1/0/46, Te1/0/47, Te1/0/48
1002 fddi-default                     act/unsup 
1003 token-ring-default               act/unsup 
1004 fddinet-default                  act/unsup 
1005 trnet-default                    act/unsup 

VLAN Type  SAID       MTU   Parent RingNo BridgeNo Stp  BrdgMode Trans1 Trans2
---- ----- ---------- ----- ------ ------ -------- ---- -------- ------ ------
1    enet  100001     1500  -      -      -        -    -        0      0   
105  enet  100105     1500  -      -      -        -    -        0      0   
218  enet  100218     1500  -      -      -        -    -        0      0   
401  enet  100401     1500  -      -      -        -    -        0      0   
500  enet  100500     1500  -      -      -        -    -        0      0   
800  enet  100800     1500  -      -      -        -    -        0      0   
999  enet  100999     1500  -      -      -        -    -        0      0   
1002 fddi  101002     1500  -      -      -        -    -        0      0   
1003 tr    101003     1500  -      -      -        -    -        0      0   
1004 fdnet 101004     1500  -      -      -        ieee -        0      0   
1005 trnet 101005     1500  -      -      -        ibm  -        0      0   

Remote SPAN VLANs
------------------------------------------------------------------------------


Primary Secondary Type              Ports
------- --------- ----------------- ------------------------------------------

tmxcrlasw201#!

tmxcrlasw201#sh int status

Port         Name               Status       Vlan       Duplex  Speed Type
Tw1/0/1      UPS-Monitoring01   connected    218        a-full  a-100 100/1000/2.5GBaseTX
Tw1/0/2      mxtoltcahpihs03-iD connected    218        a-full a-1000 100/1000/2.5GBaseTX
Tw1/0/3      tolipstsan001-ilo  connected    218        a-full  a-100 100/1000/2.5GBaseTX
Tw1/0/4      Netapp-Secondary   connected    trunk      a-full   1000 100/1000/2.5GBaseTX
Tw1/0/5      Netapp-Secondary   connected    trunk      a-full   1000 100/1000/2.5GBaseTX
Tw1/0/6      tolipstnap001-01-e connected    218        a-full  a-100 100/1000/2.5GBaseTX
Tw1/0/7      TOLIPPAGMND01-Pri  connected    500        a-full a-1000 100/1000/2.5GBaseTX
Tw1/0/8      TMXIPSTCS0001-eth3 connected    401        a-full a-1000 100/1000/2.5GBaseTX
Tw1/0/9      TOLIPEXGMO001-Prim notconnect   500          auto   auto 100/1000/2.5GBaseTX
Tw1/0/10     TMXIPSTSAN001-mgmt connected    401        a-full a-1000 100/1000/2.5GBaseTX
Tw1/0/11     tolipstsan001-Mgt  connected    401        a-full  a-100 100/1000/2.5GBaseTX
Tw1/0/12     link_tmxptnmts001- connected    218        a-full a-1000 100/1000/2.5GBaseTX
Tw1/0/13     MXTMXBRSHPIBR01-S  notconnect   401          auto   auto 100/1000/2.5GBaseTX
Tw1/0/14     link-to-tmxptsbc01 connected    218        a-full a-1000 100/1000/2.5GBaseTX
Tw1/0/15     tolipphsad001      connected    500        a-full a-1000 100/1000/2.5GBaseTX
Tw1/0/16     link_tmxptflvn001  connected    218        a-full a-1000 100/1000/2.5GBaseTX
Tw1/0/17     PriSecureLogix-iDR connected    218        a-full a-1000 100/1000/2.5GBaseTX
Tw1/0/18     tmxipphacc01-pri   notconnect   401          auto   auto 100/1000/2.5GBaseTX
Tw1/0/19     tmxipphacc02-pri   connected    401        a-full a-1000 100/1000/2.5GBaseTX
Tw1/0/20     tmxipphacc03-pri   connected    401        a-full a-1000 100/1000/2.5GBaseTX
Tw1/0/21     tmxipphacc04-pri   connected    401        a-full a-1000 100/1000/2.5GBaseTX
Tw1/0/22     available GT Infra disabled     999          auto   auto 100/1000/2.5GBaseTX
Tw1/0/23     available GT Infra disabled     999          auto   auto 100/1000/2.5GBaseTX
Tw1/0/24     available GT Infra disabled     999          auto   auto 100/1000/2.5GBaseTX
Tw1/0/25     available GT Infra disabled     999          auto   auto 100/1000/2.5GBaseTX
Tw1/0/26     available GT Infra disabled     999          auto   auto 100/1000/2.5GBaseTX
Tw1/0/27     available GT Infra disabled     999          auto   auto 100/1000/2.5GBaseTX
Tw1/0/28     available GT Infra disabled     999          auto   auto 100/1000/2.5GBaseTX
Tw1/0/29     available GT Infra disabled     999          auto   auto 100/1000/2.5GBaseTX
Tw1/0/30     available GT Infra disabled     999          auto   auto 100/1000/2.5GBaseTX
Tw1/0/31     available GT Infra disabled     999          auto   auto 100/1000/2.5GBaseTX
Tw1/0/32     available GT Infra disabled     999          auto   auto 100/1000/2.5GBaseTX
Tw1/0/33     available GT Infra disabled     999          auto   auto 100/1000/2.5GBaseTX
Tw1/0/34     available GT Infra disabled     999          auto   auto 100/1000/2.5GBaseTX
Tw1/0/35     available GT Infra disabled     999          auto   auto 100/1000/2.5GBaseTX
Tw1/0/36     available GT Infra disabled     999          auto   auto 100/1000/2.5GBaseTX
Te1/0/37     available GT Infra disabled     999          auto   auto 100/1000/2.5G/5G/10GBaseTX
Te1/0/38     available GT Infra disabled     999          auto   auto 100/1000/2.5G/5G/10GBaseTX
Te1/0/39     available GT Infra disabled     999          auto   auto 100/1000/2.5G/5G/10GBaseTX
Te1/0/40     available GT Infra disabled     999          auto   auto 100/1000/2.5G/5G/10GBaseTX
Te1/0/41     available GT Infra disabled     999          auto   auto 100/1000/2.5G/5G/10GBaseTX
Te1/0/42     available GT Infra disabled     999          auto   auto 100/1000/2.5G/5G/10GBaseTX
Te1/0/43     available GT Infra disabled     999          auto   auto 100/1000/2.5G/5G/10GBaseTX
Te1/0/44     available GT Infra disabled     999          auto   auto 100/1000/2.5G/5G/10GBaseTX
Te1/0/45     available GT Infra disabled     999          auto   auto 100/1000/2.5G/5G/10GBaseTX
Te1/0/46     available GT Infra disabled     999          auto   auto 100/1000/2.5G/5G/10GBaseTX
Te1/0/47     available GT Infra disabled     999          auto   auto 100/1000/2.5G/5G/10GBaseTX
Te1/0/48     available GT Infra disabled     999          auto   auto 100/1000/2.5G/5G/10GBaseTX
Twe1/1/1     link-tmxcrlcrt001- connected    trunk        full    25G SFP-25GBase-AOC1M
Twe1/1/2     link-tmxcrlcrt002- connected    trunk        full    25G SFP-10/25GBase-CSR
Ap1/0/1      Unused GT Infrastr disabled     1            auto   auto App-hosting port
Po20         Netapp             connected    trunk      a-full   1000 N/A
Po55         link-tmxcrlcrt001- connected    trunk      a-full    25G N/A
Po56         link-tmxcrlcrt002- connected    trunk      a-full    25G N/A
tmxcrlasw201#!

tmxcrlasw201#show interface trunk

Port        Mode             Encapsulation  Status        Native vlan  
Po20        on               802.1q         trunking      999
Po55        on               802.1q         trunking      1
Po56        on               802.1q         trunking      1

Port        Vlans allowed on trunk
Po20        105,218,401
Po55        105,218,401,500,800
Po56        105,218,401,500,800

Port        Vlans allowed and active in management domain
Po20        105,218,401
Po55        105,218,401,500,800
Po56        105,218,401,500,800

Port        Vlans in spanning tree forwarding state and not pruned
Po20        105,218,401
Po55        105,218,401,500,800
Po56        105,218,401,500,800
tmxcrlasw201#!

tmxcrlasw201#show interface status | inc connected
Tw1/0/1      UPS-Monitoring01   connected    218        a-full  a-100 100/1000/2.5GBaseTX
Tw1/0/2      mxtoltcahpihs03-iD connected    218        a-full a-1000 100/1000/2.5GBaseTX
Tw1/0/3      tolipstsan001-ilo  connected    218        a-full  a-100 100/1000/2.5GBaseTX
Tw1/0/4      Netapp-Secondary   connected    trunk      a-full   1000 100/1000/2.5GBaseTX
Tw1/0/5      Netapp-Secondary   connected    trunk      a-full   1000 100/1000/2.5GBaseTX
Tw1/0/6      tolipstnap001-01-e connected    218        a-full  a-100 100/1000/2.5GBaseTX
Tw1/0/7      TOLIPPAGMND01-Pri  connected    500        a-full a-1000 100/1000/2.5GBaseTX
Tw1/0/8      TMXIPSTCS0001-eth3 connected    401        a-full a-1000 100/1000/2.5GBaseTX
Tw1/0/10     TMXIPSTSAN001-mgmt connected    401        a-full a-1000 100/1000/2.5GBaseTX
Tw1/0/11     tolipstsan001-Mgt  connected    401        a-full  a-100 100/1000/2.5GBaseTX
Tw1/0/12     link_tmxptnmts001- connected    218        a-full a-1000 100/1000/2.5GBaseTX
Tw1/0/14     link-to-tmxptsbc01 connected    218        a-full a-1000 100/1000/2.5GBaseTX
Tw1/0/15     tolipphsad001      connected    500        a-full a-1000 100/1000/2.5GBaseTX
Tw1/0/16     link_tmxptflvn001  connected    218        a-full a-1000 100/1000/2.5GBaseTX
Tw1/0/17     PriSecureLogix-iDR connected    218        a-full a-1000 100/1000/2.5GBaseTX
Tw1/0/19     tmxipphacc02-pri   connected    401        a-full a-1000 100/1000/2.5GBaseTX
Tw1/0/20     tmxipphacc03-pri   connected    401        a-full a-1000 100/1000/2.5GBaseTX
Tw1/0/21     tmxipphacc04-pri   connected    401        a-full a-1000 100/1000/2.5GBaseTX
Twe1/1/1     link-tmxcrlcrt001- connected    trunk        full    25G SFP-25GBase-AOC1M
Twe1/1/2     link-tmxcrlcrt002- connected    trunk        full    25G SFP-10/25GBase-CSR
Po20         Netapp             connected    trunk      a-full   1000 N/A
Po55         link-tmxcrlcrt001- connected    trunk      a-full    25G N/A
Po56         link-tmxcrlcrt002- connected    trunk      a-full    25G N/A
tmxcrlasw201#!

tmxcrlasw201#show power inline

Module   Available     Used     Remaining
          (Watts)     (Watts)    (Watts) 
------   ---------   --------   ---------
1          1625.0        0.0      1625.0
Interface Admin  Oper       Power   Device              Class Max
                            (Watts)                            
--------- ------ ---------- ------- ------------------- ----- ----
Tw1/0/1   auto   off        0.0     n/a                 n/a   60.0 
Tw1/0/2   auto   off        0.0     n/a                 n/a   60.0 
Tw1/0/3   auto   off        0.0     n/a                 n/a   60.0 
Tw1/0/4   auto   off        0.0     n/a                 n/a   60.0 
Tw1/0/5   auto   off        0.0     n/a                 n/a   60.0 
Tw1/0/6   auto   off        0.0     n/a                 n/a   60.0 
Tw1/0/7   auto   off        0.0     n/a                 n/a   60.0 
Tw1/0/8   auto   off        0.0     n/a                 n/a   60.0 
Tw1/0/9   auto   off        0.0     n/a                 n/a   60.0 
Tw1/0/10  auto   off        0.0     n/a                 n/a   60.0 
Tw1/0/11  auto   off        0.0     n/a                 n/a   60.0 
Tw1/0/12  auto   off        0.0     n/a                 n/a   60.0 
Tw1/0/13  auto   off        0.0     n/a                 n/a   60.0 
Tw1/0/14  auto   off        0.0     n/a                 n/a   60.0 
Tw1/0/15  auto   off        0.0     n/a                 n/a   60.0 
Tw1/0/16  auto   off        0.0     n/a                 n/a   60.0 
Tw1/0/17  auto   off        0.0     n/a                 n/a   60.0 
Tw1/0/18  auto   off        0.0     n/a                 n/a   60.0 
Tw1/0/19  auto   off        0.0     n/a                 n/a   60.0 
Tw1/0/20  auto   off        0.0     n/a                 n/a   60.0 
Tw1/0/21  auto   off        0.0     n/a                 n/a   60.0 
Tw1/0/22  auto   off        0.0     n/a                 n/a   60.0 
Tw1/0/23  auto   off        0.0     n/a                 n/a   60.0 
Tw1/0/24  auto   off        0.0     n/a                 n/a   60.0 
Tw1/0/25  auto   off        0.0     n/a                 n/a   60.0 
Tw1/0/26  auto   off        0.0     n/a                 n/a   60.0 
Tw1/0/27  auto   off        0.0     n/a                 n/a   60.0 
Tw1/0/28  auto   off        0.0     n/a                 n/a   60.0 
Tw1/0/29  auto   off        0.0     n/a                 n/a   60.0 
Tw1/0/30  auto   off        0.0     n/a                 n/a   60.0 
Tw1/0/31  auto   off        0.0     n/a                 n/a   60.0 
Tw1/0/32  auto   off        0.0     n/a                 n/a   60.0 
Tw1/0/33  auto   off        0.0     n/a                 n/a   60.0 
Tw1/0/34  auto   off        0.0     n/a                 n/a   60.0 
Tw1/0/35  auto   off        0.0     n/a                 n/a   60.0 
Tw1/0/36  auto   off        0.0     n/a                 n/a   60.0 
Te1/0/37  auto   off        0.0     n/a                 n/a   60.0 
Te1/0/38  auto   off        0.0     n/a                 n/a   60.0 
Te1/0/39  auto   off        0.0     n/a                 n/a   60.0 
Te1/0/40  auto   off        0.0     n/a                 n/a   60.0 
Te1/0/41  auto   off        0.0     n/a                 n/a   60.0 
Te1/0/42  auto   off        0.0     n/a                 n/a   60.0 
Te1/0/43  auto   off        0.0     n/a                 n/a   60.0 
Te1/0/44  auto   off        0.0     n/a                 n/a   60.0 
Te1/0/45  auto   off        0.0     n/a                 n/a   60.0 
Te1/0/46  auto   off        0.0     n/a                 n/a   60.0 
Te1/0/47  auto   off        0.0     n/a                 n/a   60.0 
Te1/0/48  auto   off        0.0     n/a                 n/a   60.0 
tmxcrlasw201#!

tmxcrlasw201#show interfaces | include Vlan
Vlan1 is administratively down, line protocol is down , Autostate Enabled
Vlan800 is up, line protocol is up , Autostate Enabled
tmxcrlasw201#!

tmxcrlasw201#show mac address-table
          Mac Address Table
-------------------------------------------

Vlan    Mac Address       Type        Ports
----    -----------       --------    -----
 All    0100.0ccc.cccc    STATIC      CPU
 All    0100.0ccc.cccd    STATIC      CPU
 All    0180.c200.0000    STATIC      CPU
 All    0180.c200.0001    STATIC      CPU
 All    0180.c200.0002    STATIC      CPU
 All    0180.c200.0003    STATIC      CPU
 All    0180.c200.0004    STATIC      CPU
 All    0180.c200.0005    STATIC      CPU
 All    0180.c200.0006    STATIC      CPU
 All    0180.c200.0007    STATIC      CPU
 All    0180.c200.0008    STATIC      CPU
 All    0180.c200.0009    STATIC      CPU
 All    0180.c200.000a    STATIC      CPU
 All    0180.c200.000b    STATIC      CPU
 All    0180.c200.000c    STATIC      CPU
 All    0180.c200.000d    STATIC      CPU
 All    0180.c200.000e    STATIC      CPU
 All    0180.c200.000f    STATIC      CPU
 All    0180.c200.0010    STATIC      CPU
 All    0180.c200.0021    STATIC      CPU
 All    ffff.ffff.ffff    STATIC      CPU
 800    0000.0c07.ac02    DYNAMIC     Po56
 800    38ed.1866.1740    DYNAMIC     Po55
 800    40f0.781b.b552    STATIC      Vl800 
 800    549f.c6f4.8fbf    DYNAMIC     Po55
 800    b07d.47e1.1ec0    DYNAMIC     Po55
 800    b0c5.3c3d.e480    DYNAMIC     Po55
 800    b0c5.3c3e.04ff    DYNAMIC     Po56
 800    bcc4.93b3.43c0    DYNAMIC     Po55
 800    dceb.942e.20c0    DYNAMIC     Po55
 800    dceb.942e.4dc0    DYNAMIC     Po55
 800    dceb.942e.bec0    DYNAMIC     Po55
 800    ecce.1333.1d80    DYNAMIC     Po55
 800    ecce.1339.93d2    DYNAMIC     Po55
 800    ecce.1366.7bd2    DYNAMIC     Po55
 105    0000.0c07.ac01    DYNAMIC     Po55
 105    549f.c6f4.8fbf    DYNAMIC     Po55
 105    b0c5.3c3e.03c1    DYNAMIC     Po55
 105    b0c5.3c3e.04ff    DYNAMIC     Po55
 105    d239.ea22.7707    DYNAMIC     Po20
 105    d239.ea22.9f27    DYNAMIC     Po55
 218    0000.0c07.ac02    DYNAMIC     Po56
 218    0008.2529.4290    DYNAMIC     Tw1/0/14
 218    0013.c608.b25e    DYNAMIC     Tw1/0/12
 218    0050.5667.dfe2    DYNAMIC     Po56
 218    00e0.d816.5734    DYNAMIC     Po56
 218    00e0.d816.5739    DYNAMIC     Tw1/0/1
 218    2cea.7f6d.5334    DYNAMIC     Tw1/0/3
 218    549f.c6f4.8fbf    DYNAMIC     Po56
 218    549f.c6f4.a641    DYNAMIC     Po56
 218    70b5.e8e1.a9fe    DYNAMIC     Tw1/0/2
 218    70b5.e8e1.aabe    DYNAMIC     Po56
 218    7486.e2b1.8b20    DYNAMIC     Tw1/0/16
 218    7486.e2b1.8b21    DYNAMIC     Tw1/0/16
 218    b0c5.3c3e.04ff    DYNAMIC     Po56
 218    b4b5.2fee.03ce    DYNAMIC     Po56
 218    bc97.e172.bcf0    DYNAMIC     Po56
 218    c84b.d682.c04e    DYNAMIC     Tw1/0/17
 218    c84b.d682.c0a8    DYNAMIC     Po56
 218    cc48.3a1b.b80a    DYNAMIC     Po56
 218    d039.ea22.7707    DYNAMIC     Po56
 218    d039.ea22.9f27    DYNAMIC     Tw1/0/6
 218    d039.ea22.9f29    DYNAMIC     Tw1/0/6
 218    d239.ea22.7707    DYNAMIC     Po20
 218    d239.ea22.9f27    DYNAMIC     Po56
 218    ec2a.7233.5364    DYNAMIC     Po56
 401    0000.0c07.ac01    DYNAMIC     Po55
 401    0050.5688.2fdb    DYNAMIC     Po55
 401    0050.5688.4ffc    DYNAMIC     Po55
 401    0050.5688.ee00    DYNAMIC     Po55
 401    0060.1645.6686    DYNAMIC     Po55
 401    0060.165b.96d2    DYNAMIC     Po55
 401    0060.165c.f6b6    DYNAMIC     Po55
 401    0062.0b02.feca    DYNAMIC     Po55
 401    549f.c6f4.8fbf    DYNAMIC     Po55
 401    908d.6ec7.a75b    DYNAMIC     Po55
 401    908d.6ec7.b257    DYNAMIC     Po55
 401    a036.9f6a.230e    DYNAMIC     Po55
 401    a036.9f6d.eb2a    DYNAMIC     Tw1/0/8
 401    b0c5.3c3e.03c1    DYNAMIC     Po55
 401    b0c5.3c3e.04ff    DYNAMIC     Po55
 401    b496.91f4.2844    DYNAMIC     Tw1/0/20
 401    b496.91f4.2a54    DYNAMIC     Tw1/0/19
 401    cc48.3a1b.b811    DYNAMIC     Tw1/0/21
 401    d239.ea22.76f7    DYNAMIC     Po55
 401    d239.ea22.9f17    DYNAMIC     Po55
 401    d81f.cc16.2180    DYNAMIC     Tw1/0/11
 500    0000.0c07.ac02    DYNAMIC     Po56
 500    0015.5daf.ef50    DYNAMIC     Tw1/0/15
 500    0015.5dc0.1d00    DYNAMIC     Tw1/0/15
 500    0015.5dc0.1d03    DYNAMIC     Tw1/0/15
 500    2c44.fd7c.80c0    DYNAMIC     Tw1/0/7
 500    2c44.fd7c.80c3    DYNAMIC     Po56
 500    549f.c6f4.8fbf    DYNAMIC     Po56
 500    549f.c6f4.a641    DYNAMIC     Po56
 500    b0c5.3c3e.04ff    DYNAMIC     Po56
Total Mac Addresses for this criterion: 96
tmxcrlasw201#!

tmxcrlasw201#show switch detail
Switch/Stack Mac Address : 40f0.781b.b500 - Local Mac Address
Mac persistency wait time: Indefinite
                                             H/W   Current
Switch#   Role    Mac Address     Priority Version  State 
-------------------------------------------------------------------------------------
*1       Active   40f0.781b.b500     15     V03     Ready                



         Stack Port Status             Neighbors     
Switch#  Port 1     Port 2           Port 1   Port 2 
--------------------------------------------------------
  1       DOWN       DOWN             None     None

tmxcrlasw201#!

tmxcrlasw201#show env all
Switch	 FAN	 Speed	 State
---------------------------------------------------
  1  	  1	13760 	  OK
  1  	  2	13760 	  OK
  1  	  3	13760 	  OK
FAN PS-1 is OK
FAN PS-2 is OK
Switch 1: SYSTEM TEMPERATURE is OK
Inlet Temperature Value: 28 Degree Celsius
Temperature State: GREEN
Yellow Threshold : 46 Degree Celsius
Red Threshold    : 56 Degree Celsius

Outlet Temperature Value: 48 Degree Celsius
Temperature State: GREEN
Yellow Threshold : 105 Degree Celsius
Red Threshold    : 125 Degree Celsius

Hotspot Temperature Value: 79 Degree Celsius
Temperature State: GREEN
Yellow Threshold : 105 Degree Celsius
Red Threshold    : 125 Degree Celsius
SW  PID                 Serial#     Status           Sys Pwr  PoE Pwr  Watts
--  ------------------  ----------  ---------------  -------  -------  -----
1A  PWR-C1-1100WAC-P    DCC2435DBWU  OK              Good     Good     1100
1B  PWR-C1-1100WAC      DTN2105V40W  OK              Good     Good     1100

tmxcrlasw201#!

tmxcrlasw201#show ip arp
Protocol  Address          Age (min)  Hardware Addr   Type   Interface
Internet  172.20.113.193        104   0000.0c07.ac02  ARPA   Vlan800
Internet  172.20.113.194         19   549f.c6f4.8fbf  ARPA   Vlan800
Internet  172.20.113.195         24   b0c5.3c3e.04ff  ARPA   Vlan800
Internet  172.20.113.201          -   40f0.781b.b552  ARPA   Vlan800
Internet  172.20.113.203        212   ecce.1366.7bd2  ARPA   Vlan800
tmxcrlasw201#!

tmxcrlasw201#show arp | in Vlan((5)*[0-1][0-9])

tmxcrlasw201#!

tmxcrlasw201#show license status
Smart Licensing is ENABLED

Utility:
  Status: DISABLED

Data Privacy:
  Sending Hostname: yes
    Callhome hostname privacy: DISABLED
    Smart Licensing hostname privacy: DISABLED
  Version privacy: DISABLED

Transport:
  Type: Callhome

Registration:
  Status: REGISTERED
  Smart Account: Mfg / Site Engineering-TZ / On-Prem
  Virtual Account: Default
  Export-Controlled Functionality: ALLOWED
  Initial Registration: SUCCEEDED on Jul 18 18:01:53 2022 UTC
  Last Renewal Attempt: SUCCEEDED on Jan 14 18:01:55 2023 UTC
  Next Renewal Attempt: Jul 13 18:01:54 2023 UTC
  Registration Expires: Dec 18 18:01:53 2023 UTC

License Authorization: 
  Status: AUTHORIZED on Apr 06 09:03:16 2023 UTC
  Last Communication Attempt: SUCCEEDED on Apr 06 09:03:16 2023 UTC
  Next Communication Attempt: Apr 16 16:04:57 2023 UTC
  Communication Deadline: Jun 15 16:01:55 2023 UTC

Export Authorization Key:
  Features Authorized:
    <none>


tmxcrlasw201#!

tmxcrlasw201#show license all
Smart Licensing Status
======================

Smart Licensing is ENABLED

Registration:
  Status: REGISTERED
  Smart Account: Mfg / Site Engineering-TZ / On-Prem
  Virtual Account: Default
  Export-Controlled Functionality: ALLOWED
  Initial Registration: SUCCEEDED on Jul 18 18:01:53 2022 UTC
  Last Renewal Attempt: SUCCEEDED on Jan 14 18:01:55 2023 UTC
  Next Renewal Attempt: Jul 13 18:01:54 2023 UTC
  Registration Expires: Dec 18 18:01:53 2023 UTC

License Authorization: 
  Status: AUTHORIZED on Apr 06 09:03:16 2023 UTC
  Last Communication Attempt: SUCCEEDED on Apr 06 09:03:16 2023 UTC
  Next Communication Attempt: Apr 16 16:04:57 2023 UTC
  Communication Deadline: Jun 15 16:01:55 2023 UTC

Export Authorization Key:
  Features Authorized:
    <none>

Utility:
  Status: DISABLED

Data Privacy:
  Sending Hostname: yes
    Callhome hostname privacy: DISABLED
    Smart Licensing hostname privacy: DISABLED
  Version privacy: DISABLED

Transport:
  Type: Callhome

License Usage
==============

C9300 48P Network Advantage (C9300-48 Network Advantage):
  Description: C9300 48P Network Advantage
  Count: 1
  Version: 1.0
  Status: AUTHORIZED
  Export status: NOT RESTRICTED

C9300 48P DNA Advantage (C9300-48 DNA Advantage):
  Description: C9300 48P DNA Advantage
  Count: 1
  Version: 1.0
  Status: AUTHORIZED
  Export status: NOT RESTRICTED

Product Information
===================
UDI: PID:C9300-48UXM,SN:FJC24431P88

Agent Version
=============
Smart Agent for Licensing: 4.8.14_rel/75

Reservation Info
================ 
License reservation: DISABLED
 


tmxcrlasw201#!

tmxcrlasw201#sh log
Syslog logging: enabled (0 messages dropped, 2 messages rate-limited, 0 flushes, 0 overruns, xml disabled, filtering disabled)

Active Message Discriminator:
FILTER    msg-body       drops    DOT1X-5|MAB-5|SESSION_MGR-5




No Inactive Message Discriminator.


    Console logging: disabled
    Monitor logging: level informational, 0 messages logged, xml disabled,
                     filtering disabled
    Buffer logging:  level informational, 6551 messages logged, xml disabled,
                    filtering disabled, discriminator(FILTER), 
                     0 messages rate-limited, 0 messages dropped-by-MD
    Exception Logging: size (4096 bytes)
    Count and timestamp logging messages: disabled
    File logging: disabled
    Persistent logging: enabled, url flash:/syslog, disk space 5120000 bytes, file size 500000 bytes, batch size 4096 bytes, threshold capacity 0  , immediate  

No active filter modules.

    Trap logging: level informational, 6723 message lines logged
        Logging to 148.93.49.21  (udp port 514, audit disabled,
              link up),
              6545 message lines logged, 
              0 message lines rate-limited, 
              0 message lines dropped-by-MD, 
              xml disabled, sequence number disabled
              filtering disabled
        Logging to 130.172.129.8  (udp port 514, audit disabled,
              link up),
              6546 message lines logged, 
              0 message lines rate-limited, 
              0 message lines dropped-by-MD, 
              xml disabled, sequence number disabled
              filtering disabled
        Logging to 148.93.115.30  (udp port 5400, audit disabled,
              link up),
              5696 message lines logged, 
              0 message lines rate-limited, 
              0 message lines dropped-by-MD, 
              xml disabled, sequence number disabled
              filtering disabled
        Logging to 130.172.83.30  (udp port 5400, audit disabled,
              link up),
              5696 message lines logged, 
              0 message lines rate-limited, 
              0 message lines dropped-by-MD, 
              xml disabled, sequence number disabled
              filtering disabled
        Logging Source-Interface:       VRF Name:
        Vlan800                         

Log Buffer (40960 bytes):
21 2023
006426: Mar 21 16:35:18.460: %SYS-6-LOGOUT: User as_rzclwb has exited tty session 1(148.93.49.21)
006427: Mar 21 17:03:04.824: %SEC_LOGIN-5-LOGIN_SUCCESS: Login Success [user: as_nzn6x2] [Source: 130.172.119.107] [localport: 22] at 17:03:04 UTC Tue Mar 21 2023
006428: Mar 21 17:29:57.705: %SEC_LOGIN-5-LOGIN_SUCCESS: Login Success [user: si_nam_52343_p_004] [Source: 148.93.49.246] [localport: 22] at 17:29:57 UTC Tue Mar 21 2023
006429: Mar 21 17:33:38.811: %SYS-6-LOGOUT: User si_nam_52343_p_004 has exited tty session 2(148.93.49.246)
006430: Mar 21 17:33:48.342: %SYS-6-TTY_EXPIRE_TIMER: (exec timer expired, tty 1 (130.172.119.107)), user as_nzn6x2
006431: Mar 21 20:06:19.860: %SEC_LOGIN-5-LOGIN_SUCCESS: Login Success [user: si_nam_52343_p_004] [Source: 148.93.49.246] [localport: 22] at 20:06:19 UTC Tue Mar 21 2023
006432: Mar 21 20:06:29.682: %SYS-6-LOGOUT: User si_nam_52343_p_004 has exited tty session 1(148.93.49.246)
006433: Mar 22 04:13:13.780: %SEC_LOGIN-5-LOGIN_SUCCESS: Login Success [user: si_nam_52343_p_004] [Source: 148.93.49.246] [localport: 22] at 04:13:13 UTC Wed Mar 22 2023
006434: Mar 22 04:13:21.619: %SYS-6-LOGOUT: User si_nam_52343_p_004 has exited tty session 1(148.93.49.246)
006435: Mar 22 06:28:50.607: %SEC_LOGIN-5-LOGIN_SUCCESS: Login Success [user: si_nam_52343_p_004] [Source: 148.93.49.246] [localport: 22] at 06:28:50 UTC Wed Mar 22 2023
006436: Mar 22 06:32:10.859: %SYS-6-LOGOUT: User si_nam_52343_p_004 has exited tty session 1(148.93.49.246)
006437: Mar 22 08:48:37.577: %SEC_LOGIN-5-LOGIN_SUCCESS: Login Success [user: si_nam_52343_p_004] [Source: 148.93.49.246] [localport: 22] at 08:48:37 UTC Wed Mar 22 2023
006438: Mar 22 08:48:43.336: %SYS-6-LOGOUT: User si_nam_52343_p_004 has exited tty session 1(148.93.49.246)
006439: Mar 22 09:16:52.068: %SEC_LOGIN-5-LOGIN_SUCCESS: Login Success [user: si_nam_52343_p_004] [Source: 148.93.49.246] [localport: 22] at 09:16:52 UTC Wed Mar 22 2023
006440: Mar 22 09:16:57.819: %SYS-6-LOGOUT: User si_nam_52343_p_004 has exited tty session 1(148.93.49.246)
006441: Mar 22 09:17:50.453: %SEC_LOGIN-5-LOGIN_SUCCESS: Login Success [user: si_nam_52343_p_004] [Source: 148.93.49.246] [localport: 22] at 09:17:50 UTC Wed Mar 22 2023
006442: Mar 22 09:18:00.112: %SYS-6-LOGOUT: User si_nam_52343_p_004 has exited tty session 1(148.93.49.246)
006443: Mar 22 12:02:20.785: %SEC_LOGIN-5-LOGIN_SUCCESS: Login Success [user: si_nam_52343_p_004] [Source: 148.93.49.246] [localport: 22] at 12:02:20 UTC Wed Mar 22 2023
006444: Mar 22 12:02:22.597: %SYS-6-LOGOUT: User si_nam_52343_p_004 has exited tty session 1(148.93.49.246)
006445: Mar 22 14:02:07.346: %SEC_LOGIN-5-LOGIN_SUCCESS: Login Success [user: as_rzclwb] [Source: 130.172.129.8] [localport: 22] at 14:02:07 UTC Wed Mar 22 2023
006446: Mar 22 15:29:06.315: %SYS-6-TTY_EXPIRE_TIMER: (exec timer expired, tty 1 (130.172.129.8)), user as_rzclwb
006447: Mar 22 15:29:06.315: %SYS-6-LOGOUT: User as_rzclwb has exited tty session 1(130.172.129.8)
006448: Mar 22 17:03:23.188: %SEC_LOGIN-5-LOGIN_SUCCESS: Login Success [user: as_rzclwb] [Source: 148.93.49.21] [localport: 22] at 17:03:23 UTC Wed Mar 22 2023
006449: Mar 22 17:04:52.157: %SEC_LOGIN-5-LOGIN_SUCCESS: Login Success [user: as_rzclwb] [Source: 148.93.49.21] [localport: 22] at 17:04:52 UTC Wed Mar 22 2023
006450: Mar 22 17:07:14.468: %SYS-6-LOGOUT: User as_rzclwb has exited tty session 2(148.93.49.21)
006451: Mar 22 17:21:16.378: %SYS-6-LOGOUT: User as_rzclwb has exited tty session 1(148.93.49.21)
006452: Mar 22 17:31:08.543: %SEC_LOGIN-5-LOGIN_SUCCESS: Login Success [user: si_nam_52343_p_004] [Source: 148.93.49.246] [localport: 22] at 17:31:08 UTC Wed Mar 22 2023
006453: Mar 22 17:34:20.961: %SYS-6-LOGOUT: User si_nam_52343_p_004 has exited tty session 1(148.93.49.246)
006454: Mar 22 20:04:54.010: %SEC_LOGIN-5-LOGIN_SUCCESS: Login Success [user: si_nam_52343_p_004] [Source: 148.93.49.246] [localport: 22] at 20:04:54 UTC Wed Mar 22 2023
006455: Mar 22 20:04:56.841: %SYS-6-LOGOUT: User si_nam_52343_p_004 has exited tty session 1(148.93.49.246)
006456: Mar 23 04:00:52.050: %SEC_LOGIN-5-LOGIN_SUCCESS: Login Success [user: si_nam_52343_p_004] [Source: 148.93.49.246] [localport: 22] at 04:00:52 UTC Thu Mar 23 2023
006457: Mar 23 04:00:53.197: %SYS-6-LOGOUT: User si_nam_52343_p_004 has exited tty session 1(148.93.49.246)
006458: Mar 23 04:09:17.438: %SEC_LOGIN-5-LOGIN_SUCCESS: Login Success [user: si_nam_52343_p_004] [Source: 148.93.49.246] [localport: 22] at 04:09:17 UTC Thu Mar 23 2023
006459: Mar 23 04:09:18.978: %SYS-6-LOGOUT: User si_nam_52343_p_004 has exited tty session 1(148.93.49.246)
006460: Mar 23 05:30:11.828: %SEC_LOGIN-5-LOGIN_SUCCESS: Login Success [user: si_nam_52343_p_004] [Source: 148.93.49.246] [localport: 22] at 05:30:11 UTC Thu Mar 23 2023
006461: Mar 23 05:34:22.857: %SYS-6-LOGOUT: User si_nam_52343_p_004 has exited tty session 1(148.93.49.246)
006462: Mar 23 08:35:24.319: %SEC_LOGIN-5-LOGIN_SUCCESS: Login Success [user: si_nam_52343_p_004] [Source: 148.93.49.246] [localport: 22] at 08:35:24 UTC Thu Mar 23 2023
006463: Mar 23 08:35:30.172: %SYS-6-LOGOUT: User si_nam_52343_p_004 has exited tty session 1(148.93.49.246)
006464: Mar 23 08:36:07.003: %SEC_LOGIN-5-LOGIN_SUCCESS: Login Success [user: si_nam_52343_p_004] [Source: 148.93.49.246] [localport: 22] at 08:36:07 UTC Thu Mar 23 2023
006465: Mar 23 08:36:12.564: %SYS-6-LOGOUT: User si_nam_52343_p_004 has exited tty session 1(148.93.49.246)
006466: Mar 23 10:54:43.919: %SEC_LOGIN-5-LOGIN_SUCCESS: Login Success [user: as_rzclwb] [Source: 148.93.49.21] [localport: 22] at 10:54:43 UTC Thu Mar 23 2023
006467: Mar 23 11:07:41.083: %SYS-6-LOGOUT: User as_rzclwb has exited tty session 1(148.93.49.21)
006468: Mar 23 11:08:28.714: %SEC_LOGIN-5-LOGIN_SUCCESS: Login Success [user: as_rzclwb] [Source: 148.93.49.21] [localport: 22] at 11:08:28 UTC Thu Mar 23 2023
006469: Mar 23 11:52:04.002: %SYS-6-TTY_EXPIRE_TIMER: (exec timer expired, tty 1 (148.93.49.21)), user as_rzclwb
006470: Mar 23 11:52:04.002: %SYS-6-LOGOUT: User as_rzclwb has exited tty session 1(148.93.49.21)
006471: Mar 23 12:00:54.902: %SEC_LOGIN-5-LOGIN_SUCCESS: Login Success [user: si_nam_52343_p_004] [Source: 148.93.49.246] [localport: 22] at 12:00:54 UTC Thu Mar 23 2023
006472: Mar 23 12:00:55.912: %SYS-6-LOGOUT: User si_nam_52343_p_004 has exited tty session 1(148.93.49.246)
006473: Mar 23 16:37:17.900: %SEC_LOGIN-5-LOGIN_SUCCESS: Login Success [user: as_rzclwb] [Source: 148.93.49.21] [localport: 22] at 16:37:17 UTC Thu Mar 23 2023
006474: Mar 23 16:47:54.552: %SYS-6-LOGOUT: User as_rzclwb has exited tty session 1(148.93.49.21)
006475: Mar 23 17:29:08.762: %SEC_LOGIN-5-LOGIN_SUCCESS: Login Success [user: si_nam_52343_p_004] [Source: 148.93.49.246] [localport: 22] at 17:29:08 UTC Thu Mar 23 2023
006476: Mar 23 17:32:44.953: %SYS-6-LOGOUT: User si_nam_52343_p_004 has exited tty session 1(148.93.49.246)
006477: Mar 23 20:06:56.837: %SEC_LOGIN-5-LOGIN_SUCCESS: Login Success [user: si_nam_52343_p_004] [Source: 148.93.49.246] [localport: 22] at 20:06:56 UTC Thu Mar 23 2023
006478: Mar 23 20:07:01.298: %SYS-6-LOGOUT: User si_nam_52343_p_004 has exited tty session 1(148.93.49.246)
006479: Mar 24 04:00:53.827: %SEC_LOGIN-5-LOGIN_SUCCESS: Login Success [user: si_nam_52343_p_004] [Source: 148.93.49.246] [localport: 22] at 04:00:53 UTC Fri Mar 24 2023
006480: Mar 24 04:00:54.924: %SYS-6-LOGOUT: User si_nam_52343_p_004 has exited tty session 1(148.93.49.246)
006481: Mar 24 04:14:27.890: %SEC_LOGIN-5-LOGIN_SUCCESS: Login Success [user: si_nam_52343_p_004] [Source: 148.93.49.246] [localport: 22] at 04:14:27 UTC Fri Mar 24 2023
006482: Mar 24 04:14:29.382: %SYS-6-LOGOUT: User si_nam_52343_p_004 has exited tty session 1(148.93.49.246)
006483: Mar 24 05:26:38.137: %SEC_LOGIN-5-LOGIN_SUCCESS: Login Success [user: si_nam_52343_p_004] [Source: 148.93.49.246] [localport: 22] at 05:26:38 UTC Fri Mar 24 2023
006484: Mar 24 05:29:38.172: %SYS-6-LOGOUT: User si_nam_52343_p_004 has exited tty session 1(148.93.49.246)
006485: Mar 24 07:07:50.301: %SEC_LOGIN-5-LOGIN_SUCCESS: Login Success [user: si_nam_52343_p_004] [Source: 148.93.49.246] [localport: 22] at 07:07:50 UTC Fri Mar 24 2023
006486: Mar 24 07:08:00.260: %SYS-6-LOGOUT: User si_nam_52343_p_004 has exited tty session 1(148.93.49.246)
006487: Mar 24 07:09:10.221: %SEC_LOGIN-5-LOGIN_SUCCESS: Login Success [user: si_nam_52343_p_004] [Source: 148.93.49.246] [localport: 22] at 07:09:10 UTC Fri Mar 24 2023
006488: Mar 24 07:09:19.584: %SYS-6-LOGOUT: User si_nam_52343_p_004 has exited tty session 1(148.93.49.246)
006489: Mar 24 12:00:51.527: %SEC_LOGIN-5-LOGIN_SUCCESS: Login Success [user: si_nam_52343_p_004] [Source: 148.93.49.246] [localport: 22] at 12:00:51 UTC Fri Mar 24 2023
006490: Mar 24 12:00:52.496: %SYS-6-LOGOUT: User si_nam_52343_p_004 has exited tty session 1(148.93.49.246)
006491: Mar 24 17:27:25.583: %SEC_LOGIN-5-LOGIN_SUCCESS: Login Success [user: si_nam_52343_p_004] [Source: 148.93.49.246] [localport: 22] at 17:27:25 UTC Fri Mar 24 2023
006492: Mar 24 17:30:27.770: %SYS-6-LOGOUT: User si_nam_52343_p_004 has exited tty session 1(148.93.49.246)
006493: Mar 24 20:05:39.542: %SEC_LOGIN-5-LOGIN_SUCCESS: Login Success [user: si_nam_52343_p_004] [Source: 148.93.49.246] [localport: 22] at 20:05:39 UTC Fri Mar 24 2023
006494: Mar 24 20:05:43.346: %SYS-6-LOGOUT: User si_nam_52343_p_004 has exited tty session 1(148.93.49.246)
006495: Mar 25 02:31:25.198: %SEC_LOGIN-5-LOGIN_SUCCESS: Login Success [user: SI_NAM_52343_P_012] [Source: 148.93.49.26] [localport: 22] at 02:31:25 UTC Sat Mar 25 2023
006496: Mar 25 02:31:36.170: %SYS-6-LOGOUT: User SI_NAM_52343_P_012 has exited tty session 1(148.93.49.26)
006497: Mar 25 03:30:56.663: %SEC_LOGIN-5-LOGIN_SUCCESS: Login Success [user: SI_NAM_52343_P_012] [Source: 148.93.49.26] [localport: 22] at 03:30:56 UTC Sat Mar 25 2023
006498: Mar 25 03:47:05.525: %SYS-6-LOGOUT: User SI_NAM_52343_P_012 has exited tty session 1(148.93.49.26)
006499: Mar 25 04:13:14.092: %SEC_LOGIN-5-LOGIN_SUCCESS: Login Success [user: si_nam_52343_p_004] [Source: 148.93.49.246] [localport: 22] at 04:13:14 UTC Sat Mar 25 2023
006500: Mar 25 04:13:31.314: %SYS-6-LOGOUT: User si_nam_52343_p_004 has exited tty session 1(148.93.49.246)
006501: Mar 25 04:23:42.196: %SEC_LOGIN-5-LOGIN_SUCCESS: Login Success [user: si_nam_52343_p_004] [Source: 148.93.49.246] [localport: 22] at 04:23:42 UTC Sat Mar 25 2023
006502: Mar 25 04:23:54.135: %SYS-6-LOGOUT: User si_nam_52343_p_004 has exited tty session 1(148.93.49.246)
006503: Mar 25 06:10:35.944: %SEC_LOGIN-5-LOGIN_SUCCESS: Login Success [user: si_nam_52343_p_004] [Source: 148.93.49.246] [localport: 22] at 06:10:35 UTC Sat Mar 25 2023
006504: Mar 25 06:16:26.824: %SYS-6-LOGOUT: User si_nam_52343_p_004 has exited tty session 1(148.93.49.246)
006505: Mar 25 08:42:59.906: %SEC_LOGIN-5-LOGIN_SUCCESS: Login Success [user: si_nam_52343_p_004] [Source: 148.93.49.246] [localport: 22] at 08:42:59 UTC Sat Mar 25 2023
006506: Mar 25 08:43:14.300: %SYS-6-LOGOUT: User si_nam_52343_p_004 has exited tty session 1(148.93.49.246)
006507: Mar 25 08:44:14.489: %SEC_LOGIN-5-LOGIN_SUCCESS: Login Success [user: si_nam_52343_p_004] [Source: 148.93.49.246] [localport: 22] at 08:44:14 UTC Sat Mar 25 2023
006508: Mar 25 08:44:38.734: %SYS-6-LOGOUT: User si_nam_52343_p_004 has exited tty session 1(148.93.49.246)
006509: Mar 25 12:00:50.767: %SEC_LOGIN-5-LOGIN_SUCCESS: Login Success [user: si_nam_52343_p_004] [Source: 148.93.49.246] [localport: 22] at 12:00:50 UTC Sat Mar 25 2023
006510: Mar 25 12:00:51.941: %SYS-6-LOGOUT: User si_nam_52343_p_004 has exited tty session 1(148.93.49.246)
006511: Mar 25 17:27:27.552: %SEC_LOGIN-5-LOGIN_SUCCESS: Login Success [user: si_nam_52343_p_004] [Source: 148.93.49.246] [localport: 22] at 17:27:27 UTC Sat Mar 25 2023
006512: Mar 25 17:30:52.115: %SYS-6-LOGOUT: User si_nam_52343_p_004 has exited tty session 1(148.93.49.246)
006513: Mar 25 20:07:39.968: %SEC_LOGIN-5-LOGIN_SUCCESS: Login Success [user: si_nam_52343_p_004] [Source: 148.93.49.246] [localport: 22] at 20:07:39 UTC Sat Mar 25 2023
006514: Mar 25 20:07:45.880: %SYS-6-LOGOUT: User si_nam_52343_p_004 has exited tty session 1(148.93.49.246)
006515: Mar 26 04:14:09.896: %SEC_LOGIN-5-LOGIN_SUCCESS: Login Success [user: si_nam_52343_p_004] [Source: 148.93.49.246] [localport: 22] at 04:14:09 UTC Sun Mar 26 2023
006516: Mar 26 04:14:20.787: %SYS-6-LOGOUT: User si_nam_52343_p_004 has exited tty session 1(148.93.49.246)
006517: Mar 26 04:23:01.759: %SEC_LOGIN-5-LOGIN_SUCCESS: Login Success [user: si_nam_52343_p_004] [Source: 148.93.49.246] [localport: 22] at 04:23:01 UTC Sun Mar 26 2023
006518: Mar 26 04:23:07.990: %SYS-6-LOGOUT: User si_nam_52343_p_004 has exited tty session 1(148.93.49.246)
006519: Mar 26 06:24:52.294: %SEC_LOGIN-5-LOGIN_SUCCESS: Login Success [user: si_nam_52343_p_004] [Source: 148.93.49.246] [localport: 22] at 06:24:52 UTC Sun Mar 26 2023
006520: Mar 26 06:32:39.620: %SYS-6-LOGOUT: User si_nam_52343_p_004 has exited tty session 1(148.93.49.246)
006521: Mar 26 09:10:48.127: %SEC_LOGIN-5-LOGIN_SUCCESS: Login Success [user: si_nam_52343_p_004] [Source: 148.93.49.246] [localport: 22] at 09:10:48 UTC Sun Mar 26 2023
006522: Mar 26 09:10:58.615: %SYS-6-LOGOUT: User si_nam_52343_p_004 has exited tty session 1(148.93.49.246)
006523: Mar 26 09:11:47.154: %SEC_LOGIN-5-LOGIN_SUCCESS: Login Success [user: si_nam_52343_p_004] [Source: 148.93.49.246] [localport: 22] at 09:11:47 UTC Sun Mar 26 2023
006524: Mar 26 09:12:00.643: %SYS-6-LOGOUT: User si_nam_52343_p_004 has exited tty session 1(148.93.49.246)
006525: Mar 26 12:00:45.593: %SEC_LOGIN-5-LOGIN_SUCCESS: Login Success [user: si_nam_52343_p_004] [Source: 148.93.49.246] [localport: 22] at 12:00:45 UTC Sun Mar 26 2023
006526: Mar 26 12:00:46.659: %SYS-6-LOGOUT: User si_nam_52343_p_004 has exited tty session 1(148.93.49.246)
006527: Mar 26 17:26:16.987: %SEC_LOGIN-5-LOGIN_SUCCESS: Login Success [user: si_nam_52343_p_004] [Source: 148.93.49.246] [localport: 22] at 17:26:16 UTC Sun Mar 26 2023
006528: Mar 26 17:29:32.421: %SYS-6-LOGOUT: User si_nam_52343_p_004 has exited tty session 1(148.93.49.246)
006529: Mar 26 20:00:50.518: %SEC_LOGIN-5-LOGIN_SUCCESS: Login Success [user: si_nam_52343_p_004] [Source: 148.93.49.246] [localport: 22] at 20:00:50 UTC Sun Mar 26 2023
006530: Mar 26 20:00:51.622: %SYS-6-LOGOUT: User si_nam_52343_p_004 has exited tty session 1(148.93.49.246)
006531: Mar 27 04:00:47.469: %SEC_LOGIN-5-LOGIN_SUCCESS: Login Success [user: si_nam_52343_p_004] [Source: 148.93.49.246] [localport: 22] at 04:00:47 UTC Mon Mar 27 2023
006532: Mar 27 04:00:48.553: %SYS-6-LOGOUT: User si_nam_52343_p_004 has exited tty session 1(148.93.49.246)
006533: Mar 27 04:12:24.791: %SEC_LOGIN-5-LOGIN_SUCCESS: Login Success [user: si_nam_52343_p_004] [Source: 148.93.49.246] [localport: 22] at 04:12:24 UTC Mon Mar 27 2023
006534: Mar 27 04:12:26.455: %SYS-6-LOGOUT: User si_nam_52343_p_004 has exited tty session 1(148.93.49.246)
006535: Mar 27 05:31:13.646: %SEC_LOGIN-5-LOGIN_SUCCESS: Login Success [user: si_nam_52343_p_004] [Source: 148.93.49.246] [localport: 22] at 05:31:13 UTC Mon Mar 27 2023
006536: Mar 27 05:35:30.903: %SYS-6-LOGOUT: User si_nam_52343_p_004 has exited tty session 1(148.93.49.246)
006537: Mar 27 07:35:24.305: %SEC_LOGIN-5-LOGIN_SUCCESS: Login Success [user: si_nam_52343_p_004] [Source: 148.93.49.246] [localport: 22] at 07:35:24 UTC Mon Mar 27 2023
006538: Mar 27 07:35:37.009: %SYS-6-LOGOUT: User si_nam_52343_p_004 has exited tty session 1(148.93.49.246)
006539: Mar 27 07:36:22.795: %SEC_LOGIN-5-LOGIN_SUCCESS: Login Success [user: si_nam_52343_p_004] [Source: 148.93.49.246] [localport: 22] at 07:36:22 UTC Mon Mar 27 2023
006540: Mar 27 07:36:37.462: %SYS-6-LOGOUT: User si_nam_52343_p_004 has exited tty session 1(148.93.49.246)
006541: Mar 27 10:00:40.024: %SEC_LOGIN-5-LOGIN_SUCCESS: Login Success [user: si_nam_52343_p_004] [Source: 148.93.49.246] [localport: 22] at 10:00:40 UTC Mon Mar 27 2023
006542: Mar 27 10:00:41.696: %SYS-6-LOGOUT: User si_nam_52343_p_004 has exited tty session 1(148.93.49.246)
006543: Mar 27 12:01:20.726: %SEC_LOGIN-5-LOGIN_SUCCESS: Login Success [user: si_nam_52343_p_004] [Source: 148.93.49.246] [localport: 22] at 12:01:20 UTC Mon Mar 27 2023
006544: Mar 27 12:01:21.771: %SYS-6-LOGOUT: User si_nam_52343_p_004 has exited tty session 1(148.93.49.246)
006545: Mar 27 17:25:49.032: %SEC_LOGIN-5-LOGIN_SUCCESS: Login Success [user: si_nam_52343_p_004] [Source: 148.93.49.246] [localport: 22] at 17:25:49 UTC Mon Mar 27 2023
006546: Mar 27 17:28:22.207: %SYS-6-LOGOUT: User si_nam_52343_p_004 has exited tty session 1(148.93.49.246)
006547: Mar 27 20:08:08.754: %SEC_LOGIN-5-LOGIN_SUCCESS: Login Success [user: si_nam_52343_p_004] [Source: 148.93.49.246] [localport: 22] at 20:08:08 UTC Mon Mar 27 2023
006548: Mar 27 20:08:15.598: %SYS-6-LOGOUT: User si_nam_52343_p_004 has exited tty session 1(148.93.49.246)
006549: Mar 28 01:39:23.516: %SEC_LOGIN-5-LOGIN_SUCCESS: Login Success [user: si_nam_52343_p_004] [Source: 148.93.49.246] [localport: 22] at 01:39:23 UTC Tue Mar 28 2023
006550: Mar 28 01:39:45.657: %SYS-6-LOGOUT: User si_nam_52343_p_004 has exited tty session 1(148.93.49.246)
006551: Mar 28 04:07:53.291: %SEC_LOGIN-5-LOGIN_SUCCESS: Login Success [user: si_nam_52343_p_004] [Source: 148.93.49.246] [localport: 22] at 04:07:53 UTC Tue Mar 28 2023
006552: Mar 28 04:07:58.974: %SYS-6-LOGOUT: User si_nam_52343_p_004 has exited tty session 1(148.93.49.246)
006553: Mar 28 04:10:27.193: %SEC_LOGIN-5-LOGIN_SUCCESS: Login Success [user: si_nam_52343_p_004] [Source: 148.93.49.246] [localport: 22] at 04:10:27 UTC Tue Mar 28 2023
006554: Mar 28 04:10:31.417: %SYS-6-LOGOUT: User si_nam_52343_p_004 has exited tty session 1(148.93.49.246)
006555: Mar 28 06:21:54.831: %SEC_LOGIN-5-LOGIN_SUCCESS: Login Success [user: si_nam_52343_p_004] [Source: 148.93.49.246] [localport: 22] at 06:21:54 UTC Tue Mar 28 2023
006556: Mar 28 06:28:13.022: %SYS-6-LOGOUT: User si_nam_52343_p_004 has exited tty session 1(148.93.49.246)
006557: Mar 28 09:03:47.089: %SEC_LOGIN-5-LOGIN_SUCCESS: Login Success [user: si_nam_52343_p_004] [Source: 148.93.49.246] [localport: 22] at 09:03:47 UTC Tue Mar 28 2023
006558: Mar 28 09:03:57.797: %SYS-6-LOGOUT: User si_nam_52343_p_004 has exited tty session 1(148.93.49.246)
006559: Mar 28 09:04:46.308: %SEC_LOGIN-5-LOGIN_SUCCESS: Login Success [user: si_nam_52343_p_004] [Source: 148.93.49.246] [localport: 22] at 09:04:46 UTC Tue Mar 28 2023
006560: Mar 28 09:05:01.166: %SYS-6-LOGOUT: User si_nam_52343_p_004 has exited tty session 1(148.93.49.246)
006561: Mar 28 12:00:48.021: %SEC_LOGIN-5-LOGIN_SUCCESS: Login Success [user: si_nam_52343_p_004] [Source: 148.93.49.246] [localport: 22] at 12:00:48 UTC Tue Mar 28 2023
006562: Mar 28 12:00:49.099: %SYS-6-LOGOUT: User si_nam_52343_p_004 has exited tty session 1(148.93.49.246)
006563: Mar 28 15:50:42.157: %SEC_LOGIN-5-LOGIN_SUCCESS: Login Success [user: as_rzclwb] [Source: 148.93.49.21] [localport: 22] at 15:50:42 UTC Tue Mar 28 2023
006564: Mar 28 16:02:30.850: %SYS-6-LOGOUT: User as_rzclwb has exited tty session 1(148.93.49.21)
006565: Mar 28 17:32:40.791: %SEC_LOGIN-5-LOGIN_SUCCESS: Login Success [user: si_nam_52343_p_004] [Source: 148.93.49.246] [localport: 22] at 17:32:40 UTC Tue Mar 28 2023
006566: Mar 28 17:37:08.202: %SYS-6-LOGOUT: User si_nam_52343_p_004 has exited tty session 1(148.93.49.246)
006567: Mar 28 20:05:48.389: %SEC_LOGIN-5-LOGIN_SUCCESS: Login Success [user: si_nam_52343_p_004] [Source: 148.93.49.246] [localport: 22] at 20:05:48 UTC Tue Mar 28 2023
006568: Mar 28 20:05:53.506: %SYS-6-LOGOUT: User si_nam_52343_p_004 has exited tty session 1(148.93.49.246)
006569: Mar 29 04:13:29.977: %SEC_LOGIN-5-LOGIN_SUCCESS: Login Success [user: si_nam_52343_p_004] [Source: 148.93.49.246] [localport: 22] at 04:13:29 UTC Wed Mar 29 2023
006570: Mar 29 04:13:35.698: %SYS-6-LOGOUT: User si_nam_52343_p_004 has exited tty session 1(148.93.49.246)
006571: Mar 29 06:37:48.039: %SEC_LOGIN-5-LOGIN_SUCCESS: Login Success [user: si_nam_52343_p_004] [Source: 148.93.49.246] [localport: 22] at 06:37:48 UTC Wed Mar 29 2023
006572: Mar 29 06:45:18.444: %SYS-6-LOGOUT: User si_nam_52343_p_004 has exited tty session 1(148.93.49.246)
006573: Mar 29 09:15:42.975: %SEC_LOGIN-5-LOGIN_SUCCESS: Login Success [user: si_nam_52343_p_004] [Source: 148.93.49.246] [localport: 22] at 09:15:42 UTC Wed Mar 29 2023
006574: Mar 29 09:15:51.596: %SYS-6-LOGOUT: User si_nam_52343_p_004 has exited tty session 1(148.93.49.246)
006575: Mar 29 09:34:40.390: %SEC_LOGIN-5-LOGIN_SUCCESS: Login Success [user: si_nam_52343_p_004] [Source: 148.93.49.246] [localport: 22] at 09:34:40 UTC Wed Mar 29 2023
006576: Mar 29 09:34:46.293: %SYS-6-LOGOUT: User si_nam_52343_p_004 has exited tty session 1(148.93.49.246)
006577: Mar 29 09:35:25.366: %SEC_LOGIN-5-LOGIN_SUCCESS: Login Success [user: si_nam_52343_p_004] [Source: 148.93.49.246] [localport: 22] at 09:35:25 UTC Wed Mar 29 2023
006578: Mar 29 09:35:30.357: %SYS-6-LOGOUT: User si_nam_52343_p_004 has exited tty session 1(148.93.49.246)
006579: Mar 29 12:03:41.956: %SEC_LOGIN-5-LOGIN_SUCCESS: Login Success [user: si_nam_52343_p_004] [Source: 148.93.49.246] [localport: 22] at 12:03:41 UTC Wed Mar 29 2023
006580: Mar 29 12:03:43.657: %SYS-6-LOGOUT: User si_nam_52343_p_004 has exited tty session 1(148.93.49.246)
006581: Mar 29 17:29:40.298: %SEC_LOGIN-5-LOGIN_SUCCESS: Login Success [user: si_nam_52343_p_004] [Source: 148.93.49.246] [localport: 22] at 17:29:40 UTC Wed Mar 29 2023
006582: Mar 29 17:33:06.130: %SYS-6-LOGOUT: User si_nam_52343_p_004 has exited tty session 1(148.93.49.246)
006583: Mar 29 20:05:38.426: %SEC_LOGIN-5-LOGIN_SUCCESS: Login Success [user: si_nam_52343_p_004] [Source: 148.93.49.246] [localport: 22] at 20:05:38 UTC Wed Mar 29 2023
006584: Mar 29 20:05:51.584: %SYS-6-LOGOUT: User si_nam_52343_p_004 has exited tty session 1(148.93.49.246)
006585: Mar 30 04:10:00.279: %SEC_LOGIN-5-LOGIN_SUCCESS: Login Success [user: si_nam_52343_p_004] [Source: 148.93.49.246] [localport: 22] at 04:10:00 UTC Thu Mar 30 2023
006586: Mar 30 04:10:07.834: %SYS-6-LOGOUT: User si_nam_52343_p_004 has exited tty session 1(148.93.49.246)
006587: Mar 30 04:12:03.562: %SEC_LOGIN-5-LOGIN_SUCCESS: Login Success [user: si_nam_52343_p_004] [Source: 148.93.49.246] [localport: 22] at 04:12:03 UTC Thu Mar 30 2023
006588: Mar 30 04:12:11.535: %SYS-6-LOGOUT: User si_nam_52343_p_004 has exited tty session 1(148.93.49.246)
006589: Mar 30 06:11:43.389: %SEC_LOGIN-5-LOGIN_SUCCESS: Login Success [user: si_nam_52343_p_004] [Source: 148.93.49.246] [localport: 22] at 06:11:43 UTC Thu Mar 30 2023
006590: Mar 30 06:18:50.419: %SYS-6-LOGOUT: User si_nam_52343_p_004 has exited tty session 1(148.93.49.246)
006591: Mar 30 08:59:49.809: %SEC_LOGIN-5-LOGIN_SUCCESS: Login Success [user: si_nam_52343_p_004] [Source: 148.93.49.246] [localport: 22] at 08:59:49 UTC Thu Mar 30 2023
006592: Mar 30 09:00:07.106: %SYS-6-LOGOUT: User si_nam_52343_p_004 has exited tty session 1(148.93.49.246)
006593: Mar 30 09:01:02.639: %SEC_LOGIN-5-LOGIN_SUCCESS: Login Success [user: si_nam_52343_p_004] [Source: 148.93.49.246] [localport: 22] at 09:01:02 UTC Thu Mar 30 2023
006594: Mar 30 09:01:15.851: %SYS-6-LOGOUT: User si_nam_52343_p_004 has exited tty session 1(148.93.49.246)
006595: Mar 30 12:00:48.979: %SEC_LOGIN-5-LOGIN_SUCCESS: Login Success [user: si_nam_52343_p_004] [Source: 148.93.49.246] [localport: 22] at 12:00:48 UTC Thu Mar 30 2023
006596: Mar 30 12:00:50.065: %SYS-6-LOGOUT: User si_nam_52343_p_004 has exited tty session 1(148.93.49.246)
006597: Mar 30 17:29:03.793: %SEC_LOGIN-5-LOGIN_SUCCESS: Login Success [user: si_nam_52343_p_004] [Source: 148.93.49.246] [localport: 22] at 17:29:03 UTC Thu Mar 30 2023
006598: Mar 30 17:33:11.205: %SYS-6-LOGOUT: User si_nam_52343_p_004 has exited tty session 1(148.93.49.246)
006599: Mar 30 20:05:49.211: %SEC_LOGIN-5-LOGIN_SUCCESS: Login Success [user: si_nam_52343_p_004] [Source: 148.93.49.246] [localport: 22] at 20:05:49 UTC Thu Mar 30 2023
006600: Mar 30 20:05:53.375: %SYS-6-LOGOUT: User si_nam_52343_p_004 has exited tty session 1(148.93.49.246)
006601: Mar 31 04:00:49.438: %SEC_LOGIN-5-LOGIN_SUCCESS: Login Success [user: si_nam_52343_p_004] [Source: 148.93.49.246] [localport: 22] at 04:00:49 UTC Fri Mar 31 2023
006602: Mar 31 04:00:50.762: %SYS-6-LOGOUT: User si_nam_52343_p_004 has exited tty session 1(148.93.49.246)
006603: Mar 31 04:13:45.959: %SEC_LOGIN-5-LOGIN_SUCCESS: Login Success [user: si_nam_52343_p_004] [Source: 148.93.49.246] [localport: 22] at 04:13:45 UTC Fri Mar 31 2023
006604: Mar 31 04:13:47.561: %SYS-6-LOGOUT: User si_nam_52343_p_004 has exited tty session 1(148.93.49.246)
006605: Mar 31 05:27:08.904: %SEC_LOGIN-5-LOGIN_SUCCESS: Login Success [user: si_nam_52343_p_004] [Source: 148.93.49.246] [localport: 22] at 05:27:08 UTC Fri Mar 31 2023
006606: Mar 31 05:30:00.630: %SYS-6-LOGOUT: User si_nam_52343_p_004 has exited tty session 1(148.93.49.246)
006607: Mar 31 07:23:44.867: %SEC_LOGIN-5-LOGIN_SUCCESS: Login Success [user: si_nam_52343_p_004] [Source: 148.93.49.246] [localport: 22] at 07:23:44 UTC Fri Mar 31 2023
006608: Mar 31 07:23:51.134: %SYS-6-LOGOUT: User si_nam_52343_p_004 has exited tty session 1(148.93.49.246)
006609: Mar 31 07:24:28.431: %SEC_LOGIN-5-LOGIN_SUCCESS: Login Success [user: si_nam_52343_p_004] [Source: 148.93.49.246] [localport: 22] at 07:24:28 UTC Fri Mar 31 2023
006610: Mar 31 07:24:34.983: %SYS-6-LOGOUT: User si_nam_52343_p_004 has exited tty session 1(148.93.49.246)
006611: Mar 31 12:00:51.279: %SEC_LOGIN-5-LOGIN_SUCCESS: Login Success [user: si_nam_52343_p_004] [Source: 148.93.49.246] [localport: 22] at 12:00:51 UTC Fri Mar 31 2023
006612: Mar 31 12:00:52.516: %SYS-6-LOGOUT: User si_nam_52343_p_004 has exited tty session 1(148.93.49.246)
006613: Mar 31 17:29:03.501: %SEC_LOGIN-5-LOGIN_SUCCESS: Login Success [user: si_nam_52343_p_004] [Source: 148.93.49.246] [localport: 22] at 17:29:03 UTC Fri Mar 31 2023
006614: Mar 31 17:33:53.915: %SYS-6-LOGOUT: User si_nam_52343_p_004 has exited tty session 1(148.93.49.246)
006615: Mar 31 20:30:47.424: %SEC_LOGIN-5-LOGIN_SUCCESS: Login Success [user: si_nam_52343_p_004] [Source: 148.93.49.246] [localport: 22] at 20:30:47 UTC Fri Mar 31 2023
006616: Mar 31 20:30:54.829: %SYS-6-LOGOUT: User si_nam_52343_p_004 has exited tty session 1(148.93.49.246)
006617: Apr  1 02:32:07.651: %SEC_LOGIN-5-LOGIN_SUCCESS: Login Success [user: SI_NAM_52343_P_012] [Source: 148.93.49.26] [localport: 22] at 02:32:07 UTC Sat Apr 1 2023
006618: Apr  1 02:32:18.624: %SYS-6-LOGOUT: User SI_NAM_52343_P_012 has exited tty session 1(148.93.49.26)
006619: Apr  1 03:27:20.297: %SEC_LOGIN-5-LOGIN_SUCCESS: Login Success [user: SI_NAM_52343_P_012] [Source: 148.93.49.26] [localport: 22] at 03:27:20 UTC Sat Apr 1 2023
006620: Apr  1 03:43:17.992: %SYS-6-LOGOUT: User SI_NAM_52343_P_012 has exited tty session 1(148.93.49.26)
006621: Apr  1 04:10:00.088: %SEC_LOGIN-5-LOGIN_SUCCESS: Login Success [user: si_nam_52343_p_004] [Source: 148.93.49.246] [localport: 22] at 04:10:00 UTC Sat Apr 1 2023
006622: Apr  1 04:10:04.677: %SYS-6-LOGOUT: User si_nam_52343_p_004 has exited tty session 1(148.93.49.246)
006623: Apr  1 04:11:46.346: %SEC_LOGIN-5-LOGIN_SUCCESS: Login Success [user: si_nam_52343_p_004] [Source: 148.93.49.246] [localport: 22] at 04:11:46 UTC Sat Apr 1 2023
006624: Apr  1 04:11:52.906: %SYS-6-LOGOUT: User si_nam_52343_p_004 has exited tty session 1(148.93.49.246)
006625: Apr  1 06:16:44.281: %SEC_LOGIN-5-LOGIN_SUCCESS: Login Success [user: si_nam_52343_p_004] [Source: 148.93.49.246] [localport: 22] at 06:16:44 UTC Sat Apr 1 2023
006626: Apr  1 06:21:33.033: %SYS-6-LOGOUT: User si_nam_52343_p_004 has exited tty session 1(148.93.49.246)
006627: Apr  1 08:49:50.645: %SEC_LOGIN-5-LOGIN_SUCCESS: Login Success [user: si_nam_52343_p_004] [Source: 148.93.49.246] [localport: 22] at 08:49:50 UTC Sat Apr 1 2023
006628: Apr  1 08:50:05.425: %SYS-6-LOGOUT: User si_nam_52343_p_004 has exited tty session 1(148.93.49.246)
006629: Apr  1 08:51:01.168: %SEC_LOGIN-5-LOGIN_SUCCESS: Login Success [user: si_nam_52343_p_004] [Source: 148.93.49.246] [localport: 22] at 08:51:01 UTC Sat Apr 1 2023
006630: Apr  1 08:51:20.264: %SYS-6-LOGOUT: User si_nam_52343_p_004 has exited tty session 1(148.93.49.246)
006631: Apr  1 12:00:54.330: %SEC_LOGIN-5-LOGIN_SUCCESS: Login Success [user: si_nam_52343_p_004] [Source: 148.93.49.246] [localport: 22] at 12:00:54 UTC Sat Apr 1 2023
006632: Apr  1 12:00:55.358: %SYS-6-LOGOUT: User si_nam_52343_p_004 has exited tty session 1(148.93.49.246)
006633: Apr  1 17:26:25.992: %SEC_LOGIN-5-LOGIN_SUCCESS: Login Success [user: si_nam_52343_p_004] [Source: 148.93.49.246] [localport: 22] at 17:26:25 UTC Sat Apr 1 2023
006634: Apr  1 17:29:45.275: %SYS-6-LOGOUT: User si_nam_52343_p_004 has exited tty session 1(148.93.49.246)
006635: Apr  1 20:07:21.009: %SEC_LOGIN-5-LOGIN_SUCCESS: Login Success [user: si_nam_52343_p_004] [Source: 148.93.49.246] [localport: 22] at 20:07:21 UTC Sat Apr 1 2023
006636: Apr  1 20:07:27.058: %SYS-6-LOGOUT: User si_nam_52343_p_004 has exited tty session 1(148.93.49.246)
006637: Apr  2 04:15:31.594: %SEC_LOGIN-5-LOGIN_SUCCESS: Login Success [user: si_nam_52343_p_004] [Source: 148.93.49.246] [localport: 22] at 04:15:31 UTC Sun Apr 2 2023
006638: Apr  2 04:15:42.891: %SYS-6-LOGOUT: User si_nam_52343_p_004 has exited tty session 1(148.93.49.246)
006639: Apr  2 04:20:39.082: %SEC_LOGIN-5-LOGIN_SUCCESS: Login Success [user: si_nam_52343_p_004] [Source: 148.93.49.246] [localport: 22] at 04:20:39 UTC Sun Apr 2 2023
006640: Apr  2 04:20:46.679: %SYS-6-LOGOUT: User si_nam_52343_p_004 has exited tty session 1(148.93.49.246)
006641: Apr  2 06:14:23.493: %SEC_LOGIN-5-LOGIN_SUCCESS: Login Success [user: si_nam_52343_p_004] [Source: 148.93.49.246] [localport: 22] at 06:14:23 UTC Sun Apr 2 2023
006642: Apr  2 06:20:10.234: %SYS-6-LOGOUT: User si_nam_52343_p_004 has exited tty session 1(148.93.49.246)
006643: Apr  2 08:43:13.327: %SEC_LOGIN-5-LOGIN_SUCCESS: Login Success [user: si_nam_52343_p_004] [Source: 148.93.49.246] [localport: 22] at 08:43:13 UTC Sun Apr 2 2023
006644: Apr  2 08:43:23.913: %SYS-6-LOGOUT: User si_nam_52343_p_004 has exited tty session 1(148.93.49.246)
006645: Apr  2 08:44:16.561: %SEC_LOGIN-5-LOGIN_SUCCESS: Login Success [user: si_nam_52343_p_004] [Source: 148.93.49.246] [localport: 22] at 08:44:16 UTC Sun Apr 2 2023
006646: Apr  2 08:44:35.081: %SYS-6-LOGOUT: User si_nam_52343_p_004 has exited tty session 1(148.93.49.246)
006647: Apr  2 12:00:51.903: %SEC_LOGIN-5-LOGIN_SUCCESS: Login Success [user: si_nam_52343_p_004] [Source: 148.93.49.246] [localport: 22] at 12:00:51 UTC Sun Apr 2 2023
006648: Apr  2 12:00:53.023: %SYS-6-LOGOUT: User si_nam_52343_p_004 has exited tty session 1(148.93.49.246)
006649: Apr  2 17:29:47.889: %SEC_LOGIN-5-LOGIN_SUCCESS: Login Success [user: si_nam_52343_p_004] [Source: 148.93.49.246] [localport: 22] at 17:29:47 UTC Sun Apr 2 2023
006650: Apr  2 17:34:17.090: %SYS-6-LOGOUT: User si_nam_52343_p_004 has exited tty session 1(148.93.49.246)
006651: Apr  2 20:07:24.053: %SEC_LOGIN-5-LOGIN_SUCCESS: Login Success [user: si_nam_52343_p_004] [Source: 148.93.49.246] [localport: 22] at 20:07:24 UTC Sun Apr 2 2023
006652: Apr  2 20:07:30.395: %SYS-6-LOGOUT: User si_nam_52343_p_004 has exited tty session 1(148.93.49.246)
006653: Apr  3 04:00:49.518: %SEC_LOGIN-5-LOGIN_SUCCESS: Login Success [user: si_nam_52343_p_004] [Source: 148.93.49.246] [localport: 22] at 04:00:49 UTC Mon Apr 3 2023
006654: Apr  3 04:00:50.648: %SYS-6-LOGOUT: User si_nam_52343_p_004 has exited tty session 1(148.93.49.246)
006655: Apr  3 04:14:27.903: %SEC_LOGIN-5-LOGIN_SUCCESS: Login Success [user: si_nam_52343_p_004] [Source: 148.93.49.246] [localport: 22] at 04:14:27 UTC Mon Apr 3 2023
006656: Apr  3 04:14:29.385: %SYS-6-LOGOUT: User si_nam_52343_p_004 has exited tty session 1(148.93.49.246)
006657: Apr  3 05:28:19.900: %SEC_LOGIN-5-LOGIN_SUCCESS: Login Success [user: si_nam_52343_p_004] [Source: 148.93.49.246] [localport: 22] at 05:28:19 UTC Mon Apr 3 2023
006658: Apr  3 05:32:15.309: %SYS-6-LOGOUT: User si_nam_52343_p_004 has exited tty session 1(148.93.49.246)
006659: Apr  3 07:04:54.558: %SEC_LOGIN-5-LOGIN_SUCCESS: Login Success [user: si_nam_52343_p_004] [Source: 148.93.49.246] [localport: 22] at 07:04:54 UTC Mon Apr 3 2023
006660: Apr  3 07:05:00.499: %SYS-6-LOGOUT: User si_nam_52343_p_004 has exited tty session 1(148.93.49.246)
006661: Apr  3 07:05:42.112: %SEC_LOGIN-5-LOGIN_SUCCESS: Login Success [user: si_nam_52343_p_004] [Source: 148.93.49.246] [localport: 22] at 07:05:42 UTC Mon Apr 3 2023
006662: Apr  3 07:05:47.645: %SYS-6-LOGOUT: User si_nam_52343_p_004 has exited tty session 1(148.93.49.246)
006663: Apr  3 10:00:43.336: %SEC_LOGIN-5-LOGIN_SUCCESS: Login Success [user: si_nam_52343_p_004] [Source: 148.93.49.246] [localport: 22] at 10:00:43 UTC Mon Apr 3 2023
006664: Apr  3 10:00:46.631: %SYS-6-LOGOUT: User si_nam_52343_p_004 has exited tty session 1(148.93.49.246)
006665: Apr  3 12:01:09.548: %SEC_LOGIN-5-LOGIN_SUCCESS: Login Success [user: si_nam_52343_p_004] [Source: 148.93.49.246] [localport: 22] at 12:01:09 UTC Mon Apr 3 2023
006666: Apr  3 12:01:10.650: %SYS-6-LOGOUT: User si_nam_52343_p_004 has exited tty session 1(148.93.49.246)
006667: Apr  3 17:24:15.405: %SEC_LOGIN-5-LOGIN_SUCCESS: Login Success [user: si_nam_52343_p_004] [Source: 148.93.49.246] [localport: 22] at 17:24:15 UTC Mon Apr 3 2023
006668: Apr  3 17:26:20.187: %SYS-6-LOGOUT: User si_nam_52343_p_004 has exited tty session 1(148.93.49.246)
006669: Apr  3 20:06:34.827: %SEC_LOGIN-5-LOGIN_SUCCESS: Login Success [user: si_nam_52343_p_004] [Source: 148.93.49.246] [localport: 22] at 20:06:34 UTC Mon Apr 3 2023
006670: Apr  3 20:06:40.765: %SYS-6-LOGOUT: User si_nam_52343_p_004 has exited tty session 1(148.93.49.246)
006671: Apr  4 01:34:00.673: %SEC_LOGIN-5-LOGIN_SUCCESS: Login Success [user: si_nam_52343_p_004] [Source: 148.93.49.246] [localport: 22] at 01:34:00 UTC Tue Apr 4 2023
006672: Apr  4 01:34:36.255: %SYS-6-LOGOUT: User si_nam_52343_p_004 has exited tty session 1(148.93.49.246)
006673: Apr  4 04:11:27.007: %SEC_LOGIN-5-LOGIN_SUCCESS: Login Success [user: si_nam_52343_p_004] [Source: 148.93.49.246] [localport: 22] at 04:11:27 UTC Tue Apr 4 2023
006674: Apr  4 04:11:34.099: %SYS-6-LOGOUT: User si_nam_52343_p_004 has exited tty session 1(148.93.49.246)
006675: Apr  4 04:14:18.178: %SEC_LOGIN-5-LOGIN_SUCCESS: Login Success [user: si_nam_52343_p_004] [Source: 148.93.49.246] [localport: 22] at 04:14:18 UTC Tue Apr 4 2023
006676: Apr  4 04:14:23.961: %SYS-6-LOGOUT: User si_nam_52343_p_004 has exited tty session 1(148.93.49.246)
006677: Apr  4 06:02:00.947: %SEC_LOGIN-5-LOGIN_SUCCESS: Login Success [user: si_nam_52343_p_004] [Source: 148.93.49.246] [localport: 22] at 06:02:00 UTC Tue Apr 4 2023
006678: Apr  4 06:07:38.932: %SYS-6-LOGOUT: User si_nam_52343_p_004 has exited tty session 1(148.93.49.246)
006679: Apr  4 09:12:38.555: %SEC_LOGIN-5-LOGIN_SUCCESS: Login Success [user: si_nam_52343_p_004] [Source: 148.93.49.246] [localport: 22] at 09:12:38 UTC Tue Apr 4 2023
006680: Apr  4 09:12:44.486: %SYS-6-LOGOUT: User si_nam_52343_p_004 has exited tty session 1(148.93.49.246)
006681: Apr  4 09:13:18.822: %SEC_LOGIN-5-LOGIN_SUCCESS: Login Success [user: si_nam_52343_p_004] [Source: 148.93.49.246] [localport: 22] at 09:13:18 UTC Tue Apr 4 2023
006682: Apr  4 09:13:22.338: %SYS-6-LOGOUT: User si_nam_52343_p_004 has exited tty session 1(148.93.49.246)
006683: Apr  4 12:00:49.823: %SEC_LOGIN-5-LOGIN_SUCCESS: Login Success [user: si_nam_52343_p_004] [Source: 148.93.49.246] [localport: 22] at 12:00:49 UTC Tue Apr 4 2023
006684: Apr  4 12:00:50.844: %SYS-6-LOGOUT: User si_nam_52343_p_004 has exited tty session 1(148.93.49.246)
006685: Apr  4 17:23:39.574: %SEC_LOGIN-5-LOGIN_SUCCESS: Login Success [user: si_nam_52343_p_004] [Source: 148.93.49.246] [localport: 22] at 17:23:39 UTC Tue Apr 4 2023
006686: Apr  4 17:26:07.176: %SYS-6-LOGOUT: User si_nam_52343_p_004 has exited tty session 1(148.93.49.246)
006687: Apr  4 20:05:58.010: %SEC_LOGIN-5-LOGIN_SUCCESS: Login Success [user: si_nam_52343_p_004] [Source: 148.93.49.246] [localport: 22] at 20:05:58 UTC Tue Apr 4 2023
006688: Apr  4 20:06:01.888: %SYS-6-LOGOUT: User si_nam_52343_p_004 has exited tty session 1(148.93.49.246)
006689: Apr  5 04:13:13.795: %SEC_LOGIN-5-LOGIN_SUCCESS: Login Success [user: si_nam_52343_p_004] [Source: 148.93.49.246] [localport: 22] at 04:13:13 UTC Wed Apr 5 2023
006690: Apr  5 04:13:22.744: %SYS-6-LOGOUT: User si_nam_52343_p_004 has exited tty session 1(148.93.49.246)
006691: Apr  5 06:37:06.616: %SEC_LOGIN-5-LOGIN_SUCCESS: Login Success [user: si_nam_52343_p_004] [Source: 148.93.49.246] [localport: 22] at 06:37:06 UTC Wed Apr 5 2023
006692: Apr  5 06:43:41.021: %SYS-6-LOGOUT: User si_nam_52343_p_004 has exited tty session 1(148.93.49.246)
006693: Apr  5 09:26:36.120: %SEC_LOGIN-5-LOGIN_SUCCESS: Login Success [user: si_nam_52343_p_004] [Source: 148.93.49.246] [localport: 22] at 09:26:36 UTC Wed Apr 5 2023
006694: Apr  5 09:26:45.505: %SYS-6-LOGOUT: User si_nam_52343_p_004 has exited tty session 1(148.93.49.246)
006695: Apr  5 09:27:39.001: %SEC_LOGIN-5-LOGIN_SUCCESS: Login Success [user: si_nam_52343_p_004] [Source: 148.93.49.246] [localport: 22] at 09:27:39 UTC Wed Apr 5 2023
006696: Apr  5 09:27:51.479: %SYS-6-LOGOUT: User si_nam_52343_p_004 has exited tty session 1(148.93.49.246)
006697: Apr  5 10:07:06.119: %SEC_LOGIN-5-LOGIN_SUCCESS: Login Success [user: si_nam_52343_p_004] [Source: 148.93.49.246] [localport: 22] at 10:07:06 UTC Wed Apr 5 2023
006698: Apr  5 10:07:10.318: %SYS-6-LOGOUT: User si_nam_52343_p_004 has exited tty session 1(148.93.49.246)
006699: Apr  5 12:02:22.218: %SEC_LOGIN-5-LOGIN_SUCCESS: Login Success [user: si_nam_52343_p_004] [Source: 148.93.49.246] [localport: 22] at 12:02:22 UTC Wed Apr 5 2023
006700: Apr  5 12:02:24.790: %SYS-6-LOGOUT: User si_nam_52343_p_004 has exited tty session 1(148.93.49.246)
006701: Apr  5 17:28:18.605: %SEC_LOGIN-5-LOGIN_SUCCESS: Login Success [user: si_nam_52343_p_004] [Source: 148.93.49.246] [localport: 22] at 17:28:18 UTC Wed Apr 5 2023
006702: Apr  5 17:31:42.582: %SYS-6-LOGOUT: User si_nam_52343_p_004 has exited tty session 1(148.93.49.246)
006703: Apr  5 20:05:21.525: %SEC_LOGIN-5-LOGIN_SUCCESS: Login Success [user: si_nam_52343_p_004] [Source: 148.93.49.246] [localport: 22] at 20:05:21 UTC Wed Apr 5 2023
006704: Apr  5 20:05:26.393: %SYS-6-LOGOUT: User si_nam_52343_p_004 has exited tty session 1(148.93.49.246)
006705: Apr  6 04:14:06.808: %SEC_LOGIN-5-LOGIN_SUCCESS: Login Success [user: si_nam_52343_p_004] [Source: 148.93.49.246] [localport: 22] at 04:14:06 UTC Thu Apr 6 2023
006706: Apr  6 04:14:14.856: %SYS-6-LOGOUT: User si_nam_52343_p_004 has exited tty session 1(148.93.49.246)
006707: Apr  6 04:18:11.893: %SEC_LOGIN-5-LOGIN_SUCCESS: Login Success [user: si_nam_52343_p_004] [Source: 148.93.49.246] [localport: 22] at 04:18:11 UTC Thu Apr 6 2023
006708: Apr  6 04:18:22.129: %SYS-6-LOGOUT: User si_nam_52343_p_004 has exited tty session 1(148.93.49.246)
006709: Apr  6 06:04:54.853: %SEC_LOGIN-5-LOGIN_SUCCESS: Login Success [user: si_nam_52343_p_004] [Source: 148.93.49.246] [localport: 22] at 06:04:54 UTC Thu Apr 6 2023
006710: Apr  6 06:09:44.754: %SYS-6-LOGOUT: User si_nam_52343_p_004 has exited tty session 1(148.93.49.246)
006711: Apr  6 08:48:52.902: %SEC_LOGIN-5-LOGIN_SUCCESS: Login Success [user: si_nam_52343_p_004] [Source: 148.93.49.246] [localport: 22] at 08:48:52 UTC Thu Apr 6 2023
006712: Apr  6 08:49:03.226: %SYS-6-LOGOUT: User si_nam_52343_p_004 has exited tty session 1(148.93.49.246)
006713: Apr  6 08:49:57.536: %SEC_LOGIN-5-LOGIN_SUCCESS: Login Success [user: si_nam_52343_p_004] [Source: 148.93.49.246] [localport: 22] at 08:49:57 UTC Thu Apr 6 2023
006714: Apr  6 08:50:12.355: %SYS-6-LOGOUT: User si_nam_52343_p_004 has exited tty session 1(148.93.49.246)
006715: Apr  6 12:00:56.312: %SEC_LOGIN-5-LOGIN_SUCCESS: Login Success [user: si_nam_52343_p_004] [Source: 148.93.49.246] [localport: 22] at 12:00:56 UTC Thu Apr 6 2023
006716: Apr  6 12:00:57.373: %SYS-6-LOGOUT: User si_nam_52343_p_004 has exited tty session 1(148.93.49.246)
006717: Apr  6 13:28:23.230: %SEC_LOGIN-5-LOGIN_SUCCESS: Login Success [user: as_rzclwb] [Source: 130.172.129.8] [localport: 22] at 13:28:23 UTC Thu Apr 6 2023
006718: Apr  6 14:53:56.439: %SEC_LOGIN-5-LOGIN_SUCCESS: Login Success [user: as_rzclwb] [Source: 148.93.49.21] [localport: 22] at 14:53:56 UTC Thu Apr 6 2023
006719: Apr  6 14:56:39.636: %SYS-6-LOGOUT: User as_rzclwb has exited tty session 2(148.93.49.21)
006720: Apr  6 15:20:12.332: %SYS-6-TTY_EXPIRE_TIMER: (exec timer expired, tty 1 (130.172.129.8)), user as_rzclwb
006721: Apr  6 15:20:12.332: %SYS-6-LOGOUT: User as_rzclwb has exited tty session 1(130.172.129.8)
006722: Apr  6 15:55:56.429: %SEC_LOGIN-5-LOGIN_SUCCESS: Login Success [user: as_cz507f] [Source: 148.93.114.216] [localport: 22] at 15:55:56 UTC Thu Apr 6 2023
tmxcrlasw201#!

tmxcrlasw201#sh run
Building configuration...

Current configuration : 32040 bytes
!
! Last configuration change at 18:22:07 UTC Wed Mar 15 2023 by as_nzn6x2
! NVRAM config last updated at 18:22:41 UTC Wed Mar 15 2023 by as_nzn6x2
!
version 16.12
service nagle
no service pad
service tcp-keepalives-in
service tcp-keepalives-out
service timestamps debug datetime msec localtime
service timestamps log datetime msec localtime
service password-encryption
service sequence-numbers
service call-home
platform punt-keepalive disable-kernel-core
!
hostname tmxcrlasw201
!
!
vrf definition Mgmt-vrf
 !
 address-family ipv4
 exit-address-family
 !
 address-family ipv6
 exit-address-family
!
logging discriminator FILTER msg-body drops DOT1X-5|MAB-5|SESSION_MGR-5
logging buffered discriminator FILTER 40960 informational
logging persistent url flash:/syslog size 5120000 filesize 500000 immediate
no logging console
logging monitor informational
enable secret 9 $9$dzSKX/KLo.JjQ.$KIBmS83/hdgqPvjmx8EmwzXepBHQOPlelkm.bUrzQbc
!
aaa new-model
!
!
aaa authentication attempts login 6
aaa authentication login default group tacacs+ line
aaa authentication enable default group tacacs+ enable
aaa authorization exec default group tacacs+ local if-authenticated 
aaa authorization commands 15 default local group tacacs+ if-authenticated 
aaa accounting dot1x default start-stop group radius
aaa accounting exec default stop-only group tacacs+
aaa accounting commands 15 default stop-only group tacacs+
aaa accounting network default stop-only group tacacs+
!
!
!
!
!
!
aaa session-id common
stack-mac persistent timer 0
switch 1 provision c9300-48uxm
!
!
!
!
call-home
 ! If contact email address in call-home is configured as sch-smart-licensing@cisco.com
 ! the email address configured in Cisco Smart License Portal will be used as contact email address to send SCH notifications.
 contact-email-addr sch-smart-licensing@cisco.com
 no http secure server-identity-check
 profile "CiscoTAC-1"
  no reporting smart-licensing-data
  destination transport-method http
  no destination transport-method email
 profile "Site-Engineering-LAN"
  reporting smart-licensing-data
  destination transport-method http
  no destination transport-method email
  destination address http https://148.93.145.110:443/Transportgateway/services/DeviceRequestHandler 
no ip source-route
ip routing
!
!
!
!
!
ip name-server 164.56.50.7
no ip domain lookup
ip domain name tmx.nam.gm.com
!
!
!
login on-success log
!
!
!
!
!
!
!
vtp domain nmxtmx
vtp mode transparent
udld aggressive

no device-tracking logging theft
!
crypto pki trustpoint SLA-TrustPoint
 enrollment terminal
 revocation-check none
!
crypto pki trustpoint TP-self-signed-729424621
 enrollment selfsigned
 subject-name cn=IOS-Self-Signed-Certificate-729424621
 revocation-check none
 rsakeypair TP-self-signed-729424621
!
!
crypto pki certificate chain SLA-TrustPoint
 certificate ca 01
  30820321 30820209 A0030201 02020101 300D0609 2A864886 F70D0101 0B050030 
  32310E30 0C060355 040A1305 43697363 6F312030 1E060355 04031317 43697363 
  6F204C69 63656E73 696E6720 526F6F74 20434130 1E170D31 33303533 30313934 
  3834375A 170D3338 30353330 31393438 34375A30 32310E30 0C060355 040A1305 
  43697363 6F312030 1E060355 04031317 43697363 6F204C69 63656E73 696E6720 
  526F6F74 20434130 82012230 0D06092A 864886F7 0D010101 05000382 010F0030 
  82010A02 82010100 A6BCBD96 131E05F7 145EA72C 2CD686E6 17222EA1 F1EFF64D 
  CBB4C798 212AA147 C655D8D7 9471380D 8711441E 1AAF071A 9CAE6388 8A38E520 
  1C394D78 462EF239 C659F715 B98C0A59 5BBB5CBD 0CFEBEA3 700A8BF7 D8F256EE 
  4AA4E80D DB6FD1C9 60B1FD18 FFC69C96 6FA68957 A2617DE7 104FDC5F EA2956AC 
  7390A3EB 2B5436AD C847A2C5 DAB553EB 69A9A535 58E9F3E3 C0BD23CF 58BD7188 
  68E69491 20F320E7 948E71D7 AE3BCC84 F10684C7 4BC8E00F 539BA42B 42C68BB7 
  C7479096 B4CB2D62 EA2F505D C7B062A4 6811D95B E8250FC4 5D5D5FB8 8F27D191 
  C55F0D76 61F9A4CD 3D992327 A8BB03BD 4E6D7069 7CBADF8B DF5F4368 95135E44 
  DFC7C6CF 04DD7FD1 02030100 01A34230 40300E06 03551D0F 0101FF04 04030201 
  06300F06 03551D13 0101FF04 05300301 01FF301D 0603551D 0E041604 1449DC85 
  4B3D31E5 1B3E6A17 606AF333 3D3B4C73 E8300D06 092A8648 86F70D01 010B0500 
  03820101 00507F24 D3932A66 86025D9F E838AE5C 6D4DF6B0 49631C78 240DA905 
  604EDCDE FF4FED2B 77FC460E CD636FDB DD44681E 3A5673AB 9093D3B1 6C9E3D8B 
  D98987BF E40CBD9E 1AECA0C2 2189BB5C 8FA85686 CD98B646 5575B146 8DFC66A8 
  467A3DF4 4D565700 6ADF0F0D CF835015 3C04FF7C 21E878AC 11BA9CD2 55A9232C 
  7CA7B7E6 C1AF74F6 152E99B7 B1FCF9BB E973DE7F 5BDDEB86 C71E3B49 1765308B 
  5FB0DA06 B92AFE7F 494E8A9E 07B85737 F3A58BE1 1A48A229 C37C1E69 39F08678 
  80DDCD16 D6BACECA EEBC7CF9 8428787B 35202CDC 60E4616A B623CDBD 230E3AFB 
  418616A9 4093E049 4D10AB75 27E86F73 932E35B5 8862FDAE 0275156F 719BB2F0 
  D697DF7F 28
  	quit
crypto pki certificate chain TP-self-signed-729424621
 certificate self-signed 01
  3082032E 30820216 A0030201 02020101 300D0609 2A864886 F70D0101 05050030 
  30312E30 2C060355 04031325 494F532D 53656C66 2D536967 6E65642D 43657274 
  69666963 6174652D 37323934 32343632 31301E17 0D323230 34303132 30303932 
  315A170D 33303031 30313030 30303030 5A303031 2E302C06 03550403 1325494F 
  532D5365 6C662D53 69676E65 642D4365 72746966 69636174 652D3732 39343234 
  36323130 82012230 0D06092A 864886F7 0D010101 05000382 010F0030 82010A02 
  82010100 A12A62EB 20E8BBEE 983D0166 5845EEF8 518CE72C F31F51E4 D9E38EB6 
  94E7D0F5 0C737F08 90773A76 F31C9817 6C0ED9CC D888ADB0 521FB434 340BDDDE 
  3EC2CBF8 08E420CB 499B4281 DDA99C9D 3D0375A1 45757457 4E97DF33 B3CC57AB 
  562DDEAE 83213ED2 1E240C8B 0F809C02 BB0E857D 0E09A125 1CDCB7B1 39B7F56B 
  8A72EB9E 88F58AAB 1817CF87 1CCA7332 89E34D5E D2491648 53B92672 085ED689 
  D2E7AB84 A2D3E693 63AC90DE FD03CB15 DC97951F 1AFB3477 6D4FF20E 6C6A6F91 
  11757F86 EAC8A8F5 8B1C9D4B 0D5B110F D09A8D61 4FD0FD72 D746F1DD 0E66344F 
  029C63D5 87AE5DB4 4B4CE477 8FC96073 DFC967AD D05A3B09 0ACD077A 6E7F196D 
  E952BA75 02030100 01A35330 51300F06 03551D13 0101FF04 05300301 01FF301F 
  0603551D 23041830 16801406 200EC687 0EEC715B 796DB271 06866F6E B8A0C530 
  1D060355 1D0E0416 04140620 0EC6870E EC715B79 6DB27106 866F6EB8 A0C5300D 
  06092A86 4886F70D 01010505 00038201 010013A0 B9F0F995 4380EEDE DEABC496 
  EDBF57A4 140AE472 41F7FB0D EEBD9DBC B9C66607 535A4388 3DA53A3C 794818E8 
  3F839FA6 48C7C87E 2CFA46FA 67AA8529 92674DC4 AEE85F66 71F29D91 72429240 
  0594F7E5 7AEBDF19 8451BA48 9F3355B8 0881FFA5 CE5BF856 B42A8AF8 D67EC385 
  6713C9A5 B6F8A986 2D8A68B3 F7B808CB 54843279 EFD86A7E C919C648 BF466D4F 
  A4963530 421386A7 94789E80 8E5A5391 53B07846 E22DFCC1 6BECA713 3C347D19 
  E4D47E60 BB96916D 22F8F3FE 55BFB63C 8595C466 D2CDC4BE 1A7363BE 9A53E7A6 
  CF1517F8 6EE2A46C 6D4F58EC 0447BC1C 9B91D09C B6602570 CFA66CA3 C99AAD01 
  19A01AFA BA430594 F6A36A80 A7F5A34A 7D08
  	quit
!
!
system mtu 9100
license boot level network-advantage addon dna-advantage
!
!
diagnostic bootup level complete
!
spanning-tree mode rapid-pvst
spanning-tree loopguard default
spanning-tree portfast bpduguard default
spanning-tree extend system-id
memory free low-watermark processor 134335
!
errdisable recovery cause udld
errdisable recovery cause bpduguard
errdisable recovery cause security-violation
errdisable recovery cause channel-misconfig
errdisable recovery cause pagp-flap
errdisable recovery cause dtp-flap
errdisable recovery cause link-flap
errdisable recovery cause sfp-config-mismatch
errdisable recovery cause gbic-invalid
errdisable recovery cause l2ptguard
errdisable recovery cause psecure-violation
errdisable recovery cause port-mode-failure
errdisable recovery cause dhcp-rate-limit
errdisable recovery cause pppoe-ia-rate-limit
errdisable recovery cause mac-limit
errdisable recovery cause storm-control
errdisable recovery cause inline-power
errdisable recovery cause arp-inspection
errdisable recovery cause link-monitor-failure
errdisable recovery cause oam-remote-failure
errdisable recovery cause loopback
errdisable recovery cause psp
errdisable recovery cause mrp-miscabling
errdisable recovery interval 1200
!
redundancy
 mode sso
!
!
!
!
!
transceiver type all
 monitoring
!
vlan 105
 name Server-BuR
!
vlan 218
 name Server_Mgmt
!
vlan 401
 name Iman_Engineering
!
vlan 500
 name NMXTMX;VL500;TOLUCA_PDC
!
vlan 800
 name Multi_TC_L2_Switch_Mgt_VLAN
!
vlan 999
 name Unused_ports
lldp run
!
!
class-map match-any system-cpp-police-ewlc-control
  description EWLC Control 
class-map match-any system-cpp-police-topology-control
  description Topology control
class-map match-any system-cpp-police-sw-forward
  description Sw forwarding, L2 LVX data packets, LOGGING, Transit Traffic
class-map match-any system-cpp-default
  description EWLC Data, Inter FED Traffic 
class-map match-any system-cpp-police-sys-data
  description Openflow, Exception, EGR Exception, NFL Sampled Data, RPF Failed
class-map match-any system-cpp-police-punt-webauth
  description Punt Webauth
class-map match-any system-cpp-police-l2lvx-control
  description L2 LVX control packets
class-map match-any system-cpp-police-forus
  description Forus Address resolution and Forus traffic
class-map match-any system-cpp-police-multicast-end-station
  description MCAST END STATION
class-map match-any system-cpp-police-high-rate-app
  description High Rate Applications 
class-map match-any system-cpp-police-multicast
  description MCAST Data
class-map match-any system-cpp-police-l2-control
  description L2 control
class-map match-any system-cpp-police-dot1x-auth
  description DOT1X Auth
class-map match-any system-cpp-police-data
  description ICMP redirect, ICMP_GEN and BROADCAST
class-map match-any system-cpp-police-stackwise-virt-control
  description Stackwise Virtual OOB
class-map match-any non-client-nrt-class
class-map match-any system-cpp-police-routing-control
  description Routing control and Low Latency
class-map match-any system-cpp-police-protocol-snooping
  description Protocol snooping
class-map match-any system-cpp-police-dhcp-snooping
  description DHCP snooping
class-map match-any system-cpp-police-ios-routing
  description L2 control, Topology control, Routing control, Low Latency
class-map match-any system-cpp-police-system-critical
  description System Critical and Gold Pkt
class-map match-any system-cpp-police-ios-feature
  description ICMPGEN,BROADCAST,ICMP,L2LVXCntrl,ProtoSnoop,PuntWebauth,MCASTData,Transit,DOT1XAuth,Swfwd,LOGGING,L2LVXData,ForusTraffic,ForusARP,McastEndStn,Openflow,Exception,EGRExcption,NflSampled,RpfFailed
!
policy-map system-cpp-policy
!
! 
!
!
!
!
!
!
!
!
!
interface Port-channel20
 description Netapp
 switchport trunk native vlan 999
 switchport trunk allowed vlan 105,218,401
 switchport mode trunk
 speed 1000
!
interface Port-channel55
 description link-tmxcrlcrt001-Twe2/0/1
 switchport trunk allowed vlan 105,218,401,500,800
 switchport mode trunk
 speed nonegotiate
 spanning-tree portfast disable
 ip dhcp snooping trust
!
interface Port-channel56
 description link-tmxcrlcrt002-Twe2/0/1
 switchport trunk allowed vlan 105,218,401,500,800
 switchport mode trunk
 speed nonegotiate
 spanning-tree portfast disable
 ip dhcp snooping trust
!
interface GigabitEthernet0/0
 description unused-port
 vrf forwarding Mgmt-vrf
 no ip address
 shutdown
 negotiation auto
!
interface TwoGigabitEthernet1/0/1
 description UPS-Monitoring01
 switchport access vlan 218
 switchport mode access
 no logging event link-status
 no snmp trap link-status
 no mdix auto
 spanning-tree portfast
!
interface TwoGigabitEthernet1/0/2
 description mxtoltcahpihs03-iDRAC
 switchport access vlan 218
 switchport mode access
 no logging event link-status
 no snmp trap link-status
 no mdix auto
 spanning-tree portfast
!
interface TwoGigabitEthernet1/0/3
 description tolipstsan001-ilo
 switchport access vlan 218
 switchport mode access
 no logging event link-status
 no snmp trap link-status
 no mdix auto
 spanning-tree portfast
!
interface TwoGigabitEthernet1/0/4
 description Netapp-Secondary
 switchport trunk native vlan 999
 switchport trunk allowed vlan 105,218,401
 switchport mode trunk
 no logging event link-status
 speed 1000
 no snmp trap link-status
 no mdix auto
 channel-group 20 mode active
 spanning-tree portfast
!
interface TwoGigabitEthernet1/0/5
 description Netapp-Secondary
 switchport trunk native vlan 999
 switchport trunk allowed vlan 105,218,401
 switchport mode trunk
 no logging event link-status
 speed 1000
 no snmp trap link-status
 no mdix auto
 channel-group 20 mode active
 spanning-tree portfast
!
interface TwoGigabitEthernet1/0/6
 description tolipstnap001-01-e0m-Mgt
 switchport access vlan 218
 switchport mode access
 no logging event link-status
 no snmp trap link-status
 no mdix auto
 spanning-tree portfast
!
interface TwoGigabitEthernet1/0/7
 description TOLIPPAGMND01-Pri
 switchport access vlan 500
 switchport mode access
 no logging event link-status
 no snmp trap link-status
 no mdix auto
 spanning-tree portfast
!
interface TwoGigabitEthernet1/0/8
 description TMXIPSTCS0001-eth3
 switchport access vlan 401
 switchport mode access
 no logging event link-status
 no snmp trap link-status
 no mdix auto
 spanning-tree portfast
!
interface TwoGigabitEthernet1/0/9
 description TOLIPEXGMO001-Primary
 switchport access vlan 500
 switchport mode access
 no logging event link-status
 no snmp trap link-status
 no mdix auto
 spanning-tree portfast
!
interface TwoGigabitEthernet1/0/10
 description TMXIPSTSAN001-mgmt0
 switchport access vlan 401
 switchport mode access
 no logging event link-status
 no snmp trap link-status
 no mdix auto
 spanning-tree portfast
!
interface TwoGigabitEthernet1/0/11
 description tolipstsan001-Mgt
 switchport access vlan 401
 switchport mode access
 no logging event link-status
 no snmp trap link-status
 no mdix auto
 spanning-tree portfast
!
interface TwoGigabitEthernet1/0/12
 description link_tmxptnmts001-Port1
 switchport access vlan 218
 switchport mode access
 no logging event link-status
 no snmp trap link-status
 no mdix auto
 spanning-tree portfast
!
interface TwoGigabitEthernet1/0/13
 description MXTMXBRSHPIBR01-S
 switchport access vlan 401
 switchport mode access
 no logging event link-status
 no snmp trap link-status
 no mdix auto
 spanning-tree portfast
!
interface TwoGigabitEthernet1/0/14
 description link-to-tmxptsbc01-mgmt0
 switchport access vlan 218
 switchport mode access
 no logging event link-status
 no snmp trap link-status
 no mdix auto
 spanning-tree portfast
!
interface TwoGigabitEthernet1/0/15
 description tolipphsad001
 switchport access vlan 500
 switchport mode access
 no logging event link-status
 no snmp trap link-status
 no mdix auto
 spanning-tree portfast
!
interface TwoGigabitEthernet1/0/16
 description link_tmxptflvn001
 switchport access vlan 218
 switchport mode access
 no logging event link-status
 no snmp trap link-status
 no mdix auto
 spanning-tree portfast
!
interface TwoGigabitEthernet1/0/17
 description PriSecureLogix-iDRAC
 switchport access vlan 218
 switchport mode access
 no logging event link-status
 no snmp trap link-status
 no mdix auto
 spanning-tree portfast
!
interface TwoGigabitEthernet1/0/18
 description tmxipphacc01-pri
 switchport access vlan 401
 switchport mode access
 no logging event link-status
 no snmp trap link-status
 no mdix auto
 spanning-tree portfast
!
interface TwoGigabitEthernet1/0/19
 description tmxipphacc02-pri
 switchport access vlan 401
 switchport mode access
 no logging event link-status
 no snmp trap link-status
 no mdix auto
 spanning-tree portfast
!
interface TwoGigabitEthernet1/0/20
 description tmxipphacc03-pri
 switchport access vlan 401
 switchport mode access
 no logging event link-status
 no snmp trap link-status
 no mdix auto
 spanning-tree portfast
!
interface TwoGigabitEthernet1/0/21
 description tmxipphacc04-pri
 switchport access vlan 401
 switchport mode access
 no logging event link-status
 no snmp trap link-status
 no mdix auto
 spanning-tree portfast
!
interface TwoGigabitEthernet1/0/22
 description available GT Infrastructure
 switchport access vlan 999
 switchport mode access
 no logging event link-status
 shutdown
 no snmp trap link-status
 no mdix auto
 spanning-tree portfast
!
interface TwoGigabitEthernet1/0/23
 description available GT Infrastructure
 switchport access vlan 999
 switchport mode access
 no logging event link-status
 shutdown
 no snmp trap link-status
 no mdix auto
 spanning-tree portfast
!
interface TwoGigabitEthernet1/0/24
 description available GT Infrastructure
 switchport access vlan 999
 switchport mode access
 no logging event link-status
 shutdown
 no snmp trap link-status
 no mdix auto
 spanning-tree portfast
!
interface TwoGigabitEthernet1/0/25
 description available GT Infrastructure
 switchport access vlan 999
 switchport mode access
 no logging event link-status
 shutdown
 no snmp trap link-status
 no mdix auto
 spanning-tree portfast
!
interface TwoGigabitEthernet1/0/26
 description available GT Infrastructure
 switchport access vlan 999
 switchport mode access
 no logging event link-status
 shutdown
 no snmp trap link-status
 no mdix auto
 spanning-tree portfast
!
interface TwoGigabitEthernet1/0/27
 description available GT Infrastructure
 switchport access vlan 999
 switchport mode access
 no logging event link-status
 shutdown
 no snmp trap link-status
 no mdix auto
 spanning-tree portfast
!
interface TwoGigabitEthernet1/0/28
 description available GT Infrastructure
 switchport access vlan 999
 switchport mode access
 no logging event link-status
 shutdown
 no snmp trap link-status
 no mdix auto
 spanning-tree portfast
!
interface TwoGigabitEthernet1/0/29
 description available GT Infrastructure
 switchport access vlan 999
 switchport mode access
 no logging event link-status
 shutdown
 no snmp trap link-status
 no mdix auto
 spanning-tree portfast
!
interface TwoGigabitEthernet1/0/30
 description available GT Infrastructure
 switchport access vlan 999
 switchport mode access
 no logging event link-status
 shutdown
 no snmp trap link-status
 no mdix auto
 spanning-tree portfast
!
interface TwoGigabitEthernet1/0/31
 description available GT Infrastructure
 switchport access vlan 999
 switchport mode access
 no logging event link-status
 shutdown
 no snmp trap link-status
 no mdix auto
 spanning-tree portfast
!
interface TwoGigabitEthernet1/0/32
 description available GT Infrastructure
 switchport access vlan 999
 switchport mode access
 no logging event link-status
 shutdown
 no snmp trap link-status
 no mdix auto
 spanning-tree portfast
!
interface TwoGigabitEthernet1/0/33
 description available GT Infrastructure
 switchport access vlan 999
 switchport mode access
 no logging event link-status
 shutdown
 no snmp trap link-status
 no mdix auto
 spanning-tree portfast
!
interface TwoGigabitEthernet1/0/34
 description available GT Infrastructure
 switchport access vlan 999
 switchport mode access
 no logging event link-status
 shutdown
 no snmp trap link-status
 no mdix auto
 spanning-tree portfast
!
interface TwoGigabitEthernet1/0/35
 description available GT Infrastructure
 switchport access vlan 999
 switchport mode access
 no logging event link-status
 shutdown
 no snmp trap link-status
 no mdix auto
 spanning-tree portfast
!
interface TwoGigabitEthernet1/0/36
 description available GT Infrastructure
 switchport access vlan 999
 switchport mode access
 no logging event link-status
 shutdown
 no snmp trap link-status
 no mdix auto
 spanning-tree portfast
!
interface TenGigabitEthernet1/0/37
 description available GT Infrastructure
 switchport access vlan 999
 switchport mode access
 no logging event link-status
 shutdown
 no snmp trap link-status
 no mdix auto
 spanning-tree portfast
!
interface TenGigabitEthernet1/0/38
 description available GT Infrastructure
 switchport access vlan 999
 switchport mode access
 no logging event link-status
 shutdown
 no snmp trap link-status
 no mdix auto
 spanning-tree portfast
!
interface TenGigabitEthernet1/0/39
 description available GT Infrastructure
 switchport access vlan 999
 switchport mode access
 no logging event link-status
 shutdown
 no snmp trap link-status
 no mdix auto
 spanning-tree portfast
!
interface TenGigabitEthernet1/0/40
 description available GT Infrastructure
 switchport access vlan 999
 switchport mode access
 no logging event link-status
 shutdown
 no snmp trap link-status
 no mdix auto
 spanning-tree portfast
!
interface TenGigabitEthernet1/0/41
 description available GT Infrastructure
 switchport access vlan 999
 switchport mode access
 no logging event link-status
 shutdown
 no snmp trap link-status
 no mdix auto
 spanning-tree portfast
!
interface TenGigabitEthernet1/0/42
 description available GT Infrastructure
 switchport access vlan 999
 switchport mode access
 no logging event link-status
 shutdown
 no snmp trap link-status
 no mdix auto
 spanning-tree portfast
!
interface TenGigabitEthernet1/0/43
 description available GT Infrastructure
 switchport access vlan 999
 switchport mode access
 no logging event link-status
 shutdown
 no snmp trap link-status
 no mdix auto
 spanning-tree portfast
!
interface TenGigabitEthernet1/0/44
 description available GT Infrastructure
 switchport access vlan 999
 switchport mode access
 no logging event link-status
 shutdown
 no snmp trap link-status
 no mdix auto
 spanning-tree portfast
!
interface TenGigabitEthernet1/0/45
 description available GT Infrastructure
 switchport access vlan 999
 switchport mode access
 no logging event link-status
 shutdown
 no snmp trap link-status
 no mdix auto
 spanning-tree portfast
!
interface TenGigabitEthernet1/0/46
 description available GT Infrastructure
 switchport access vlan 999
 switchport mode access
 no logging event link-status
 shutdown
 no snmp trap link-status
 no mdix auto
 spanning-tree portfast
!
interface TenGigabitEthernet1/0/47
 description available GT Infrastructure
 switchport access vlan 999
 switchport mode access
 no logging event link-status
 shutdown
 no snmp trap link-status
 no mdix auto
 spanning-tree portfast
!
interface TenGigabitEthernet1/0/48
 description available GT Infrastructure
 switchport access vlan 999
 switchport mode access
 no logging event link-status
 shutdown
 no snmp trap link-status
 no mdix auto
 spanning-tree portfast
!
interface GigabitEthernet1/1/1
 description Future GT Infrastructure
 switchport access vlan 999
 switchport mode access
 shutdown
 udld port aggressive
 spanning-tree portfast disable
!
interface GigabitEthernet1/1/2
 description Future GT Infrastructure
 switchport access vlan 999
 switchport mode access
 shutdown
 udld port aggressive
 spanning-tree portfast disable
!
interface GigabitEthernet1/1/3
 description Future GT Infrastructure
 switchport access vlan 999
 switchport mode access
 shutdown
 udld port aggressive
 spanning-tree portfast disable
!
interface GigabitEthernet1/1/4
 description Future GT Infrastructure
 switchport access vlan 999
 switchport mode access
 shutdown
 udld port aggressive
 spanning-tree portfast disable
!
interface TenGigabitEthernet1/1/1
 description Future GT Infrastructure
 switchport access vlan 999
 switchport mode access
 shutdown
 udld port aggressive
 spanning-tree portfast disable
!
interface TenGigabitEthernet1/1/2
 description Future GT Infrastructure
 switchport access vlan 999
 switchport mode access
 shutdown
 udld port aggressive
 spanning-tree portfast disable
!
interface TenGigabitEthernet1/1/3
 description Future GT Infrastructure
 switchport access vlan 999
 switchport mode access
 shutdown
 udld port aggressive
 spanning-tree portfast disable
!
interface TenGigabitEthernet1/1/4
 description Future GT Infrastructure
 switchport access vlan 999
 switchport mode access
 shutdown
 udld port aggressive
 spanning-tree portfast disable
!
interface TenGigabitEthernet1/1/5
 description Future GT Infrastructure
 switchport access vlan 999
 switchport mode access
 shutdown
 udld port aggressive
 spanning-tree portfast disable
!
interface TenGigabitEthernet1/1/6
 description Future GT Infrastructure
 switchport access vlan 999
 switchport mode access
 shutdown
 udld port aggressive
 spanning-tree portfast disable
!
interface TenGigabitEthernet1/1/7
 description Future GT Infrastructure
 switchport access vlan 999
 switchport mode access
 shutdown
 udld port aggressive
 spanning-tree portfast disable
!
interface TenGigabitEthernet1/1/8
 description Future GT Infrastructure
 switchport access vlan 999
 switchport mode access
 shutdown
 udld port aggressive
 spanning-tree portfast disable
!
interface FortyGigabitEthernet1/1/1
 description Future GT Infrastructure
 switchport access vlan 999
 switchport mode access
 shutdown
 udld port aggressive
 spanning-tree portfast disable
!
interface FortyGigabitEthernet1/1/2
 description Future GT Infrastructure
 switchport access vlan 999
 switchport mode access
 shutdown
 udld port aggressive
 spanning-tree portfast disable
!
interface TwentyFiveGigE1/1/1
 description link-tmxcrlcrt001-Twe2/0/1
 switchport trunk allowed vlan 105,218,401,500,800
 switchport mode trunk
 speed nonegotiate
 udld port aggressive
 channel-group 55 mode active
 spanning-tree portfast disable
 ip dhcp snooping trust
!
interface TwentyFiveGigE1/1/2
 description link-tmxcrlcrt002-Twe2/0/1
 switchport trunk allowed vlan 105,218,401,500,800
 switchport mode trunk
 speed 25000
 speed nonegotiate
 udld port aggressive
 channel-group 56 mode active
 spanning-tree portfast disable
 ip dhcp snooping trust
!
interface AppGigabitEthernet1/0/1
 description Unused GT Infrastructure
 shutdown
!
interface Vlan1
 no ip address
 shutdown
!
interface Vlan800
 ip address 172.20.113.201 255.255.255.240
 no ip redirects
 no ip unreachables
 no ip proxy-arp
!
no ip forward-protocol nd
no ip forward-protocol udp tftp
no ip forward-protocol udp nameserver
no ip forward-protocol udp domain
no ip forward-protocol udp time
no ip forward-protocol udp netbios-ns
no ip forward-protocol udp netbios-dgm
no ip forward-protocol udp tacacs
ip telnet source-interface Vlan800
no ip http server
ip http authentication local
no ip http secure-server
ip http client source-interface Vlan800
ip ftp source-interface Vlan800
ip tftp source-interface Vlan800
ip route 0.0.0.0 0.0.0.0 172.20.113.193
ip tacacs source-interface Vlan800 
ip ssh authentication-retries 5
ip ssh source-interface Vlan800
ip ssh version 2
!
!
!
logging source-interface Vlan800
logging host 148.93.49.21
logging host 130.172.129.8
logging host 148.93.115.30 transport udp port 5400
logging host 130.172.83.30 transport udp port 5400
ip access-list standard 25
 10 permit 0.0.0.0
ip access-list standard 90
 130 remark IO TV NetFlow Collector (Singapore W2)
 130 permit 10.147.94.37
 10 remark GM monitor/manage center in Warren
 10 permit 148.93.48.0 0.0.1.255
 20 permit 148.93.50.0 0.0.0.255
 30 permit 148.93.144.0 0.0.1.255
 40 permit 148.93.146.0 0.0.1.255
 50 permit 148.93.148.0 0.0.1.255
 60 remark GM monitor/manage center in Milford
 60 permit 130.172.128.0 0.0.1.255
 70 permit 130.172.130.0 0.0.0.255
 80 permit 130.172.100.0 0.0.1.255
 90 permit 130.172.36.0 0.0.1.255
 100 permit 130.172.42.0 0.0.1.255
 110 remark Global Plant HP NNMi Servers
 110 permit 10.0.11.203 0.255.0.0
 120 permit 10.0.139.203 0.255.0.0
ip access-list standard 91
 10 remark GM monitor/manage center in Warren
 10 permit 148.93.49.0 0.0.0.255
 20 permit 148.93.144.0 0.0.1.255
 30 permit 148.93.146.0 0.0.1.255
 40 permit 148.93.148.0 0.0.1.255
 50 remark GM monitor/manage center in Milford
 50 permit 130.172.129.0 0.0.0.255
 60 permit 130.172.100.0 0.0.1.255
 70 permit 130.172.36.0 0.0.1.255
 80 permit 130.172.42.0 0.0.1.255
ip access-list standard 93
 60 permit 10.14.9.251
 10 remark version 1.0
 10 remark GM monitor/manage center in Warren
 10 permit 148.93.114.0 0.0.0.255
 20 permit 148.93.49.0 0.0.0.255
 30 permit 148.93.144.0 0.0.1.255
 40 permit 148.93.146.0 0.0.1.255
 50 permit 148.93.148.0 0.0.1.255
 70 permit 148.93.50.0 0.0.0.255
 80 remark GM monitor/manage center in Milford
 80 permit 130.172.119.0 0.0.0.255
 90 permit 130.172.129.0 0.0.0.255
 100 permit 130.172.100.0 0.0.1.255
 110 permit 130.172.36.0 0.0.1.255
 120 permit 130.172.42.0 0.0.1.255
 130 remark GM monitor/manage center in Singapore
 130 permit 10.147.62.128 0.0.0.127
 140 permit 10.147.52.128 0.0.0.127
!
!
snmp-server group network-operator v3 auth 
snmp-server community Zeta2008XT RW 91
snmp-server community Delta4123R RO 90
snmp-server trap-source Vlan800
snmp-server location TC-nmxtmx|AV INDUSTRIAL MINERA 700|Toluca, Estado De Mexico|Building C|Floor 1|Data Center | X09
snmp-server contact GM GTSC (855)780-1125
snmp-server system-shutdown
snmp-server enable traps snmp authentication linkdown linkup coldstart warmstart
snmp-server enable traps ospf state-change
snmp-server enable traps ospf errors
snmp-server enable traps ospf retransmit
snmp-server enable traps ospf cisco-specific state-change nssa-trans-change
snmp-server enable traps ospf cisco-specific state-change shamlink interface
snmp-server enable traps ospf cisco-specific state-change shamlink neighbor
snmp-server enable traps ospf cisco-specific errors
snmp-server enable traps ospf cisco-specific retransmit
snmp-server enable traps eigrp
snmp-server enable traps vtp
snmp-server enable traps vlancreate
snmp-server enable traps stackwise
snmp-server enable traps flash insertion removal lowspace
snmp-server enable traps entity
snmp-server enable traps envmon
snmp-server enable traps ipsla
snmp-server enable traps config
snmp-server enable traps hsrp
snmp-server enable traps msdp
snmp-server enable traps pim neighbor-change rp-mapping-change invalid-pim-message
snmp-server enable traps bgp state-changes updown-limited
snmp-server enable traps rf
snmp-server host 130.172.129.252 informs version 3 auth snmpv3user 
snmp-server host 148.93.49.56 informs version 3 auth snmpv3user 
snmp-server host 130.172.129.252 version 2c Trap41String 
snmp-server host 148.93.49.56 version 2c Trap41String 
snmp-server host 130.172.129.252 version 3 auth snmpv3user 
snmp-server host 148.93.49.56 version 3 auth snmpv3user 
snmp ifmib ifalias long
snmp ifmib ifindex persist
tacacs-server directed-request
tacacs server GM-DCW-1
 address ipv4 148.93.49.176
 key 7 012A07037A2A5758024A5E003B2406263E38232F3176046020052A23323711595659035B1D041F3F40716347790042256A202E5F7C2B0608146F2C1F3D307F46
tacacs server GM-DCM-1
 address ipv4 130.172.129.176
 key 7 012A07037A2A5758024A5E003B2406263E38232F3176046020052A23323711595659035B1D041F3F40716347790042256A202E5F7C2B0608146F2C1F3D307F46
tacacs server GM-DCW-2
 address ipv4 148.93.49.177
 key 7 012A07037A2A5758024A5E003B2406263E38232F3176046020052A23323711595659035B1D041F3F40716347790042256A202E5F7C2B0608146F2C1F3D307F46
tacacs server GM-DCM-2
 address ipv4 130.172.129.177
 key 7 012A07037A2A5758024A5E003B2406263E38232F3176046020052A23323711595659035B1D041F3F40716347790042256A202E5F7C2B0608146F2C1F3D307F46
!
!
!
control-plane
 service-policy input system-cpp-policy
!
banner login ^C
********************************************************************
Use of this system is restricted to authorized users. User activity
is monitored and recorded by system personnel. Anyone using this
system expressly consents to such monitoring and recording. BE
ADVISED: if possible criminal activity is detected, system records,
along with certain personal information, may be provided to law
enforcement officials.
(Rev G5.30 ) Requires AS_Zid account
$(hostname)
********************************************************************
^C
!
line con 0
 session-timeout 15 
 exec-timeout 30 0
 password 7 08396F654C0B31003C380D5D2111362537
 stopbits 1
line vty 0 4
 session-timeout 15 
 access-class 93 in vrf-also
 exec-timeout 30 0
 password 7 08396F654C0B31003C380D5D2111362537
 transport input ssh
line vty 5 15
 session-timeout 15 
 access-class 93 in vrf-also
 exec-timeout 30 0
 password 7 08396F654C0B31003C380D5D2111362537
 transport input ssh
!
ntp source Vlan800
ntp server 10.68.65.96
ntp server 130.173.33.162
ntp server 164.56.50.7
!
mac address-table aging-time 1800
!
!
!
!
!
end

tmxcrlasw201#!