
tmxcrlast017#!

tmxcrlast017#term len 0

tmxcrlast017#!

tmxcrlast017#show boot
---------------------------
Switch 1
---------------------------
Current Boot Variables:
BOOT variable does not exist

Boot Variables on next reload:
BOOT variable = flash:packages.conf;
Manual Boot = no
Enable Break = no
Boot Mode = DEVICE
iPXE Timeout = 0
tmxcrlast017#!

tmxcrlast017#show version
Cisco IOS XE Software, Version 16.12.05b
Cisco IOS Software [Gibraltar], Catalyst L3 Switch Software (CAT9K_LITE_IOSXE), Version 16.12.5b, RELEASE SOFTWARE (fc3)
Technical Support: http://www.cisco.com/techsupport
Copyright (c) 1986-2021 by Cisco Systems, Inc.
Compiled Thu 25-Mar-21 13:16 by mcpre


Cisco IOS-XE software, Copyright (c) 2005-2021 by cisco Systems, Inc.
All rights reserved.  Certain components of Cisco IOS-XE software are
licensed under the GNU General Public License ("GPL") Version 2.0.  The
software code licensed under GPL Version 2.0 is free software that comes
with ABSOLUTELY NO WARRANTY.  You can redistribute and/or modify such
GPL code under the terms of GPL Version 2.0.  For more details, see the
documentation or "License Notice" file accompanying the IOS-XE software,
or the applicable URL provided on the flyer accompanying the IOS-XE
software.


ROM: IOS-XE ROMMON
BOOTLDR: System Bootstrap, Version 17.3.1r [FC3], RELEASE SOFTWARE (P) 

tmxcrlast017 uptime is 14 weeks, 4 days, 17 hours, 2 minutes
Uptime for this control processor is 14 weeks, 4 days, 17 hours, 3 minutes
System returned to ROM by Power Failure or Unknown at 19:44:32 zulu Thu Aug 11 2022
System restarted at 22:52:47 UTC Sat Dec 24 2022
System image file is "flash:packages.conf"
Last reload reason: Power Failure or Unknown



This product contains cryptographic features and is subject to United
States and local country laws governing import, export, transfer and
use. Delivery of Cisco cryptographic products does not imply
third-party authority to import, export, distribute or use encryption.
Importers, exporters, distributors and users are responsible for
compliance with U.S. and local country laws. By using this product you
agree to comply with applicable laws and regulations. If you are unable
to comply with U.S. and local laws, return this product immediately.

A summary of U.S. laws governing Cisco cryptographic products may be found at:
http://www.cisco.com/wwl/export/crypto/tool/stqrg.html

If you require further assistance please contact us by sending email to
export@cisco.com.


Technology Package License Information: 

------------------------------------------------------------------------------
Technology-package                                     Technology-package
Current                        Type                       Next reboot  
------------------------------------------------------------------------------
network-advantage   	Smart License                 	 network-advantage   
dna-advantage       	Subscription Smart License    	 dna-advantage                 


Smart Licensing Status: REGISTERED/AUTHORIZED

cisco C9200-24P (ARM64) processor with 648838K/3071K bytes of memory.
Processor board ID JAE24450CGC
12 Virtual Ethernet interfaces
28 Gigabit Ethernet interfaces
4 Ten Gigabit Ethernet interfaces
2048K bytes of non-volatile configuration memory.
4060240K bytes of physical memory.
819200K bytes of Crash Files at crashinfo:.
1941504K bytes of Flash at flash:.
0K bytes of WebUI ODM Files at webui:.

Base Ethernet MAC Address          : 54:9f:c6:46:14:80
Motherboard Assembly Number        : 73-18793-04
Motherboard Serial Number          : JAE24450CGC
Model Revision Number              : C1
Motherboard Revision Number        : B0
Model Number                       : C9200-24P
System Serial Number               : JAE24450CGC


Switch Ports Model              SW Version        SW Image              Mode   
------ ----- -----              ----------        ----------            ----   
*    1 32    C9200-24P          16.12.05b         CAT9K_LITE_IOSXE      INSTALL


Configuration register is 0x102

tmxcrlast017#!

tmxcrlast017#show clock
15:54:48.252 UTC Thu Apr 6 2023
tmxcrlast017#!

tmxcrlast017#show ntp status
Clock is synchronized, stratum 4, reference is 164.56.50.7    
nominal freq is 250.0000 Hz, actual freq is 250.0078 Hz, precision is 2**10
ntp uptime is 887409700 (1/100 of seconds), resolution is 4000
reference time is E7D962B8.16C8B478 (15:24:40.089 UTC Thu Apr 6 2023)
clock offset is -6.7284 msec, root delay is 61.31 msec
root dispersion is 40.65 msec, peer dispersion is 1.14 msec
loopfilter state is 'CTRL' (Normal Controlled Loop), drift is -0.000031377 s/s
system poll interval is 512, last update was 1808 sec ago.
tmxcrlast017#!

tmxcrlast017#show spanning-tree | include VLAN|this bridge
VLAN0300
VLAN1524
VLAN1525
VLAN2144
VLAN2145
VLAN2524
VLAN2525
tmxcrlast017#!

tmxcrlast017#show ip interface brief | exclude unassigned
Interface              IP-Address      OK? Method Status                Protocol
Vlan300                172.20.117.193  YES NVRAM  up                    up      
Vlan600                11.178.79.1     YES NVRAM  up                    down    
Vlan750                10.50.79.1      YES NVRAM  up                    down    
Vlan762                192.168.13.1    YES NVRAM  up                    down    
Vlan900                26.50.79.1      YES NVRAM  up                    down    
Vlan1524               10.50.120.49    YES NVRAM  up                    up      
Vlan1525               10.50.120.51    YES NVRAM  up                    up      
Vlan2144               192.168.251.49  YES NVRAM  up                    up      
Vlan2145               192.168.251.51  YES NVRAM  up                    up      
Vlan2524               26.50.120.49    YES NVRAM  up                    up      
Vlan2525               26.50.120.51    YES NVRAM  up                    up      
Loopback0              172.20.113.17   YES NVRAM  up                    up      
Loopback1              26.50.121.17    YES NVRAM  up                    up      
Loopback762            192.168.250.13  YES NVRAM  up                    up      
Tunnel0                10.50.120.49    YES unset  up                    up      
tmxcrlast017#!

tmxcrlast017#show interface counters errors

Port           Align-Err     FCS-Err    Xmit-Err     Rcv-Err  UnderSize  OutDiscards 
Gi1/0/1                0           0           0           0          0            0 
Gi1/0/2                0           0           0           0          0            0 
Gi1/0/3                0           0           0           0          0            0 
Gi1/0/4                0           0           0           0          0            0 
Gi1/0/5                0           0           0           0          0            0 
Gi1/0/6                0           0           0           0          0            0 
Gi1/0/7                0           0           0           0          0            0 
Gi1/0/8                0           0           0           0          0            0 
Gi1/0/9                0           0           0           0          0            0 
Gi1/0/10               0           0           0           0          0            0 
Gi1/0/11               0           0           0           0          0            0 
Gi1/0/12               0           0           0           0          0            0 
Gi1/0/13               0           0           0           0          0            0 
Gi1/0/14               0           0           0           0          0            0 
Gi1/0/15               0           0           0           0          0            0 
Gi1/0/16               0           0           0           0          0            0 
Gi1/0/17               0           0           0           0          0            0 
Gi1/0/18               0           0           0           0          0            0 
Gi1/0/19               0           0           0           0          0            0 
Gi1/0/20               0           0           0           0          0            0 
Gi1/0/21               0           0           0           0          0            0 
Gi1/0/22               0           0           0           0          0            0 
Gi1/0/23               0           0           0           0          0            0 
Gi1/0/24               0           0           0           0          0            0 
Gi1/1/1                0           0           0           0          0            0 
Gi1/1/2                0           0           0           0          0            0 
Gi1/1/3                0           0           0           0          0            0 
Gi1/1/4                0           0           0           0          0            0 

Port         Single-Col  Multi-Col   Late-Col  Excess-Col  Carri-Sen      Runts 
Gi1/0/1               0          0          0           0          0          0 
Gi1/0/2               0          0          0           0          0          0 
Gi1/0/3               0          0          0           0          0          0 
Gi1/0/4               0          0          0           0          0          0 
Gi1/0/5               0          0          0           0          0          0 
Gi1/0/6               0          0          0           0          0          0 
Gi1/0/7               0          0          0           0          0          0 
Gi1/0/8               0          0          0           0          0          0 
Gi1/0/9               0          0          0           0          0          0 
Gi1/0/10              0          0          0           0          0          0 
Gi1/0/11              0          0          0           0          0          0 
Gi1/0/12              0          0          0           0          0          0 
Gi1/0/13              0          0          0           0          0          0 
Gi1/0/14              0          0          0           0          0          0 
Gi1/0/15              0          0          0           0          0          0 
Gi1/0/16              0          0          0           0          0          0 
Gi1/0/17              0          0          0           0          0          0 
Gi1/0/18              0          0          0           0          0          0 
Gi1/0/19              0          0          0           0          0          0 
Gi1/0/20              0          0          0           0          0          0 
Gi1/0/21              0          0          0           0          0          0 
Gi1/0/22              0          0          0           0          0          0 
Gi1/0/23              0          0          0           0          0          0 
Gi1/0/24              0          0          0           0          0          0 
Gi1/1/1               0          0          0           0          0          0 
Gi1/1/2               0          0          0           0          0          0 
Gi1/1/3               0          0          0           0          0          0 
Gi1/1/4               0          0          0           0          0          0 
tmxcrlast017#!

tmxcrlast017#show ip route static
Codes: L - local, C - connected, S - static, R - RIP, M - mobile, B - BGP
       D - EIGRP, EX - EIGRP external, O - OSPF, IA - OSPF inter area 
       N1 - OSPF NSSA external type 1, N2 - OSPF NSSA external type 2
       E1 - OSPF external type 1, E2 - OSPF external type 2, m - OMP
       n - NAT, Ni - NAT inside, No - NAT outside, Nd - NAT DIA
       i - IS-IS, su - IS-IS summary, L1 - IS-IS level-1, L2 - IS-IS level-2
       ia - IS-IS inter area, * - candidate default, U - per-user static route
       H - NHRP, G - NHRP registered, g - NHRP registration summary
       o - ODR, P - periodic downloaded static route, l - LISP
       a - application route
       + - replicated route, % - next hop override, p - overrides from PfR

Gateway of last resort is 10.50.120.50 to network 0.0.0.0

tmxcrlast017#!

tmxcrlast017#show ip eigrp interface
EIGRP-IPv4 Interfaces for AS(1293)
                              Xmit Queue   PeerQ        Mean   Pacing Time   Multicast    Pending
Interface              Peers  Un/Reliable  Un/Reliable  SRTT   Un/Reliable   Flow Timer   Routes
Vl1524                   1        0/0       0/0           1       0/0           50           0
Vl1525                   1        0/0       0/0           1       0/0           50           0
EIGRP-IPv4 Interfaces for AS(900)
                              Xmit Queue   PeerQ        Mean   Pacing Time   Multicast    Pending
Interface              Peers  Un/Reliable  Un/Reliable  SRTT   Un/Reliable   Flow Timer   Routes
EIGRP-IPv4 Interfaces for AS(762)
                              Xmit Queue   PeerQ        Mean   Pacing Time   Multicast    Pending
Interface              Peers  Un/Reliable  Un/Reliable  SRTT   Un/Reliable   Flow Timer   Routes
tmxcrlast017#!

tmxcrlast017#show standby brief

tmxcrlast017#!

tmxcrlast017#show cdp neighbor
Capability Codes: R - Router, T - Trans Bridge, B - Source Route Bridge
                  S - Switch, H - Host, I - IGMP, r - Repeater, P - Phone, 
                  D - Remote, C - CVTA, M - Two-port Mac Relay 

Device ID        Local Intrfce     Holdtme    Capability  Platform  Port ID
tmxcrlcrt001-01-X9.tmx.nam.gm.com
                 Gig 1/1/1         153             R S I  C9500-48Y Twe 1/0/13
tmxcrlcrt002-01-Y9.tmx.nam.gm.com
                 Gig 1/1/2         127             R S I  C9500-48Y Twe 1/0/13
tmxcclaap075-ob-tkmrmp
                 Gig 1/0/4         149              R T   C9120AXE- Gig 0
tmxcclaap060-o5-wrehs
                 Gig 1/0/2         179              R T   C9120AXE- Gig 0
tmxcclaap061-p1-wrehs
                 Gig 1/0/3         128              R T   C9120AXE- Gig 0
tmxcclaap059-q9-wrehs
                 Gig 1/0/1         129              R T   C9120AXE- Gig 0

Total cdp entries displayed : 6
tmxcrlast017#!

tmxcrlast017#show lldp neighbor
Capability codes:
    (R) Router, (B) Bridge, (T) Telephone, (C) DOCSIS Cable Device
    (W) WLAN Access Point, (P) Repeater, (S) Station, (O) Other

Device ID           Local Intf     Hold-time  Capability      Port ID
tmxcrlcrt002-01-Y9.tGi1/1/2        120        B,R             Twe1/0/13
tmxcrlcrt001-01-X9.tGi1/1/1        120        B,R             Twe1/0/13
tmxcclaap060-o5-wrehGi1/0/2        120        B               0
tmxcclaap061-p1-wrehGi1/0/3        120        B               0
tmxcclaap059-q9-wrehGi1/0/1        120        B               0
tmxcclaap075-ob-tkmrGi1/0/4        120        B               0

Total entries displayed: 6

tmxcrlast017#!

tmxcrlast017#show vlan

VLAN Name                             Status    Ports
---- -------------------------------- --------- -------------------------------
1    default                          active    Gi1/0/5, Gi1/0/6, Gi1/0/7, Gi1/0/8, Gi1/0/9, Gi1/0/10, Gi1/0/11, Gi1/0/12, Gi1/0/13, Gi1/0/14, Gi1/0/15, Gi1/0/16, Gi1/0/17, Gi1/0/18, Gi1/0/19, Gi1/0/20, Gi1/0/21, Gi1/0/22, Gi1/0/23, Gi1/0/24
300  tmxcrlast017-vl300-ap            active    Gi1/0/1, Gi1/0/2, Gi1/0/3, Gi1/0/4
600  tmxcrlast017-vl600-voice         active    Gi1/0/5, Gi1/0/6, Gi1/0/7, Gi1/0/8, Gi1/0/9, Gi1/0/10, Gi1/0/11, Gi1/0/12, Gi1/0/13, Gi1/0/14, Gi1/0/15, Gi1/0/16, Gi1/0/17, Gi1/0/18, Gi1/0/19, Gi1/0/20, Gi1/0/21, Gi1/0/22, Gi1/0/23, Gi1/0/24
750  tmxcrlast017-vl750-gmol          active    
762  gm-security-camera-vrf           active    
900  tmxcrlast017-vl900-guest         active    
999  Unused                           active    Gi1/1/3, Gi1/1/4
1002 fddi-default                     act/unsup 
1003 token-ring-default               act/unsup 
1004 fddinet-default                  act/unsup 
1005 trnet-default                    act/unsup 
1524 Prod-PtoP-tmxcrlcrt001           active    
1525 Prod-PtoP-tmxcrlcrt002           active    
2144 gm-security-vrf-P2P-tmxcrlcrt001 active    
2145 gm-security-vrf-P2P-tmxcrlcrt002 active    
2524 VRF-PtoP-tmxcrlcrt001            active    
2525 VRF-PtoP-tmxcrlcrt002            active    

VLAN Type  SAID       MTU   Parent RingNo BridgeNo Stp  BrdgMode Trans1 Trans2
---- ----- ---------- ----- ------ ------ -------- ---- -------- ------ ------
1    enet  100001     1500  -      -      -        -    -        0      0   
300  enet  100300     1500  -      -      -        -    -        0      0   
600  enet  100600     1500  -      -      -        -    -        0      0   
750  enet  100750     1500  -      -      -        -    -        0      0   
762  enet  100762     1500  -      -      -        -    -        0      0   
900  enet  100900     1500  -      -      -        -    -        0      0   
999  enet  100999     1500  -      -      -        -    -        0      0   
1002 fddi  101002     1500  -      -      -        -    -        0      0   
1003 tr    101003     1500  -      -      -        -    -        0      0   
1004 fdnet 101004     1500  -      -      -        ieee -        0      0   
1005 trnet 101005     1500  -      -      -        ibm  -        0      0   
1524 enet  101524     1500  -      -      -        -    -        0      0   
1525 enet  101525     1500  -      -      -        -    -        0      0   
2144 enet  102144     1500  -      -      -        -    -        0      0   
2145 enet  102145     1500  -      -      -        -    -        0      0   
2524 enet  102524     1500  -      -      -        -    -        0      0   
2525 enet  102525     1500  -      -      -        -    -        0      0   

Remote SPAN VLANs
------------------------------------------------------------------------------


Primary Secondary Type              Ports
------- --------- ----------------- ------------------------------------------

tmxcrlast017#!

tmxcrlast017#sh int status

Port         Name               Status       Vlan       Duplex  Speed Type
Gi1/0/1      nmxtmx-t00e-0b5-la connected    300        a-full a-1000 10/100/1000BaseTX
Gi1/0/2      nmxtmx-t00e-0b5-la connected    300        a-full a-1000 10/100/1000BaseTX
Gi1/0/3      nmxtmx-t00e-0b5-la connected    300        a-full a-1000 10/100/1000BaseTX
Gi1/0/4      tmxcclaap075-ob-tk connected    300        a-full a-1000 10/100/1000BaseTX
Gi1/0/5      End-Device         disabled     1            auto   auto 10/100/1000BaseTX
Gi1/0/6      End-Device         disabled     1            auto   auto 10/100/1000BaseTX
Gi1/0/7      End-Device         disabled     1            auto   auto 10/100/1000BaseTX
Gi1/0/8      End-Device         disabled     1            auto   auto 10/100/1000BaseTX
Gi1/0/9      End-Device         disabled     1            auto   auto 10/100/1000BaseTX
Gi1/0/10     End-Device         disabled     1            auto   auto 10/100/1000BaseTX
Gi1/0/11     End-Device         disabled     1            auto   auto 10/100/1000BaseTX
Gi1/0/12     End-Device         disabled     1            auto   auto 10/100/1000BaseTX
Gi1/0/13     End-Device         disabled     1            auto   auto 10/100/1000BaseTX
Gi1/0/14     End-Device         disabled     1            auto   auto 10/100/1000BaseTX
Gi1/0/15     End-Device         disabled     1            auto   auto 10/100/1000BaseTX
Gi1/0/16     End-Device         disabled     1            auto   auto 10/100/1000BaseTX
Gi1/0/17     End-Device         disabled     1            auto   auto 10/100/1000BaseTX
Gi1/0/18     End-Device         disabled     1            auto   auto 10/100/1000BaseTX
Gi1/0/19     End-Device         disabled     1            auto   auto 10/100/1000BaseTX
Gi1/0/20     End-Device         disabled     1            auto   auto 10/100/1000BaseTX
Gi1/0/21     End-Device         disabled     1            auto   auto 10/100/1000BaseTX
Gi1/0/22     End-Device         disabled     1            auto   auto 10/100/1000BaseTX
Gi1/0/23     End-Device         disabled     1            auto   auto 10/100/1000BaseTX
Gi1/0/24     End-Device         disabled     1            auto   auto 10/100/1000BaseTX
Gi1/1/1      tmxcrlcrt001-Twe1/ connected    trunk        full   1000 1000BaseLX SFP
Gi1/1/2      tmxcrlcrt002-Twe1/ connected    trunk        full   1000 1000BaseLX SFP
Gi1/1/3      Unused GT Infrastr disabled     999          auto   auto unknown
Gi1/1/4      Unused GT Infrastr disabled     999          auto   auto unknown
tmxcrlast017#!

tmxcrlast017#show interface trunk

Port        Mode             Encapsulation  Status        Native vlan  
Gi1/1/1     on               802.1q         trunking      1
Gi1/1/2     on               802.1q         trunking      1

Port        Vlans allowed on trunk
Gi1/1/1     1524,2144,2524
Gi1/1/2     1525,2145,2525

Port        Vlans allowed and active in management domain
Gi1/1/1     1524,2144,2524
Gi1/1/2     1525,2145,2525

Port        Vlans in spanning tree forwarding state and not pruned
Gi1/1/1     1524,2144,2524
Gi1/1/2     1525,2145,2525
tmxcrlast017#!

tmxcrlast017#show interface status | inc connected
Gi1/0/1      nmxtmx-t00e-0b5-la connected    300        a-full a-1000 10/100/1000BaseTX
Gi1/0/2      nmxtmx-t00e-0b5-la connected    300        a-full a-1000 10/100/1000BaseTX
Gi1/0/3      nmxtmx-t00e-0b5-la connected    300        a-full a-1000 10/100/1000BaseTX
Gi1/0/4      tmxcclaap075-ob-tk connected    300        a-full a-1000 10/100/1000BaseTX
Gi1/1/1      tmxcrlcrt001-Twe1/ connected    trunk        full   1000 1000BaseLX SFP
Gi1/1/2      tmxcrlcrt002-Twe1/ connected    trunk        full   1000 1000BaseLX SFP
tmxcrlast017#!

tmxcrlast017#show power inline

Module   Available     Used     Remaining
          (Watts)     (Watts)    (Watts) 
------   ---------   --------   ---------
1           370.0      120.0       250.0
Interface Admin  Oper       Power   Device              Class Max
                            (Watts)                            
--------- ------ ---------- ------- ------------------- ----- ----
Gi1/0/1   auto   on         30.0    C9120AXE-A          4     30.0 
Gi1/0/2   auto   on         30.0    C9120AXE-A          4     30.0 
Gi1/0/3   auto   on         30.0    C9120AXE-A          4     30.0 
Gi1/0/4   auto   on         30.0    C9120AXE-A          4     30.0 
Gi1/0/5   auto   off        0.0     n/a                 n/a   30.0 
Gi1/0/6   auto   off        0.0     n/a                 n/a   30.0 
Gi1/0/7   auto   off        0.0     n/a                 n/a   30.0 
Gi1/0/8   auto   off        0.0     n/a                 n/a   30.0 
Gi1/0/9   auto   off        0.0     n/a                 n/a   30.0 
Gi1/0/10  auto   off        0.0     n/a                 n/a   30.0 
Gi1/0/11  auto   off        0.0     n/a                 n/a   30.0 
Gi1/0/12  auto   off        0.0     n/a                 n/a   30.0 
Gi1/0/13  auto   off        0.0     n/a                 n/a   30.0 
Gi1/0/14  auto   off        0.0     n/a                 n/a   30.0 
Gi1/0/15  auto   off        0.0     n/a                 n/a   30.0 
Gi1/0/16  auto   off        0.0     n/a                 n/a   30.0 
Gi1/0/17  auto   off        0.0     n/a                 n/a   30.0 
Gi1/0/18  auto   off        0.0     n/a                 n/a   30.0 
Gi1/0/19  auto   off        0.0     n/a                 n/a   30.0 
Gi1/0/20  auto   off        0.0     n/a                 n/a   30.0 
Gi1/0/21  auto   off        0.0     n/a                 n/a   30.0 
Gi1/0/22  auto   off        0.0     n/a                 n/a   30.0 
Gi1/0/23  auto   off        0.0     n/a                 n/a   30.0 
Gi1/0/24  auto   off        0.0     n/a                 n/a   30.0 
tmxcrlast017#!

tmxcrlast017#show interfaces | include Vlan
Vlan1 is administratively down, line protocol is down , Autostate Enabled
Vlan300 is up, line protocol is up , Autostate Enabled
Vlan600 is up, line protocol is down , Autostate Enabled
Vlan750 is up, line protocol is down , Autostate Enabled
Vlan762 is up, line protocol is down , Autostate Enabled
Vlan900 is up, line protocol is down , Autostate Enabled
Vlan1524 is up, line protocol is up , Autostate Enabled
Vlan1525 is up, line protocol is up , Autostate Enabled
Vlan2144 is up, line protocol is up , Autostate Enabled
Vlan2145 is up, line protocol is up , Autostate Enabled
Vlan2524 is up, line protocol is up , Autostate Enabled
Vlan2525 is up, line protocol is up , Autostate Enabled
  Interface is unnumbered. Using address of Vlan1524 (10.50.120.49)
  Tunnel source 10.50.120.49 (Vlan1524), destination 10.56.255.252
         Tunnel0 source tracking subblock associated with Vlan1524
          Set of tunnels with source Vlan1524, 1 member (includes iterators), on interface <OK>
tmxcrlast017#!

tmxcrlast017#show mac address-table
          Mac Address Table
-------------------------------------------

Vlan    Mac Address       Type        Ports
----    -----------       --------    -----
 All    0100.0ccc.cccc    STATIC      CPU
 All    0100.0ccc.cccd    STATIC      CPU
 All    0180.c200.0000    STATIC      CPU
 All    0180.c200.0001    STATIC      CPU
 All    0180.c200.0002    STATIC      CPU
 All    0180.c200.0003    STATIC      CPU
 All    0180.c200.0004    STATIC      CPU
 All    0180.c200.0005    STATIC      CPU
 All    0180.c200.0006    STATIC      CPU
 All    0180.c200.0007    STATIC      CPU
 All    0180.c200.0008    STATIC      CPU
 All    0180.c200.0009    STATIC      CPU
 All    0180.c200.000a    STATIC      CPU
 All    0180.c200.000b    STATIC      CPU
 All    0180.c200.000c    STATIC      CPU
 All    0180.c200.000d    STATIC      CPU
 All    0180.c200.000e    STATIC      CPU
 All    0180.c200.000f    STATIC      CPU
 All    0180.c200.0010    STATIC      CPU
 All    0180.c200.0021    STATIC      CPU
 All    ffff.ffff.ffff    STATIC      CPU
 300    549f.c646.14c7    STATIC      Vl300 
 300    84f1.4783.25f8    DYNAMIC     Gi1/0/3
 300    84f1.4783.a130    DYNAMIC     Gi1/0/4
 300    84f1.4783.a160    DYNAMIC     Gi1/0/1
 300    84f1.4783.a418    DYNAMIC     Gi1/0/2
 600    549f.c646.14d6    STATIC      Vl600 
 750    549f.c646.14f4    STATIC      Vl750 
 762    549f.c646.14f6    STATIC      Vl762 
 900    549f.c646.14c5    STATIC      Vl900 
1524    549f.c646.14d1    STATIC      Vl1524 
1524    549f.c6f4.8fbf    DYNAMIC     Gi1/1/1
1525    549f.c646.14fc    STATIC      Vl1525 
1525    b0c5.3c3e.04ff    DYNAMIC     Gi1/1/2
2144    549f.c646.14dc    STATIC      Vl2144 
2144    549f.c6f4.8fbf    DYNAMIC     Gi1/1/1
2145    549f.c646.14ce    STATIC      Vl2145 
2145    b0c5.3c3e.04ff    DYNAMIC     Gi1/1/2
2524    549f.c646.14e0    STATIC      Vl2524 
2524    549f.c6f4.8fbf    DYNAMIC     Gi1/1/1
2525    549f.c646.14c5    STATIC      Vl2525 
2525    b0c5.3c3e.04ff    DYNAMIC     Gi1/1/2
Total Mac Addresses for this criterion: 42
tmxcrlast017#!

tmxcrlast017#show switch detail
Switch/Stack Mac Address : 549f.c646.1480 - Local Mac Address
Mac persistency wait time: Indefinite
                                             H/W   Current
Switch#   Role    Mac Address     Priority Version  State 
-------------------------------------------------------------------------------------
*1       Active   549f.c646.1480     1      V01     Ready                



         Stack Port Status             Neighbors     
Switch#  Port 1     Port 2           Port 1   Port 2 
--------------------------------------------------------
  1       DOWN       DOWN             None     None

tmxcrlast017#!

tmxcrlast017#show env all
Switch	 FAN	 Speed	 State
---------------------------------------------------
  1  	  1	5340 	  OK
  1  	  2	5430 	  OK
Switch 1: SYSTEM TEMPERATURE is OK
Inlet Temperature Value: 27 Degree Celsius
Temperature State: GREEN
Yellow Threshold : 46 Degree Celsius
Red Threshold    : 56 Degree Celsius

Outlet Temperature Value: 33 Degree Celsius
Temperature State: GREEN
Yellow Threshold : 105 Degree Celsius
Red Threshold : 125 Degree Celsius

Hotspot Temperature Value: 40 Degree Celsius
Temperature State: GREEN
Yellow Threshold : 105 Degree Celsius
Red Threshold    : 125 Degree Celsius
SW  PID                 Serial#     Status           Sys Pwr  PoE Pwr  Watts
--  ------------------  ----------  ---------------  -------  -------  -----
1A  PWR-C6-600WAC       QCS24055A37  OK              Good     Good     600 
1B  Not Present

tmxcrlast017#!

tmxcrlast017#show ip arp
Protocol  Address          Age (min)  Hardware Addr   Type   Interface
Internet  10.50.79.1              -   549f.c646.14f4  ARPA   Vlan750
Internet  10.50.120.48            4   549f.c6f4.8fbf  ARPA   Vlan1524
Internet  10.50.120.49            -   549f.c646.14d1  ARPA   Vlan1524
Internet  10.50.120.50            7   b0c5.3c3e.04ff  ARPA   Vlan1525
Internet  10.50.120.51            -   549f.c646.14fc  ARPA   Vlan1525
Internet  11.178.79.1             -   549f.c646.14d6  ARPA   Vlan600
Internet  172.20.117.193          -   549f.c646.14c7  ARPA   Vlan300
Internet  172.20.117.194          0   84f1.4783.a418  ARPA   Vlan300
Internet  172.20.117.195          0   84f1.4783.a160  ARPA   Vlan300
Internet  172.20.117.196          0   84f1.4783.25f8  ARPA   Vlan300
Internet  172.20.117.197          0   84f1.4783.a130  ARPA   Vlan300
tmxcrlast017#!

tmxcrlast017#show arp | in Vlan((5)*[0-1][0-9])
Internet  10.50.120.48            4   549f.c6f4.8fbf  ARPA   Vlan1524
Internet  10.50.120.49            -   549f.c646.14d1  ARPA   Vlan1524
Internet  10.50.120.50            7   b0c5.3c3e.04ff  ARPA   Vlan1525
Internet  10.50.120.51            -   549f.c646.14fc  ARPA   Vlan1525
tmxcrlast017#!

tmxcrlast017#show license status
Smart Licensing is ENABLED

Utility:
  Status: DISABLED

Data Privacy:
  Sending Hostname: yes
    Callhome hostname privacy: DISABLED
    Smart Licensing hostname privacy: DISABLED
  Version privacy: DISABLED

Transport:
  Type: Callhome

Registration:
  Status: REGISTERED
  Smart Account: Mfg / Site Engineering-TZ / On-Prem
  Virtual Account: Default
  Export-Controlled Functionality: ALLOWED
  Initial Registration: SUCCEEDED on Aug 14 19:44:53 2022 UTC
  Last Renewal Attempt: SUCCEEDED on Mar 17 15:40:47 2023 UTC
  Next Renewal Attempt: Sep 13 15:40:46 2023 UTC
  Registration Expires: Mar 13 15:40:44 2024 UTC

License Authorization: 
  Status: AUTHORIZED on Mar 17 15:34:16 2023 UTC
  Last Communication Attempt: SUCCEEDED on Mar 17 15:34:16 2023 UTC
  Next Communication Attempt: Apr 16 15:34:15 2023 UTC
  Communication Deadline: Jun 15 15:31:13 2023 UTC

Export Authorization Key:
  Features Authorized:
    <none>


tmxcrlast017#!

tmxcrlast017#show license all
Smart Licensing Status
======================

Smart Licensing is ENABLED

Registration:
  Status: REGISTERED
  Smart Account: Mfg / Site Engineering-TZ / On-Prem
  Virtual Account: Default
  Export-Controlled Functionality: ALLOWED
  Initial Registration: SUCCEEDED on Aug 14 19:44:53 2022 UTC
  Last Renewal Attempt: SUCCEEDED on Mar 17 15:40:47 2023 UTC
  Next Renewal Attempt: Sep 13 15:40:46 2023 UTC
  Registration Expires: Mar 13 15:40:44 2024 UTC

License Authorization: 
  Status: AUTHORIZED on Mar 17 15:34:16 2023 UTC
  Last Communication Attempt: SUCCEEDED on Mar 17 15:34:16 2023 UTC
  Next Communication Attempt: Apr 16 15:34:16 2023 UTC
  Communication Deadline: Jun 15 15:31:14 2023 UTC

Export Authorization Key:
  Features Authorized:
    <none>

Utility:
  Status: DISABLED

Data Privacy:
  Sending Hostname: yes
    Callhome hostname privacy: DISABLED
    Smart Licensing hostname privacy: DISABLED
  Version privacy: DISABLED

Transport:
  Type: Callhome

License Usage
==============

C9200 Network Advantage, 24-port license (C9200-NW-A-24):
  Description: C9200 Network Advantage, 24-port license
  Count: 1
  Version: 1.0
  Status: AUTHORIZED
  Export status: NOT RESTRICTED

C9200 DNA Advantage, 24-port Term licenses (C9200-DNA-A-24):
  Description: C9200 DNA Advantage, 24-port Term licenses
  Count: 1
  Version: 1.0
  Status: AUTHORIZED
  Export status: NOT RESTRICTED

Product Information
===================
UDI: PID:C9200-24P,SN:JAE24450CGC

Agent Version
=============
Smart Agent for Licensing: 4.8.14_rel/75

Reservation Info
================ 
License reservation: DISABLED
 


tmxcrlast017#!

tmxcrlast017#sh log
Syslog logging: enabled (0 messages dropped, 2 messages rate-limited, 0 flushes, 0 overruns, xml disabled, filtering disabled)

Active Message Discriminator:
FILTER    msg-body       drops    DOT1X-5|MAB-5|SESSION_MGR-5




No Inactive Message Discriminator.


    Console logging: disabled
    Monitor logging: level informational, 0 messages logged, xml disabled,
                     filtering disabled
    Buffer logging:  level informational, 6651 messages logged, xml disabled,
                    filtering disabled, discriminator(FILTER), 
                     0 messages rate-limited, 0 messages dropped-by-MD
    Exception Logging: size (4096 bytes)
    Count and timestamp logging messages: disabled
    File logging: disabled
    Persistent logging: enabled, url flash:/syslog, disk space 5120000 bytes, file size 500000 bytes, batch size 4096 bytes, threshold capacity 0  , immediate  

No active filter modules.

    Trap logging: level informational, 6651 message lines logged
        Logging to 148.93.49.21  (udp port 5012, audit disabled,
              link up),
              6650 message lines logged, 
              0 message lines rate-limited, 
              0 message lines dropped-by-MD, 
              xml disabled, sequence number disabled
              filtering disabled
        Logging to 130.172.129.8  (udp port 5012, audit disabled,
              link up),
              6651 message lines logged, 
              0 message lines rate-limited, 
              0 message lines dropped-by-MD, 
              xml disabled, sequence number disabled
              filtering disabled
        Logging to 148.93.115.30  (udp port 5400, audit disabled,
              link up),
              6651 message lines logged, 
              0 message lines rate-limited, 
              0 message lines dropped-by-MD, 
              xml disabled, sequence number disabled
              filtering disabled
        Logging to 130.172.83.30  (udp port 5400, audit disabled,
              link up),
              6651 message lines logged, 
              0 message lines rate-limited, 
              0 message lines dropped-by-MD, 
              xml disabled, sequence number disabled
              filtering disabled
        Logging Source-Interface:       VRF Name:
        Loopback0                       

Log Buffer (40960 bytes):
m_52343_p_004] [Source: 148.93.49.246] [localport: 22] at 04:09:08 UTC Thu Mar 23 2023
006358: Mar 23 04:09:10.212: %SYS-6-LOGOUT: User si_nam_52343_p_004 has exited tty session 2(148.93.49.246)
006359: Mar 23 05:13:34.918: %SEC_LOGIN-5-LOGIN_SUCCESS: Login Success [user: si_nam_52343_p_004] [Source: 148.93.49.246] [localport: 22] at 05:13:34 UTC Thu Mar 23 2023
006360: Mar 23 05:15:05.933: %SYS-6-LOGOUT: User si_nam_52343_p_004 has exited tty session 2(148.93.49.246)
006361: Mar 23 08:35:07.608: %SEC_LOGIN-5-LOGIN_SUCCESS: Login Success [user: si_nam_52343_p_004] [Source: 148.93.49.246] [localport: 22] at 08:35:07 UTC Thu Mar 23 2023
006362: Mar 23 08:35:15.557: %SYS-6-LOGOUT: User si_nam_52343_p_004 has exited tty session 2(148.93.49.246)
006363: Mar 23 08:35:50.862: %SEC_LOGIN-5-LOGIN_SUCCESS: Login Success [user: si_nam_52343_p_004] [Source: 148.93.49.246] [localport: 22] at 08:35:50 UTC Thu Mar 23 2023
006364: Mar 23 08:35:55.536: %SYS-6-LOGOUT: User si_nam_52343_p_004 has exited tty session 2(148.93.49.246)
006365: Mar 23 12:00:41.355: %SEC_LOGIN-5-LOGIN_SUCCESS: Login Success [user: si_nam_52343_p_004] [Source: 148.93.49.246] [localport: 22] at 12:00:41 UTC Thu Mar 23 2023
006366: Mar 23 12:00:42.516: %SYS-6-LOGOUT: User si_nam_52343_p_004 has exited tty session 2(148.93.49.246)
006367: Mar 23 16:06:03.679: %SEC_LOGIN-5-LOGIN_SUCCESS: Login Success [user: as_rzclwb] [Source: 148.93.49.21] [localport: 22] at 16:06:03 UTC Thu Mar 23 2023
006368: Mar 23 16:36:07.217: %SYS-6-TTY_EXPIRE_TIMER: (exec timer expired, tty 2 (148.93.49.21)), user as_rzclwb
006369: Mar 23 16:36:07.218: %SYS-6-LOGOUT: User as_rzclwb has exited tty session 2(148.93.49.21)
006370: Mar 23 17:12:17.790: %SEC_LOGIN-5-LOGIN_SUCCESS: Login Success [user: si_nam_52343_p_004] [Source: 148.93.49.246] [localport: 22] at 17:12:17 UTC Thu Mar 23 2023
006371: Mar 23 17:13:25.915: %SYS-6-LOGOUT: User si_nam_52343_p_004 has exited tty session 2(148.93.49.246)
006372: Mar 23 20:05:45.306: %SEC_LOGIN-5-LOGIN_SUCCESS: Login Success [user: si_nam_52343_p_004] [Source: 148.93.49.246] [localport: 22] at 20:05:45 UTC Thu Mar 23 2023
006373: Mar 23 20:05:49.253: %SYS-6-LOGOUT: User si_nam_52343_p_004 has exited tty session 2(148.93.49.246)
006374: Mar 24 04:00:39.714: %SEC_LOGIN-5-LOGIN_SUCCESS: Login Success [user: si_nam_52343_p_004] [Source: 148.93.49.246] [localport: 22] at 04:00:39 UTC Fri Mar 24 2023
006375: Mar 24 04:00:40.724: %SYS-6-LOGOUT: User si_nam_52343_p_004 has exited tty session 2(148.93.49.246)
006376: Mar 24 04:14:18.723: %SEC_LOGIN-5-LOGIN_SUCCESS: Login Success [user: si_nam_52343_p_004] [Source: 148.93.49.246] [localport: 22] at 04:14:18 UTC Fri Mar 24 2023
006377: Mar 24 04:14:20.541: %SYS-6-LOGOUT: User si_nam_52343_p_004 has exited tty session 2(148.93.49.246)
006378: Mar 24 05:12:56.529: %SEC_LOGIN-5-LOGIN_SUCCESS: Login Success [user: si_nam_52343_p_004] [Source: 148.93.49.246] [localport: 22] at 05:12:56 UTC Fri Mar 24 2023
006379: Mar 24 05:14:07.693: %SYS-6-LOGOUT: User si_nam_52343_p_004 has exited tty session 2(148.93.49.246)
006380: Mar 24 07:07:15.304: %SEC_LOGIN-5-LOGIN_SUCCESS: Login Success [user: si_nam_52343_p_004] [Source: 148.93.49.246] [localport: 22] at 07:07:15 UTC Fri Mar 24 2023
006381: Mar 24 07:07:26.633: %SYS-6-LOGOUT: User si_nam_52343_p_004 has exited tty session 2(148.93.49.246)
006382: Mar 24 07:08:11.113: %SEC_LOGIN-5-LOGIN_SUCCESS: Login Success [user: si_nam_52343_p_004] [Source: 148.93.49.246] [localport: 22] at 07:08:11 UTC Fri Mar 24 2023
006383: Mar 24 07:08:23.245: %SYS-6-LOGOUT: User si_nam_52343_p_004 has exited tty session 2(148.93.49.246)
006384: Mar 24 12:00:37.918: %SEC_LOGIN-5-LOGIN_SUCCESS: Login Success [user: si_nam_52343_p_004] [Source: 148.93.49.246] [localport: 22] at 12:00:37 UTC Fri Mar 24 2023
006385: Mar 24 12:00:38.914: %SYS-6-LOGOUT: User si_nam_52343_p_004 has exited tty session 2(148.93.49.246)
006386: Mar 24 17:12:40.757: %SEC_LOGIN-5-LOGIN_SUCCESS: Login Success [user: si_nam_52343_p_004] [Source: 148.93.49.246] [localport: 22] at 17:12:40 UTC Fri Mar 24 2023
006387: Mar 24 17:14:09.023: %SYS-6-LOGOUT: User si_nam_52343_p_004 has exited tty session 2(148.93.49.246)
006388: Mar 24 20:04:20.200: %SEC_LOGIN-5-LOGIN_SUCCESS: Login Success [user: si_nam_52343_p_004] [Source: 148.93.49.246] [localport: 22] at 20:04:20 UTC Fri Mar 24 2023
006389: Mar 24 20:04:25.015: %SYS-6-LOGOUT: User si_nam_52343_p_004 has exited tty session 2(148.93.49.246)
006390: Mar 25 02:24:55.668: %SEC_LOGIN-5-LOGIN_SUCCESS: Login Success [user: SI_NAM_52343_P_012] [Source: 148.93.49.26] [localport: 22] at 02:24:55 UTC Sat Mar 25 2023
006391: Mar 25 02:25:06.640: %SYS-6-LOGOUT: User SI_NAM_52343_P_012 has exited tty session 2(148.93.49.26)
006392: Mar 25 03:41:18.358: %SEC_LOGIN-5-LOGIN_SUCCESS: Login Success [user: SI_NAM_52343_P_012] [Source: 148.93.49.26] [localport: 22] at 03:41:18 UTC Sat Mar 25 2023
006393: Mar 25 03:57:15.674: %SYS-6-LOGOUT: User SI_NAM_52343_P_012 has exited tty session 2(148.93.49.26)
006394: Mar 25 04:12:21.593: %SEC_LOGIN-5-LOGIN_SUCCESS: Login Success [user: si_nam_52343_p_004] [Source: 148.93.49.246] [localport: 22] at 04:12:21 UTC Sat Mar 25 2023
006395: Mar 25 04:12:35.415: %SYS-6-LOGOUT: User si_nam_52343_p_004 has exited tty session 2(148.93.49.246)
006396: Mar 25 04:20:10.881: %SEC_LOGIN-5-LOGIN_SUCCESS: Login Success [user: si_nam_52343_p_004] [Source: 148.93.49.246] [localport: 22] at 04:20:10 UTC Sat Mar 25 2023
006397: Mar 25 04:20:27.583: %SYS-6-LOGOUT: User si_nam_52343_p_004 has exited tty session 2(148.93.49.246)
006398: Mar 25 05:45:50.414: %SEC_LOGIN-5-LOGIN_SUCCESS: Login Success [user: si_nam_52343_p_004] [Source: 148.93.49.246] [localport: 22] at 05:45:50 UTC Sat Mar 25 2023
006399: Mar 25 05:49:44.875: %SYS-6-LOGOUT: User si_nam_52343_p_004 has exited tty session 2(148.93.49.246)
006400: Mar 25 08:42:00.237: %SEC_LOGIN-5-LOGIN_SUCCESS: Login Success [user: si_nam_52343_p_004] [Source: 148.93.49.246] [localport: 22] at 08:42:00 UTC Sat Mar 25 2023
006401: Mar 25 08:42:15.270: %SYS-6-LOGOUT: User si_nam_52343_p_004 has exited tty session 2(148.93.49.246)
006402: Mar 25 08:43:08.267: %SEC_LOGIN-5-LOGIN_SUCCESS: Login Success [user: si_nam_52343_p_004] [Source: 148.93.49.246] [localport: 22] at 08:43:08 UTC Sat Mar 25 2023
006403: Mar 25 08:43:24.778: %SYS-6-LOGOUT: User si_nam_52343_p_004 has exited tty session 2(148.93.49.246)
006404: Mar 25 12:00:36.175: %SEC_LOGIN-5-LOGIN_SUCCESS: Login Success [user: si_nam_52343_p_004] [Source: 148.93.49.246] [localport: 22] at 12:00:36 UTC Sat Mar 25 2023
006405: Mar 25 12:00:37.158: %SYS-6-LOGOUT: User si_nam_52343_p_004 has exited tty session 2(148.93.49.246)
006406: Mar 25 17:12:11.682: %SEC_LOGIN-5-LOGIN_SUCCESS: Login Success [user: si_nam_52343_p_004] [Source: 148.93.49.246] [localport: 22] at 17:12:11 UTC Sat Mar 25 2023
006407: Mar 25 17:13:36.694: %SYS-6-LOGOUT: User si_nam_52343_p_004 has exited tty session 2(148.93.49.246)
006408: Mar 25 20:05:44.536: %SEC_LOGIN-5-LOGIN_SUCCESS: Login Success [user: si_nam_52343_p_004] [Source: 148.93.49.246] [localport: 22] at 20:05:44 UTC Sat Mar 25 2023
006409: Mar 25 20:05:50.388: %SYS-6-LOGOUT: User si_nam_52343_p_004 has exited tty session 2(148.93.49.246)
006410: Mar 26 04:10:56.117: %SEC_LOGIN-5-LOGIN_SUCCESS: Login Success [user: si_nam_52343_p_004] [Source: 148.93.49.246] [localport: 22] at 04:10:56 UTC Sun Mar 26 2023
006411: Mar 26 04:11:05.849: %SYS-6-LOGOUT: User si_nam_52343_p_004 has exited tty session 2(148.93.49.246)
006412: Mar 26 04:22:38.278: %SEC_LOGIN-5-LOGIN_SUCCESS: Login Success [user: si_nam_52343_p_004] [Source: 148.93.49.246] [localport: 22] at 04:22:38 UTC Sun Mar 26 2023
006413: Mar 26 04:22:44.881: %SYS-6-LOGOUT: User si_nam_52343_p_004 has exited tty session 2(148.93.49.246)
006414: Mar 26 05:53:00.189: %SEC_LOGIN-5-LOGIN_SUCCESS: Login Success [user: si_nam_52343_p_004] [Source: 148.93.49.246] [localport: 22] at 05:53:00 UTC Sun Mar 26 2023
006415: Mar 26 05:59:12.625: %SYS-6-LOGOUT: User si_nam_52343_p_004 has exited tty session 2(148.93.49.246)
006416: Mar 26 09:10:15.982: %SEC_LOGIN-5-LOGIN_SUCCESS: Login Success [user: si_nam_52343_p_004] [Source: 148.93.49.246] [localport: 22] at 09:10:15 UTC Sun Mar 26 2023
006417: Mar 26 09:10:27.689: %SYS-6-LOGOUT: User si_nam_52343_p_004 has exited tty session 2(148.93.49.246)
006418: Mar 26 09:11:14.441: %SEC_LOGIN-5-LOGIN_SUCCESS: Login Success [user: si_nam_52343_p_004] [Source: 148.93.49.246] [localport: 22] at 09:11:14 UTC Sun Mar 26 2023
006419: Mar 26 09:11:26.962: %SYS-6-LOGOUT: User si_nam_52343_p_004 has exited tty session 2(148.93.49.246)
006420: Mar 26 12:00:34.092: %SEC_LOGIN-5-LOGIN_SUCCESS: Login Success [user: si_nam_52343_p_004] [Source: 148.93.49.246] [localport: 22] at 12:00:34 UTC Sun Mar 26 2023
006421: Mar 26 12:00:35.194: %SYS-6-LOGOUT: User si_nam_52343_p_004 has exited tty session 2(148.93.49.246)
006422: Mar 26 17:11:51.361: %SEC_LOGIN-5-LOGIN_SUCCESS: Login Success [user: si_nam_52343_p_004] [Source: 148.93.49.246] [localport: 22] at 17:11:51 UTC Sun Mar 26 2023
006423: Mar 26 17:13:21.970: %SYS-6-LOGOUT: User si_nam_52343_p_004 has exited tty session 2(148.93.49.246)
006424: Mar 26 20:00:38.991: %SEC_LOGIN-5-LOGIN_SUCCESS: Login Success [user: si_nam_52343_p_004] [Source: 148.93.49.246] [localport: 22] at 20:00:38 UTC Sun Mar 26 2023
006425: Mar 26 20:00:39.996: %SYS-6-LOGOUT: User si_nam_52343_p_004 has exited tty session 2(148.93.49.246)
006426: Mar 27 04:00:36.310: %SEC_LOGIN-5-LOGIN_SUCCESS: Login Success [user: si_nam_52343_p_004] [Source: 148.93.49.246] [localport: 22] at 04:00:36 UTC Mon Mar 27 2023
006427: Mar 27 04:00:37.362: %SYS-6-LOGOUT: User si_nam_52343_p_004 has exited tty session 2(148.93.49.246)
006428: Mar 27 04:12:17.853: %SEC_LOGIN-5-LOGIN_SUCCESS: Login Success [user: si_nam_52343_p_004] [Source: 148.93.49.246] [localport: 22] at 04:12:17 UTC Mon Mar 27 2023
006429: Mar 27 04:12:21.039: %SYS-6-LOGOUT: User si_nam_52343_p_004 has exited tty session 2(148.93.49.246)
006430: Mar 27 05:15:56.361: %SEC_LOGIN-5-LOGIN_SUCCESS: Login Success [user: si_nam_52343_p_004] [Source: 148.93.49.246] [localport: 22] at 05:15:56 UTC Mon Mar 27 2023
006431: Mar 27 05:17:03.362: %SYS-6-LOGOUT: User si_nam_52343_p_004 has exited tty session 2(148.93.49.246)
006432: Mar 27 07:34:46.017: %SEC_LOGIN-5-LOGIN_SUCCESS: Login Success [user: si_nam_52343_p_004] [Source: 148.93.49.246] [localport: 22] at 07:34:46 UTC Mon Mar 27 2023
006433: Mar 27 07:34:58.682: %SYS-6-LOGOUT: User si_nam_52343_p_004 has exited tty session 2(148.93.49.246)
006434: Mar 27 07:35:42.960: %SEC_LOGIN-5-LOGIN_SUCCESS: Login Success [user: si_nam_52343_p_004] [Source: 148.93.49.246] [localport: 22] at 07:35:42 UTC Mon Mar 27 2023
006435: Mar 27 07:35:52.991: %SYS-6-LOGOUT: User si_nam_52343_p_004 has exited tty session 2(148.93.49.246)
006436: Mar 27 10:00:24.504: %SEC_LOGIN-5-LOGIN_SUCCESS: Login Success [user: si_nam_52343_p_004] [Source: 148.93.49.246] [localport: 22] at 10:00:24 UTC Mon Mar 27 2023
006437: Mar 27 10:00:26.855: %SYS-6-LOGOUT: User si_nam_52343_p_004 has exited tty session 2(148.93.49.246)
006438: Mar 27 12:01:07.859: %SEC_LOGIN-5-LOGIN_SUCCESS: Login Success [user: si_nam_52343_p_004] [Source: 148.93.49.246] [localport: 22] at 12:01:07 UTC Mon Mar 27 2023
006439: Mar 27 12:01:08.905: %SYS-6-LOGOUT: User si_nam_52343_p_004 has exited tty session 2(148.93.49.246)
006440: Mar 27 17:13:11.004: %SEC_LOGIN-5-LOGIN_SUCCESS: Login Success [user: si_nam_52343_p_004] [Source: 148.93.49.246] [localport: 22] at 17:13:11 UTC Mon Mar 27 2023
006441: Mar 27 17:14:18.321: %SYS-6-LOGOUT: User si_nam_52343_p_004 has exited tty session 2(148.93.49.246)
006442: Mar 27 20:06:05.422: %SEC_LOGIN-5-LOGIN_SUCCESS: Login Success [user: si_nam_52343_p_004] [Source: 148.93.49.246] [localport: 22] at 20:06:05 UTC Mon Mar 27 2023
006443: Mar 27 20:06:11.825: %SYS-6-LOGOUT: User si_nam_52343_p_004 has exited tty session 2(148.93.49.246)
006444: Mar 28 01:26:58.464: %SEC_LOGIN-5-LOGIN_SUCCESS: Login Success [user: si_nam_52343_p_004] [Source: 148.93.49.246] [localport: 22] at 01:26:58 UTC Tue Mar 28 2023
006445: Mar 28 01:27:11.679: %SYS-6-LOGOUT: User si_nam_52343_p_004 has exited tty session 2(148.93.49.246)
006446: Mar 28 04:06:08.660: %SEC_LOGIN-5-LOGIN_SUCCESS: Login Success [user: si_nam_52343_p_004] [Source: 148.93.49.246] [localport: 22] at 04:06:08 UTC Tue Mar 28 2023
006447: Mar 28 04:06:14.229: %SYS-6-LOGOUT: User si_nam_52343_p_004 has exited tty session 2(148.93.49.246)
006448: Mar 28 04:10:13.069: %SEC_LOGIN-5-LOGIN_SUCCESS: Login Success [user: si_nam_52343_p_004] [Source: 148.93.49.246] [localport: 22] at 04:10:13 UTC Tue Mar 28 2023
006449: Mar 28 04:10:26.454: %SYS-6-LOGOUT: User si_nam_52343_p_004 has exited tty session 2(148.93.49.246)
006450: Mar 28 05:53:39.411: %SEC_LOGIN-5-LOGIN_SUCCESS: Login Success [user: si_nam_52343_p_004] [Source: 148.93.49.246] [localport: 22] at 05:53:39 UTC Tue Mar 28 2023
006451: Mar 28 05:58:13.186: %SYS-6-LOGOUT: User si_nam_52343_p_004 has exited tty session 2(148.93.49.246)
006452: Mar 28 09:02:38.930: %SEC_LOGIN-5-LOGIN_SUCCESS: Login Success [user: si_nam_52343_p_004] [Source: 148.93.49.246] [localport: 22] at 09:02:38 UTC Tue Mar 28 2023
006453: Mar 28 09:02:55.526: %SYS-6-LOGOUT: User si_nam_52343_p_004 has exited tty session 2(148.93.49.246)
006454: Mar 28 09:03:53.643: %SEC_LOGIN-5-LOGIN_SUCCESS: Login Success [user: si_nam_52343_p_004] [Source: 148.93.49.246] [localport: 22] at 09:03:53 UTC Tue Mar 28 2023
006455: Mar 28 09:04:16.677: %SYS-6-LOGOUT: User si_nam_52343_p_004 has exited tty session 2(148.93.49.246)
006456: Mar 28 12:00:35.684: %SEC_LOGIN-5-LOGIN_SUCCESS: Login Success [user: si_nam_52343_p_004] [Source: 148.93.49.246] [localport: 22] at 12:00:35 UTC Tue Mar 28 2023
006457: Mar 28 12:00:36.659: %SYS-6-LOGOUT: User si_nam_52343_p_004 has exited tty session 2(148.93.49.246)
006458: Mar 28 17:14:30.983: %SEC_LOGIN-5-LOGIN_SUCCESS: Login Success [user: si_nam_52343_p_004] [Source: 148.93.49.246] [localport: 22] at 17:14:30 UTC Tue Mar 28 2023
006459: Mar 28 17:16:24.094: %SYS-6-LOGOUT: User si_nam_52343_p_004 has exited tty session 2(148.93.49.246)
006460: Mar 28 20:04:24.968: %SEC_LOGIN-5-LOGIN_SUCCESS: Login Success [user: si_nam_52343_p_004] [Source: 148.93.49.246] [localport: 22] at 20:04:24 UTC Tue Mar 28 2023
006461: Mar 28 20:04:29.130: %SYS-6-LOGOUT: User si_nam_52343_p_004 has exited tty session 2(148.93.49.246)
006462: Mar 29 04:12:31.242: %SEC_LOGIN-5-LOGIN_SUCCESS: Login Success [user: si_nam_52343_p_004] [Source: 148.93.49.246] [localport: 22] at 04:12:31 UTC Wed Mar 29 2023
006463: Mar 29 04:12:37.987: %SYS-6-LOGOUT: User si_nam_52343_p_004 has exited tty session 2(148.93.49.246)
006464: Mar 29 06:06:38.827: %SEC_LOGIN-5-LOGIN_SUCCESS: Login Success [user: si_nam_52343_p_004] [Source: 148.93.49.246] [localport: 22] at 06:06:38 UTC Wed Mar 29 2023
006465: Mar 29 06:13:18.768: %SYS-6-LOGOUT: User si_nam_52343_p_004 has exited tty session 2(148.93.49.246)
006466: Mar 29 09:12:43.314: %SEC_LOGIN-5-LOGIN_SUCCESS: Login Success [user: si_nam_52343_p_004] [Source: 148.93.49.246] [localport: 22] at 09:12:43 UTC Wed Mar 29 2023
006467: Mar 29 09:12:50.497: %SYS-6-LOGOUT: User si_nam_52343_p_004 has exited tty session 2(148.93.49.246)
006468: Mar 29 09:34:16.917: %SEC_LOGIN-5-LOGIN_SUCCESS: Login Success [user: si_nam_52343_p_004] [Source: 148.93.49.246] [localport: 22] at 09:34:16 UTC Wed Mar 29 2023
006469: Mar 29 09:34:23.391: %SYS-6-LOGOUT: User si_nam_52343_p_004 has exited tty session 2(148.93.49.246)
006470: Mar 29 09:34:58.293: %SEC_LOGIN-5-LOGIN_SUCCESS: Login Success [user: si_nam_52343_p_004] [Source: 148.93.49.246] [localport: 22] at 09:34:58 UTC Wed Mar 29 2023
006471: Mar 29 09:35:02.497: %SYS-6-LOGOUT: User si_nam_52343_p_004 has exited tty session 2(148.93.49.246)
006472: Mar 29 12:02:59.305: %SEC_LOGIN-5-LOGIN_SUCCESS: Login Success [user: si_nam_52343_p_004] [Source: 148.93.49.246] [localport: 22] at 12:02:59 UTC Wed Mar 29 2023
006473: Mar 29 12:03:02.596: %SYS-6-LOGOUT: User si_nam_52343_p_004 has exited tty session 2(148.93.49.246)
006474: Mar 29 17:13:46.044: %SEC_LOGIN-5-LOGIN_SUCCESS: Login Success [user: si_nam_52343_p_004] [Source: 148.93.49.246] [localport: 22] at 17:13:46 UTC Wed Mar 29 2023
006475: Mar 29 17:15:19.940: %SYS-6-LOGOUT: User si_nam_52343_p_004 has exited tty session 2(148.93.49.246)
006476: Mar 29 20:04:09.304: %SEC_LOGIN-5-LOGIN_SUCCESS: Login Success [user: si_nam_52343_p_004] [Source: 148.93.49.246] [localport: 22] at 20:04:09 UTC Wed Mar 29 2023
006477: Mar 29 20:04:13.399: %SYS-6-LOGOUT: User si_nam_52343_p_004 has exited tty session 2(148.93.49.246)
006478: Mar 30 04:06:48.573: %SEC_LOGIN-5-LOGIN_SUCCESS: Login Success [user: si_nam_52343_p_004] [Source: 148.93.49.246] [localport: 22] at 04:06:48 UTC Thu Mar 30 2023
006479: Mar 30 04:06:57.838: %SYS-6-LOGOUT: User si_nam_52343_p_004 has exited tty session 2(148.93.49.246)
006480: Mar 30 04:09:33.372: %SEC_LOGIN-5-LOGIN_SUCCESS: Login Success [user: si_nam_52343_p_004] [Source: 148.93.49.246] [localport: 22] at 04:09:33 UTC Thu Mar 30 2023
006481: Mar 30 04:09:40.079: %SYS-6-LOGOUT: User si_nam_52343_p_004 has exited tty session 2(148.93.49.246)
006482: Mar 30 05:44:03.298: %SEC_LOGIN-5-LOGIN_SUCCESS: Login Success [user: si_nam_52343_p_004] [Source: 148.93.49.246] [localport: 22] at 05:44:03 UTC Thu Mar 30 2023
006483: Mar 30 05:48:12.897: %SYS-6-LOGOUT: User si_nam_52343_p_004 has exited tty session 2(148.93.49.246)
006484: Mar 30 08:58:43.224: %SEC_LOGIN-5-LOGIN_SUCCESS: Login Success [user: si_nam_52343_p_004] [Source: 148.93.49.246] [localport: 22] at 08:58:43 UTC Thu Mar 30 2023
006485: Mar 30 08:58:58.592: %SYS-6-LOGOUT: User si_nam_52343_p_004 has exited tty session 2(148.93.49.246)
006486: Mar 30 09:00:02.950: %SEC_LOGIN-5-LOGIN_SUCCESS: Login Success [user: si_nam_52343_p_004] [Source: 148.93.49.246] [localport: 22] at 09:00:02 UTC Thu Mar 30 2023
006487: Mar 30 09:00:22.494: %SYS-6-LOGOUT: User si_nam_52343_p_004 has exited tty session 2(148.93.49.246)
006488: Mar 30 12:00:35.658: %SEC_LOGIN-5-LOGIN_SUCCESS: Login Success [user: si_nam_52343_p_004] [Source: 148.93.49.246] [localport: 22] at 12:00:35 UTC Thu Mar 30 2023
006489: Mar 30 12:00:36.773: %SYS-6-LOGOUT: User si_nam_52343_p_004 has exited tty session 2(148.93.49.246)
006490: Mar 30 17:13:34.999: %SEC_LOGIN-5-LOGIN_SUCCESS: Login Success [user: si_nam_52343_p_004] [Source: 148.93.49.246] [localport: 22] at 17:13:34 UTC Thu Mar 30 2023
006491: Mar 30 17:15:24.619: %SYS-6-LOGOUT: User si_nam_52343_p_004 has exited tty session 2(148.93.49.246)
006492: Mar 30 20:04:35.620: %SEC_LOGIN-5-LOGIN_SUCCESS: Login Success [user: si_nam_52343_p_004] [Source: 148.93.49.246] [localport: 22] at 20:04:35 UTC Thu Mar 30 2023
006493: Mar 30 20:04:40.012: %SYS-6-LOGOUT: User si_nam_52343_p_004 has exited tty session 2(148.93.49.246)
006494: Mar 31 04:00:37.217: %SEC_LOGIN-5-LOGIN_SUCCESS: Login Success [user: si_nam_52343_p_004] [Source: 148.93.49.246] [localport: 22] at 04:00:37 UTC Fri Mar 31 2023
006495: Mar 31 04:00:38.326: %SYS-6-LOGOUT: User si_nam_52343_p_004 has exited tty session 2(148.93.49.246)
006496: Mar 31 04:13:37.475: %SEC_LOGIN-5-LOGIN_SUCCESS: Login Success [user: si_nam_52343_p_004] [Source: 148.93.49.246] [localport: 22] at 04:13:37 UTC Fri Mar 31 2023
006497: Mar 31 04:13:39.327: %SYS-6-LOGOUT: User si_nam_52343_p_004 has exited tty session 2(148.93.49.246)
006498: Mar 31 05:13:12.444: %SEC_LOGIN-5-LOGIN_SUCCESS: Login Success [user: si_nam_52343_p_004] [Source: 148.93.49.246] [localport: 22] at 05:13:12 UTC Fri Mar 31 2023
006499: Mar 31 05:14:24.046: %SYS-6-LOGOUT: User si_nam_52343_p_004 has exited tty session 2(148.93.49.246)
006500: Mar 31 07:21:12.807: %SEC_LOGIN-5-LOGIN_SUCCESS: Login Success [user: si_nam_52343_p_004] [Source: 148.93.49.246] [localport: 22] at 07:21:12 UTC Fri Mar 31 2023
006501: Mar 31 07:21:25.262: %SYS-6-LOGOUT: User si_nam_52343_p_004 has exited tty session 2(148.93.49.246)
006502: Mar 31 07:23:19.105: %SEC_LOGIN-5-LOGIN_SUCCESS: Login Success [user: si_nam_52343_p_004] [Source: 148.93.49.246] [localport: 22] at 07:23:19 UTC Fri Mar 31 2023
006503: Mar 31 07:23:27.902: %SYS-6-LOGOUT: User si_nam_52343_p_004 has exited tty session 2(148.93.49.246)
006504: Mar 31 12:00:38.965: %SEC_LOGIN-5-LOGIN_SUCCESS: Login Success [user: si_nam_52343_p_004] [Source: 148.93.49.246] [localport: 22] at 12:00:38 UTC Fri Mar 31 2023
006505: Mar 31 12:00:40.093: %SYS-6-LOGOUT: User si_nam_52343_p_004 has exited tty session 2(148.93.49.246)
006506: Mar 31 17:12:50.133: %SEC_LOGIN-5-LOGIN_SUCCESS: Login Success [user: si_nam_52343_p_004] [Source: 148.93.49.246] [localport: 22] at 17:12:50 UTC Fri Mar 31 2023
006507: Mar 31 17:14:01.162: %SYS-6-LOGOUT: User si_nam_52343_p_004 has exited tty session 2(148.93.49.246)
006508: Mar 31 18:56:04.131: %SEC_LOGIN-5-LOGIN_SUCCESS: Login Success [user: as_jztcg6] [Source: 148.93.49.246] [localport: 22] at 18:56:04 UTC Fri Mar 31 2023
006509: Mar 31 18:56:05.670: %SEC_LOGIN-5-LOGIN_SUCCESS: Login Success [user: as_jztcg6] [Source: 148.93.49.246] [localport: 22] at 18:56:05 UTC Fri Mar 31 2023
006510: Mar 31 18:56:09.815: %SYS-5-CONFIG_P: Configured programmatically by process SSH Process from console as as_jztcg6 on vty1 (148.93.49.246)
006511: Mar 31 18:56:09.820: %PARSER-4-BADCFG: Unexpected end of configuration file.

006512: Mar 31 18:56:09.820: %SYS-5-CONFIG_I: Configured from scp://nascp@148.93.49.246//opt/NA/server/ext/tftp/tftpdroot/9851_20230331145607.tmp by as_jztcg6 on vty1 (148.93.49.246)
006513: Mar 31 18:56:09.822: %SYS-5-CONFIG_C: Running-config file is Modified 
006514: Mar 31 18:56:09.943: %SYS-6-LOGOUT: User as_jztcg6 has exited tty session 3(148.93.49.246)
006515: Mar 31 19:42:54.394: %SEC_LOGIN-5-LOGIN_SUCCESS: Login Success [user: as_jztcg6] [Source: 148.93.49.246] [localport: 22] at 19:42:54 UTC Fri Mar 31 2023
006516: Mar 31 19:42:55.270: %SEC_LOGIN-5-LOGIN_SUCCESS: Login Success [user: as_jztcg6] [Source: 148.93.49.246] [localport: 22] at 19:42:55 UTC Fri Mar 31 2023
006517: Mar 31 19:42:58.717: %SYS-5-CONFIG_P: Configured programmatically by process SSH Process from console as as_jztcg6 on vty1 (148.93.49.246)
006518: Mar 31 19:42:58.718: %PARSER-4-BADCFG: Unexpected end of configuration file.

006519: Mar 31 19:42:58.718: %SYS-5-CONFIG_I: Configured from scp://nascp@148.93.49.246//opt/NA/server/ext/tftp/tftpdroot/9851_20230331154256.tmp by as_jztcg6 on vty1 (148.93.49.246)
006520: Mar 31 19:42:58.719: %SYS-5-CONFIG_C: Running-config file is Modified 
006521: Mar 31 19:42:58.809: %SYS-6-LOGOUT: User as_jztcg6 has exited tty session 3(148.93.49.246)
006522: Mar 31 20:28:39.540: %SEC_LOGIN-5-LOGIN_SUCCESS: Login Success [user: si_nam_52343_p_004] [Source: 148.93.49.246] [localport: 22] at 20:28:39 UTC Fri Mar 31 2023
006523: Mar 31 20:28:43.368: %SYS-6-LOGOUT: User si_nam_52343_p_004 has exited tty session 2(148.93.49.246)
006524: Mar 31 21:15:39.028: %SEC_LOGIN-5-LOGIN_SUCCESS: Login Success [user: as_jztcg6] [Source: 148.93.49.246] [localport: 22] at 21:15:39 UTC Fri Mar 31 2023
006525: Mar 31 21:15:43.703: %SEC_LOGIN-5-LOGIN_SUCCESS: Login Success [user: as_jztcg6] [Source: 148.93.49.246] [localport: 22] at 21:15:43 UTC Fri Mar 31 2023
006526: Mar 31 21:15:51.164: %SYS-5-CONFIG_P: Configured programmatically by process SSH Process from console as as_jztcg6 on vty1 (148.93.49.246)
006527: Mar 31 21:15:51.165: %PARSER-4-BADCFG: Unexpected end of configuration file.

006528: Mar 31 21:15:51.165: %SYS-5-CONFIG_I: Configured from scp://nascp@148.93.49.246//opt/NA/server/ext/tftp/tftpdroot/9851_20230331171547.tmp by as_jztcg6 on vty1 (148.93.49.246)
006529: Mar 31 21:15:51.166: %SYS-5-CONFIG_C: Running-config file is Modified 
006530: Mar 31 21:15:53.528: %SYS-6-LOGOUT: User as_jztcg6 has exited tty session 3(148.93.49.246)
006531: Mar 31 21:50:05.138: %SEC_LOGIN-5-LOGIN_SUCCESS: Login Success [user: as_jztcg6] [Source: 148.93.49.246] [localport: 22] at 21:50:05 UTC Fri Mar 31 2023
006532: Mar 31 21:50:13.446: %SEC_LOGIN-5-LOGIN_SUCCESS: Login Success [user: as_jztcg6] [Source: 148.93.49.246] [localport: 22] at 21:50:13 UTC Fri Mar 31 2023
006533: Mar 31 21:50:20.779: %SYS-5-CONFIG_P: Configured programmatically by process SSH Process from console as as_jztcg6 on vty1 (148.93.49.246)
006534: Mar 31 21:50:20.780: %PARSER-4-BADCFG: Unexpected end of configuration file.

006535: Mar 31 21:50:20.780: %SYS-5-CONFIG_I: Configured from scp://nascp@148.93.49.246//opt/NA/server/ext/tftp/tftpdroot/9851_20230331175017.tmp by as_jztcg6 on vty1 (148.93.49.246)
006536: Mar 31 21:50:20.781: %SYS-5-CONFIG_C: Running-config file is Modified 
006537: Mar 31 21:50:22.762: %SYS-6-LOGOUT: User as_jztcg6 has exited tty session 3(148.93.49.246)
006538: Mar 31 23:05:14.527: %PLATFORM-4-ELEMENT_WARNING: Switch 1 R0/0: smand: 1/RP/0: limited space - copy files out of flash: directory. flash: value 76% (1449 MB) exceeds warning level 70% (1337 MB).
006539: Apr  1 02:25:36.303: %SEC_LOGIN-5-LOGIN_SUCCESS: Login Success [user: SI_NAM_52343_P_012] [Source: 148.93.49.26] [localport: 22] at 02:25:36 UTC Sat Apr 1 2023
006540: Apr  1 02:25:47.279: %SYS-6-LOGOUT: User SI_NAM_52343_P_012 has exited tty session 2(148.93.49.26)
006541: Apr  1 03:35:57.084: %SEC_LOGIN-5-LOGIN_SUCCESS: Login Success [user: SI_NAM_52343_P_012] [Source: 148.93.49.26] [localport: 22] at 03:35:57 UTC Sat Apr 1 2023
006542: Apr  1 03:52:37.744: %SYS-6-LOGOUT: User SI_NAM_52343_P_012 has exited tty session 2(148.93.49.26)
006543: Apr  1 04:07:02.937: %SEC_LOGIN-5-LOGIN_SUCCESS: Login Success [user: si_nam_52343_p_004] [Source: 148.93.49.246] [localport: 22] at 04:07:02 UTC Sat Apr 1 2023
006544: Apr  1 04:07:12.219: %SYS-6-LOGOUT: User si_nam_52343_p_004 has exited tty session 2(148.93.49.246)
006545: Apr  1 04:09:45.837: %SEC_LOGIN-5-LOGIN_SUCCESS: Login Success [user: si_nam_52343_p_004] [Source: 148.93.49.246] [localport: 22] at 04:09:45 UTC Sat Apr 1 2023
006546: Apr  1 04:09:52.394: %SYS-6-LOGOUT: User si_nam_52343_p_004 has exited tty session 2(148.93.49.246)
006547: Apr  1 05:45:46.960: %SEC_LOGIN-5-LOGIN_SUCCESS: Login Success [user: si_nam_52343_p_004] [Source: 148.93.49.246] [localport: 22] at 05:45:46 UTC Sat Apr 1 2023
006548: Apr  1 05:51:47.466: %SYS-6-LOGOUT: User si_nam_52343_p_004 has exited tty session 2(148.93.49.246)
006549: Apr  1 08:48:16.186: %SEC_LOGIN-5-LOGIN_SUCCESS: Login Success [user: si_nam_52343_p_004] [Source: 148.93.49.246] [localport: 22] at 08:48:16 UTC Sat Apr 1 2023
006550: Apr  1 08:48:28.061: %SYS-6-LOGOUT: User si_nam_52343_p_004 has exited tty session 2(148.93.49.246)
006551: Apr  1 08:49:16.391: %SEC_LOGIN-5-LOGIN_SUCCESS: Login Success [user: si_nam_52343_p_004] [Source: 148.93.49.246] [localport: 22] at 08:49:16 UTC Sat Apr 1 2023
006552: Apr  1 08:49:34.854: %SYS-6-LOGOUT: User si_nam_52343_p_004 has exited tty session 2(148.93.49.246)
006553: Apr  1 08:53:57.626: %SEC_LOGIN-5-LOGIN_SUCCESS: Login Success [user: si_nam_52343_p_004] [Source: 148.93.49.246] [localport: 22] at 08:53:57 UTC Sat Apr 1 2023
006554: Apr  1 08:54:47.602: %SYS-6-LOGOUT: User si_nam_52343_p_004 has exited tty session 2(148.93.49.246)
006555: Apr  1 08:55:22.796: %SEC_LOGIN-5-LOGIN_SUCCESS: Login Success [user: si_nam_52343_p_004] [Source: 148.93.49.246] [localport: 22] at 08:55:22 UTC Sat Apr 1 2023
006556: Apr  1 08:56:10.582: %SYS-6-LOGOUT: User si_nam_52343_p_004 has exited tty session 2(148.93.49.246)
006557: Apr  1 09:05:36.994: %SEC_LOGIN-5-LOGIN_SUCCESS: Login Success [user: si_nam_52343_p_004] [Source: 148.93.49.246] [localport: 22] at 09:05:36 UTC Sat Apr 1 2023
006558: Apr  1 09:05:45.398: %SYS-6-LOGOUT: User si_nam_52343_p_004 has exited tty session 2(148.93.49.246)
006559: Apr  1 12:00:40.423: %SEC_LOGIN-5-LOGIN_SUCCESS: Login Success [user: si_nam_52343_p_004] [Source: 148.93.49.246] [localport: 22] at 12:00:40 UTC Sat Apr 1 2023
006560: Apr  1 12:00:41.422: %SYS-6-LOGOUT: User si_nam_52343_p_004 has exited tty session 2(148.93.49.246)
006561: Apr  1 17:11:41.722: %SEC_LOGIN-5-LOGIN_SUCCESS: Login Success [user: si_nam_52343_p_004] [Source: 148.93.49.246] [localport: 22] at 17:11:41 UTC Sat Apr 1 2023
006562: Apr  1 17:13:22.505: %SYS-6-LOGOUT: User si_nam_52343_p_004 has exited tty session 2(148.93.49.246)
006563: Apr  1 20:05:34.182: %SEC_LOGIN-5-LOGIN_SUCCESS: Login Success [user: si_nam_52343_p_004] [Source: 148.93.49.246] [localport: 22] at 20:05:34 UTC Sat Apr 1 2023
006564: Apr  1 20:05:40.117: %SYS-6-LOGOUT: User si_nam_52343_p_004 has exited tty session 2(148.93.49.246)
006565: Apr  2 04:12:00.034: %SEC_LOGIN-5-LOGIN_SUCCESS: Login Success [user: si_nam_52343_p_004] [Source: 148.93.49.246] [localport: 22] at 04:12:00 UTC Sun Apr 2 2023
006566: Apr  2 04:12:11.093: %SYS-6-LOGOUT: User si_nam_52343_p_004 has exited tty session 2(148.93.49.246)
006567: Apr  2 04:20:29.364: %SEC_LOGIN-5-LOGIN_SUCCESS: Login Success [user: si_nam_52343_p_004] [Source: 148.93.49.246] [localport: 22] at 04:20:29 UTC Sun Apr 2 2023
006568: Apr  2 04:20:38.730: %SYS-6-LOGOUT: User si_nam_52343_p_004 has exited tty session 2(148.93.49.246)
006569: Apr  2 05:43:41.396: %SEC_LOGIN-5-LOGIN_SUCCESS: Login Success [user: si_nam_52343_p_004] [Source: 148.93.49.246] [localport: 22] at 05:43:41 UTC Sun Apr 2 2023
006570: Apr  2 05:50:02.268: %SYS-6-LOGOUT: User si_nam_52343_p_004 has exited tty session 2(148.93.49.246)
006571: Apr  2 08:42:15.115: %SEC_LOGIN-5-LOGIN_SUCCESS: Login Success [user: si_nam_52343_p_004] [Source: 148.93.49.246] [localport: 22] at 08:42:15 UTC Sun Apr 2 2023
006572: Apr  2 08:42:30.591: %SYS-6-LOGOUT: User si_nam_52343_p_004 has exited tty session 2(148.93.49.246)
006573: Apr  2 08:43:21.383: %SEC_LOGIN-5-LOGIN_SUCCESS: Login Success [user: si_nam_52343_p_004] [Source: 148.93.49.246] [localport: 22] at 08:43:21 UTC Sun Apr 2 2023
006574: Apr  2 08:43:39.643: %SYS-6-LOGOUT: User si_nam_52343_p_004 has exited tty session 2(148.93.49.246)
006575: Apr  2 12:00:40.571: %SEC_LOGIN-5-LOGIN_SUCCESS: Login Success [user: si_nam_52343_p_004] [Source: 148.93.49.246] [localport: 22] at 12:00:40 UTC Sun Apr 2 2023
006576: Apr  2 12:00:41.570: %SYS-6-LOGOUT: User si_nam_52343_p_004 has exited tty session 2(148.93.49.246)
006577: Apr  2 17:12:17.102: %SEC_LOGIN-5-LOGIN_SUCCESS: Login Success [user: si_nam_52343_p_004] [Source: 148.93.49.246] [localport: 22] at 17:12:17 UTC Sun Apr 2 2023
006578: Apr  2 17:14:01.878: %SYS-6-LOGOUT: User si_nam_52343_p_004 has exited tty session 2(148.93.49.246)
006579: Apr  2 20:05:29.198: %SEC_LOGIN-5-LOGIN_SUCCESS: Login Success [user: si_nam_52343_p_004] [Source: 148.93.49.246] [localport: 22] at 20:05:29 UTC Sun Apr 2 2023
006580: Apr  2 20:05:34.886: %SYS-6-LOGOUT: User si_nam_52343_p_004 has exited tty session 2(148.93.49.246)
006581: Apr  3 04:00:37.666: %SEC_LOGIN-5-LOGIN_SUCCESS: Login Success [user: si_nam_52343_p_004] [Source: 148.93.49.246] [localport: 22] at 04:00:37 UTC Mon Apr 3 2023
006582: Apr  3 04:00:38.760: %SYS-6-LOGOUT: User si_nam_52343_p_004 has exited tty session 2(148.93.49.246)
006583: Apr  3 04:14:19.553: %SEC_LOGIN-5-LOGIN_SUCCESS: Login Success [user: si_nam_52343_p_004] [Source: 148.93.49.246] [localport: 22] at 04:14:19 UTC Mon Apr 3 2023
006584: Apr  3 04:14:21.399: %SYS-6-LOGOUT: User si_nam_52343_p_004 has exited tty session 2(148.93.49.246)
006585: Apr  3 05:12:34.317: %SEC_LOGIN-5-LOGIN_SUCCESS: Login Success [user: si_nam_52343_p_004] [Source: 148.93.49.246] [localport: 22] at 05:12:34 UTC Mon Apr 3 2023
006586: Apr  3 05:13:57.807: %SYS-6-LOGOUT: User si_nam_52343_p_004 has exited tty session 2(148.93.49.246)
006587: Apr  3 07:01:55.820: %SEC_LOGIN-5-LOGIN_SUCCESS: Login Success [user: si_nam_52343_p_004] [Source: 148.93.49.246] [localport: 22] at 07:01:55 UTC Mon Apr 3 2023
006588: Apr  3 07:02:06.490: %SYS-6-LOGOUT: User si_nam_52343_p_004 has exited tty session 2(148.93.49.246)
006589: Apr  3 07:04:28.670: %SEC_LOGIN-5-LOGIN_SUCCESS: Login Success [user: si_nam_52343_p_004] [Source: 148.93.49.246] [localport: 22] at 07:04:28 UTC Mon Apr 3 2023
006590: Apr  3 07:04:43.409: %SYS-6-LOGOUT: User si_nam_52343_p_004 has exited tty session 2(148.93.49.246)
006591: Apr  3 10:00:32.577: %SEC_LOGIN-5-LOGIN_SUCCESS: Login Success [user: si_nam_52343_p_004] [Source: 148.93.49.246] [localport: 22] at 10:00:32 UTC Mon Apr 3 2023
006592: Apr  3 10:00:34.983: %SYS-6-LOGOUT: User si_nam_52343_p_004 has exited tty session 2(148.93.49.246)
006593: Apr  3 12:00:57.508: %SEC_LOGIN-5-LOGIN_SUCCESS: Login Success [user: si_nam_52343_p_004] [Source: 148.93.49.246] [localport: 22] at 12:00:57 UTC Mon Apr 3 2023
006594: Apr  3 12:00:58.509: %SYS-6-LOGOUT: User si_nam_52343_p_004 has exited tty session 2(148.93.49.246)
006595: Apr  3 17:12:37.532: %SEC_LOGIN-5-LOGIN_SUCCESS: Login Success [user: si_nam_52343_p_004] [Source: 148.93.49.246] [localport: 22] at 17:12:37 UTC Mon Apr 3 2023
006596: Apr  3 17:13:59.462: %SYS-6-LOGOUT: User si_nam_52343_p_004 has exited tty session 2(148.93.49.246)
006597: Apr  3 20:05:00.199: %SEC_LOGIN-5-LOGIN_SUCCESS: Login Success [user: si_nam_52343_p_004] [Source: 148.93.49.246] [localport: 22] at 20:05:00 UTC Mon Apr 3 2023
006598: Apr  3 20:05:04.902: %SYS-6-LOGOUT: User si_nam_52343_p_004 has exited tty session 2(148.93.49.246)
006599: Apr  4 01:23:12.015: %SEC_LOGIN-5-LOGIN_SUCCESS: Login Success [user: si_nam_52343_p_004] [Source: 148.93.49.246] [localport: 22] at 01:23:12 UTC Tue Apr 4 2023
006600: Apr  4 01:24:18.705: %SYS-6-LOGOUT: User si_nam_52343_p_004 has exited tty session 2(148.93.49.246)
006601: Apr  4 04:11:08.725: %SEC_LOGIN-5-LOGIN_SUCCESS: Login Success [user: si_nam_52343_p_004] [Source: 148.93.49.246] [localport: 22] at 04:11:08 UTC Tue Apr 4 2023
006602: Apr  4 04:11:14.117: %SYS-6-LOGOUT: User si_nam_52343_p_004 has exited tty session 2(148.93.49.246)
006603: Apr  4 04:12:36.354: %SEC_LOGIN-5-LOGIN_SUCCESS: Login Success [user: si_nam_52343_p_004] [Source: 148.93.49.246] [localport: 22] at 04:12:36 UTC Tue Apr 4 2023
006604: Apr  4 04:12:41.501: %SYS-6-LOGOUT: User si_nam_52343_p_004 has exited tty session 2(148.93.49.246)
006605: Apr  4 05:38:19.245: %SEC_LOGIN-5-LOGIN_SUCCESS: Login Success [user: si_nam_52343_p_004] [Source: 148.93.49.246] [localport: 22] at 05:38:19 UTC Tue Apr 4 2023
006606: Apr  4 05:42:58.421: %SYS-6-LOGOUT: User si_nam_52343_p_004 has exited tty session 2(148.93.49.246)
006607: Apr  4 09:10:49.305: %SEC_LOGIN-5-LOGIN_SUCCESS: Login Success [user: si_nam_52343_p_004] [Source: 148.93.49.246] [localport: 22] at 09:10:49 UTC Tue Apr 4 2023
006608: Apr  4 09:10:55.468: %SYS-6-LOGOUT: User si_nam_52343_p_004 has exited tty session 2(148.93.49.246)
006609: Apr  4 09:12:11.988: %SEC_LOGIN-5-LOGIN_SUCCESS: Login Success [user: si_nam_52343_p_004] [Source: 148.93.49.246] [localport: 22] at 09:12:11 UTC Tue Apr 4 2023
006610: Apr  4 09:12:18.530: %SYS-6-LOGOUT: User si_nam_52343_p_004 has exited tty session 2(148.93.49.246)
006611: Apr  4 12:00:36.837: %SEC_LOGIN-5-LOGIN_SUCCESS: Login Success [user: si_nam_52343_p_004] [Source: 148.93.49.246] [localport: 22] at 12:00:36 UTC Tue Apr 4 2023
006612: Apr  4 12:00:37.881: %SYS-6-LOGOUT: User si_nam_52343_p_004 has exited tty session 2(148.93.49.246)
006613: Apr  4 14:24:26.814: %SEC_LOGIN-5-LOGIN_SUCCESS: Login Success [user: as_cz507f] [Source: 148.93.114.73] [localport: 22] at 14:24:26 UTC Tue Apr 4 2023
006614: Apr  4 15:06:25.262: %SYS-6-LOGOUT: User as_cz507f has exited tty session 2(148.93.114.73)
006615: Apr  4 15:06:26.266: %SYS-4-LOGGING_PERSISTENT_OVERRUN: Logging persistent command exceeded its size. Oldest logging-persistent file was deleted (file name: flash:/syslog/log_20220813-164808).
006616: Apr  4 15:06:26.278: %SYS-4-LOGGING_PERSISTENT_OVERRUN: Logging persistent command exceeded its size. Oldest logging-persistent file was deleted (file name: flash:/syslog/log_20221224-225314).
006617: Apr  4 15:06:26.289: %SYS-4-LOGGING_PERSISTENT_OVERRUN: Logging persistent command exceeded its size. Oldest logging-persistent file was deleted (file name: flash:/syslog/log_20230221-081532).
006618: Apr  4 16:06:40.511: %SEC_LOGIN-5-LOGIN_SUCCESS: Login Success [user: as_cz507f] [Source: 148.93.114.73] [localport: 22] at 16:06:40 UTC Tue Apr 4 2023
006619: Apr  4 16:12:37.444: %SYS-6-LOGOUT: User as_cz507f has exited tty session 2(148.93.114.73)
006620: Apr  4 17:11:04.744: %SEC_LOGIN-5-LOGIN_SUCCESS: Login Success [user: si_nam_52343_p_004] [Source: 148.93.49.246] [localport: 22] at 17:11:04 UTC Tue Apr 4 2023
006621: Apr  4 17:12:08.107: %SYS-6-LOGOUT: User si_nam_52343_p_004 has exited tty session 2(148.93.49.246)
006622: Apr  4 20:04:37.898: %SEC_LOGIN-5-LOGIN_SUCCESS: Login Success [user: si_nam_52343_p_004] [Source: 148.93.49.246] [localport: 22] at 20:04:37 UTC Tue Apr 4 2023
006623: Apr  4 20:04:42.838: %SYS-6-LOGOUT: User si_nam_52343_p_004 has exited tty session 2(148.93.49.246)
006624: Apr  5 04:12:03.755: %SEC_LOGIN-5-LOGIN_SUCCESS: Login Success [user: si_nam_52343_p_004] [Source: 148.93.49.246] [localport: 22] at 04:12:03 UTC Wed Apr 5 2023
006625: Apr  5 04:12:12.674: %SYS-6-LOGOUT: User si_nam_52343_p_004 has exited tty session 2(148.93.49.246)
006626: Apr  5 06:06:13.930: %SEC_LOGIN-5-LOGIN_SUCCESS: Login Success [user: si_nam_52343_p_004] [Source: 148.93.49.246] [localport: 22] at 06:06:13 UTC Wed Apr 5 2023
006627: Apr  5 06:11:05.340: %SYS-6-LOGOUT: User si_nam_52343_p_004 has exited tty session 2(148.93.49.246)
006628: Apr  5 09:24:30.735: %SEC_LOGIN-5-LOGIN_SUCCESS: Login Success [user: si_nam_52343_p_004] [Source: 148.93.49.246] [localport: 22] at 09:24:30 UTC Wed Apr 5 2023
006629: Apr  5 09:24:44.348: %SYS-6-LOGOUT: User si_nam_52343_p_004 has exited tty session 2(148.93.49.246)
006630: Apr  5 09:25:30.854: %SEC_LOGIN-5-LOGIN_SUCCESS: Login Success [user: si_nam_52343_p_004] [Source: 148.93.49.246] [localport: 22] at 09:25:30 UTC Wed Apr 5 2023
006631: Apr  5 09:25:43.859: %SYS-6-LOGOUT: User si_nam_52343_p_004 has exited tty session 2(148.93.49.246)
006632: Apr  5 09:59:09.935: %SEC_LOGIN-5-LOGIN_SUCCESS: Login Success [user: si_nam_52343_p_004] [Source: 148.93.49.246] [localport: 22] at 09:59:09 UTC Wed Apr 5 2023
006633: Apr  5 09:59:26.522: %SYS-6-LOGOUT: User si_nam_52343_p_004 has exited tty session 2(148.93.49.246)
006634: Apr  5 12:01:35.238: %SEC_LOGIN-5-LOGIN_SUCCESS: Login Success [user: si_nam_52343_p_004] [Source: 148.93.49.246] [localport: 22] at 12:01:35 UTC Wed Apr 5 2023
006635: Apr  5 12:01:37.771: %SYS-6-LOGOUT: User si_nam_52343_p_004 has exited tty session 2(148.93.49.246)
006636: Apr  5 17:12:29.908: %SEC_LOGIN-5-LOGIN_SUCCESS: Login Success [user: si_nam_52343_p_004] [Source: 148.93.49.246] [localport: 22] at 17:12:29 UTC Wed Apr 5 2023
006637: Apr  5 17:13:39.751: %SYS-6-LOGOUT: User si_nam_52343_p_004 has exited tty session 2(148.93.49.246)
006638: Apr  5 20:04:00.217: %SEC_LOGIN-5-LOGIN_SUCCESS: Login Success [user: si_nam_52343_p_004] [Source: 148.93.49.246] [localport: 22] at 20:04:00 UTC Wed Apr 5 2023
006639: Apr  5 20:04:05.092: %SYS-6-LOGOUT: User si_nam_52343_p_004 has exited tty session 2(148.93.49.246)
006640: Apr  6 04:13:30.470: %SEC_LOGIN-5-LOGIN_SUCCESS: Login Success [user: si_nam_52343_p_004] [Source: 148.93.49.246] [localport: 22] at 04:13:30 UTC Thu Apr 6 2023
006641: Apr  6 04:13:39.414: %SYS-6-LOGOUT: User si_nam_52343_p_004 has exited tty session 2(148.93.49.246)
006642: Apr  6 04:15:58.567: %SEC_LOGIN-5-LOGIN_SUCCESS: Login Success [user: si_nam_52343_p_004] [Source: 148.93.49.246] [localport: 22] at 04:15:58 UTC Thu Apr 6 2023
006643: Apr  6 04:16:06.938: %SYS-6-LOGOUT: User si_nam_52343_p_004 has exited tty session 2(148.93.49.246)
006644: Apr  6 05:39:03.543: %SEC_LOGIN-5-LOGIN_SUCCESS: Login Success [user: si_nam_52343_p_004] [Source: 148.93.49.246] [localport: 22] at 05:39:03 UTC Thu Apr 6 2023
006645: Apr  6 05:43:15.341: %SYS-6-LOGOUT: User si_nam_52343_p_004 has exited tty session 2(148.93.49.246)
006646: Apr  6 08:48:01.846: %SEC_LOGIN-5-LOGIN_SUCCESS: Login Success [user: si_nam_52343_p_004] [Source: 148.93.49.246] [localport: 22] at 08:48:01 UTC Thu Apr 6 2023
006647: Apr  6 08:48:16.919: %SYS-6-LOGOUT: User si_nam_52343_p_004 has exited tty session 2(148.93.49.246)
006648: Apr  6 08:49:08.298: %SEC_LOGIN-5-LOGIN_SUCCESS: Login Success [user: si_nam_52343_p_004] [Source: 148.93.49.246] [localport: 22] at 08:49:08 UTC Thu Apr 6 2023
006649: Apr  6 08:49:24.681: %SYS-6-LOGOUT: User si_nam_52343_p_004 has exited tty session 2(148.93.49.246)
006650: Apr  6 12:00:42.531: %SEC_LOGIN-5-LOGIN_SUCCESS: Login Success [user: si_nam_52343_p_004] [Source: 148.93.49.246] [localport: 22] at 12:00:42 UTC Thu Apr 6 2023
006651: Apr  6 12:00:43.596: %SYS-6-LOGOUT: User si_nam_52343_p_004 has exited tty session 2(148.93.49.246)
006652: Apr  6 15:54:43.352: %SEC_LOGIN-5-LOGIN_SUCCESS: Login Success [user: as_cz507f] [Source: 148.93.114.216] [localport: 22] at 15:54:43 UTC Thu Apr 6 2023
tmxcrlast017#!

tmxcrlast017#sh run
Building configuration...

Current configuration : 36377 bytes
!
! Last configuration change at 21:50:20 UTC Fri Mar 31 2023 by as_jztcg6
! NVRAM config last updated at 21:50:20 UTC Fri Mar 31 2023 by as_jztcg6
!
version 16.12
service nagle
no service pad
service tcp-keepalives-in
service tcp-keepalives-out
service timestamps debug datetime msec localtime
service timestamps log datetime msec localtime
service password-encryption
service sequence-numbers
service call-home
platform punt-keepalive disable-kernel-core
!
hostname tmxcrlast017
!
!
vrf definition Mgmt-vrf
 !
 address-family ipv4
 exit-address-family
 !
 address-family ipv6
 exit-address-family
!
logging discriminator FILTER msg-body drops DOT1X-5|MAB-5|SESSION_MGR-5
logging buffered discriminator FILTER 40960 informational
logging persistent url flash:/syslog size 5120000 filesize 500000 immediate
no logging console
logging monitor informational
enable secret 9 $9$dzSKX/KLo.JjQ.$KIBmS83/hdgqPvjmx8EmwzXepBHQOPlelkm.bUrzQbc
!
!
!
!
aaa new-model
!
!
aaa authentication attempts login 6
aaa authentication login default group tacacs+ line
aaa authentication enable default group tacacs+ enable
aaa authentication dot1x default group radius
aaa authorization exec default group tacacs+ local if-authenticated 
aaa authorization commands 15 default local group tacacs+ if-authenticated 
aaa authorization network default group radius 
aaa accounting update newinfo periodic 2880
aaa accounting dot1x default start-stop group radius
aaa accounting exec default stop-only group tacacs+
aaa accounting commands 15 default stop-only group tacacs+
aaa accounting network default stop-only group tacacs+
!
!
!
!
!
aaa server radius dynamic-author
 client 10.122.174.132 server-key 7 142613275B5C7E203C3D20633A192C22532A7257567C5357541D20680965655E73
 client 10.123.174.36 server-key 7 142613275B5C7E203C3D20633A192C22532A7257567C5357541D20680965655E73
 client 10.122.174.133 server-key 7 142613275B5C7E203C3D20633A192C22532A7257567C5357541D20680965655E73
 client 10.123.174.37 server-key 7 142613275B5C7E203C3D20633A192C22532A7257567C5357541D20680965655E73
!
aaa session-id common
stack-mac persistent timer 0
switch 1 provision c9200-24p
!
!
!
!
vtp domain TMX
vtp mode transparent
!
device-sensor filter-list dhcp list DS-dhcp-list
 option name host-name
 option name default-ip-ttl
 option name requested-address
 option name parameter-request-list
 option name class-identifier
 option name client-identifier
!
device-sensor filter-list lldp list DS-lldp-list
 tlv name system-name
 tlv name system-description
 tlv name system-capabilities
!
device-sensor filter-list cdp list DS-cdp-list
 tlv name device-name
 tlv name address-type
 tlv name capabilities-type
 tlv name platform-type
device-sensor filter-spec dhcp include list DS-dhcp-list
device-sensor filter-spec lldp include list DS-lldp-list
device-sensor filter-spec cdp include list DS-cdp-list
device-sensor accounting
device-sensor notify all-changes
!
!
!
!
!
no ip source-route
ip routing
!
!
!
!
!
ip vrf gm-security
 description gm-security-VRF vlan 762
 rd 762:200001
!
ip vrf gm-supplier
 description gm-supplier access VRF - Vlan 900
 rd 900:200001
!
ip multicast-routing 
ip multicast multipath
ip name-server 164.56.50.7
no ip domain lookup
ip domain name tmx.nam.gm.com
!
ip dhcp pool VLAN300
 network 172.20.117.192 255.255.255.240
 default-router 172.20.117.193 
 option 43 hex f108.ac14.75f9
!
!
!
ip dhcp snooping vlan 750
no ip dhcp snooping information option
ip dhcp snooping
login on-success log
udld aggressive

call-home
 ! If contact email address in call-home is configured as sch-smart-licensing@cisco.com
 ! the email address configured in Cisco Smart License Portal will be used as contact email address to send SCH notifications.
 contact-email-addr sch-smart-licensing@cisco.com
 no http secure server-identity-check
 profile "CiscoTAC-1"
  no reporting smart-licensing-data
  destination transport-method http
  no destination transport-method email
 profile "Site-Engineering-LAN"
  reporting smart-licensing-data
  destination transport-method http
  no destination transport-method email
  destination address http https://148.93.145.110:443/Transportgateway/services/DeviceRequestHandler 
!
!
authentication mac-move permit
authentication logging verbose
access-session acl default passthrough
no device-tracking logging theft
device-tracking tracking auto-source override
!
device-tracking policy IPDT_MAX_10
 limit address-count 10
 security-level glean
 no protocol udp
 tracking enable reachable-lifetime 10
!
!
crypto pki trustpoint TP-self-signed-435371967
 enrollment selfsigned
 subject-name cn=IOS-Self-Signed-Certificate-435371967
 revocation-check none
 rsakeypair TP-self-signed-435371967
!
crypto pki trustpoint SLA-TrustPoint
 enrollment terminal
 revocation-check none
!
!
crypto pki certificate chain TP-self-signed-435371967
crypto pki certificate chain SLA-TrustPoint
 certificate ca 01
  30820321 30820209 A0030201 02020101 300D0609 2A864886 F70D0101 0B050030 
  32310E30 0C060355 040A1305 43697363 6F312030 1E060355 04031317 43697363 
  6F204C69 63656E73 696E6720 526F6F74 20434130 1E170D31 33303533 30313934 
  3834375A 170D3338 30353330 31393438 34375A30 32310E30 0C060355 040A1305 
  43697363 6F312030 1E060355 04031317 43697363 6F204C69 63656E73 696E6720 
  526F6F74 20434130 82012230 0D06092A 864886F7 0D010101 05000382 010F0030 
  82010A02 82010100 A6BCBD96 131E05F7 145EA72C 2CD686E6 17222EA1 F1EFF64D 
  CBB4C798 212AA147 C655D8D7 9471380D 8711441E 1AAF071A 9CAE6388 8A38E520 
  1C394D78 462EF239 C659F715 B98C0A59 5BBB5CBD 0CFEBEA3 700A8BF7 D8F256EE 
  4AA4E80D DB6FD1C9 60B1FD18 FFC69C96 6FA68957 A2617DE7 104FDC5F EA2956AC 
  7390A3EB 2B5436AD C847A2C5 DAB553EB 69A9A535 58E9F3E3 C0BD23CF 58BD7188 
  68E69491 20F320E7 948E71D7 AE3BCC84 F10684C7 4BC8E00F 539BA42B 42C68BB7 
  C7479096 B4CB2D62 EA2F505D C7B062A4 6811D95B E8250FC4 5D5D5FB8 8F27D191 
  C55F0D76 61F9A4CD 3D992327 A8BB03BD 4E6D7069 7CBADF8B DF5F4368 95135E44 
  DFC7C6CF 04DD7FD1 02030100 01A34230 40300E06 03551D0F 0101FF04 04030201 
  06300F06 03551D13 0101FF04 05300301 01FF301D 0603551D 0E041604 1449DC85 
  4B3D31E5 1B3E6A17 606AF333 3D3B4C73 E8300D06 092A8648 86F70D01 010B0500 
  03820101 00507F24 D3932A66 86025D9F E838AE5C 6D4DF6B0 49631C78 240DA905 
  604EDCDE FF4FED2B 77FC460E CD636FDB DD44681E 3A5673AB 9093D3B1 6C9E3D8B 
  D98987BF E40CBD9E 1AECA0C2 2189BB5C 8FA85686 CD98B646 5575B146 8DFC66A8 
  467A3DF4 4D565700 6ADF0F0D CF835015 3C04FF7C 21E878AC 11BA9CD2 55A9232C 
  7CA7B7E6 C1AF74F6 152E99B7 B1FCF9BB E973DE7F 5BDDEB86 C71E3B49 1765308B 
  5FB0DA06 B92AFE7F 494E8A9E 07B85737 F3A58BE1 1A48A229 C37C1E69 39F08678 
  80DDCD16 D6BACECA EEBC7CF9 8428787B 35202CDC 60E4616A B623CDBD 230E3AFB 
  418616A9 4093E049 4D10AB75 27E86F73 932E35B5 8862FDAE 0275156F 719BB2F0 
  D697DF7F 28
  	quit
!
!
dot1x system-auth-control
license boot level network-advantage addon dna-advantage
!
!
diagnostic bootup level complete
!
spanning-tree mode rapid-pvst
spanning-tree loopguard default
spanning-tree portfast bpduguard default
spanning-tree extend system-id
spanning-tree vlan 300,600,750,762,900 priority 24576
memory free low-watermark processor 22836
!
errdisable recovery cause udld
errdisable recovery cause bpduguard
errdisable recovery cause security-violation
errdisable recovery cause channel-misconfig
errdisable recovery cause pagp-flap
errdisable recovery cause dtp-flap
errdisable recovery cause link-flap
errdisable recovery cause sfp-config-mismatch
errdisable recovery cause gbic-invalid
errdisable recovery cause l2ptguard
errdisable recovery cause psecure-violation
errdisable recovery cause port-mode-failure
errdisable recovery cause dhcp-rate-limit
errdisable recovery cause pppoe-ia-rate-limit
errdisable recovery cause mac-limit
errdisable recovery cause storm-control
errdisable recovery cause inline-power
errdisable recovery cause arp-inspection
errdisable recovery cause loopback
errdisable recovery cause psp
errdisable recovery cause mrp-miscabling
errdisable recovery interval 1200
!
redundancy
 mode sso
!
!
vlan 300
 name tmxcrlast017-vl300-ap
!
vlan 600
 name tmxcrlast017-vl600-voice
!
vlan 750
 name tmxcrlast017-vl750-gmol
!
vlan 762
 name gm-security-camera-vrf
!
vlan 900
 name tmxcrlast017-vl900-guest
!
vlan 999
 name Unused
!
vlan 1524
 name Prod-PtoP-tmxcrlcrt001
!
vlan 1525
 name Prod-PtoP-tmxcrlcrt002
!
vlan 2144
 name gm-security-vrf-P2P-tmxcrlcrt001
!
vlan 2145
 name gm-security-vrf-P2P-tmxcrlcrt002
!
vlan 2524
 name VRF-PtoP-tmxcrlcrt001
!
vlan 2525
 name VRF-PtoP-tmxcrlcrt002
lldp run
!
!
class-map match-any system-cpp-police-ewlc-control
  description EWLC Control 
class-map match-any system-cpp-police-topology-control
  description Topology control
class-map match-any system-cpp-police-sw-forward
  description Sw forwarding, L2 LVX data packets, LOGGING, Transit Traffic
class-map match-any system-cpp-default
  description EWLC data, Inter FED Traffic 
class-map match-any system-cpp-police-sys-data
  description Openflow, Exception, EGR Exception, NFL Sampled Data, RPF Failed
class-map match-any system-cpp-police-punt-webauth
  description Punt Webauth
class-map match-any system-cpp-police-l2lvx-control
  description L2 LVX control packets
class-map match-any system-cpp-police-forus
  description Forus Address resolution and Forus traffic
class-map match-any system-cpp-police-multicast-end-station
  description MCAST END STATION
class-map match-any system-cpp-police-high-rate-app
  description High Rate Applications 
class-map match-any system-cpp-police-multicast
  description MCAST Data
class-map match-any system-cpp-police-l2-control
  description L2 control
class-map match-any system-cpp-police-dot1x-auth
  description DOT1X Auth
class-map match-any system-cpp-police-data
  description ICMP redirect, ICMP_GEN and BROADCAST
class-map match-any system-cpp-police-stackwise-virt-control
  description Stackwise Virtual OOB
class-map match-any non-client-nrt-class
class-map match-any system-cpp-police-routing-control
  description Routing control and Low Latency
class-map match-any system-cpp-police-protocol-snooping
  description Protocol snooping
class-map match-any system-cpp-police-dhcp-snooping
  description DHCP snooping
class-map match-any system-cpp-police-ios-routing
  description L2 control, Topology control, Routing control, Low Latency
class-map match-any system-cpp-police-system-critical
  description System Critical and Gold Pkt
class-map match-any system-cpp-police-ios-feature
  description ICMPGEN,BROADCAST,ICMP,L2LVXCntrl,ProtoSnoop,PuntWebauth,MCASTData,Transit,DOT1XAuth,Swfwd,LOGGING,L2LVXData,ForusTraffic,ForusARP,McastEndStn,Openflow,Exception,EGRExcption,NflSampled,RpfFailed
!
policy-map system-cpp-policy
!
! 
!
!
!
!
!
!
!
!
!
!
!
!
interface Loopback0
 description tmxcrlast017 trap-source
 ip address 172.20.113.17 255.255.255.255
 no ip redirects
 no ip unreachables
 no ip proxy-arp
!
interface Loopback1
 description tmxcrlast017 GM-Supplier VRF trap-source
 ip vrf forwarding gm-supplier
 ip address 26.50.121.17 255.255.255.255
 no ip redirects
 no ip unreachables
 no ip proxy-arp
!
interface Loopback762
 description EIGRP Router ID
 ip vrf forwarding gm-security
 ip address 192.168.250.13 255.255.255.255
 no ip redirects
 no ip unreachables
 no ip proxy-arp
!
interface GigabitEthernet0/0
 description Unused GT Infrastructure
 vrf forwarding Mgmt-vrf
 no ip address
 shutdown
 negotiation auto
!
interface GigabitEthernet1/0/1
 description nmxtmx-t00e-0b5-law01
 switchport access vlan 300
 switchport mode access
 no snmp trap link-status
 no mdix auto
 spanning-tree portfast
!
interface GigabitEthernet1/0/2
 description nmxtmx-t00e-0b5-law02
 switchport access vlan 300
 switchport mode access
 no snmp trap link-status
 no mdix auto
 spanning-tree portfast
!
interface GigabitEthernet1/0/3
 description nmxtmx-t00e-0b5-law03
 switchport access vlan 300
 switchport mode access
 no snmp trap link-status
 no mdix auto
 spanning-tree portfast
!
interface GigabitEthernet1/0/4
 description tmxcclaap075-ob-tkmrmp
 switchport access vlan 300
 switchport mode access
 no snmp trap link-status
 no mdix auto
 spanning-tree portfast
!
interface GigabitEthernet1/0/5
 description End-Device
 switchport mode access
 switchport voice vlan 600
 no logging event link-status
 shutdown
 authentication event fail retry 0 action authorize vlan 900
 authentication event no-response action authorize vlan 900
 authentication host-mode multi-domain
 authentication port-control auto
 authentication timer reauthenticate 60
 authentication violation restrict
 mab
 no snmp trap link-status
 dot1x pae authenticator
 dot1x timeout tx-period 5
 dot1x timeout supp-timeout 10
 no mdix auto
 spanning-tree portfast
!
interface GigabitEthernet1/0/6
 description End-Device
 switchport mode access
 switchport voice vlan 600
 no logging event link-status
 shutdown
 authentication event fail retry 0 action authorize vlan 900
 authentication event no-response action authorize vlan 900
 authentication host-mode multi-domain
 authentication port-control auto
 authentication timer reauthenticate 60
 authentication violation restrict
 mab
 no snmp trap link-status
 dot1x pae authenticator
 dot1x timeout tx-period 5
 dot1x timeout supp-timeout 10
 no mdix auto
 spanning-tree portfast
!
interface GigabitEthernet1/0/7
 description End-Device
 switchport mode access
 switchport voice vlan 600
 no logging event link-status
 shutdown
 authentication event fail retry 0 action authorize vlan 900
 authentication event no-response action authorize vlan 900
 authentication host-mode multi-domain
 authentication port-control auto
 authentication timer reauthenticate 60
 authentication violation restrict
 mab
 no snmp trap link-status
 dot1x pae authenticator
 dot1x timeout tx-period 5
 dot1x timeout supp-timeout 10
 no mdix auto
 spanning-tree portfast
!
interface GigabitEthernet1/0/8
 description End-Device
 switchport mode access
 switchport voice vlan 600
 no logging event link-status
 shutdown
 authentication event fail retry 0 action authorize vlan 900
 authentication event no-response action authorize vlan 900
 authentication host-mode multi-domain
 authentication port-control auto
 authentication timer reauthenticate 60
 authentication violation restrict
 mab
 no snmp trap link-status
 dot1x pae authenticator
 dot1x timeout tx-period 5
 dot1x timeout supp-timeout 10
 no mdix auto
 spanning-tree portfast
!
interface GigabitEthernet1/0/9
 description End-Device
 switchport mode access
 switchport voice vlan 600
 no logging event link-status
 shutdown
 authentication event fail retry 0 action authorize vlan 900
 authentication event no-response action authorize vlan 900
 authentication host-mode multi-domain
 authentication port-control auto
 authentication timer reauthenticate 60
 authentication violation restrict
 mab
 no snmp trap link-status
 dot1x pae authenticator
 dot1x timeout tx-period 5
 dot1x timeout supp-timeout 10
 no mdix auto
 spanning-tree portfast
!
interface GigabitEthernet1/0/10
 description End-Device
 switchport mode access
 switchport voice vlan 600
 no logging event link-status
 shutdown
 authentication event fail retry 0 action authorize vlan 900
 authentication event no-response action authorize vlan 900
 authentication host-mode multi-domain
 authentication port-control auto
 authentication timer reauthenticate 60
 authentication violation restrict
 mab
 no snmp trap link-status
 dot1x pae authenticator
 dot1x timeout tx-period 5
 dot1x timeout supp-timeout 10
 no mdix auto
 spanning-tree portfast
!
interface GigabitEthernet1/0/11
 description End-Device
 switchport mode access
 switchport voice vlan 600
 no logging event link-status
 shutdown
 authentication event fail retry 0 action authorize vlan 900
 authentication event no-response action authorize vlan 900
 authentication host-mode multi-domain
 authentication port-control auto
 authentication timer reauthenticate 60
 authentication violation restrict
 mab
 no snmp trap link-status
 dot1x pae authenticator
 dot1x timeout tx-period 5
 dot1x timeout supp-timeout 10
 no mdix auto
 spanning-tree portfast
!
interface GigabitEthernet1/0/12
 description End-Device
 switchport mode access
 switchport voice vlan 600
 no logging event link-status
 shutdown
 authentication event fail retry 0 action authorize vlan 900
 authentication event no-response action authorize vlan 900
 authentication host-mode multi-domain
 authentication port-control auto
 authentication timer reauthenticate 60
 authentication violation restrict
 mab
 no snmp trap link-status
 dot1x pae authenticator
 dot1x timeout tx-period 5
 dot1x timeout supp-timeout 10
 no mdix auto
 spanning-tree portfast
!
interface GigabitEthernet1/0/13
 description End-Device
 switchport mode access
 switchport voice vlan 600
 no logging event link-status
 shutdown
 authentication event fail retry 0 action authorize vlan 900
 authentication event no-response action authorize vlan 900
 authentication host-mode multi-domain
 authentication port-control auto
 authentication timer reauthenticate 60
 authentication violation restrict
 mab
 no snmp trap link-status
 dot1x pae authenticator
 dot1x timeout tx-period 5
 dot1x timeout supp-timeout 10
 no mdix auto
 spanning-tree portfast
!
interface GigabitEthernet1/0/14
 description End-Device
 switchport mode access
 switchport voice vlan 600
 no logging event link-status
 shutdown
 authentication event fail retry 0 action authorize vlan 900
 authentication event no-response action authorize vlan 900
 authentication host-mode multi-domain
 authentication port-control auto
 authentication timer reauthenticate 60
 authentication violation restrict
 mab
 no snmp trap link-status
 dot1x pae authenticator
 dot1x timeout tx-period 5
 dot1x timeout supp-timeout 10
 no mdix auto
 spanning-tree portfast
!
interface GigabitEthernet1/0/15
 description End-Device
 switchport mode access
 switchport voice vlan 600
 no logging event link-status
 shutdown
 authentication event fail retry 0 action authorize vlan 900
 authentication event no-response action authorize vlan 900
 authentication host-mode multi-domain
 authentication port-control auto
 authentication timer reauthenticate 60
 authentication violation restrict
 mab
 no snmp trap link-status
 dot1x pae authenticator
 dot1x timeout tx-period 5
 dot1x timeout supp-timeout 10
 no mdix auto
 spanning-tree portfast
!
interface GigabitEthernet1/0/16
 description End-Device
 switchport mode access
 switchport voice vlan 600
 no logging event link-status
 shutdown
 authentication event fail retry 0 action authorize vlan 900
 authentication event no-response action authorize vlan 900
 authentication host-mode multi-domain
 authentication port-control auto
 authentication timer reauthenticate 60
 authentication violation restrict
 mab
 no snmp trap link-status
 dot1x pae authenticator
 dot1x timeout tx-period 5
 dot1x timeout supp-timeout 10
 no mdix auto
 spanning-tree portfast
!
interface GigabitEthernet1/0/17
 description End-Device
 switchport mode access
 switchport voice vlan 600
 no logging event link-status
 shutdown
 authentication event fail retry 0 action authorize vlan 900
 authentication event no-response action authorize vlan 900
 authentication host-mode multi-domain
 authentication port-control auto
 authentication timer reauthenticate 60
 authentication violation restrict
 mab
 no snmp trap link-status
 dot1x pae authenticator
 dot1x timeout tx-period 5
 dot1x timeout supp-timeout 10
 no mdix auto
 spanning-tree portfast
!
interface GigabitEthernet1/0/18
 description End-Device
 switchport mode access
 switchport voice vlan 600
 no logging event link-status
 shutdown
 authentication event fail retry 0 action authorize vlan 900
 authentication event no-response action authorize vlan 900
 authentication host-mode multi-domain
 authentication port-control auto
 authentication timer reauthenticate 60
 authentication violation restrict
 mab
 no snmp trap link-status
 dot1x pae authenticator
 dot1x timeout tx-period 5
 dot1x timeout supp-timeout 10
 no mdix auto
 spanning-tree portfast
!
interface GigabitEthernet1/0/19
 description End-Device
 switchport mode access
 switchport voice vlan 600
 no logging event link-status
 shutdown
 authentication event fail retry 0 action authorize vlan 900
 authentication event no-response action authorize vlan 900
 authentication host-mode multi-domain
 authentication port-control auto
 authentication timer reauthenticate 60
 authentication violation restrict
 mab
 no snmp trap link-status
 dot1x pae authenticator
 dot1x timeout tx-period 5
 dot1x timeout supp-timeout 10
 no mdix auto
 spanning-tree portfast
!
interface GigabitEthernet1/0/20
 description End-Device
 switchport mode access
 switchport voice vlan 600
 no logging event link-status
 shutdown
 authentication event fail retry 0 action authorize vlan 900
 authentication event no-response action authorize vlan 900
 authentication host-mode multi-domain
 authentication port-control auto
 authentication timer reauthenticate 60
 authentication violation restrict
 mab
 no snmp trap link-status
 dot1x pae authenticator
 dot1x timeout tx-period 5
 dot1x timeout supp-timeout 10
 no mdix auto
 spanning-tree portfast
!
interface GigabitEthernet1/0/21
 description End-Device
 switchport mode access
 switchport voice vlan 600
 no logging event link-status
 shutdown
 authentication event fail retry 0 action authorize vlan 900
 authentication event no-response action authorize vlan 900
 authentication host-mode multi-domain
 authentication port-control auto
 authentication timer reauthenticate 60
 authentication violation restrict
 mab
 no snmp trap link-status
 dot1x pae authenticator
 dot1x timeout tx-period 5
 dot1x timeout supp-timeout 10
 no mdix auto
 spanning-tree portfast
!
interface GigabitEthernet1/0/22
 description End-Device
 switchport mode access
 switchport voice vlan 600
 no logging event link-status
 shutdown
 authentication event fail retry 0 action authorize vlan 900
 authentication event no-response action authorize vlan 900
 authentication host-mode multi-domain
 authentication port-control auto
 authentication timer reauthenticate 60
 authentication violation restrict
 mab
 no snmp trap link-status
 dot1x pae authenticator
 dot1x timeout tx-period 5
 dot1x timeout supp-timeout 10
 no mdix auto
 spanning-tree portfast
!
interface GigabitEthernet1/0/23
 description End-Device
 switchport mode access
 switchport voice vlan 600
 no logging event link-status
 shutdown
 authentication event fail retry 0 action authorize vlan 900
 authentication event no-response action authorize vlan 900
 authentication host-mode multi-domain
 authentication port-control auto
 authentication timer reauthenticate 60
 authentication violation restrict
 mab
 no snmp trap link-status
 dot1x pae authenticator
 dot1x timeout tx-period 5
 dot1x timeout supp-timeout 10
 no mdix auto
 spanning-tree portfast
!
interface GigabitEthernet1/0/24
 description End-Device
 switchport mode access
 switchport voice vlan 600
 no logging event link-status
 shutdown
 authentication event fail retry 0 action authorize vlan 900
 authentication event no-response action authorize vlan 900
 authentication host-mode multi-domain
 authentication port-control auto
 authentication timer reauthenticate 60
 authentication violation restrict
 mab
 no snmp trap link-status
 dot1x pae authenticator
 dot1x timeout tx-period 5
 dot1x timeout supp-timeout 10
 no mdix auto
 spanning-tree portfast
!
interface GigabitEthernet1/1/1
 description tmxcrlcrt001-Twe1/0/13 GT Infrastructure
 switchport trunk allowed vlan 1524,2144,2524
 switchport mode trunk
 udld port aggressive
 spanning-tree portfast disable
 ip dhcp snooping trust
!
interface GigabitEthernet1/1/2
 description tmxcrlcrt002-Twe1/0/13 GT Infrastructure
 switchport trunk allowed vlan 1525,2145,2525
 switchport mode trunk
 udld port aggressive
 spanning-tree portfast disable
 ip dhcp snooping trust
!
interface GigabitEthernet1/1/3
 description Unused GT Infrastructure
 switchport access vlan 999
 switchport mode access
 shutdown
 udld port aggressive
 spanning-tree portfast disable
!
interface GigabitEthernet1/1/4
 description Unused GT Infrastructure
 switchport access vlan 999
 switchport mode access
 shutdown
 udld port aggressive
 spanning-tree portfast disable
!
interface TenGigabitEthernet1/1/1
 description Unused GT Infrastructure
 switchport access vlan 999
 switchport mode access
 shutdown
 udld port aggressive
 spanning-tree portfast disable
!
interface TenGigabitEthernet1/1/2
 description Unused GT Infrastructure
 switchport access vlan 999
 switchport mode access
 shutdown
 udld port aggressive
 spanning-tree portfast disable
!
interface TenGigabitEthernet1/1/3
 description Unused GT Infrastructure
 switchport access vlan 999
 switchport mode access
 shutdown
 udld port aggressive
 spanning-tree portfast disable
!
interface TenGigabitEthernet1/1/4
 description Unused GT Infrastructure
 switchport access vlan 999
 switchport mode access
 shutdown
 udld port aggressive
 spanning-tree portfast disable
!
interface Vlan1
 no ip address
 shutdown
!
interface Vlan300
 description tmxcrlast017-vl300-ap
 ip address 172.20.117.193 255.255.255.240
 ip helper-address 172.20.117.249
 no ip redirects
 no ip unreachables
 no ip proxy-arp
 ip pim sparse-mode
 arp timeout 1500
!
interface Vlan600
 description tmxcrlast017-vl600-voice
 ip address 11.178.79.1 255.255.255.128
 ip helper-address 130.170.159.119
 ip helper-address 164.56.5.103
 no ip redirects
 no ip unreachables
 no ip proxy-arp
 ip pim sparse-mode
 no snmp trap link-status
 arp timeout 1500
!
interface Vlan750
 description tmxcrlast017-vl750-gmol
 ip address 10.50.79.1 255.255.255.128
 ip helper-address 130.170.159.119
 ip helper-address 164.56.5.103
 no ip redirects
 no ip unreachables
 no ip proxy-arp
 ip pim sparse-mode
 no snmp trap link-status
 arp timeout 1500
!
interface Vlan762
 description gm-security-cameras
 ip vrf forwarding gm-security
 ip address 192.168.13.1 255.255.255.192
 no ip redirects
 no ip unreachables
 no ip proxy-arp
 no snmp trap link-status
 arp timeout 1500
!
interface Vlan900
 description tmxcrlast017-vl900-guest
 ip vrf forwarding gm-supplier
 ip address 26.50.79.1 255.255.255.128
 ip helper-address 144.72.254.55
 ip helper-address 144.72.254.59
 ip helper-address 10.194.60.165
 ip helper-address 10.194.60.166
 ip helper-address 10.194.60.37
 no ip redirects
 no ip unreachables
 no ip proxy-arp
 no snmp trap link-status
 arp timeout 1500
!
interface Vlan1524
 description tmxcrlcrt001-Twe1/0/13-PtoP
 ip address 10.50.120.49 255.255.255.254
 no ip redirects
 no ip unreachables
 no ip proxy-arp
 ip pim sparse-mode
 arp timeout 1500
!
interface Vlan1525
 description tmxcrlcrt002-Twe1/0/13-PtoP
 ip address 10.50.120.51 255.255.255.254
 no ip redirects
 no ip unreachables
 no ip proxy-arp
 ip pim sparse-mode
 arp timeout 1500
!
interface Vlan2144
 description gm-security-vrf-P2P-tmxcrlcrt001
 ip vrf forwarding gm-security
 ip address 192.168.251.49 255.255.255.254
 no ip redirects
 no ip unreachables
 no ip proxy-arp
 arp timeout 1500
!
interface Vlan2145
 description gm-security-vrf-P2P-tmxcrlcrt002
 ip vrf forwarding gm-security
 ip address 192.168.251.51 255.255.255.254
 no ip redirects
 no ip unreachables
 no ip proxy-arp
 arp timeout 1500
!
interface Vlan2524
 description VRF-tmxcrlcrt001-Twe1/0/13
 ip vrf forwarding gm-supplier
 ip address 26.50.120.49 255.255.255.254
 no ip redirects
 no ip unreachables
 no ip proxy-arp
 arp timeout 1500
!
interface Vlan2525
 description VRF-tmxcrlcrt002-Twe1/0/13
 ip vrf forwarding gm-supplier
 ip address 26.50.120.51 255.255.255.254
 no ip redirects
 no ip unreachables
 no ip proxy-arp
 arp timeout 1500
!
!
router eigrp 1293
 distribute-list 25 in Vlan1524
 distribute-list 25 in Vlan1525
 default-metric 10000 100 255 1 1500
 network 10.50.64.0 0.0.63.255
 network 11.178.64.0 0.0.63.255
 network 172.20.113.0 0.0.0.255
 network 172.20.117.0 0.0.0.255
 passive-interface default
 no passive-interface Vlan1524
 no passive-interface Vlan1525
 eigrp router-id 172.20.113.17
 eigrp stub connected
!
!
router eigrp 900
 !
 address-family ipv4 vrf gm-supplier 
  default-metric 10000 100 255 1 1500
  network 26.50.64.0 0.0.63.255
  passive-interface default
  no passive-interface Vlan2524
  no passive-interface Vlan2525
  distribute-list 25 in Vlan2524
  distribute-list 25 in Vlan2525
  autonomous-system 900
  eigrp router-id 26.50.121.17
  eigrp stub connected
 exit-address-family
!
!
router eigrp 762
 !
 address-family ipv4 vrf gm-security 
  network 192.168.0.0 0.0.255.255
  passive-interface default
  no passive-interface Vlan2144
  no passive-interface Vlan2145
  distribute-list 25 in Vlan2144
  distribute-list 25 in Vlan2145
  autonomous-system 762
  eigrp router-id 192.168.250.13
 exit-address-family
!
ip telnet source-interface Loopback0
ip forward-protocol nd
no ip forward-protocol udp tftp
no ip forward-protocol udp nameserver
no ip forward-protocol udp domain
no ip forward-protocol udp time
no ip forward-protocol udp netbios-ns
no ip forward-protocol udp netbios-dgm
no ip forward-protocol udp tacacs
ip forward-protocol udp 5246
ip pim autorp listener
no ip http server
ip http authentication local
no ip http secure-server
ip http client source-interface Loopback0
ip ftp source-interface Loopback0
ip tftp source-interface Loopback0
ip tacacs source-interface Loopback0 
ip ssh authentication-retries 5
ip ssh source-interface Loopback0
ip ssh version 2
!
!
!
ip radius source-interface Loopback0 
logging source-interface Loopback0
logging host 148.93.49.21 transport udp port 5012
logging host 130.172.129.8 transport udp port 5012
logging host 148.93.115.30 transport udp port 5400
logging host 130.172.83.30 transport udp port 5400
ip access-list standard 25
 10 permit 0.0.0.0
ip access-list standard 90
 130 remark IO TV NetFlow Collector (Singapore W2)
 130 permit 10.147.94.37
 10 remark GM monitor/manage center in Warren
 10 permit 148.93.48.0 0.0.1.255
 20 permit 148.93.50.0 0.0.0.255
 30 permit 148.93.144.0 0.0.1.255
 40 permit 148.93.146.0 0.0.1.255
 50 permit 148.93.148.0 0.0.1.255
 60 remark GM monitor/manage center in Milford
 60 permit 130.172.128.0 0.0.1.255
 70 permit 130.172.130.0 0.0.0.255
 80 permit 130.172.100.0 0.0.1.255
 90 permit 130.172.36.0 0.0.1.255
 100 permit 130.172.42.0 0.0.1.255
 110 remark Global Plant HP NNMi Servers
 110 permit 10.0.11.203 0.255.0.0
 120 permit 10.0.139.203 0.255.0.0
ip access-list standard 91
 10 remark GM monitor/manage center in Warren
 10 permit 148.93.49.0 0.0.0.255
 20 permit 148.93.144.0 0.0.1.255
 30 permit 148.93.146.0 0.0.1.255
 40 permit 148.93.148.0 0.0.1.255
 50 remark GM monitor/manage center in Milford
 50 permit 130.172.129.0 0.0.0.255
 60 permit 130.172.100.0 0.0.1.255
 70 permit 130.172.36.0 0.0.1.255
 80 permit 130.172.42.0 0.0.1.255
ip access-list standard 93
 60 permit 10.14.9.251
 10 remark version 1.0
 10 remark GM monitor/manage center in Warren
 10 permit 148.93.114.0 0.0.0.255
 20 permit 148.93.49.0 0.0.0.255
 30 permit 148.93.144.0 0.0.1.255
 40 permit 148.93.146.0 0.0.1.255
 50 permit 148.93.148.0 0.0.1.255
 70 permit 148.93.50.0 0.0.0.255
 80 remark GM monitor/manage center in Milford
 80 permit 130.172.119.0 0.0.0.255
 90 permit 130.172.129.0 0.0.0.255
 100 permit 130.172.100.0 0.0.1.255
 110 permit 130.172.36.0 0.0.1.255
 120 permit 130.172.42.0 0.0.1.255
 130 remark GM monitor/manage center in Singapore
 130 permit 10.147.62.128 0.0.0.127
 140 permit 10.147.52.128 0.0.0.127
!
snmp-server group network-operator v3 auth 
snmp-server community Zeta2008XT RW 91
snmp-server community Delta4123R RO 90
snmp-server trap-source Loopback0
snmp-server location NMXTMX | TOLUCA MEXICO | AV INDUSTRIAL MINERA 700 | 1 | WAREHOUSE | TC B5 AT Q-6 | GM-LAN-GRP | CORP
snmp-server contact GM GTSC (855)780-1125
snmp-server system-shutdown
snmp-server enable traps snmp authentication linkdown linkup coldstart warmstart
snmp-server enable traps ospf state-change
snmp-server enable traps ospf errors
snmp-server enable traps ospf retransmit
snmp-server enable traps ospf cisco-specific state-change nssa-trans-change
snmp-server enable traps ospf cisco-specific state-change shamlink interface
snmp-server enable traps ospf cisco-specific state-change shamlink neighbor
snmp-server enable traps ospf cisco-specific errors
snmp-server enable traps ospf cisco-specific retransmit
snmp-server enable traps eigrp
snmp-server enable traps vtp
snmp-server enable traps vlancreate
snmp-server enable traps stackwise
snmp-server enable traps flash insertion removal lowspace
snmp-server enable traps entity
snmp-server enable traps envmon
snmp-server enable traps msdp
snmp-server enable traps pim neighbor-change rp-mapping-change invalid-pim-message
snmp-server enable traps config
snmp-server enable traps ipsla
snmp-server enable traps bgp state-changes updown-limited
snmp-server enable traps hsrp
snmp-server enable traps rf
snmp-server host 130.172.129.252 informs version 3 auth snmpv3user 
snmp-server host 148.93.49.56 informs version 3 auth snmpv3user 
snmp-server host 130.172.129.252 version 2c Trap41String 
snmp-server host 148.93.49.56 version 2c Trap41String 
snmp-server host 130.172.129.252 version 3 auth snmpv3user 
snmp-server host 148.93.49.56 version 3 auth snmpv3user 
snmp ifmib ifalias long
snmp ifmib ifindex persist
tacacs-server directed-request
tacacs server GM-DCW-1
 address ipv4 148.93.49.176
 key 7 012A07037A2A5758024A5E003B2406263E38232F3176046020052A23323711595659035B1D041F3F40716347790042256A202E5F7C2B0608146F2C1F3D307F46
tacacs server GM-DCM-1
 address ipv4 130.172.129.176
 key 7 012A07037A2A5758024A5E003B2406263E38232F3176046020052A23323711595659035B1D041F3F40716347790042256A202E5F7C2B0608146F2C1F3D307F46
tacacs server GM-DCW-2
 address ipv4 148.93.49.177
 key 7 012A07037A2A5758024A5E003B2406263E38232F3176046020052A23323711595659035B1D041F3F40716347790042256A202E5F7C2B0608146F2C1F3D307F46
tacacs server GM-DCM-2
 address ipv4 130.172.129.177
 key 7 012A07037A2A5758024A5E003B2406263E38232F3176046020052A23323711595659035B1D041F3F40716347790042256A202E5F7C2B0608146F2C1F3D307F46
!
!
radius-server attribute 6 on-for-login-auth
radius-server attribute 8 include-in-access-req
radius-server attribute 25 access-request include
radius-server retry method reorder
!
radius server DCWRadius1
 address ipv4 10.122.174.132 auth-port 1812 acct-port 1813
 key 7 142613275B5C7E203C3D20633A192C22532A7257567C5357541D20680965655E73
!
radius server DCMRadius2
 address ipv4 10.123.174.36 auth-port 1812 acct-port 1813
 key 7 142613275B5C7E203C3D20633A192C22532A7257567C5357541D20680965655E73
!
radius server DCWRadius3
 address ipv4 10.122.174.133 auth-port 1812 acct-port 1813
 key 7 142613275B5C7E203C3D20633A192C22532A7257567C5357541D20680965655E73
!
radius server DCMRadius4
 address ipv4 10.123.174.37 auth-port 1812 acct-port 1813
 key 7 142613275B5C7E203C3D20633A192C22532A7257567C5357541D20680965655E73
!
!
!
control-plane
 service-policy input system-cpp-policy
!
banner login ^C
********************************************************************
Use of this system is restricted to authorized users. User activity
is monitored and recorded by system personnel. Anyone using this
system expressly consents to such monitoring and recording. BE
ADVISED: if possible criminal activity is detected, system records,
along with certain personal information, may be provided to law
enforcement officials.
(Rev G5.34 ) Requires AS_Zid account
$(hostname)
********************************************************************
^C
!
line con 0
 session-timeout 15 
 exec-timeout 30 0
 password 7 08396F654C0B31003C380D5D2111362537
 stopbits 1
line aux 0
 session-timeout 15 
 exec-timeout 15 0
 password 7 00233E57144E090A0622
 no exec
 stopbits 1
line vty 0 4
 session-timeout 15 
 access-class 93 in vrf-also
 exec-timeout 30 0
 password 7 08396F654C0B31003C380D5D2111362537
 transport input ssh
line vty 5 15
 session-timeout 15 
 access-class 93 in vrf-also
 exec-timeout 30 0
 password 7 08396F654C0B31003C380D5D2111362537
 transport input ssh
!
ntp source Loopback0
ntp server 10.68.65.96
ntp server 130.173.33.162
ntp server 164.56.50.7
!
mac address-table aging-time 1800
!
!
!
!
!
end

tmxcrlast017#!