
fwaac-spare1-C9300-48UXM#!STEPS for VALIDATION for Layer 3

fwaac-spare1-C9300-48UXM#terminal length 0

fwaac-spare1-C9300-48UXM#! *************************************************

fwaac-spare1-C9300-48UXM#! **** Switch STATUS

fwaac-spare1-C9300-48UXM#! *************************************************

fwaac-spare1-C9300-48UXM#show boot
---------------------------
Switch 1
---------------------------
Current Boot Variables:
BOOT variable = flash:packages.conf;

Boot Variables on next reload:
BOOT variable = flash:packages.conf;
Manual Boot = no
Enable Break = no
Boot Mode = DEVICE
iPXE Timeout = 0
fwaac-spare1-C9300-48UXM#!

fwaac-spare1-C9300-48UXM#show clock
*10:31:13.494 EDT Thu Mar 30 2023
fwaac-spare1-C9300-48UXM#!

fwaac-spare1-C9300-48UXM#show ntp status
%NTP is not enabled.
fwaac-spare1-C9300-48UXM#!

fwaac-spare1-C9300-48UXM#show env all
Switch	 FAN	 Speed	 State
---------------------------------------------------
  1  	  1	14240 	  OK
  1  	  2	14240 	  OK
  1  	  3	14240 	  OK
FAN PS-1 is OK
FAN PS-2 is NOT PRESENT
Switch 1: SYSTEM TEMPERATURE is OK
Inlet Temperature Value: 28 Degree Celsius
Temperature State: GREEN
Yellow Threshold : 46 Degree Celsius
Red Threshold    : 56 Degree Celsius

Outlet Temperature Value: 44 Degree Celsius
Temperature State: GREEN
Yellow Threshold : 105 Degree Celsius
Red Threshold    : 125 Degree Celsius

Hotspot Temperature Value: 72 Degree Celsius
Temperature State: GREEN
Yellow Threshold : 105 Degree Celsius
Red Threshold    : 125 Degree Celsius
SW  PID                 Serial#     Status           Sys Pwr  PoE Pwr  Watts
--  ------------------  ----------  ---------------  -------  -------  -----
1A  PWR-C1-1100WAC      LIT242955JT  OK              Good     Good     1100
1B  Not Present

fwaac-spare1-C9300-48UXM#!

fwaac-spare1-C9300-48UXM#show power
% Incomplete command.

fwaac-spare1-C9300-48UXM#!

fwaac-spare1-C9300-48UXM#show stackwise-virtual
Stackwise Virtual Configuration:
--------------------------------

fwaac-spare1-C9300-48UXM#!

fwaac-spare1-C9300-48UXM#show switch detail
Switch/Stack Mac Address : 5488.dec0.8b80 - Local Mac Address
Mac persistency wait time: Indefinite
                                             H/W   Current
Switch#   Role    Mac Address     Priority Version  State 
-------------------------------------------------------------------------------------
*1       Active   5488.dec0.8b80     15     V03     Ready                
 2       Member   0000.0000.0000     0              Unprovisioned        



         Stack Port Status             Neighbors     
Switch#  Port 1     Port 2           Port 1   Port 2 
--------------------------------------------------------
  1       DOWN       DOWN             None     None

fwaac-spare1-C9300-48UXM#!

fwaac-spare1-C9300-48UXM#show stack-power detail
    Power Stack                      Stack   Stack    Total   Rsvd    Alloc   Sw_Avail Num  Num
    Name                             Mode    Topolgy  Pwr(W)  Pwr(W)  Pwr(W)   Pwr(W)  SW   PS
    --------------------             ------  -------  ------  ------  ------  ------  ----- -----
    Powerstack-1                     SP-PS   Stndaln  1100    0       575     525       1    1   

Power stack name: Powerstack-1
    Stack mode: Power sharing
    Stack topology: Standalone
    Switch 1:
        Power budget: 1100
        Power allocated: 575
        Low port priority value: 22
        High port priority value: 13
        Switch priority value: 4
        Port 1 status: Not connected
        Port 2 status: Not connected
        Neighbor on port 1: 0000.0000.0000
        Neighbor on port 2: 0000.0000.0000


fwaac-spare1-C9300-48UXM#!

fwaac-spare1-C9300-48UXM#sh interfaces transceiver
No transceiver present

fwaac-spare1-C9300-48UXM#!

fwaac-spare1-C9300-48UXM#show license status
Smart Licensing is ENABLED

Utility:
  Status: DISABLED

Data Privacy:
  Sending Hostname: yes
    Callhome hostname privacy: DISABLED
    Smart Licensing hostname privacy: DISABLED
  Version privacy: DISABLED

Transport:
  Type: Callhome

Registration:
  Status: UNREGISTERED
  Export-Controlled Functionality: NOT ALLOWED

License Authorization: 
  Status: EVAL EXPIRED on Nov 20 14:17:56 2022 EDT

Export Authorization Key:
  Features Authorized:
    <none>


fwaac-spare1-C9300-48UXM#!

fwaac-spare1-C9300-48UXM#show platform
Switch  Ports    Model                Serial No.   MAC address     Hw Ver.       Sw Ver. 
------  -----   ---------             -----------  --------------  -------       --------
 1       65     C9300-48UXM           FJC2438100T  5488.dec0.8b80  V03           16.12.05b     
Switch/Stack Mac Address : 5488.dec0.8b80 - Local Mac Address
Mac persistency wait time: Indefinite
                                   Current
Switch#   Role        Priority      State 
-------------------------------------------
*1       Active          15         Ready               
 2       Member          0          Unprovisioned       



fwaac-spare1-C9300-48UXM#! *************************************************

fwaac-spare1-C9300-48UXM#! **** VTP and VLAN

fwaac-spare1-C9300-48UXM#! *************************************************

fwaac-spare1-C9300-48UXM#show vtp status
VTP Version capable             : 1 to 3
VTP version running             : 1
VTP Domain Name                 : fwaac
VTP Pruning Mode                : Disabled
VTP Traps Generation            : Disabled
Device ID                       : 5488.dec0.8b80
Configuration last modified by 0.0.0.0 at 0-0-00 00:00:00

Feature VLAN:
--------------
VTP Operating Mode                : Transparent
Maximum VLANs supported locally   : 1005
Number of existing VLANs          : 7
Configuration Revision            : 0
MD5 digest                        : 0x43 0x51 0x3B 0x32 0xD3 0x7D 0x9C 0xAB 
                                    0x4A 0xDD 0x56 0x48 0x0F 0x4C 0x7D 0x63 
fwaac-spare1-C9300-48UXM#!

fwaac-spare1-C9300-48UXM#show vlan

VLAN Name                             Status    Ports
---- -------------------------------- --------- -------------------------------
1    default                          active    Tw1/0/1, Ap1/0/1
800  PFCN_L2_Mgmt                     active    
999  unused_ports                     active    Tw1/0/2, Tw1/0/3, Tw1/0/4, Tw1/0/5, Tw1/0/6, Tw1/0/7, Tw1/0/8, Tw1/0/9, Tw1/0/10, Tw1/0/11, Tw1/0/12, Tw1/0/13, Tw1/0/14, Tw1/0/15, Tw1/0/16, Tw1/0/17, Tw1/0/18, Tw1/0/19, Tw1/0/20, Tw1/0/21, Tw1/0/22, Tw1/0/23, Tw1/0/24, Tw1/0/25, Tw1/0/26, Tw1/0/27, Tw1/0/28, Tw1/0/29, Tw1/0/30, Tw1/0/31, Tw1/0/32, Tw1/0/33, Tw1/0/34, Tw1/0/35, Tw1/0/36, Te1/0/37, Te1/0/38, Te1/0/39, Te1/0/40, Te1/0/41, Te1/0/42, Te1/0/43, Te1/0/44, Te1/0/45, Te1/0/46, Te1/0/47, Te1/0/48
                                                Te1/1/1, Te1/1/2, Te1/1/3, Te1/1/4, Te1/1/5, Te1/1/6, Te1/1/7, Te1/1/8
1002 fddi-default                     act/unsup 
1003 token-ring-default               act/unsup 
1004 fddinet-default                  act/unsup 
1005 trnet-default                    act/unsup 

VLAN Type  SAID       MTU   Parent RingNo BridgeNo Stp  BrdgMode Trans1 Trans2
---- ----- ---------- ----- ------ ------ -------- ---- -------- ------ ------
1    enet  100001     1500  -      -      -        -    -        0      0   
800  enet  100800     1500  -      -      -        -    -        0      0   
999  enet  100999     1500  -      -      -        -    -        0      0   
1002 fddi  101002     1500  -      -      -        -    -        0      0   
1003 tr    101003     1500  -      -      -        -    -        0      0   
1004 fdnet 101004     1500  -      -      -        ieee -        0      0   
1005 trnet 101005     1500  -      -      -        ibm  -        0      0   

Remote SPAN VLANs
------------------------------------------------------------------------------


Primary Secondary Type              Ports
------- --------- ----------------- ------------------------------------------

fwaac-spare1-C9300-48UXM#!

fwaac-spare1-C9300-48UXM#show spanning-tree | include VLAN|This bridge

fwaac-spare1-C9300-48UXM#! *************************************************

fwaac-spare1-C9300-48UXM#! **** Layer 2 Status

fwaac-spare1-C9300-48UXM#! *************************************************

fwaac-spare1-C9300-48UXM#show cdp neighbors
Capability Codes: R - Router, T - Trans Bridge, B - Source Route Bridge
                  S - Switch, H - Host, I - IGMP, r - Repeater, P - Phone, 
                  D - Remote, C - CVTA, M - Two-port Mac Relay 

Device ID        Local Intrfce     Holdtme    Capability  Platform  Port ID
fwaac-spare5-C9300-48UXM.fwa.nam.gm.com
                 Gig 0/0           167             R S I  C9300-48U Two 5/0/2

Total cdp entries displayed : 1
fwaac-spare1-C9300-48UXM#!

fwaac-spare1-C9300-48UXM#show interface counters errors

Port           Align-Err     FCS-Err    Xmit-Err     Rcv-Err  UnderSize  OutDiscards 
Tw1/0/1                0           0           0           0          0            0 
Tw1/0/2                0           0           0           0          0            0 
Tw1/0/3                0           0           0           0          0            0 
Tw1/0/4                0           0           0           0          0            0 
Tw1/0/5                0           0           0           0          0            0 
Tw1/0/6                0           0           0           0          0            0 
Tw1/0/7                0           0           0           0          0            0 
Tw1/0/8                0           0           0           0          0            0 
Tw1/0/9                0           0           0           0          0            0 
Tw1/0/10               0           0           0           0          0            0 
Tw1/0/11               0           0           0           0          0            0 
Tw1/0/12               0           0           0           0          0            0 
Tw1/0/13               0           0           0           0          0            0 
Tw1/0/14               0           0           0           0          0            0 
Tw1/0/15               0           0           0           0          0            0 
Tw1/0/16               0           0           0           0          0            0 
Tw1/0/17               0           0           0           0          0            0 
Tw1/0/18               0           0           0           0          0            0 
Tw1/0/19               0           0           0           0          0            0 
Tw1/0/20               0           0           0           0          0            0 
Tw1/0/21               0           0           0           0          0            0 
Tw1/0/22               0           0           0           0          0            0 
Tw1/0/23               0           0           0           0          0            0 
Tw1/0/24               0           0           0           0          0            0 
Tw1/0/25               0           0           0           0          0            0 
Tw1/0/26               0           0           0           0          0            0 
Tw1/0/27               0           0           0           0          0            0 
Tw1/0/28               0           0           0           0          0            0 
Tw1/0/29               0           0           0           0          0            0 
Tw1/0/30               0           0           0           0          0            0 
Tw1/0/31               0           0           0           0          0            0 
Tw1/0/32               0           0           0           0          0            0 
Tw1/0/33               0           0           0           0          0            0 
Tw1/0/34               0           0           0           0          0            0 
Tw1/0/35               0           0           0           0          0            0 
Tw1/0/36               0           0           0           0          0            0 
Te1/0/37               0           0           0           0          0            0 
Te1/0/38               0           0           0           0          0            0 
Te1/0/39               0           0           0           0          0            0 
Te1/0/40               0           0           0           0          0            0 
Te1/0/41               0           0           0           0          0            0 
Te1/0/42               0           0           0           0          0            0 
Te1/0/43               0           0           0           0          0            0 
Te1/0/44               0           0           0           0          0            0 
Te1/0/45               0           0           0           0          0            0 
Te1/0/46               0           0           0           0          0            0 
Te1/0/47               0           0           0           0          0            0 
Te1/0/48               0           0           0           0          0            0 
Te1/1/1                0           0           0           0          0            0 
Te1/1/2                0           0           0           0          0            0 
Te1/1/3                0           0           0           0          0            0 
Te1/1/4                0           0           0           0          0            0 
Te1/1/5                0           0           0           0          0            0 
Te1/1/6                0           0           0           0          0            0 
Te1/1/7                0           0           0           0          0            0 
Te1/1/8                0           0           0           0          0            0 
Ap1/0/1                0           0           0           0          0            0 

Port         Single-Col  Multi-Col   Late-Col  Excess-Col  Carri-Sen      Runts 
Tw1/0/1               0          0          0           0          0          0 
Tw1/0/2               0          0          0           0          0          0 
Tw1/0/3               0          0          0           0          0          0 
Tw1/0/4               0          0          0           0          0          0 
Tw1/0/5               0          0          0           0          0          0 
Tw1/0/6               0          0          0           0          0          0 
Tw1/0/7               0          0          0           0          0          0 
Tw1/0/8               0          0          0           0          0          0 
Tw1/0/9               0          0          0           0          0          0 
Tw1/0/10              0          0          0           0          0          0 
Tw1/0/11              0          0          0           0          0          0 
Tw1/0/12              0          0          0           0          0          0 
Tw1/0/13              0          0          0           0          0          0 
Tw1/0/14              0          0          0           0          0          0 
Tw1/0/15              0          0          0           0          0          0 
Tw1/0/16              0          0          0           0          0          0 
Tw1/0/17              0          0          0           0          0          0 
Tw1/0/18              0          0          0           0          0          0 
Tw1/0/19              0          0          0           0          0          0 
Tw1/0/20              0          0          0           0          0          0 
Tw1/0/21              0          0          0           0          0          0 
Tw1/0/22              0          0          0           0          0          0 
Tw1/0/23              0          0          0           0          0          0 
Tw1/0/24              0          0          0           0          0          0 
Tw1/0/25              0          0          0           0          0          0 
Tw1/0/26              0          0          0           0          0          0 
Tw1/0/27              0          0          0           0          0          0 
Tw1/0/28              0          0          0           0          0          0 
Tw1/0/29              0          0          0           0          0          0 
Tw1/0/30              0          0          0           0          0          0 
Tw1/0/31              0          0          0           0          0          0 
Tw1/0/32              0          0          0           0          0          0 
Tw1/0/33              0          0          0           0          0          0 
Tw1/0/34              0          0          0           0          0          0 
Tw1/0/35              0          0          0           0          0          0 
Tw1/0/36              0          0          0           0          0          0 
Te1/0/37              0          0          0           0          0          0 
Te1/0/38              0          0          0           0          0          0 
Te1/0/39              0          0          0           0          0          0 
Te1/0/40              0          0          0           0          0          0 
Te1/0/41              0          0          0           0          0          0 
Te1/0/42              0          0          0           0          0          0 
Te1/0/43              0          0          0           0          0          0 
Te1/0/44              0          0          0           0          0          0 
Te1/0/45              0          0          0           0          0          0 
Te1/0/46              0          0          0           0          0          0 
Te1/0/47              0          0          0           0          0          0 
Te1/0/48              0          0          0           0          0          0 
Te1/1/1               0          0          0           0          0          0 
Te1/1/2               0          0          0           0          0          0 
Te1/1/3               0          0          0           0          0          0 
Te1/1/4               0          0          0           0          0          0 
Te1/1/5               0          0          0           0          0          0 
Te1/1/6               0          0          0           0          0          0 
Te1/1/7               0          0          0           0          0          0 
Te1/1/8               0          0          0           0          0          0 
Ap1/0/1               0          0          0           0          0          0 
fwaac-spare1-C9300-48UXM#!

fwaac-spare1-C9300-48UXM#show interface status

Port         Name               Status       Vlan       Duplex  Speed Type
Tw1/0/1      unused_port        notconnect   1            auto   auto 100/1000/2.5GBaseTX
Tw1/0/2      unused_port        disabled     999          auto   auto 100/1000/2.5GBaseTX
Tw1/0/3      unused_port        disabled     999          auto   auto 100/1000/2.5GBaseTX
Tw1/0/4      unused_port        disabled     999          auto   auto 100/1000/2.5GBaseTX
Tw1/0/5      unused_port        disabled     999          auto   auto 100/1000/2.5GBaseTX
Tw1/0/6      unused_port        disabled     999          auto   auto 100/1000/2.5GBaseTX
Tw1/0/7      unused_port        disabled     999          auto   auto 100/1000/2.5GBaseTX
Tw1/0/8      unused_port        disabled     999          auto   auto 100/1000/2.5GBaseTX
Tw1/0/9      unused_port        disabled     999          auto   auto 100/1000/2.5GBaseTX
Tw1/0/10     unused_port        disabled     999          auto   auto 100/1000/2.5GBaseTX
Tw1/0/11     unused_port        disabled     999          auto   auto 100/1000/2.5GBaseTX
Tw1/0/12     unused_port        disabled     999          auto   auto 100/1000/2.5GBaseTX
Tw1/0/13     unused_port        disabled     999          auto   auto 100/1000/2.5GBaseTX
Tw1/0/14     unused_port        disabled     999          auto   auto 100/1000/2.5GBaseTX
Tw1/0/15     unused_port        disabled     999          auto   auto 100/1000/2.5GBaseTX
Tw1/0/16     unused_port        disabled     999          auto   auto 100/1000/2.5GBaseTX
Tw1/0/17     unused_port        disabled     999          auto   auto 100/1000/2.5GBaseTX
Tw1/0/18     unused_port        disabled     999          auto   auto 100/1000/2.5GBaseTX
Tw1/0/19     unused_port        disabled     999          auto   auto 100/1000/2.5GBaseTX
Tw1/0/20     unused_port        disabled     999          auto   auto 100/1000/2.5GBaseTX
Tw1/0/21     unused_port        disabled     999          auto   auto 100/1000/2.5GBaseTX
Tw1/0/22     unused_port        disabled     999          auto   auto 100/1000/2.5GBaseTX
Tw1/0/23     unused_port        disabled     999          auto   auto 100/1000/2.5GBaseTX
Tw1/0/24     unused_port        disabled     999          auto   auto 100/1000/2.5GBaseTX
Tw1/0/25     unused_port        disabled     999          auto   auto 100/1000/2.5GBaseTX
Tw1/0/26     unused_port        disabled     999          auto   auto 100/1000/2.5GBaseTX
Tw1/0/27     unused_port        disabled     999          auto   auto 100/1000/2.5GBaseTX
Tw1/0/28     unused_port        disabled     999          auto   auto 100/1000/2.5GBaseTX
Tw1/0/29     unused_port        disabled     999          auto   auto 100/1000/2.5GBaseTX
Tw1/0/30     unused_port        disabled     999          auto   auto 100/1000/2.5GBaseTX
Tw1/0/31     unused_port        disabled     999          auto   auto 100/1000/2.5GBaseTX
Tw1/0/32     unused_port        disabled     999          auto   auto 100/1000/2.5GBaseTX
Tw1/0/33     unused_port        disabled     999          auto   auto 100/1000/2.5GBaseTX
Tw1/0/34     unused_port        disabled     999          auto   auto 100/1000/2.5GBaseTX
Tw1/0/35     unused_port        disabled     999          auto   auto 100/1000/2.5GBaseTX
Tw1/0/36     unused_port        disabled     999          auto   auto 100/1000/2.5GBaseTX
Te1/0/37     unused_port        disabled     999          auto   auto 100/1000/2.5G/5G/10GBaseTX
Te1/0/38     unused_port        disabled     999          auto   auto 100/1000/2.5G/5G/10GBaseTX
Te1/0/39     unused_port        disabled     999          auto   auto 100/1000/2.5G/5G/10GBaseTX
Te1/0/40     unused_port        disabled     999          auto   auto 100/1000/2.5G/5G/10GBaseTX
Te1/0/41     unused_port        disabled     999          auto   auto 100/1000/2.5G/5G/10GBaseTX
Te1/0/42     unused_port        disabled     999          auto   auto 100/1000/2.5G/5G/10GBaseTX
Te1/0/43     unused_port        disabled     999          auto   auto 100/1000/2.5G/5G/10GBaseTX
Te1/0/44     unused_port        disabled     999          auto   auto 100/1000/2.5G/5G/10GBaseTX
Te1/0/45     unused_port        disabled     999          auto   auto 100/1000/2.5G/5G/10GBaseTX
Te1/0/46     unused_port        disabled     999          auto   auto 100/1000/2.5G/5G/10GBaseTX
Te1/0/47     unused_port        disabled     999          auto   auto 100/1000/2.5G/5G/10GBaseTX
Te1/0/48     unused_port        disabled     999          auto   auto 100/1000/2.5G/5G/10GBaseTX
Te1/1/1      unused_port        disabled     999          auto   auto unknown
Te1/1/2      unused_port        disabled     999          auto   auto unknown
Te1/1/3      unused_port        disabled     999          auto   auto unknown
Te1/1/4      unused_port        disabled     999          auto   auto unknown
Te1/1/5      unused_port        disabled     999          auto   auto unknown
Te1/1/6      unused_port        disabled     999          auto   auto unknown
Te1/1/7      unused_port        disabled     999          auto   auto unknown
Te1/1/8      unused_port        disabled     999          auto   auto unknown
Ap1/0/1                         disabled     1            auto   auto App-hosting port
fwaac-spare1-C9300-48UXM#!

fwaac-spare1-C9300-48UXM#show interface status | in connected

fwaac-spare1-C9300-48UXM#!

fwaac-spare1-C9300-48UXM#show authentication sessions
No sessions currently exist

fwaac-spare1-C9300-48UXM#!

fwaac-spare1-C9300-48UXM#show power inline | in on

fwaac-spare1-C9300-48UXM#!

fwaac-spare1-C9300-48UXM#show interface trunk

fwaac-spare1-C9300-48UXM#!

fwaac-spare1-C9300-48UXM#show interface status err-disabled

fwaac-spare1-C9300-48UXM#!

fwaac-spare1-C9300-48UXM#show interfaces | include ^Vlan
Vlan1 is up, line protocol is down , Autostate Enabled
fwaac-spare1-C9300-48UXM#!

fwaac-spare1-C9300-48UXM#show mac address-table
          Mac Address Table
-------------------------------------------

Vlan    Mac Address       Type        Ports
----    -----------       --------    -----
 All    0100.0ccc.cccc    STATIC      CPU
 All    0100.0ccc.cccd    STATIC      CPU
 All    0180.c200.0000    STATIC      CPU
 All    0180.c200.0001    STATIC      CPU
 All    0180.c200.0002    STATIC      CPU
 All    0180.c200.0003    STATIC      CPU
 All    0180.c200.0004    STATIC      CPU
 All    0180.c200.0005    STATIC      CPU
 All    0180.c200.0006    STATIC      CPU
 All    0180.c200.0007    STATIC      CPU
 All    0180.c200.0008    STATIC      CPU
 All    0180.c200.0009    STATIC      CPU
 All    0180.c200.000a    STATIC      CPU
 All    0180.c200.000b    STATIC      CPU
 All    0180.c200.000c    STATIC      CPU
 All    0180.c200.000d    STATIC      CPU
 All    0180.c200.000e    STATIC      CPU
 All    0180.c200.000f    STATIC      CPU
 All    0180.c200.0010    STATIC      CPU
 All    0180.c200.0021    STATIC      CPU
 All    ffff.ffff.ffff    STATIC      CPU
   1    5488.dec0.8bc7    STATIC      Vl1 
Total Mac Addresses for this criterion: 22
fwaac-spare1-C9300-48UXM#! *************************************************

fwaac-spare1-C9300-48UXM#! **** Layer 3 Status

fwaac-spare1-C9300-48UXM#! *************************************************

fwaac-spare1-C9300-48UXM#show arp
Protocol  Address          Age (min)  Hardware Addr   Type   Interface
Internet  10.0.0.2                -   5488.dec0.8bc7  ARPA   Vlan1
fwaac-spare1-C9300-48UXM#!

fwaac-spare1-C9300-48UXM#show ip int brief | exclude unassigned
Interface              IP-Address      OK? Method Status                Protocol
Vlan1                  10.0.0.2        YES manual up                    down    
GigabitEthernet0/0     10.51.1.254     YES NVRAM  up                    up      

fwaac-spare1-C9300-48UXM#!

fwaac-spare1-C9300-48UXM#show ip route static
Codes: L - local, C - connected, S - static, R - RIP, M - mobile, B - BGP
       D - EIGRP, EX - EIGRP external, O - OSPF, IA - OSPF inter area 
       N1 - OSPF NSSA external type 1, N2 - OSPF NSSA external type 2
       E1 - OSPF external type 1, E2 - OSPF external type 2, m - OMP
       n - NAT, Ni - NAT inside, No - NAT outside, Nd - NAT DIA
       i - IS-IS, su - IS-IS summary, L1 - IS-IS level-1, L2 - IS-IS level-2
       ia - IS-IS inter area, * - candidate default, U - per-user static route
       H - NHRP, G - NHRP registered, g - NHRP registration summary
       o - ODR, P - periodic downloaded static route, l - LISP
       a - application route
       + - replicated route, % - next hop override, p - overrides from PfR

Gateway of last resort is not set

fwaac-spare1-C9300-48UXM#!

fwaac-spare1-C9300-48UXM#show ip route eigrp

fwaac-spare1-C9300-48UXM#!

fwaac-spare1-C9300-48UXM#show ip eigrp neighbors

fwaac-spare1-C9300-48UXM#!

fwaac-spare1-C9300-48UXM#show ip eigrp interfaces

fwaac-spare1-C9300-48UXM#!

fwaac-spare1-C9300-48UXM#show standby brief

fwaac-spare1-C9300-48UXM#! *************************************************

fwaac-spare1-C9300-48UXM#! **** IECN ARP Table

fwaac-spare1-C9300-48UXM#! *************************************************

fwaac-spare1-C9300-48UXM#show vlan | in IECN 

fwaac-spare1-C9300-48UXM#!

fwaac-spare1-C9300-48UXM#show interface status | in 500|_50[1-9]|510|497|498 

fwaac-spare1-C9300-48UXM#!

fwaac-spare1-C9300-48UXM#show arp | in Vlan((5)*[0-1][0-9]) 

fwaac-spare1-C9300-48UXM#!

fwaac-spare1-C9300-48UXM#show mac address-table | in 500|_50[1-9]|510|530|495|497|498 

fwaac-spare1-C9300-48UXM#! *************************************************

fwaac-spare1-C9300-48UXM#! **** Multicast Status

fwaac-spare1-C9300-48UXM#! *************************************************

fwaac-spare1-C9300-48UXM#show ip igmp membership
Flags: A  - aggregate, T - tracked
       L  - Local, S - static, V - virtual, R - Reported through v3 
       I - v3lite, U - Urd, M - SSM (S,G) channel 
       1,2,3 - The version of IGMP, the group is in
Channel/Group-Flags: 
       / - Filtering entry (Exclude mode (S,G), Include mode (G))
Reporter:
       <mac-or-ip-address> - last reporter if group is not explicitly tracked
       <n>/<m>      - <n> reporter in include mode, <m> reporter in exclude

 Channel/Group                  Reporter        Uptime   Exp.  Flags  Interface 
fwaac-spare1-C9300-48UXM#!

fwaac-spare1-C9300-48UXM#show ip pim neighbor
PIM Neighbor Table
Mode: B - Bidir Capable, DR - Designated Router, N - Default DR Priority,
      P - Proxy Capable, S - State Refresh Capable, G - GenID Capable,
      L - DR Load-balancing Capable
Neighbor          Interface                Uptime/Expires    Ver   DR
Address                                                            Prio/Mode
fwaac-spare1-C9300-48UXM#!

fwaac-spare1-C9300-48UXM#show ip mroute summary
IP Multicast Forwarding is not enabled.
IP Multicast Routing Table
Flags: D - Dense, S - Sparse, B - Bidir Group, s - SSM Group, C - Connected,
       L - Local, P - Pruned, R - RP-bit set, F - Register flag,
       T - SPT-bit set, J - Join SPT, M - MSDP created entry, E - Extranet,
       X - Proxy Join Timer Running, A - Candidate for MSDP Advertisement,
       U - URD, I - Received Source Specific Host Report, 
       Z - Multicast Tunnel, z - MDT-data group sender, 
       Y - Joined MDT-data group, y - Sending to MDT-data group, 
       G - Received BGP C-Mroute, g - Sent BGP C-Mroute, 
       N - Received BGP Shared-Tree Prune, n - BGP C-Mroute suppressed, 
       Q - Received BGP S-A Route, q - Sent BGP S-A Route, 
       V - RD & Vector, v - Vector, p - PIM Joins on route, 
       x - VxLAN group, c - PFP-SA cache created entry, 
       * - determined by Assert
Outgoing interface flags: H - Hardware switched, A - Assert winner, p - PIM Join
 Timers: Uptime/Expires
 Interface state: Interface, Next-Hop or VCD, State/Mode

fwaac-spare1-C9300-48UXM#!

fwaac-spare1-C9300-48UXM#show ip igmp group
IGMP Connected Group Membership
Group Address    Interface                Uptime    Expires   Last Reporter   Group Accounted
fwaac-spare1-C9300-48UXM#!

fwaac-spare1-C9300-48UXM#show ip traffic
IP statistics:
  Rcvd:  765818 total, 11409487 local destination
         0 format errors, 0 checksum errors, 316820 bad hop count
         0 unknown protocol, 0 not a gateway
         0 security failures, 0 bad options, 316838 with options
  Opts:  0 end, 0 nop, 0 basic security, 0 loose source route
         0 timestamp, 0 extended security, 0 record route
         0 stream ID, 0 strict source route, 316838 alert, 0 cipso, 0 ump
         0 other, 0 ignored
  Frags: 0 reassembled, 0 timeouts, 0 couldn't reassemble
         311 fragmented, 622 fragments, 0 couldn't fragment
         0 invalid hole
  Bcast: 15241606 received, 0 sent
  Mcast: 0 received, 0 sent
  Sent:  4046248 generated, 152 forwarded
  Drop:  19 encapsulation failed, 0 unresolved, 0 no adjacency
         0 no route, 0 unicast RPF, 0 forced drop, 0 unsupported-addr
         0 options denied, 0 source IP address zero

ICMP statistics:
  Rcvd: 0 format errors, 0 checksum errors, 0 redirects, 0 unreachable
        448963 echo, 32 echo reply, 0 mask requests, 0 mask replies, 0 quench
        0 parameter, 0 timestamp, 0 timestamp replies, 0 info request, 0 other
        0 irdp solicitations, 0 irdp advertisements
        0 time exceeded, 0 info replies
  Sent: 0 redirects, 0 unreachable, 50 echo, 448963 echo reply
        0 mask requests, 0 mask replies, 0 quench, 0 timestamp, 0 timestamp replies
        0 info reply, 0 time exceeded, 0 parameter problem
        0 irdp solicitations, 0 irdp advertisements

UDP statistics:
  Rcvd: 10378996 total, 0 checksum errors, 7621670 no port 0 finput
  Sent: 2763410 total, 0 forwarded broadcasts

OSPF statistics:
  Last clearing of OSPF traffic counters never
  Rcvd: 0 total, 0 checksum errors
  	0 hello, 0 database desc, 0 link state req
  	0 link state updates, 0 link state acks
  Sent: 0 total
  	0 hello, 0 database desc, 0 link state req
  	0 link state updates, 0 link state acks

PIMv2 statistics: Sent/Received
  Total: 0/0, 0 checksum errors, 0 format errors
  Registers: 0/0 (0 non-rp, 0 non-sm-group), Register Stops: 0/0,  Hellos: 0/0
  Join/Prunes: 0/0, Asserts: 0/0, grafts: 0/0
  Bootstraps: 0/0, Candidate_RP_Advertisements: 0/0
  Queue drops: 0
  State-Refresh: 0/0

IGMP statistics: Sent/Received
  Total: 0/0, Format errors: 0/0, Checksum errors: 0/0
  Host Queries: 0/0, Host Reports: 0/0, Host Leaves: 0/0 
  DVMRP: 0/0, PIM: 0/0
  Queue drops: 0
  Report VRF mismatch drops: 0

TCP statistics:
  Rcvd: 581496 total, 0 checksum errors, 2485 no port
  Sent: 833835 total

BGP statistics:
  Rcvd: 0 total, 0 opens, 0 notifications, 0 updates
        0 keepalives, 0 route-refresh, 0 unrecognized
  Sent: 0 total, 0 opens, 0 notifications, 0 updates
        0 keepalives, 0 route-refresh

EIGRP-IPv4 statistics:
  Rcvd: 0 total
  Sent: 0 total

ARP statistics:
  Rcvd: 634438 requests, 27596 replies, 0 reverse, 0 other
  Sent: 27355 requests, 9250 replies (0 proxy), 0 reverse
  Drop due to input queue full: 0
fwaac-spare1-C9300-48UXM#! *************************************************

fwaac-spare1-C9300-48UXM#! **** VRF

fwaac-spare1-C9300-48UXM#! *************************************************

fwaac-spare1-C9300-48UXM#sh vrf gm-security
% No VRF named gm-security
fwaac-spare1-C9300-48UXM#!

fwaac-spare1-C9300-48UXM#show ip eigrp vrf gm-security interfaces
%VRF gm-security does not exist.
fwaac-spare1-C9300-48UXM#!

fwaac-spare1-C9300-48UXM#sh ip route vrf gm-security
% IP routing table vrf gm-security does not exist
fwaac-spare1-C9300-48UXM#!

fwaac-spare1-C9300-48UXM#show ip eigrp vrf gm-security neighbors
%VRF gm-security does not exist.
fwaac-spare1-C9300-48UXM#!

fwaac-spare1-C9300-48UXM#ping vrf gm-security 192.168.0.1 repeat 50
vrf gm-security does not exist                                                          ^
% Invalid input detected at '^' marker.

fwaac-spare1-C9300-48UXM#!

fwaac-spare1-C9300-48UXM#sh ip interface brief vlan762
                                                ^
% Invalid input detected at '^' marker.

fwaac-spare1-C9300-48UXM#!

fwaac-spare1-C9300-48UXM#ping vrf gm-security 192.168.0.1 repeat 50
vrf gm-security does not exist                                                          ^
% Invalid input detected at '^' marker.

fwaac-spare1-C9300-48UXM#!

fwaac-spare1-C9300-48UXM#sh vlan | in vrf

fwaac-spare1-C9300-48UXM#!

fwaac-spare1-C9300-48UXM#sh int trunk

fwaac-spare1-C9300-48UXM#! *************************************************

fwaac-spare1-C9300-48UXM#! **** Show Logging and running-config

fwaac-spare1-C9300-48UXM#! *************************************************

fwaac-spare1-C9300-48UXM#show log
Syslog logging: enabled (0 messages dropped, 2 messages rate-limited, 0 flushes, 0 overruns, xml disabled, filtering disabled)

Active Message Discriminator:
FILTER    facility       drops    DOT1X|MAB|SESSION_MGR




No Inactive Message Discriminator.


    Console logging: level informational, 3158 messages logged, xml disabled,
                     filtering disabled
    Monitor logging: level informational, 0 messages logged, xml disabled,
                     filtering disabled
    Buffer logging:  level informational, 3161 messages logged, xml disabled,
                    filtering disabled, discriminator(FILTER), 
                     0 messages rate-limited, 0 messages dropped-by-MD
    Exception Logging: size (4096 bytes)
    Count and timestamp logging messages: disabled
    File logging: disabled
    Persistent logging: enabled, url flash:/syslog, disk space 5120000 bytes, file size 500000 bytes, batch size 4096 bytes, threshold capacity 0  , immediate  

No active filter modules.

    Trap logging: level informational, 3160 message lines logged
        Logging to 148.93.115.30  (Mgmt-vrf) (udp port 5500, audit disabled,
              link up),
              2936 message lines logged, 
              0 message lines rate-limited, 
              0 message lines dropped-by-MD, 
              xml disabled, sequence number disabled
              filtering disabled
        Logging to 130.172.83.30  (Mgmt-vrf) (udp port 5500, audit disabled,
              link up),
              2937 message lines logged, 
              0 message lines rate-limited, 
              0 message lines dropped-by-MD, 
              xml disabled, sequence number disabled
              filtering disabled
        Logging Source-Interface:       VRF Name:

Log Buffer (40960 bytes):
22] at 12:03:31 EDT Sun Mar 12 2023
*Mar 12 12:03:33.137: %SYS-6-LOGOUT: User si_nam_52343_p_023 has exited tty session 1(130.172.129.13)
*Mar 12 17:51:41.548: %SEC_LOGIN-5-LOGIN_SUCCESS: Login Success [user: SI_NAM_52343_P_011] [Source: 10.14.9.251] [localport: 22] at 17:51:41 EDT Sun Mar 12 2023
*Mar 12 17:51:41.848: %SYS-6-LOGOUT: User SI_NAM_52343_P_011 has exited tty session 1(10.14.9.251)
*Mar 12 17:51:42.490: %SEC_LOGIN-5-LOGIN_SUCCESS: Login Success [user: SI_NAM_52343_P_011] [Source: 10.14.9.251] [localport: 22] at 17:51:42 EDT Sun Mar 12 2023
*Mar 12 17:51:43.677: %SEC_LOGIN-5-LOGIN_SUCCESS: Login Success [user: SI_NAM_52343_P_011] [Source: 10.14.9.251] [localport: 22] at 17:51:43 EDT Sun Mar 12 2023
*Mar 12 17:51:44.636: %SEC_LOGIN-5-LOGIN_SUCCESS: Login Success [user: SI_NAM_52343_P_011] [Source: 10.14.9.251] [localport: 22] at 17:51:44 EDT Sun Mar 12 2023
*Mar 12 17:51:45.902: %SEC_LOGIN-5-LOGIN_SUCCESS: Login Success [user: SI_NAM_52343_P_011] [Source: 10.14.9.251] [localport: 22] at 17:51:45 EDT Sun Mar 12 2023
*Mar 12 17:51:46.883: %SEC_LOGIN-5-LOGIN_SUCCESS: Login Success [user: SI_NAM_52343_P_011] [Source: 10.14.9.251] [localport: 22] at 17:51:46 EDT Sun Mar 12 2023
*Mar 12 17:51:47.814: %SEC_LOGIN-5-LOGIN_SUCCESS: Login Success [user: SI_NAM_52343_P_011] [Source: 10.14.9.251] [localport: 22] at 17:51:47 EDT Sun Mar 12 2023
*Mar 12 17:51:48.747: %SEC_LOGIN-5-LOGIN_SUCCESS: Login Success [user: SI_NAM_52343_P_011] [Source: 10.14.9.251] [localport: 22] at 17:51:48 EDT Sun Mar 12 2023
*Mar 12 21:13:05.225: %SEC_LOGIN-5-LOGIN_SUCCESS: Login Success [user: si_nam_52343_p_023] [Source: 130.172.129.13] [localport: 22] at 21:13:05 EDT Sun Mar 12 2023
*Mar 12 21:14:21.722: %SYS-6-LOGOUT: User si_nam_52343_p_023 has exited tty session 1(130.172.129.13)
*Mar 13 04:44:53.719: %SEC_LOGIN-5-LOGIN_SUCCESS: Login Success [user: si_nam_52343_p_023] [Source: 130.172.129.13] [localport: 22] at 04:44:53 EDT Mon Mar 13 2023
*Mar 13 04:44:54.981: %SYS-6-LOGOUT: User si_nam_52343_p_023 has exited tty session 1(130.172.129.13)
*Mar 13 04:46:56.967: %SEC_LOGIN-5-LOGIN_SUCCESS: Login Success [user: si_nam_52343_p_023] [Source: 130.172.129.13] [localport: 22] at 04:46:56 EDT Mon Mar 13 2023
*Mar 13 04:46:58.122: %SYS-6-LOGOUT: User si_nam_52343_p_023 has exited tty session 1(130.172.129.13)
*Mar 13 04:48:18.614: %SEC_LOGIN-5-LOGIN_SUCCESS: Login Success [user: si_nam_52343_p_023] [Source: 130.172.129.13] [localport: 22] at 04:48:18 EDT Mon Mar 13 2023
*Mar 13 04:48:20.406: %SYS-6-LOGOUT: User si_nam_52343_p_023 has exited tty session 1(130.172.129.13)
*Mar 13 06:43:14.682: %SEC_LOGIN-5-LOGIN_SUCCESS: Login Success [user: si_nam_52343_p_023] [Source: 130.172.129.13] [localport: 22] at 06:43:14 EDT Mon Mar 13 2023
*Mar 13 06:43:20.992: %SYS-6-LOGOUT: User si_nam_52343_p_023 has exited tty session 1(130.172.129.13)
*Mar 13 08:27:58.826: %SEC_LOGIN-5-LOGIN_SUCCESS: Login Success [user: si_nam_52343_p_023] [Source: 130.172.129.13] [localport: 22] at 08:27:58 EDT Mon Mar 13 2023
*Mar 13 08:28:00.321: %SYS-6-LOGOUT: User si_nam_52343_p_023 has exited tty session 1(130.172.129.13)
*Mar 13 09:20:11.538: %SEC_LOGIN-5-LOGIN_SUCCESS: Login Success [user: si_nam_52343_p_023] [Source: 130.172.129.13] [localport: 22] at 09:20:11 EDT Mon Mar 13 2023
*Mar 13 09:22:33.620: %SYS-6-LOGOUT: User si_nam_52343_p_023 has exited tty session 1(130.172.129.13)
*Mar 13 13:14:49.906: %SEC_LOGIN-5-LOGIN_SUCCESS: Login Success [user: si_nam_52343_p_023] [Source: 130.172.129.13] [localport: 22] at 13:14:49 EDT Mon Mar 13 2023
*Mar 13 13:14:51.594: %SYS-6-LOGOUT: User si_nam_52343_p_023 has exited tty session 1(130.172.129.13)
*Mar 13 21:15:04.500: %SEC_LOGIN-5-LOGIN_SUCCESS: Login Success [user: si_nam_52343_p_023] [Source: 130.172.129.13] [localport: 22] at 21:15:04 EDT Mon Mar 13 2023
*Mar 13 21:16:26.066: %SYS-6-LOGOUT: User si_nam_52343_p_023 has exited tty session 1(130.172.129.13)
*Mar 13 22:00:16.416: %SEC_LOGIN-5-LOGIN_SUCCESS: Login Success [user: si_nam_52343_p_023] [Source: 130.172.129.13] [localport: 22] at 22:00:16 EDT Mon Mar 13 2023
*Mar 13 22:00:19.497: %SYS-6-LOGOUT: User si_nam_52343_p_023 has exited tty session 1(130.172.129.13)
*Mar 14 04:43:34.506: %SEC_LOGIN-5-LOGIN_SUCCESS: Login Success [user: si_nam_52343_p_023] [Source: 130.172.129.13] [localport: 22] at 04:43:34 EDT Tue Mar 14 2023
*Mar 14 04:43:35.507: %SYS-6-LOGOUT: User si_nam_52343_p_023 has exited tty session 1(130.172.129.13)
*Mar 14 08:28:04.072: %SEC_LOGIN-5-LOGIN_SUCCESS: Login Success [user: si_nam_52343_p_023] [Source: 130.172.129.13] [localport: 22] at 08:28:04 EDT Tue Mar 14 2023
*Mar 14 08:28:05.472: %SYS-6-LOGOUT: User si_nam_52343_p_023 has exited tty session 1(130.172.129.13)
*Mar 14 09:17:17.127: %SEC_LOGIN-5-LOGIN_SUCCESS: Login Success [user: si_nam_52343_p_023] [Source: 130.172.129.13] [localport: 22] at 09:17:17 EDT Tue Mar 14 2023
*Mar 14 09:19:44.924: %SYS-6-LOGOUT: User si_nam_52343_p_023 has exited tty session 1(130.172.129.13)
*Mar 14 17:50:45.324: %SEC_LOGIN-5-LOGIN_SUCCESS: Login Success [user: SI_NAM_52343_P_011] [Source: 10.14.9.251] [localport: 22] at 17:50:45 EDT Tue Mar 14 2023
*Mar 14 17:50:45.652: %SYS-6-LOGOUT: User SI_NAM_52343_P_011 has exited tty session 1(10.14.9.251)
*Mar 14 17:50:46.296: %SEC_LOGIN-5-LOGIN_SUCCESS: Login Success [user: SI_NAM_52343_P_011] [Source: 10.14.9.251] [localport: 22] at 17:50:46 EDT Tue Mar 14 2023
*Mar 14 17:50:47.478: %SEC_LOGIN-5-LOGIN_SUCCESS: Login Success [user: SI_NAM_52343_P_011] [Source: 10.14.9.251] [localport: 22] at 17:50:47 EDT Tue Mar 14 2023
*Mar 14 17:50:48.468: %SEC_LOGIN-5-LOGIN_SUCCESS: Login Success [user: SI_NAM_52343_P_011] [Source: 10.14.9.251] [localport: 22] at 17:50:48 EDT Tue Mar 14 2023
*Mar 14 17:50:49.554: %SEC_LOGIN-5-LOGIN_SUCCESS: Login Success [user: SI_NAM_52343_P_011] [Source: 10.14.9.251] [localport: 22] at 17:50:49 EDT Tue Mar 14 2023
*Mar 14 17:50:50.515: %SEC_LOGIN-5-LOGIN_SUCCESS: Login Success [user: SI_NAM_52343_P_011] [Source: 10.14.9.251] [localport: 22] at 17:50:50 EDT Tue Mar 14 2023
*Mar 14 17:50:51.455: %SEC_LOGIN-5-LOGIN_SUCCESS: Login Success [user: SI_NAM_52343_P_011] [Source: 10.14.9.251] [localport: 22] at 17:50:51 EDT Tue Mar 14 2023
*Mar 14 17:50:52.388: %SEC_LOGIN-5-LOGIN_SUCCESS: Login Success [user: SI_NAM_52343_P_011] [Source: 10.14.9.251] [localport: 22] at 17:50:52 EDT Tue Mar 14 2023
*Mar 14 21:14:34.223: %SEC_LOGIN-5-LOGIN_SUCCESS: Login Success [user: si_nam_52343_p_023] [Source: 130.172.129.13] [localport: 22] at 21:14:34 EDT Tue Mar 14 2023
*Mar 14 21:15:52.492: %SYS-6-LOGOUT: User si_nam_52343_p_023 has exited tty session 1(130.172.129.13)
*Mar 15 04:43:58.813: %SEC_LOGIN-5-LOGIN_SUCCESS: Login Success [user: si_nam_52343_p_023] [Source: 130.172.129.13] [localport: 22] at 04:43:58 EDT Wed Mar 15 2023
*Mar 15 04:43:59.813: %SYS-6-LOGOUT: User si_nam_52343_p_023 has exited tty session 1(130.172.129.13)
*Mar 15 08:28:02.572: %SEC_LOGIN-5-LOGIN_SUCCESS: Login Success [user: si_nam_52343_p_023] [Source: 130.172.129.13] [localport: 22] at 08:28:02 EDT Wed Mar 15 2023
*Mar 15 08:28:03.884: %SYS-6-LOGOUT: User si_nam_52343_p_023 has exited tty session 1(130.172.129.13)
*Mar 15 09:27:20.038: %SEC_LOGIN-5-LOGIN_SUCCESS: Login Success [user: si_nam_52343_p_023] [Source: 130.172.129.13] [localport: 22] at 09:27:20 EDT Wed Mar 15 2023
*Mar 15 09:29:43.918: %SYS-6-LOGOUT: User si_nam_52343_p_023 has exited tty session 1(130.172.129.13)
*Mar 15 11:36:15.188: %SEC_LOGIN-5-LOGIN_SUCCESS: Login Success [user: si_nam_52343_p_023] [Source: 130.172.129.13] [localport: 22] at 11:36:15 EDT Wed Mar 15 2023
*Mar 15 11:36:17.782: %SYS-6-LOGOUT: User si_nam_52343_p_023 has exited tty session 1(130.172.129.13)
*Mar 15 21:14:14.371: %SEC_LOGIN-5-LOGIN_SUCCESS: Login Success [user: si_nam_52343_p_023] [Source: 130.172.129.13] [localport: 22] at 21:14:14 EDT Wed Mar 15 2023
*Mar 15 21:15:34.338: %SYS-6-LOGOUT: User si_nam_52343_p_023 has exited tty session 1(130.172.129.13)
*Mar 16 04:44:04.256: %SEC_LOGIN-5-LOGIN_SUCCESS: Login Success [user: si_nam_52343_p_023] [Source: 130.172.129.13] [localport: 22] at 04:44:04 EDT Thu Mar 16 2023
*Mar 16 04:44:05.407: %SYS-6-LOGOUT: User si_nam_52343_p_023 has exited tty session 1(130.172.129.13)
*Mar 16 08:28:01.744: %SEC_LOGIN-5-LOGIN_SUCCESS: Login Success [user: si_nam_52343_p_023] [Source: 130.172.129.13] [localport: 22] at 08:28:01 EDT Thu Mar 16 2023
*Mar 16 08:28:03.257: %SYS-6-LOGOUT: User si_nam_52343_p_023 has exited tty session 1(130.172.129.13)
*Mar 16 09:19:41.401: %SEC_LOGIN-5-LOGIN_SUCCESS: Login Success [user: si_nam_52343_p_023] [Source: 130.172.129.13] [localport: 22] at 09:19:41 EDT Thu Mar 16 2023
*Mar 16 09:21:51.578: %SYS-6-LOGOUT: User si_nam_52343_p_023 has exited tty session 1(130.172.129.13)
*Mar 16 17:52:12.670: %SEC_LOGIN-5-LOGIN_SUCCESS: Login Success [user: SI_NAM_52343_P_011] [Source: 10.14.9.251] [localport: 22] at 17:52:12 EDT Thu Mar 16 2023
*Mar 16 17:52:13.033: %SYS-6-LOGOUT: User SI_NAM_52343_P_011 has exited tty session 1(10.14.9.251)
*Mar 16 17:52:13.752: %SEC_LOGIN-5-LOGIN_SUCCESS: Login Success [user: SI_NAM_52343_P_011] [Source: 10.14.9.251] [localport: 22] at 17:52:13 EDT Thu Mar 16 2023
*Mar 16 17:52:15.118: %SEC_LOGIN-5-LOGIN_SUCCESS: Login Success [user: SI_NAM_52343_P_011] [Source: 10.14.9.251] [localport: 22] at 17:52:15 EDT Thu Mar 16 2023
*Mar 16 17:52:16.201: %SEC_LOGIN-5-LOGIN_SUCCESS: Login Success [user: SI_NAM_52343_P_011] [Source: 10.14.9.251] [localport: 22] at 17:52:16 EDT Thu Mar 16 2023
*Mar 16 17:52:22.462: %SEC_LOGIN-5-LOGIN_SUCCESS: Login Success [user: SI_NAM_52343_P_011] [Source: 10.14.9.251] [localport: 22] at 17:52:22 EDT Thu Mar 16 2023
*Mar 16 17:52:23.505: %SEC_LOGIN-5-LOGIN_SUCCESS: Login Success [user: SI_NAM_52343_P_011] [Source: 10.14.9.251] [localport: 22] at 17:52:23 EDT Thu Mar 16 2023
*Mar 16 17:52:23.807: %SYS-6-LOGOUT: User SI_NAM_52343_P_011 has exited tty session 1(10.14.9.251)
*Mar 16 17:52:24.492: %SEC_LOGIN-5-LOGIN_SUCCESS: Login Success [user: SI_NAM_52343_P_011] [Source: 10.14.9.251] [localport: 22] at 17:52:24 EDT Thu Mar 16 2023
*Mar 16 17:52:28.474: %SEC_LOGIN-5-LOGIN_SUCCESS: Login Success [user: SI_NAM_52343_P_011] [Source: 10.14.9.251] [localport: 22] at 17:52:28 EDT Thu Mar 16 2023
*Mar 16 21:16:06.969: %SEC_LOGIN-5-LOGIN_SUCCESS: Login Success [user: si_nam_52343_p_023] [Source: 130.172.129.13] [localport: 22] at 21:16:06 EDT Thu Mar 16 2023
*Mar 16 21:17:23.458: %SYS-6-LOGOUT: User si_nam_52343_p_023 has exited tty session 1(130.172.129.13)
*Mar 16 22:05:04.968: %SEC_LOGIN-5-LOGIN_SUCCESS: Login Success [user: si_nam_52343_p_023] [Source: 130.172.129.13] [localport: 22] at 22:05:04 EDT Thu Mar 16 2023
*Mar 16 22:05:12.517: %SYS-6-LOGOUT: User si_nam_52343_p_023 has exited tty session 1(130.172.129.13)
*Mar 17 04:43:17.874: %SEC_LOGIN-5-LOGIN_SUCCESS: Login Success [user: si_nam_52343_p_023] [Source: 130.172.129.13] [localport: 22] at 04:43:17 EDT Fri Mar 17 2023
*Mar 17 04:43:18.890: %SYS-6-LOGOUT: User si_nam_52343_p_023 has exited tty session 1(130.172.129.13)
*Mar 17 08:27:53.394: %SEC_LOGIN-5-LOGIN_SUCCESS: Login Success [user: si_nam_52343_p_023] [Source: 130.172.129.13] [localport: 22] at 08:27:53 EDT Fri Mar 17 2023
*Mar 17 08:27:54.670: %SYS-6-LOGOUT: User si_nam_52343_p_023 has exited tty session 1(130.172.129.13)
*Mar 17 09:17:26.191: %SEC_LOGIN-5-LOGIN_SUCCESS: Login Success [user: si_nam_52343_p_004] [Source: 130.172.129.13] [localport: 22] at 09:17:26 EDT Fri Mar 17 2023
*Mar 17 09:19:34.364: %SYS-6-LOGOUT: User si_nam_52343_p_004 has exited tty session 1(130.172.129.13)
*Mar 17 21:20:41.592: %SEC_LOGIN-5-LOGIN_SUCCESS: Login Success [user: si_nam_52343_p_004] [Source: 130.172.129.13] [localport: 22] at 21:20:41 EDT Fri Mar 17 2023
*Mar 17 21:23:15.653: %SYS-6-LOGOUT: User si_nam_52343_p_004 has exited tty session 1(130.172.129.13)
*Mar 17 21:50:38.259: %SEC_LOGIN-5-LOGIN_SUCCESS: Login Success [user: SI_NAM_52343_P_012] [Source: 148.93.49.26] [localport: 22] at 21:50:38 EDT Fri Mar 17 2023
*Mar 17 21:50:50.610: %SYS-6-LOGOUT: User SI_NAM_52343_P_012 has exited tty session 1(148.93.49.26)
*Mar 17 23:44:10.024: %SEC_LOGIN-5-LOGIN_SUCCESS: Login Success [user: SI_NAM_52343_P_012] [Source: 148.93.49.26] [localport: 22] at 23:44:10 EDT Fri Mar 17 2023
*Mar 18 00:00:45.085: %SYS-6-LOGOUT: User SI_NAM_52343_P_012 has exited tty session 1(148.93.49.26)
*Mar 18 04:45:14.173: %SEC_LOGIN-5-LOGIN_SUCCESS: Login Success [user: si_nam_52343_p_004] [Source: 130.172.129.13] [localport: 22] at 04:45:14 EDT Sat Mar 18 2023
*Mar 18 04:45:15.311: %SYS-6-LOGOUT: User si_nam_52343_p_004 has exited tty session 1(130.172.129.13)
*Mar 18 09:13:08.465: %SEC_LOGIN-5-LOGIN_SUCCESS: Login Success [user: si_nam_52343_p_004] [Source: 130.172.129.13] [localport: 22] at 09:13:08 EDT Sat Mar 18 2023
*Mar 18 09:14:25.138: %SYS-6-LOGOUT: User si_nam_52343_p_004 has exited tty session 1(130.172.129.13)
*Mar 18 21:16:36.124: %SEC_LOGIN-5-LOGIN_SUCCESS: Login Success [user: si_nam_52343_p_004] [Source: 130.172.129.13] [localport: 22] at 21:16:36 EDT Sat Mar 18 2023
*Mar 18 21:18:28.430: %SYS-6-LOGOUT: User si_nam_52343_p_004 has exited tty session 1(130.172.129.13)
*Mar 19 04:44:08.536: %SEC_LOGIN-5-LOGIN_SUCCESS: Login Success [user: si_nam_52343_p_004] [Source: 130.172.129.13] [localport: 22] at 04:44:08 EDT Sun Mar 19 2023
*Mar 19 04:44:09.536: %SYS-6-LOGOUT: User si_nam_52343_p_004 has exited tty session 1(130.172.129.13)
*Mar 19 09:14:49.138: %SEC_LOGIN-5-LOGIN_SUCCESS: Login Success [user: si_nam_52343_p_004] [Source: 130.172.129.13] [localport: 22] at 09:14:49 EDT Sun Mar 19 2023
*Mar 19 09:15:56.328: %SYS-6-LOGOUT: User si_nam_52343_p_004 has exited tty session 1(130.172.129.13)
*Mar 19 17:51:54.620: %SEC_LOGIN-5-LOGIN_SUCCESS: Login Success [user: SI_NAM_52343_P_011] [Source: 10.14.9.251] [localport: 22] at 17:51:54 EDT Sun Mar 19 2023
*Mar 19 17:51:54.943: %SYS-6-LOGOUT: User SI_NAM_52343_P_011 has exited tty session 1(10.14.9.251)
*Mar 19 17:51:55.728: %SEC_LOGIN-5-LOGIN_SUCCESS: Login Success [user: SI_NAM_52343_P_011] [Source: 10.14.9.251] [localport: 22] at 17:51:55 EDT Sun Mar 19 2023
*Mar 19 17:52:05.201: %SEC_LOGIN-5-LOGIN_SUCCESS: Login Success [user: SI_NAM_52343_P_011] [Source: 10.14.9.251] [localport: 22] at 17:52:05 EDT Sun Mar 19 2023
*Mar 19 17:52:05.582: %SYS-6-LOGOUT: User SI_NAM_52343_P_011 has exited tty session 1(10.14.9.251)
*Mar 19 17:52:06.284: %SEC_LOGIN-5-LOGIN_SUCCESS: Login Success [user: SI_NAM_52343_P_011] [Source: 10.14.9.251] [localport: 22] at 17:52:06 EDT Sun Mar 19 2023
*Mar 19 17:52:07.378: %SEC_LOGIN-5-LOGIN_SUCCESS: Login Success [user: SI_NAM_52343_P_011] [Source: 10.14.9.251] [localport: 22] at 17:52:07 EDT Sun Mar 19 2023
*Mar 19 17:52:08.427: %SEC_LOGIN-5-LOGIN_SUCCESS: Login Success [user: SI_NAM_52343_P_011] [Source: 10.14.9.251] [localport: 22] at 17:52:08 EDT Sun Mar 19 2023
*Mar 19 17:52:09.518: %SEC_LOGIN-5-LOGIN_SUCCESS: Login Success [user: SI_NAM_52343_P_011] [Source: 10.14.9.251] [localport: 22] at 17:52:09 EDT Sun Mar 19 2023
*Mar 19 17:52:10.680: %SEC_LOGIN-5-LOGIN_SUCCESS: Login Success [user: SI_NAM_52343_P_011] [Source: 10.14.9.251] [localport: 22] at 17:52:10 EDT Sun Mar 19 2023
*Mar 19 22:39:20.905: %SEC_LOGIN-5-LOGIN_SUCCESS: Login Success [user: si_nam_52343_p_004] [Source: 130.172.129.13] [localport: 22] at 22:39:20 EDT Sun Mar 19 2023
*Mar 19 22:42:34.142: %SYS-6-LOGOUT: User si_nam_52343_p_004 has exited tty session 1(130.172.129.13)
*Mar 20 04:45:17.271: %SEC_LOGIN-5-LOGIN_SUCCESS: Login Success [user: si_nam_52343_p_004] [Source: 130.172.129.13] [localport: 22] at 04:45:17 EDT Mon Mar 20 2023
*Mar 20 04:45:21.796: %SYS-6-LOGOUT: User si_nam_52343_p_004 has exited tty session 1(130.172.129.13)
*Mar 20 04:47:17.874: %SEC_LOGIN-5-LOGIN_SUCCESS: Login Success [user: si_nam_52343_p_004] [Source: 130.172.129.13] [localport: 22] at 04:47:17 EDT Mon Mar 20 2023
*Mar 20 04:47:18.795: %SYS-6-LOGOUT: User si_nam_52343_p_004 has exited tty session 1(130.172.129.13)
*Mar 20 04:52:26.121: %SEC_LOGIN-5-LOGIN_SUCCESS: Login Success [user: si_nam_52343_p_004] [Source: 130.172.129.13] [localport: 22] at 04:52:26 EDT Mon Mar 20 2023
*Mar 20 04:52:27.089: %SYS-6-LOGOUT: User si_nam_52343_p_004 has exited tty session 1(130.172.129.13)
*Mar 20 08:28:01.478: %SEC_LOGIN-5-LOGIN_SUCCESS: Login Success [user: si_nam_52343_p_004] [Source: 130.172.129.13] [localport: 22] at 08:28:01 EDT Mon Mar 20 2023
*Mar 20 08:28:03.023: %SYS-6-LOGOUT: User si_nam_52343_p_004 has exited tty session 1(130.172.129.13)
*Mar 20 09:45:22.294: %SEC_LOGIN-5-LOGIN_SUCCESS: Login Success [user: si_nam_52343_p_004] [Source: 130.172.129.13] [localport: 22] at 09:45:22 EDT Mon Mar 20 2023
*Mar 20 09:46:11.707: %SYS-6-LOGOUT: User si_nam_52343_p_004 has exited tty session 1(130.172.129.13)
*Mar 20 21:47:42.445: %SEC_LOGIN-5-LOGIN_SUCCESS: Login Success [user: si_nam_52343_p_004] [Source: 130.172.129.13] [localport: 22] at 21:47:42 EDT Mon Mar 20 2023
*Mar 20 21:48:19.658: %SYS-6-LOGOUT: User si_nam_52343_p_004 has exited tty session 1(130.172.129.13)
*Mar 20 23:00:00.893: %SEC_LOGIN-5-LOGIN_SUCCESS: Login Success [user: si_nam_52343_p_004] [Source: 130.172.129.13] [localport: 22] at 23:00:00 EDT Mon Mar 20 2023
*Mar 20 23:02:55.291: %SYS-6-LOGOUT: User si_nam_52343_p_004 has exited tty session 1(130.172.129.13)
*Mar 21 04:46:05.190: %SEC_LOGIN-5-LOGIN_SUCCESS: Login Success [user: si_nam_52343_p_004] [Source: 130.172.129.13] [localport: 22] at 04:46:05 EDT Tue Mar 21 2023
*Mar 21 04:46:06.387: %SYS-6-LOGOUT: User si_nam_52343_p_004 has exited tty session 1(130.172.129.13)
*Mar 21 08:27:48.289: %SEC_LOGIN-5-LOGIN_SUCCESS: Login Success [user: si_nam_52343_p_004] [Source: 130.172.129.13] [localport: 22] at 08:27:48 EDT Tue Mar 21 2023
*Mar 21 08:27:49.622: %SYS-6-LOGOUT: User si_nam_52343_p_004 has exited tty session 1(130.172.129.13)
*Mar 21 09:15:46.281: %SEC_LOGIN-5-LOGIN_SUCCESS: Login Success [user: si_nam_52343_p_004] [Source: 130.172.129.13] [localport: 22] at 09:15:46 EDT Tue Mar 21 2023
*Mar 21 09:17:11.896: %SYS-6-LOGOUT: User si_nam_52343_p_004 has exited tty session 1(130.172.129.13)
*Mar 21 09:31:13.224: %SEC_LOGIN-5-LOGIN_SUCCESS: Login Success [user: si_nam_52343_p_004] [Source: 130.172.129.13] [localport: 22] at 09:31:13 EDT Tue Mar 21 2023
*Mar 21 09:31:18.983: %SYS-6-LOGOUT: User si_nam_52343_p_004 has exited tty session 1(130.172.129.13)
*Mar 21 09:40:54.363: %SEC_LOGIN-5-LOGIN_SUCCESS: Login Success [user: si_nam_52343_p_004] [Source: 130.172.129.13] [localport: 22] at 09:40:54 EDT Tue Mar 21 2023
*Mar 21 09:40:58.924: %SYS-6-LOGOUT: User si_nam_52343_p_004 has exited tty session 1(130.172.129.13)
*Mar 21 14:26:29.598: %SEC_LOGIN-5-LOGIN_SUCCESS: Login Success [user: si_nam_52343_p_004] [Source: 130.172.129.13] [localport: 22] at 14:26:29 EDT Tue Mar 21 2023
*Mar 21 14:26:32.655: %SYS-6-LOGOUT: User si_nam_52343_p_004 has exited tty session 1(130.172.129.13)
*Mar 21 16:21:35.510: %SEC_LOGIN-5-LOGIN_SUCCESS: Login Success [user: as_cz507f] [Source: 130.172.119.141] [localport: 22] at 16:21:35 EDT Tue Mar 21 2023
*Mar 21 16:21:39.153: %SYS-6-LOGOUT: User as_cz507f has exited tty session 1(130.172.119.141)
*Mar 21 16:35:12.237: %SEC_LOGIN-5-LOGIN_SUCCESS: Login Success [user: as_cz507f] [Source: 130.172.119.141] [localport: 22] at 16:35:12 EDT Tue Mar 21 2023
*Mar 21 16:37:37.299: %SYS-6-LOGOUT: User as_cz507f has exited tty session 1(130.172.119.141)
*Mar 21 17:23:53.571: %SEC_LOGIN-5-LOGIN_SUCCESS: Login Success [user: as_cz507f] [Source: 130.172.119.141] [localport: 22] at 17:23:53 EDT Tue Mar 21 2023
*Mar 21 17:24:16.527: %SYS-6-LOGOUT: User as_cz507f has exited tty session 1(130.172.119.141)
*Mar 21 17:25:04.851: %SEC_LOGIN-5-LOGIN_SUCCESS: Login Success [user: as_cz507f] [Source: 130.172.119.141] [localport: 22] at 17:25:04 EDT Tue Mar 21 2023
*Mar 21 17:34:48.171: %SYS-6-LOGOUT: User as_cz507f has exited tty session 1(130.172.119.141)
*Mar 21 17:37:50.631: %SEC_LOGIN-5-LOGIN_SUCCESS: Login Success [user: as_cz507f] [Source: 130.172.119.141] [localport: 22] at 17:37:50 EDT Tue Mar 21 2023
*Mar 21 17:48:49.478: %SYS-6-LOGOUT: User as_cz507f has exited tty session 1(130.172.119.141)
*Mar 21 17:51:54.633: %SEC_LOGIN-5-LOGIN_SUCCESS: Login Success [user: SI_NAM_52343_P_011] [Source: 10.14.9.251] [localport: 22] at 17:51:54 EDT Tue Mar 21 2023
*Mar 21 17:51:54.928: %SYS-6-LOGOUT: User SI_NAM_52343_P_011 has exited tty session 1(10.14.9.251)
*Mar 21 17:51:55.553: %SEC_LOGIN-5-LOGIN_SUCCESS: Login Success [user: SI_NAM_52343_P_011] [Source: 10.14.9.251] [localport: 22] at 17:51:55 EDT Tue Mar 21 2023
*Mar 21 17:51:56.923: %SEC_LOGIN-5-LOGIN_SUCCESS: Login Success [user: SI_NAM_52343_P_011] [Source: 10.14.9.251] [localport: 22] at 17:51:56 EDT Tue Mar 21 2023
*Mar 21 17:52:04.344: %SEC_LOGIN-5-LOGIN_SUCCESS: Login Success [user: SI_NAM_52343_P_011] [Source: 10.14.9.251] [localport: 22] at 17:52:04 EDT Tue Mar 21 2023
*Mar 21 17:52:07.607: %SYS-6-LOGOUT: User SI_NAM_52343_P_011 has exited tty session 1(10.14.9.251)
*Mar 21 17:52:08.326: %SEC_LOGIN-5-LOGIN_SUCCESS: Login Success [user: SI_NAM_52343_P_011] [Source: 10.14.9.251] [localport: 22] at 17:52:08 EDT Tue Mar 21 2023
*Mar 21 17:52:09.376: %SEC_LOGIN-5-LOGIN_SUCCESS: Login Success [user: SI_NAM_52343_P_011] [Source: 10.14.9.251] [localport: 22] at 17:52:09 EDT Tue Mar 21 2023
*Mar 21 17:52:10.415: %SEC_LOGIN-5-LOGIN_SUCCESS: Login Success [user: SI_NAM_52343_P_011] [Source: 10.14.9.251] [localport: 22] at 17:52:10 EDT Tue Mar 21 2023
*Mar 21 17:52:11.379: %SEC_LOGIN-5-LOGIN_SUCCESS: Login Success [user: SI_NAM_52343_P_011] [Source: 10.14.9.251] [localport: 22] at 17:52:11 EDT Tue Mar 21 2023
*Mar 21 17:58:55.988: %SEC_LOGIN-5-LOGIN_SUCCESS: Login Success [user: as_cz507f] [Source: 130.172.119.141] [localport: 22] at 17:58:55 EDT Tue Mar 21 2023
*Mar 21 18:01:33.707: %SYS-6-LOGOUT: User as_cz507f has exited tty session 1(130.172.119.141)
*Mar 21 18:08:11.473: %SEC_LOGIN-5-LOGIN_SUCCESS: Login Success [user: as_cz507f] [Source: 130.172.119.141] [localport: 22] at 18:08:11 EDT Tue Mar 21 2023
*Mar 21 18:20:58.331: %SYS-6-LOGOUT: User as_cz507f has exited tty session 1(130.172.119.141)
*Mar 21 21:18:00.425: %SEC_LOGIN-5-LOGIN_SUCCESS: Login Success [user: si_nam_52343_p_004] [Source: 130.172.129.13] [localport: 22] at 21:18:00 EDT Tue Mar 21 2023
*Mar 21 21:20:06.558: %SYS-6-LOGOUT: User si_nam_52343_p_004 has exited tty session 1(130.172.129.13)
*Mar 22 04:44:29.956: %SEC_LOGIN-5-LOGIN_SUCCESS: Login Success [user: si_nam_52343_p_004] [Source: 130.172.129.13] [localport: 22] at 04:44:29 EDT Wed Mar 22 2023
*Mar 22 04:44:31.418: %SYS-6-LOGOUT: User si_nam_52343_p_004 has exited tty session 1(130.172.129.13)
*Mar 22 08:27:53.012: %SEC_LOGIN-5-LOGIN_SUCCESS: Login Success [user: si_nam_52343_p_004] [Source: 130.172.129.13] [localport: 22] at 08:27:53 EDT Wed Mar 22 2023
*Mar 22 08:27:54.224: %SYS-6-LOGOUT: User si_nam_52343_p_004 has exited tty session 1(130.172.129.13)
*Mar 22 09:16:22.254: %SEC_LOGIN-5-LOGIN_SUCCESS: Login Success [user: si_nam_52343_p_004] [Source: 130.172.129.13] [localport: 22] at 09:16:22 EDT Wed Mar 22 2023
*Mar 22 09:17:36.304: %SYS-6-LOGOUT: User si_nam_52343_p_004 has exited tty session 1(130.172.129.13)
*Mar 22 21:59:08.184: %SEC_LOGIN-5-LOGIN_SUCCESS: Login Success [user: si_nam_52343_p_004] [Source: 130.172.129.13] [localport: 22] at 21:59:08 EDT Wed Mar 22 2023
*Mar 22 22:00:10.896: %SYS-6-LOGOUT: User si_nam_52343_p_004 has exited tty session 1(130.172.129.13)
*Mar 23 04:45:09.268: %SEC_LOGIN-5-LOGIN_SUCCESS: Login Success [user: si_nam_52343_p_004] [Source: 130.172.129.13] [localport: 22] at 04:45:09 EDT Thu Mar 23 2023
*Mar 23 04:45:10.384: %SYS-6-LOGOUT: User si_nam_52343_p_004 has exited tty session 1(130.172.129.13)
*Mar 23 08:27:50.017: %SEC_LOGIN-5-LOGIN_SUCCESS: Login Success [user: si_nam_52343_p_004] [Source: 130.172.129.13] [localport: 22] at 08:27:50 EDT Thu Mar 23 2023
*Mar 23 08:27:51.017: %SYS-6-LOGOUT: User si_nam_52343_p_004 has exited tty session 1(130.172.129.13)
*Mar 23 09:14:45.767: %SEC_LOGIN-5-LOGIN_SUCCESS: Login Success [user: si_nam_52343_p_004] [Source: 130.172.129.13] [localport: 22] at 09:14:45 EDT Thu Mar 23 2023
*Mar 23 09:16:01.324: %SYS-6-LOGOUT: User si_nam_52343_p_004 has exited tty session 1(130.172.129.13)
*Mar 23 13:57:41.632: %SEC_LOGIN-5-LOGIN_SUCCESS: Login Success [user: as_cz507f] [Source: 130.172.119.194] [localport: 22] at 13:57:41 EDT Thu Mar 23 2023
*Mar 23 14:04:46.304: %SYS-6-LOGOUT: User as_cz507f has exited tty session 1(130.172.119.194)
*Mar 23 17:23:56.904: %SEC_LOGIN-5-LOGIN_SUCCESS: Login Success [user: as_cz507f] [Source: 130.172.119.194] [localport: 22] at 17:23:56 EDT Thu Mar 23 2023
*Mar 23 17:23:57.695: %SYS-6-LOGOUT: User as_cz507f has exited tty session 1(130.172.119.194)
*Mar 23 17:26:57.154: %SEC_LOGIN-5-LOGIN_SUCCESS: Login Success [user: as_cz507f] [Source: 130.172.119.194] [localport: 22] at 17:26:57 EDT Thu Mar 23 2023
*Mar 23 17:26:57.861: %SYS-6-LOGOUT: User as_cz507f has exited tty session 1(130.172.119.194)
*Mar 23 17:28:09.484: %SEC_LOGIN-5-LOGIN_SUCCESS: Login Success [user: as_cz507f] [Source: 130.172.119.194] [localport: 22] at 17:28:09 EDT Thu Mar 23 2023
*Mar 23 17:28:10.313: %SYS-6-LOGOUT: User as_cz507f has exited tty session 1(130.172.119.194)
*Mar 23 17:29:07.418: %SEC_LOGIN-5-LOGIN_SUCCESS: Login Success [user: as_cz507f] [Source: 130.172.119.194] [localport: 22] at 17:29:07 EDT Thu Mar 23 2023
*Mar 23 17:29:08.231: %SYS-6-LOGOUT: User as_cz507f has exited tty session 1(130.172.119.194)
*Mar 23 17:30:02.056: %SEC_LOGIN-5-LOGIN_SUCCESS: Login Success [user: as_cz507f] [Source: 130.172.119.194] [localport: 22] at 17:30:02 EDT Thu Mar 23 2023
*Mar 23 17:30:02.868: %SYS-6-LOGOUT: User as_cz507f has exited tty session 1(130.172.119.194)
*Mar 23 17:31:28.394: %SEC_LOGIN-5-LOGIN_SUCCESS: Login Success [user: as_cz507f] [Source: 130.172.119.194] [localport: 22] at 17:31:28 EDT Thu Mar 23 2023
*Mar 23 17:31:55.124: %SYS-6-LOGOUT: User as_cz507f has exited tty session 1(130.172.119.194)
*Mar 23 17:51:16.103: %SEC_LOGIN-5-LOGIN_SUCCESS: Login Success [user: SI_NAM_52343_P_011] [Source: 10.14.9.251] [localport: 22] at 17:51:16 EDT Thu Mar 23 2023
*Mar 23 17:51:16.757: %SYS-6-LOGOUT: User SI_NAM_52343_P_011 has exited tty session 1(10.14.9.251)
*Mar 23 17:51:17.447: %SEC_LOGIN-5-LOGIN_SUCCESS: Login Success [user: SI_NAM_52343_P_011] [Source: 10.14.9.251] [localport: 22] at 17:51:17 EDT Thu Mar 23 2023
*Mar 23 17:51:18.738: %SEC_LOGIN-5-LOGIN_SUCCESS: Login Success [user: SI_NAM_52343_P_011] [Source: 10.14.9.251] [localport: 22] at 17:51:18 EDT Thu Mar 23 2023
*Mar 23 17:51:19.845: %SEC_LOGIN-5-LOGIN_SUCCESS: Login Success [user: SI_NAM_52343_P_011] [Source: 10.14.9.251] [localport: 22] at 17:51:19 EDT Thu Mar 23 2023
*Mar 23 17:51:20.913: %SEC_LOGIN-5-LOGIN_SUCCESS: Login Success [user: SI_NAM_52343_P_011] [Source: 10.14.9.251] [localport: 22] at 17:51:20 EDT Thu Mar 23 2023
*Mar 23 17:51:21.934: %SEC_LOGIN-5-LOGIN_SUCCESS: Login Success [user: SI_NAM_52343_P_011] [Source: 10.14.9.251] [localport: 22] at 17:51:21 EDT Thu Mar 23 2023
*Mar 23 17:51:22.963: %SEC_LOGIN-5-LOGIN_SUCCESS: Login Success [user: SI_NAM_52343_P_011] [Source: 10.14.9.251] [localport: 22] at 17:51:22 EDT Thu Mar 23 2023
*Mar 23 17:51:24.187: %SEC_LOGIN-5-LOGIN_SUCCESS: Login Success [user: SI_NAM_52343_P_011] [Source: 10.14.9.251] [localport: 22] at 17:51:24 EDT Thu Mar 23 2023
*Mar 23 21:19:38.413: %SEC_LOGIN-5-LOGIN_SUCCESS: Login Success [user: si_nam_52343_p_004] [Source: 130.172.129.13] [localport: 22] at 21:19:38 EDT Thu Mar 23 2023
*Mar 23 21:22:01.314: %SYS-6-LOGOUT: User si_nam_52343_p_004 has exited tty session 1(130.172.129.13)
*Mar 23 22:27:33.577: %SEC_LOGIN-5-LOGIN_SUCCESS: Login Success [user: si_nam_52343_p_004] [Source: 130.172.129.13] [localport: 22] at 22:27:33 EDT Thu Mar 23 2023
*Mar 23 22:27:44.913: %SYS-6-LOGOUT: User si_nam_52343_p_004 has exited tty session 1(130.172.129.13)
*Mar 24 04:43:13.312: %SEC_LOGIN-5-LOGIN_SUCCESS: Login Success [user: si_nam_52343_p_004] [Source: 130.172.129.13] [localport: 22] at 04:43:13 EDT Fri Mar 24 2023
*Mar 24 04:43:14.375: %SYS-6-LOGOUT: User si_nam_52343_p_004 has exited tty session 1(130.172.129.13)
*Mar 24 08:27:47.184: %SEC_LOGIN-5-LOGIN_SUCCESS: Login Success [user: si_nam_52343_p_004] [Source: 130.172.129.13] [localport: 22] at 08:27:47 EDT Fri Mar 24 2023
*Mar 24 08:27:48.349: %SYS-6-LOGOUT: User si_nam_52343_p_004 has exited tty session 1(130.172.129.13)
*Mar 24 17:43:59.667: %SEC_LOGIN-5-LOGIN_SUCCESS: Login Success [user: as_cz507f] [Source: 148.93.114.222] [localport: 22] at 17:43:59 EDT Fri Mar 24 2023
*Mar 24 18:16:28.078: %SYS-6-TTY_EXPIRE_TIMER: (exec timer expired, tty 1 (148.93.114.222)), user as_cz507f
*Mar 24 18:16:28.078: %SYS-6-LOGOUT: User as_cz507f has exited tty session 1(148.93.114.222)
*Mar 24 18:18:53.758: %SEC_LOGIN-5-LOGIN_SUCCESS: Login Success [user: as_cz507f] [Source: 148.93.114.222] [localport: 22] at 18:18:53 EDT Fri Mar 24 2023
*Mar 24 18:19:06.147: %SYS-6-LOGOUT: User as_cz507f has exited tty session 1(148.93.114.222)
*Mar 24 18:22:54.462: %SEC_LOGIN-5-LOGIN_SUCCESS: Login Success [user: as_cz507f] [Source: 148.93.114.222] [localport: 22] at 18:22:54 EDT Fri Mar 24 2023
*Mar 24 18:23:06.712: %SYS-6-LOGOUT: User as_cz507f has exited tty session 1(148.93.114.222)
*Mar 24 18:25:03.216: %SEC_LOGIN-5-LOGIN_SUCCESS: Login Success [user: as_cz507f] [Source: 148.93.114.222] [localport: 22] at 18:25:03 EDT Fri Mar 24 2023
*Mar 24 18:25:17.848: %SYS-6-LOGOUT: User as_cz507f has exited tty session 1(148.93.114.222)
*Mar 24 18:30:30.219: %SEC_LOGIN-5-LOGIN_SUCCESS: Login Success [user: as_cz507f] [Source: 148.93.114.222] [localport: 22] at 18:30:30 EDT Fri Mar 24 2023
*Mar 24 18:30:55.189: %SYS-6-LOGOUT: User as_cz507f has exited tty session 1(148.93.114.222)
*Mar 24 21:19:52.245: %SEC_LOGIN-5-LOGIN_SUCCESS: Login Success [user: si_nam_52343_p_004] [Source: 130.172.129.13] [localport: 22] at 21:19:52 EDT Fri Mar 24 2023
*Mar 24 21:22:12.997: %SYS-6-LOGOUT: User si_nam_52343_p_004 has exited tty session 1(130.172.129.13)
*Mar 24 21:50:39.760: %SEC_LOGIN-5-LOGIN_SUCCESS: Login Success [user: SI_NAM_52343_P_012] [Source: 148.93.49.26] [localport: 22] at 21:50:39 EDT Fri Mar 24 2023
*Mar 24 21:50:52.357: %SYS-6-LOGOUT: User SI_NAM_52343_P_012 has exited tty session 1(148.93.49.26)
*Mar 24 23:43:40.515: %SEC_LOGIN-5-LOGIN_SUCCESS: Login Success [user: SI_NAM_52343_P_012] [Source: 148.93.49.26] [localport: 22] at 23:43:40 EDT Fri Mar 24 2023
*Mar 25 00:00:51.772: %SYS-6-LOGOUT: User SI_NAM_52343_P_012 has exited tty session 1(148.93.49.26)
*Mar 25 04:45:09.001: %SEC_LOGIN-5-LOGIN_SUCCESS: Login Success [user: si_nam_52343_p_004] [Source: 130.172.129.13] [localport: 22] at 04:45:09 EDT Sat Mar 25 2023
*Mar 25 04:45:09.981: %SYS-6-LOGOUT: User si_nam_52343_p_004 has exited tty session 1(130.172.129.13)
*Mar 25 09:15:12.799: %SEC_LOGIN-5-LOGIN_SUCCESS: Login Success [user: si_nam_52343_p_004] [Source: 130.172.129.13] [localport: 22] at 09:15:12 EDT Sat Mar 25 2023
*Mar 25 09:16:21.584: %SYS-6-LOGOUT: User si_nam_52343_p_004 has exited tty session 1(130.172.129.13)
*Mar 25 21:17:24.464: %SEC_LOGIN-5-LOGIN_SUCCESS: Login Success [user: si_nam_52343_p_004] [Source: 130.172.129.13] [localport: 22] at 21:17:24 EDT Sat Mar 25 2023
*Mar 25 21:19:23.659: %SYS-6-LOGOUT: User si_nam_52343_p_004 has exited tty session 1(130.172.129.13)
*Mar 26 04:44:54.941: %SEC_LOGIN-5-LOGIN_SUCCESS: Login Success [user: si_nam_52343_p_004] [Source: 130.172.129.13] [localport: 22] at 04:44:54 EDT Sun Mar 26 2023
*Mar 26 04:44:56.910: %SYS-6-LOGOUT: User si_nam_52343_p_004 has exited tty session 1(130.172.129.13)
*Mar 26 09:13:23.252: %SEC_LOGIN-5-LOGIN_SUCCESS: Login Success [user: si_nam_52343_p_004] [Source: 130.172.129.13] [localport: 22] at 09:13:23 EDT Sun Mar 26 2023
*Mar 26 09:14:54.543: %SYS-6-LOGOUT: User si_nam_52343_p_004 has exited tty session 1(130.172.129.13)
*Mar 26 17:50:53.875: %SEC_LOGIN-5-LOGIN_SUCCESS: Login Success [user: SI_NAM_52343_P_011] [Source: 10.14.9.251] [localport: 22] at 17:50:53 EDT Sun Mar 26 2023
*Mar 26 17:50:54.183: %SYS-6-LOGOUT: User SI_NAM_52343_P_011 has exited tty session 1(10.14.9.251)
*Mar 26 17:50:54.811: %SEC_LOGIN-5-LOGIN_SUCCESS: Login Success [user: SI_NAM_52343_P_011] [Source: 10.14.9.251] [localport: 22] at 17:50:54 EDT Sun Mar 26 2023
*Mar 26 17:50:56.180: %SEC_LOGIN-5-LOGIN_SUCCESS: Login Success [user: SI_NAM_52343_P_011] [Source: 10.14.9.251] [localport: 22] at 17:50:56 EDT Sun Mar 26 2023
*Mar 26 17:51:07.160: %SYS-6-LOGOUT: User SI_NAM_52343_P_011 has exited tty session 1(10.14.9.251)
*Mar 26 17:51:07.804: %SEC_LOGIN-5-LOGIN_SUCCESS: Login Success [user: SI_NAM_52343_P_011] [Source: 10.14.9.251] [localport: 22] at 17:51:07 EDT Sun Mar 26 2023
*Mar 26 17:51:08.799: %SEC_LOGIN-5-LOGIN_SUCCESS: Login Success [user: SI_NAM_52343_P_011] [Source: 10.14.9.251] [localport: 22] at 17:51:08 EDT Sun Mar 26 2023
*Mar 26 17:51:12.808: %SEC_LOGIN-5-LOGIN_SUCCESS: Login Success [user: SI_NAM_52343_P_011] [Source: 10.14.9.251] [localport: 22] at 17:51:12 EDT Sun Mar 26 2023
*Mar 26 17:51:13.745: %SEC_LOGIN-5-LOGIN_SUCCESS: Login Success [user: SI_NAM_52343_P_011] [Source: 10.14.9.251] [localport: 22] at 17:51:13 EDT Sun Mar 26 2023
*Mar 26 17:51:14.720: %SEC_LOGIN-5-LOGIN_SUCCESS: Login Success [user: SI_NAM_52343_P_011] [Source: 10.14.9.251] [localport: 22] at 17:51:14 EDT Sun Mar 26 2023
*Mar 26 21:18:56.626: %SEC_LOGIN-5-LOGIN_SUCCESS: Login Success [user: si_nam_52343_p_004] [Source: 130.172.129.13] [localport: 22] at 21:18:56 EDT Sun Mar 26 2023
*Mar 26 21:21:10.407: %SYS-6-LOGOUT: User si_nam_52343_p_004 has exited tty session 1(130.172.129.13)
*Mar 27 04:44:36.144: %SEC_LOGIN-5-LOGIN_SUCCESS: Login Success [user: si_nam_52343_p_004] [Source: 130.172.129.13] [localport: 22] at 04:44:36 EDT Mon Mar 27 2023
*Mar 27 04:44:37.345: %SYS-6-LOGOUT: User si_nam_52343_p_004 has exited tty session 1(130.172.129.13)
*Mar 27 04:46:34.151: %SEC_LOGIN-5-LOGIN_SUCCESS: Login Success [user: si_nam_52343_p_004] [Source: 130.172.129.13] [localport: 22] at 04:46:34 EDT Mon Mar 27 2023
*Mar 27 04:46:35.324: %SYS-6-LOGOUT: User si_nam_52343_p_004 has exited tty session 1(130.172.129.13)
*Mar 27 04:49:41.210: %SEC_LOGIN-5-LOGIN_SUCCESS: Login Success [user: si_nam_52343_p_004] [Source: 130.172.129.13] [localport: 22] at 04:49:41 EDT Mon Mar 27 2023
*Mar 27 04:49:42.204: %SYS-6-LOGOUT: User si_nam_52343_p_004 has exited tty session 1(130.172.129.13)
*Mar 27 07:42:22.467: %SEC_LOGIN-5-LOGIN_SUCCESS: Login Success [user: si_nam_52343_p_004] [Source: 130.172.129.13] [localport: 22] at 07:42:22 EDT Mon Mar 27 2023
*Mar 27 07:42:25.076: %SYS-6-LOGOUT: User si_nam_52343_p_004 has exited tty session 1(130.172.129.13)
*Mar 27 08:27:47.093: %SEC_LOGIN-5-LOGIN_SUCCESS: Login Success [user: si_nam_52343_p_004] [Source: 130.172.129.13] [localport: 22] at 08:27:47 EDT Mon Mar 27 2023
*Mar 27 08:27:48.377: %SYS-6-LOGOUT: User si_nam_52343_p_004 has exited tty session 1(130.172.129.13)
*Mar 27 09:20:40.160: %SEC_LOGIN-5-LOGIN_SUCCESS: Login Success [user: si_nam_52343_p_004] [Source: 130.172.129.13] [localport: 22] at 09:20:40 EDT Mon Mar 27 2023
*Mar 27 09:23:28.979: %SYS-6-LOGOUT: User si_nam_52343_p_004 has exited tty session 1(130.172.129.13)
*Mar 27 21:38:36.594: %SEC_LOGIN-5-LOGIN_SUCCESS: Login Success [user: si_nam_52343_p_004] [Source: 130.172.129.13] [localport: 22] at 21:38:36 EDT Mon Mar 27 2023
*Mar 27 21:41:33.568: %SYS-6-LOGOUT: User si_nam_52343_p_004 has exited tty session 1(130.172.129.13)
*Mar 27 22:56:39.041: %SEC_LOGIN-5-LOGIN_SUCCESS: Login Success [user: si_nam_52343_p_004] [Source: 130.172.129.13] [localport: 22] at 22:56:39 EDT Mon Mar 27 2023
*Mar 27 22:57:18.915: %SYS-6-LOGOUT: User si_nam_52343_p_004 has exited tty session 1(130.172.129.13)
*Mar 28 04:45:51.649: %SEC_LOGIN-5-LOGIN_SUCCESS: Login Success [user: si_nam_52343_p_004] [Source: 130.172.129.13] [localport: 22] at 04:45:51 EDT Tue Mar 28 2023
*Mar 28 04:45:52.649: %SYS-6-LOGOUT: User si_nam_52343_p_004 has exited tty session 1(130.172.129.13)
*Mar 28 08:28:07.216: %SEC_LOGIN-5-LOGIN_SUCCESS: Login Success [user: si_nam_52343_p_004] [Source: 130.172.129.13] [localport: 22] at 08:28:07 EDT Tue Mar 28 2023
*Mar 28 08:28:08.531: %SYS-6-LOGOUT: User si_nam_52343_p_004 has exited tty session 1(130.172.129.13)
*Mar 28 08:33:14.231: %SEC_LOGIN-5-LOGIN_SUCCESS: Login Success [user: si_nam_52343_p_004] [Source: 130.172.129.13] [localport: 22] at 08:33:14 EDT Tue Mar 28 2023
*Mar 28 08:33:15.277: %SYS-6-LOGOUT: User si_nam_52343_p_004 has exited tty session 1(130.172.129.13)
*Mar 28 09:55:44.787: %SEC_LOGIN-5-LOGIN_SUCCESS: Login Success [user: si_nam_52343_p_004] [Source: 130.172.129.13] [localport: 22] at 09:55:44 EDT Tue Mar 28 2023
*Mar 28 09:56:43.894: %SYS-6-LOGOUT: User si_nam_52343_p_004 has exited tty session 1(130.172.129.13)
*Mar 28 17:50:43.063: %SEC_LOGIN-5-LOGIN_SUCCESS: Login Success [user: SI_NAM_52343_P_011] [Source: 10.14.9.251] [localport: 22] at 17:50:43 EDT Tue Mar 28 2023
*Mar 28 17:50:43.366: %SYS-6-LOGOUT: User SI_NAM_52343_P_011 has exited tty session 1(10.14.9.251)
*Mar 28 17:50:44.010: %SEC_LOGIN-5-LOGIN_SUCCESS: Login Success [user: SI_NAM_52343_P_011] [Source: 10.14.9.251] [localport: 22] at 17:50:44 EDT Tue Mar 28 2023
*Mar 28 17:50:45.190: %SEC_LOGIN-5-LOGIN_SUCCESS: Login Success [user: SI_NAM_52343_P_011] [Source: 10.14.9.251] [localport: 22] at 17:50:45 EDT Tue Mar 28 2023
*Mar 28 17:50:46.876: %SEC_LOGIN-5-LOGIN_SUCCESS: Login Success [user: SI_NAM_52343_P_011] [Source: 10.14.9.251] [localport: 22] at 17:50:46 EDT Tue Mar 28 2023
*Mar 28 17:50:47.959: %SEC_LOGIN-5-LOGIN_SUCCESS: Login Success [user: SI_NAM_52343_P_011] [Source: 10.14.9.251] [localport: 22] at 17:50:47 EDT Tue Mar 28 2023
*Mar 28 17:50:48.975: %SEC_LOGIN-5-LOGIN_SUCCESS: Login Success [user: SI_NAM_52343_P_011] [Source: 10.14.9.251] [localport: 22] at 17:50:48 EDT Tue Mar 28 2023
*Mar 28 17:50:49.920: %SEC_LOGIN-5-LOGIN_SUCCESS: Login Success [user: SI_NAM_52343_P_011] [Source: 10.14.9.251] [localport: 22] at 17:50:49 EDT Tue Mar 28 2023
*Mar 28 17:50:50.882: %SEC_LOGIN-5-LOGIN_SUCCESS: Login Success [user: SI_NAM_52343_P_011] [Source: 10.14.9.251] [localport: 22] at 17:50:50 EDT Tue Mar 28 2023
*Mar 28 22:14:31.173: %SEC_LOGIN-5-LOGIN_SUCCESS: Login Success [user: si_nam_52343_p_004] [Source: 130.172.129.13] [localport: 22] at 22:14:31 EDT Tue Mar 28 2023
*Mar 28 22:16:21.621: %SYS-6-LOGOUT: User si_nam_52343_p_004 has exited tty session 1(130.172.129.13)
*Mar 29 04:44:32.654: %SEC_LOGIN-5-LOGIN_SUCCESS: Login Success [user: si_nam_52343_p_004] [Source: 130.172.129.13] [localport: 22] at 04:44:32 EDT Wed Mar 29 2023
*Mar 29 04:44:33.781: %SYS-6-LOGOUT: User si_nam_52343_p_004 has exited tty session 1(130.172.129.13)
*Mar 29 08:27:52.250: %SEC_LOGIN-5-LOGIN_SUCCESS: Login Success [user: si_nam_52343_p_004] [Source: 130.172.129.13] [localport: 22] at 08:27:52 EDT Wed Mar 29 2023
*Mar 29 08:27:53.927: %SYS-6-LOGOUT: User si_nam_52343_p_004 has exited tty session 1(130.172.129.13)
*Mar 29 09:17:38.448: %SEC_LOGIN-5-LOGIN_SUCCESS: Login Success [user: si_nam_52343_p_004] [Source: 130.172.129.13] [localport: 22] at 09:17:38 EDT Wed Mar 29 2023
*Mar 29 09:18:59.450: %SYS-6-LOGOUT: User si_nam_52343_p_004 has exited tty session 1(130.172.129.13)
*Mar 29 21:22:51.079: %SEC_LOGIN-5-LOGIN_SUCCESS: Login Success [user: si_nam_52343_p_004] [Source: 130.172.129.13] [localport: 22] at 21:22:51 EDT Wed Mar 29 2023
*Mar 29 21:25:00.282: %SYS-6-LOGOUT: User si_nam_52343_p_004 has exited tty session 1(130.172.129.13)
*Mar 29 23:01:14.042: %SEC_LOGIN-5-LOGIN_SUCCESS: Login Success [user: as_lzz26f] [Source: 148.93.114.122] [localport: 22] at 23:01:14 EDT Wed Mar 29 2023
*Mar 29 23:01:14.339: %SYS-6-LOGOUT: User as_lzz26f has exited tty session 1(148.93.114.122)
*Mar 29 23:01:15.151: %SEC_LOGIN-5-LOGIN_SUCCESS: Login Success [user: as_lzz26f] [Source: 148.93.114.122] [localport: 22] at 23:01:15 EDT Wed Mar 29 2023
*Mar 30 04:44:55.262: %SEC_LOGIN-5-LOGIN_SUCCESS: Login Success [user: si_nam_52343_p_004] [Source: 130.172.129.13] [localport: 22] at 04:44:55 EDT Thu Mar 30 2023
*Mar 30 04:44:56.685: %SYS-6-LOGOUT: User si_nam_52343_p_004 has exited tty session 1(130.172.129.13)
*Mar 30 08:27:47.070: %SEC_LOGIN-5-LOGIN_SUCCESS: Login Success [user: si_nam_52343_p_004] [Source: 130.172.129.13] [localport: 22] at 08:27:47 EDT Thu Mar 30 2023
*Mar 30 08:27:48.668: %SYS-6-LOGOUT: User si_nam_52343_p_004 has exited tty session 1(130.172.129.13)
*Mar 30 09:16:48.196: %SEC_LOGIN-5-LOGIN_SUCCESS: Login Success [user: si_nam_52343_p_004] [Source: 130.172.129.13] [localport: 22] at 09:16:48 EDT Thu Mar 30 2023
*Mar 30 09:17:58.151: %SYS-6-LOGOUT: User si_nam_52343_p_004 has exited tty session 1(130.172.129.13)
*Mar 30 10:31:10.528: %SEC_LOGIN-5-LOGIN_SUCCESS: Login Success [user: as_cz507f] [Source: 130.172.119.194] [localport: 22] at 10:31:10 EDT Thu Mar 30 2023
fwaac-spare1-C9300-48UXM#!

fwaac-spare1-C9300-48UXM#show running-config
Building configuration...

Current configuration : 24314 bytes
!
! Last configuration change at 15:21:57 EST Fri Nov 18 2022 by as_jztcg6
!
version 16.12
no service pad
service timestamps debug datetime msec localtime
service timestamps log datetime msec localtime
service password-encryption
service call-home
platform punt-keepalive disable-kernel-core
!
hostname fwaac-spare1-C9300-48UXM
!
!
vrf definition Mgmt-vrf
 !
 address-family ipv4
 exit-address-family
 !
 address-family ipv6
 exit-address-family
!
logging discriminator FILTER facility drops DOT1X|MAB|SESSION_MGR 
logging buffered discriminator FILTER 40960 informational
logging persistent url flash:/syslog size 5120000 filesize 500000 immediate
logging console informational
logging monitor informational
enable secret 9 $9$.WdJnHuGz02oNU$Jvw982a0zYCNbJJMbMCvsdLHw93PY9UTlPiPI1lYnlo
!
aaa new-model
!
!
aaa group server tacacs+ gm-tacacs
 server name DCW-1
 server name DCM-1
 server name DCW-2
 server name DCM-2
 ip vrf forwarding Mgmt-vrf
 ip tacacs source-interface GigabitEthernet0/0
!
aaa authentication login default group gm-tacacs local
aaa authentication enable default group gm-tacacs enable
aaa authorization console
aaa authorization config-commands
aaa authorization exec default group gm-tacacs local 
aaa authorization commands 1 default group gm-tacacs none 
aaa authorization commands 15 default group gm-tacacs none 
aaa accounting send stop-record authentication failure
aaa accounting exec default stop-only group gm-tacacs
aaa accounting commands 15 default stop-only group gm-tacacs
!
!
!
!
!
!
aaa session-id common
process cpu threshold type total rising 60 interval 120 falling 30 interval 120
boot system switch all flash:packages.conf
clock timezone EST -5 0
clock summer-time EDT recurring
switch 1 provision c9300-48uxm
!
!
!
!
call-home
 ! If contact email address in call-home is configured as sch-smart-licensing@cisco.com
 ! the email address configured in Cisco Smart License Portal will be used as contact email address to send SCH notifications.
 contact-email-addr sch-smart-licensing@cisco.com
 profile "CiscoTAC-1"
  active
  destination transport-method http
  no destination transport-method email
ip routing
!
!
!
!
!
no ip domain lookup
ip domain name fwa.nam.gm.com
!
!
!
login on-success log
!
!
!
!
!
!
!
vtp domain fwaac
vtp mode transparent
udld aggressive

no device-tracking logging theft
!
crypto pki trustpoint SLA-TrustPoint
 enrollment terminal
 revocation-check crl
!
crypto pki trustpoint TP-self-signed-1053181218
 enrollment selfsigned
 subject-name cn=IOS-Self-Signed-Certificate-1053181218
 revocation-check none
 rsakeypair TP-self-signed-1053181218
!
!
crypto pki certificate chain SLA-TrustPoint
 certificate ca 01
  30820321 30820209 A0030201 02020101 300D0609 2A864886 F70D0101 0B050030 
  32310E30 0C060355 040A1305 43697363 6F312030 1E060355 04031317 43697363 
  6F204C69 63656E73 696E6720 526F6F74 20434130 1E170D31 33303533 30313934 
  3834375A 170D3338 30353330 31393438 34375A30 32310E30 0C060355 040A1305 
  43697363 6F312030 1E060355 04031317 43697363 6F204C69 63656E73 696E6720 
  526F6F74 20434130 82012230 0D06092A 864886F7 0D010101 05000382 010F0030 
  82010A02 82010100 A6BCBD96 131E05F7 145EA72C 2CD686E6 17222EA1 F1EFF64D 
  CBB4C798 212AA147 C655D8D7 9471380D 8711441E 1AAF071A 9CAE6388 8A38E520 
  1C394D78 462EF239 C659F715 B98C0A59 5BBB5CBD 0CFEBEA3 700A8BF7 D8F256EE 
  4AA4E80D DB6FD1C9 60B1FD18 FFC69C96 6FA68957 A2617DE7 104FDC5F EA2956AC 
  7390A3EB 2B5436AD C847A2C5 DAB553EB 69A9A535 58E9F3E3 C0BD23CF 58BD7188 
  68E69491 20F320E7 948E71D7 AE3BCC84 F10684C7 4BC8E00F 539BA42B 42C68BB7 
  C7479096 B4CB2D62 EA2F505D C7B062A4 6811D95B E8250FC4 5D5D5FB8 8F27D191 
  C55F0D76 61F9A4CD 3D992327 A8BB03BD 4E6D7069 7CBADF8B DF5F4368 95135E44 
  DFC7C6CF 04DD7FD1 02030100 01A34230 40300E06 03551D0F 0101FF04 04030201 
  06300F06 03551D13 0101FF04 05300301 01FF301D 0603551D 0E041604 1449DC85 
  4B3D31E5 1B3E6A17 606AF333 3D3B4C73 E8300D06 092A8648 86F70D01 010B0500 
  03820101 00507F24 D3932A66 86025D9F E838AE5C 6D4DF6B0 49631C78 240DA905 
  604EDCDE FF4FED2B 77FC460E CD636FDB DD44681E 3A5673AB 9093D3B1 6C9E3D8B 
  D98987BF E40CBD9E 1AECA0C2 2189BB5C 8FA85686 CD98B646 5575B146 8DFC66A8 
  467A3DF4 4D565700 6ADF0F0D CF835015 3C04FF7C 21E878AC 11BA9CD2 55A9232C 
  7CA7B7E6 C1AF74F6 152E99B7 B1FCF9BB E973DE7F 5BDDEB86 C71E3B49 1765308B 
  5FB0DA06 B92AFE7F 494E8A9E 07B85737 F3A58BE1 1A48A229 C37C1E69 39F08678 
  80DDCD16 D6BACECA EEBC7CF9 8428787B 35202CDC 60E4616A B623CDBD 230E3AFB 
  418616A9 4093E049 4D10AB75 27E86F73 932E35B5 8862FDAE 0275156F 719BB2F0 
  D697DF7F 28
  	quit
crypto pki certificate chain TP-self-signed-1053181218
!
!
system mtu 9100
license boot level network-advantage addon dna-advantage
!
!
diagnostic bootup level minimal
!
spanning-tree mode rapid-pvst
spanning-tree loopguard default
spanning-tree portfast bpduguard default
spanning-tree extend system-id
archive
 path flash:backup
 maximum 3
 time-period 1440
memory free low-watermark processor 134344
!
errdisable recovery cause udld
errdisable recovery cause bpduguard
errdisable recovery cause security-violation
errdisable recovery cause channel-misconfig
errdisable recovery cause pagp-flap
errdisable recovery cause dtp-flap
errdisable recovery cause link-flap
errdisable recovery cause sfp-config-mismatch
errdisable recovery cause gbic-invalid
errdisable recovery cause l2ptguard
errdisable recovery cause psecure-violation
errdisable recovery cause port-mode-failure
errdisable recovery cause dhcp-rate-limit
errdisable recovery cause pppoe-ia-rate-limit
errdisable recovery cause mac-limit
errdisable recovery cause storm-control
errdisable recovery cause inline-power
errdisable recovery cause arp-inspection
errdisable recovery cause link-monitor-failure
errdisable recovery cause oam-remote-failure
errdisable recovery cause loopback
errdisable recovery cause psp
errdisable recovery cause mrp-miscabling
errdisable recovery interval 1200
username localadmin privilege 15 secret 9 $9$O11v1VY7xoHSYU$EPsupoyc2Um4Wu3dDZrZCdFomAHW526WbTsf3UoEptU
!
redundancy
 mode sso
!
!
!
!
!
transceiver type all
 monitoring
!
vlan 800
 name PFCN_L2_Mgmt
!
vlan 999
 name unused_ports
lldp run
!
!
class-map match-any system-cpp-police-ewlc-control
  description EWLC Control 
class-map match-any system-cpp-police-topology-control
  description Topology control
class-map match-any system-cpp-police-sw-forward
  description Sw forwarding, L2 LVX data packets, LOGGING, Transit Traffic
class-map match-any system-cpp-default
  description EWLC Data, Inter FED Traffic 
class-map match-any system-cpp-police-sys-data
  description Openflow, Exception, EGR Exception, NFL Sampled Data, RPF Failed
class-map match-any system-cpp-police-punt-webauth
  description Punt Webauth
class-map match-any system-cpp-police-l2lvx-control
  description L2 LVX control packets
class-map match-any system-cpp-police-forus
  description Forus Address resolution and Forus traffic
class-map match-any system-cpp-police-multicast-end-station
  description MCAST END STATION
class-map match-any system-cpp-police-high-rate-app
  description High Rate Applications 
class-map match-any system-cpp-police-multicast
  description MCAST Data
class-map match-any system-cpp-police-l2-control
  description L2 control
class-map match-any system-cpp-police-dot1x-auth
  description DOT1X Auth
class-map match-any system-cpp-police-data
  description ICMP redirect, ICMP_GEN and BROADCAST
class-map match-any system-cpp-police-stackwise-virt-control
  description Stackwise Virtual OOB
class-map match-any non-client-nrt-class
class-map match-any system-cpp-police-routing-control
  description Routing control and Low Latency
class-map match-any system-cpp-police-protocol-snooping
  description Protocol snooping
class-map match-any system-cpp-police-dhcp-snooping
  description DHCP snooping
class-map match-any system-cpp-police-ios-routing
  description L2 control, Topology control, Routing control, Low Latency
class-map match-any system-cpp-police-system-critical
  description System Critical and Gold Pkt
class-map match-any system-cpp-police-ios-feature
  description ICMPGEN,BROADCAST,ICMP,L2LVXCntrl,ProtoSnoop,PuntWebauth,MCASTData,Transit,DOT1XAuth,Swfwd,LOGGING,L2LVXData,ForusTraffic,ForusARP,McastEndStn,Openflow,Exception,EGRExcption,NflSampled,RpfFailed
!
policy-map system-cpp-policy
!
! 
!
!
!
!
!
!
!
!
!
interface GigabitEthernet0/0
 description link-to-fwaac-spare1-C9300-48UXM-Tw5/0/1
 vrf forwarding Mgmt-vrf
 ip address 10.51.1.254 255.255.254.0
 no ip redirects
 no ip unreachables
 no ip proxy-arp
 negotiation auto
 arp timeout 1500
!
interface TwoGigabitEthernet1/0/1
 description unused_port
 switchport mode access
 no logging event link-status
 power inline never
 no snmp trap link-status
 no mdix auto
 spanning-tree portfast
!
interface TwoGigabitEthernet1/0/2
 description unused_port
 switchport access vlan 999
 switchport mode access
 no logging event link-status
 shutdown
 power inline never
 no snmp trap link-status
 no mdix auto
 spanning-tree portfast
!
interface TwoGigabitEthernet1/0/3
 description unused_port
 switchport access vlan 999
 switchport mode access
 no logging event link-status
 shutdown
 power inline never
 no snmp trap link-status
 no mdix auto
 spanning-tree portfast
!
interface TwoGigabitEthernet1/0/4
 description unused_port
 switchport access vlan 999
 switchport mode access
 no logging event link-status
 shutdown
 power inline never
 no snmp trap link-status
 no mdix auto
 spanning-tree portfast
!
interface TwoGigabitEthernet1/0/5
 description unused_port
 switchport access vlan 999
 switchport mode access
 no logging event link-status
 shutdown
 power inline never
 no snmp trap link-status
 no mdix auto
 spanning-tree portfast
!
interface TwoGigabitEthernet1/0/6
 description unused_port
 switchport access vlan 999
 switchport mode access
 no logging event link-status
 shutdown
 power inline never
 no snmp trap link-status
 no mdix auto
 spanning-tree portfast
!
interface TwoGigabitEthernet1/0/7
 description unused_port
 switchport access vlan 999
 switchport mode access
 no logging event link-status
 shutdown
 power inline never
 no snmp trap link-status
 no mdix auto
 spanning-tree portfast
!
interface TwoGigabitEthernet1/0/8
 description unused_port
 switchport access vlan 999
 switchport mode access
 no logging event link-status
 shutdown
 power inline never
 no snmp trap link-status
 no mdix auto
 spanning-tree portfast
!
interface TwoGigabitEthernet1/0/9
 description unused_port
 switchport access vlan 999
 switchport mode access
 no logging event link-status
 shutdown
 power inline never
 no snmp trap link-status
 no mdix auto
 spanning-tree portfast
!
interface TwoGigabitEthernet1/0/10
 description unused_port
 switchport access vlan 999
 switchport mode access
 no logging event link-status
 shutdown
 power inline never
 no snmp trap link-status
 no mdix auto
 spanning-tree portfast
!
interface TwoGigabitEthernet1/0/11
 description unused_port
 switchport access vlan 999
 switchport mode access
 no logging event link-status
 shutdown
 power inline never
 no snmp trap link-status
 no mdix auto
 spanning-tree portfast
!
interface TwoGigabitEthernet1/0/12
 description unused_port
 switchport access vlan 999
 switchport mode access
 no logging event link-status
 shutdown
 power inline never
 no snmp trap link-status
 no mdix auto
 spanning-tree portfast
!
interface TwoGigabitEthernet1/0/13
 description unused_port
 switchport access vlan 999
 switchport mode access
 no logging event link-status
 shutdown
 power inline never
 no snmp trap link-status
 no mdix auto
 spanning-tree portfast
!
interface TwoGigabitEthernet1/0/14
 description unused_port
 switchport access vlan 999
 switchport mode access
 no logging event link-status
 shutdown
 power inline never
 no snmp trap link-status
 no mdix auto
 spanning-tree portfast
!
interface TwoGigabitEthernet1/0/15
 description unused_port
 switchport access vlan 999
 switchport mode access
 no logging event link-status
 shutdown
 power inline never
 no snmp trap link-status
 no mdix auto
 spanning-tree portfast
!
interface TwoGigabitEthernet1/0/16
 description unused_port
 switchport access vlan 999
 switchport mode access
 no logging event link-status
 shutdown
 power inline never
 no snmp trap link-status
 no mdix auto
 spanning-tree portfast
!
interface TwoGigabitEthernet1/0/17
 description unused_port
 switchport access vlan 999
 switchport mode access
 no logging event link-status
 shutdown
 power inline never
 no snmp trap link-status
 no mdix auto
 spanning-tree portfast
!
interface TwoGigabitEthernet1/0/18
 description unused_port
 switchport access vlan 999
 switchport mode access
 no logging event link-status
 shutdown
 power inline never
 no snmp trap link-status
 no mdix auto
 spanning-tree portfast
!
interface TwoGigabitEthernet1/0/19
 description unused_port
 switchport access vlan 999
 switchport mode access
 no logging event link-status
 shutdown
 power inline never
 no snmp trap link-status
 no mdix auto
 spanning-tree portfast
!
interface TwoGigabitEthernet1/0/20
 description unused_port
 switchport access vlan 999
 switchport mode access
 no logging event link-status
 shutdown
 power inline never
 no snmp trap link-status
 no mdix auto
 spanning-tree portfast
!
interface TwoGigabitEthernet1/0/21
 description unused_port
 switchport access vlan 999
 switchport mode access
 no logging event link-status
 shutdown
 power inline never
 no snmp trap link-status
 no mdix auto
 spanning-tree portfast
!
interface TwoGigabitEthernet1/0/22
 description unused_port
 switchport access vlan 999
 switchport mode access
 no logging event link-status
 shutdown
 power inline never
 no snmp trap link-status
 no mdix auto
 spanning-tree portfast
!
interface TwoGigabitEthernet1/0/23
 description unused_port
 switchport access vlan 999
 switchport mode access
 no logging event link-status
 shutdown
 power inline never
 no snmp trap link-status
 no mdix auto
 spanning-tree portfast
!
interface TwoGigabitEthernet1/0/24
 description unused_port
 switchport access vlan 999
 switchport mode access
 no logging event link-status
 shutdown
 power inline never
 no snmp trap link-status
 no mdix auto
 spanning-tree portfast
!
interface TwoGigabitEthernet1/0/25
 description unused_port
 switchport access vlan 999
 switchport mode access
 no logging event link-status
 shutdown
 power inline never
 no snmp trap link-status
 no mdix auto
 spanning-tree portfast
!
interface TwoGigabitEthernet1/0/26
 description unused_port
 switchport access vlan 999
 switchport mode access
 no logging event link-status
 shutdown
 power inline never
 no snmp trap link-status
 no mdix auto
 spanning-tree portfast
!
interface TwoGigabitEthernet1/0/27
 description unused_port
 switchport access vlan 999
 switchport mode access
 no logging event link-status
 shutdown
 power inline never
 no snmp trap link-status
 no mdix auto
 spanning-tree portfast
!
interface TwoGigabitEthernet1/0/28
 description unused_port
 switchport access vlan 999
 switchport mode access
 no logging event link-status
 shutdown
 power inline never
 no snmp trap link-status
 no mdix auto
 spanning-tree portfast
!
interface TwoGigabitEthernet1/0/29
 description unused_port
 switchport access vlan 999
 switchport mode access
 no logging event link-status
 shutdown
 power inline never
 no snmp trap link-status
 no mdix auto
 spanning-tree portfast
!
interface TwoGigabitEthernet1/0/30
 description unused_port
 switchport access vlan 999
 switchport mode access
 no logging event link-status
 shutdown
 power inline never
 no snmp trap link-status
 no mdix auto
 spanning-tree portfast
!
interface TwoGigabitEthernet1/0/31
 description unused_port
 switchport access vlan 999
 switchport mode access
 no logging event link-status
 shutdown
 power inline never
 no snmp trap link-status
 no mdix auto
 spanning-tree portfast
!
interface TwoGigabitEthernet1/0/32
 description unused_port
 switchport access vlan 999
 switchport mode access
 no logging event link-status
 shutdown
 power inline never
 no snmp trap link-status
 no mdix auto
 spanning-tree portfast
!
interface TwoGigabitEthernet1/0/33
 description unused_port
 switchport access vlan 999
 switchport mode access
 no logging event link-status
 shutdown
 power inline never
 no snmp trap link-status
 no mdix auto
 spanning-tree portfast
!
interface TwoGigabitEthernet1/0/34
 description unused_port
 switchport access vlan 999
 switchport mode access
 no logging event link-status
 shutdown
 power inline never
 no snmp trap link-status
 no mdix auto
 spanning-tree portfast
!
interface TwoGigabitEthernet1/0/35
 description unused_port
 switchport access vlan 999
 switchport mode access
 no logging event link-status
 shutdown
 power inline never
 no snmp trap link-status
 no mdix auto
 spanning-tree portfast
!
interface TwoGigabitEthernet1/0/36
 description unused_port
 switchport access vlan 999
 switchport mode access
 no logging event link-status
 shutdown
 power inline never
 no snmp trap link-status
 no mdix auto
 spanning-tree portfast
!
interface TenGigabitEthernet1/0/37
 description unused_port
 switchport access vlan 999
 switchport mode access
 no logging event link-status
 shutdown
 power inline never
 no snmp trap link-status
 no mdix auto
 spanning-tree portfast
!
interface TenGigabitEthernet1/0/38
 description unused_port
 switchport access vlan 999
 switchport mode access
 no logging event link-status
 shutdown
 power inline never
 no snmp trap link-status
 no mdix auto
 spanning-tree portfast
!
interface TenGigabitEthernet1/0/39
 description unused_port
 switchport access vlan 999
 switchport mode access
 no logging event link-status
 shutdown
 power inline never
 no snmp trap link-status
 no mdix auto
 spanning-tree portfast
!
interface TenGigabitEthernet1/0/40
 description unused_port
 switchport access vlan 999
 switchport mode access
 no logging event link-status
 shutdown
 power inline never
 no snmp trap link-status
 no mdix auto
 spanning-tree portfast
!
interface TenGigabitEthernet1/0/41
 description unused_port
 switchport access vlan 999
 switchport mode access
 no logging event link-status
 shutdown
 power inline never
 no snmp trap link-status
 no mdix auto
 spanning-tree portfast
!
interface TenGigabitEthernet1/0/42
 description unused_port
 switchport access vlan 999
 switchport mode access
 no logging event link-status
 shutdown
 power inline never
 no snmp trap link-status
 no mdix auto
 spanning-tree portfast
!
interface TenGigabitEthernet1/0/43
 description unused_port
 switchport access vlan 999
 switchport mode access
 no logging event link-status
 shutdown
 power inline never
 no snmp trap link-status
 no mdix auto
 spanning-tree portfast
!
interface TenGigabitEthernet1/0/44
 description unused_port
 switchport access vlan 999
 switchport mode access
 no logging event link-status
 shutdown
 power inline never
 no snmp trap link-status
 no mdix auto
 spanning-tree portfast
!
interface TenGigabitEthernet1/0/45
 description unused_port
 switchport access vlan 999
 switchport mode access
 no logging event link-status
 shutdown
 power inline never
 no snmp trap link-status
 no mdix auto
 spanning-tree portfast
!
interface TenGigabitEthernet1/0/46
 description unused_port
 switchport access vlan 999
 switchport mode access
 no logging event link-status
 shutdown
 power inline never
 no snmp trap link-status
 no mdix auto
 spanning-tree portfast
!
interface TenGigabitEthernet1/0/47
 description unused_port
 switchport access vlan 999
 switchport mode access
 no logging event link-status
 shutdown
 power inline never
 no snmp trap link-status
 no mdix auto
 spanning-tree portfast
!
interface TenGigabitEthernet1/0/48
 description unused_port
 switchport access vlan 999
 switchport mode access
 no logging event link-status
 shutdown
 power inline never
 no snmp trap link-status
 no mdix auto
 spanning-tree portfast
!
interface GigabitEthernet1/1/1
!
interface GigabitEthernet1/1/2
!
interface GigabitEthernet1/1/3
!
interface GigabitEthernet1/1/4
!
interface TenGigabitEthernet1/1/1
 description unused_port
 switchport access vlan 999
 switchport mode access
 no logging event link-status
 shutdown
 no snmp trap link-status
 spanning-tree portfast
!
interface TenGigabitEthernet1/1/2
 description unused_port
 switchport access vlan 999
 switchport mode access
 no logging event link-status
 shutdown
 no snmp trap link-status
 spanning-tree portfast
!
interface TenGigabitEthernet1/1/3
 description unused_port
 switchport access vlan 999
 switchport mode access
 no logging event link-status
 shutdown
 no snmp trap link-status
 spanning-tree portfast
!
interface TenGigabitEthernet1/1/4
 description unused_port
 switchport access vlan 999
 switchport mode access
 no logging event link-status
 shutdown
 no snmp trap link-status
 spanning-tree portfast
!
interface TenGigabitEthernet1/1/5
 description unused_port
 switchport access vlan 999
 switchport mode access
 no logging event link-status
 shutdown
 no snmp trap link-status
 spanning-tree portfast
!
interface TenGigabitEthernet1/1/6
 description unused_port
 switchport access vlan 999
 switchport mode access
 no logging event link-status
 shutdown
 no snmp trap link-status
 spanning-tree portfast
!
interface TenGigabitEthernet1/1/7
 description unused_port
 switchport access vlan 999
 switchport mode access
 no logging event link-status
 shutdown
 no snmp trap link-status
 spanning-tree portfast
!
interface TenGigabitEthernet1/1/8
 description unused_port
 switchport access vlan 999
 switchport mode access
 no logging event link-status
 shutdown
 no snmp trap link-status
 spanning-tree portfast
!
interface FortyGigabitEthernet1/1/1
!
interface FortyGigabitEthernet1/1/2
!
interface TwentyFiveGigE1/1/1
!
interface TwentyFiveGigE1/1/2
!
interface AppGigabitEthernet1/0/1
 shutdown
!
interface Vlan1
 ip address 10.0.0.2 255.255.255.0
!
ip forward-protocol nd
ip http server
ip http secure-server
ip route vrf Mgmt-vrf 0.0.0.0 0.0.0.0 10.51.0.1
ip tacacs source-interface GigabitEthernet0/0 
!
!
!
logging host 148.93.115.30 vrf Mgmt-vrf transport udp port 5500
logging host 130.172.83.30 vrf Mgmt-vrf transport udp port 5500
!
!
snmp-server group V3-RO v3 auth read V3ROVIEW 
snmp-server group V3-RW v3 auth write V3RWVIEW 
snmp-server view V3ROVIEW iso included
snmp-server view V3RWVIEW iso included
snmp-server host 10.51.11.203 vrf Mgmt-vrf informs version 3 auth V3NetMgtRO 
snmp-server host 10.51.11.203 vrf Mgmt-vrf version 3 auth V3NetMgtRO 
tacacs-server directed-request
tacacs server DCW-1
 address ipv4 148.93.49.176
 key 7 141D1E003A54787F111A190F0E3B0020172A7C7F5F706E0B531B3B5872057F017B7B3B033F11756E0924013151093E592A65465D23001B1D5D08332E09001D12
tacacs server DCM-1
 address ipv4 130.172.129.176
 key 7 141D1E003A54787F111A190F0E3B0020172A7C7F5F706E0B531B3B5872057F017B7B3B033F11756E0924013151093E592A65465D23001B1D5D08332E09001D12
tacacs server DCW-2
 address ipv4 148.93.49.177
 key 7 141D1E003A54787F111A190F0E3B0020172A7C7F5F706E0B531B3B5872057F017B7B3B033F11756E0924013151093E592A65465D23001B1D5D08332E09001D12
tacacs server DCM-2
 address ipv4 130.172.129.177
 key 7 141D1E003A54787F111A190F0E3B0020172A7C7F5F706E0B531B3B5872057F017B7B3B033F11756E0924013151093E592A65465D23001B1D5D08332E09001D12
!
!
!
control-plane
 service-policy input system-cpp-policy
!
banner login ^C
******************************************************************************
Use of this system is restricted to authorized users. User activity
is monitored and recorded. Anyone using this system expressly consents to such
monitoring and recording. BE ADVISED: if possible criminal activity or
unauthorized changes are detected, system records along with certain personal
information may be provided to management and/or appropriate authorities. 

Requires AS_Zid account
******************************************************************************
^C
!
line con 0
 exec-timeout 30 0
 stopbits 1
line vty 0 4
 access-class 93 in vrf-also
 exec-timeout 30 0
 password 7 124D021A141C0D0529242A242A
 transport input ssh
line vty 5 15
 access-class 93 in vrf-also
 exec-timeout 30 0
 password 7 03505C060018204D4D0617090E
 transport input ssh
!
!
!
!
!
!
!
end

fwaac-spare1-C9300-48UXM#!

fwaac-spare1-C9300-48UXM#! *************************************************

fwaac-spare1-C9300-48UXM#! **** END

fwaac-spare1-C9300-48UXM#! *************************************************