
fwaac-spare19-c9200l-48#!STEPS for VALIDATION for Layer 3

fwaac-spare19-c9200l-48#terminal length 0

fwaac-spare19-c9200l-48#! *************************************************

fwaac-spare19-c9200l-48#! **** Switch STATUS

fwaac-spare19-c9200l-48#! *************************************************

fwaac-spare19-c9200l-48#show boot
---------------------------
Switch 1
---------------------------
Current Boot Variables:
BOOT variable does not exist

Boot Variables on next reload:
BOOT variable = flash:packages.conf;
Manual Boot = no
Enable Break = no
Boot Mode = DEVICE
iPXE Timeout = 0
fwaac-spare19-c9200l-48#!

fwaac-spare19-c9200l-48#show clock
*14:49:09.930 UTC Thu Mar 30 2023
fwaac-spare19-c9200l-48#!

fwaac-spare19-c9200l-48#show ntp status
Clock is unsynchronized, stratum 16, no reference clock
nominal freq is 250.0000 Hz, actual freq is 250.0000 Hz, precision is 2**10
ntp uptime is 1201621700 (1/100 of seconds), resolution is 4000
reference time is 00000000.00000000 (00:00:00.000 UTC Mon Jan 1 1900)
clock offset is 0.0000 msec, root delay is 0.00 msec
root dispersion is 180243.25 msec, peer dispersion is 0.00 msec
loopfilter state is 'FSET' (Drift set from file), drift is 0.000000000 s/s
system poll interval is 8, never updated.
fwaac-spare19-c9200l-48#!

fwaac-spare19-c9200l-48#show env all
Sensor List: Environmental Monitoring 
 Sensor          Location        State               Reading       Range(min-max)       
 PS1 Vout        1               FAULTY                 0 mV          na
 PS1 Curout      1               FAULTY                 0 mA          na
 PS1 Powout      1               FAULTY                 0 mW          na
 PS1 Hotspot     1               FAULTY                 0 Celsius     na
 PS1 Fan Status  1               FAULTY                 0 rpm         na
 PS1 Status word 1               FAULTY                 0             na
 PS2 Vout        1               GOOD               12000 mV          na
 PS2 CURout      1               GOOD               22000 mA          na
 PS2 Powout      1               GOOD              264000 mW          na
 PS2 Hotspot     1               GOOD                  23 Celsius     na
 PS2 Fan Status  1               GOOD               44544 rpm         na
 PS2 Status word 1               GOOD                   0             na
 SYSTEM INLET    1               GREEN                 24 Celsius   0 - 56
 SYSTEM OUTLET   1               GREEN                 29 Celsius   0 - 125
 SYSTEM HOTSPOT  1               GREEN                 47 Celsius   0 - 125

Switch	 FAN	 Speed	 State	 Airflow direction
---------------------------------------------------
  1  	  1	5115 	  OK	 Front to Back
  1  	  2	5175 	  OK	 Front to Back

SW  PID                 Serial#     Status           Sys Pwr  PoE Pwr  Watts
--  ------------------  ----------  ---------------  -------  -------  -----
1A  PWR-C5-125WAC       LIT2528A4UF  No Input Power  Bad      n/a      125 
1B  PWR-C5-125WAC       LIT2528A4L3  OK              Good     n/a      125 

---------------------------------------------------

fwaac-spare19-c9200l-48#!

fwaac-spare19-c9200l-48#show power
% Incomplete command.

fwaac-spare19-c9200l-48#!

fwaac-spare19-c9200l-48#show stackwise-virtual
                                  ^
% Invalid input detected at '^' marker.

fwaac-spare19-c9200l-48#!

fwaac-spare19-c9200l-48#show switch detail
Switch/Stack Mac Address : a478.06c9.6400 - Local Mac Address
Mac persistency wait time: Indefinite
                                             H/W   Current
Switch#   Role    Mac Address     Priority Version  State 
-------------------------------------------------------------------------------------
*1       Active   a478.06c9.6400     15     V01     Ready                               



         Stack Port Status             Neighbors     
Switch#  Port 1     Port 2           Port 1   Port 2 
--------------------------------------------------------
  1       DOWN       DOWN             None     None

fwaac-spare19-c9200l-48#!

fwaac-spare19-c9200l-48#show stack-power detail
                                  ^
% Invalid input detected at '^' marker.

fwaac-spare19-c9200l-48#!

fwaac-spare19-c9200l-48#sh interfaces transceiver
If device is externally calibrated, only calibrated values are printed.
++ : high alarm, +  : high warning, -  : low warning, -- : low alarm.
NA or N/A: not applicable, Tx: transmit, Rx: receive.
mA: milliamperes, dBm: decibels (milliwatts).

                                             Optical   Optical
             Temperature  Voltage  Current   Tx Power  Rx Power
Port         (Celsius)    (Volts)  (mA)      (dBm)     (dBm)
---------    -----------  -------  --------  --------  --------
Te1/1/1      22.1       3.28       0.0       N/A       N/A   
Te1/1/2      21.5       3.30       0.0       N/A       N/A   


fwaac-spare19-c9200l-48#!

fwaac-spare19-c9200l-48#show license status
Utility:
  Status: DISABLED

Smart Licensing Using Policy:
  Status: ENABLED

Data Privacy:
  Sending Hostname: yes
    Callhome hostname privacy: DISABLED
    Smart Licensing hostname privacy: DISABLED
  Version privacy: DISABLED

Transport:
  Type: cslu
  Cslu address: https://148.93.145.110/cslu/v1/pi/Mfg%20Site%20Engineering%20TZ%20OnPrem-5
  Proxy:
    Not Configured

Policy:
  Policy in use: Merged from multiple sources.
  Reporting ACK required: yes (CISCO default)
  Unenforced/Non-Export Perpetual Attributes:
    First report requirement (days): 365 (CISCO default)
    Reporting frequency (days): 0 (CISCO default)
    Report on change (days): 90 (CISCO default)
  Unenforced/Non-Export Subscription Attributes:
    First report requirement (days): 90 (CISCO default)
    Reporting frequency (days): 90 (CISCO default)
    Report on change (days): 90 (CISCO default)
  Enforced (Perpetual/Subscription) License Attributes:
    First report requirement (days): 0 (CISCO default)
    Reporting frequency (days): 0 (CISCO default)
    Report on change (days): 0 (CISCO default)
  Export (Perpetual/Subscription) License Attributes:
    First report requirement (days): 0 (CISCO default)
    Reporting frequency (days): 0 (CISCO default)
    Report on change (days): 0 (CISCO default)

Miscellaneous:
  Custom Id: <empty>

Usage Reporting:
  Last ACK received: Feb 12 02:47:06 2023 UTC
  Next ACK deadline: May 13 02:47:06 2023 UTC
  Reporting push interval: 30  days
  Next ACK push check: Mar 30 14:51:39 2023 UTC
  Next report push: Apr 12 13:33:58 2023 UTC
  Last report push: Mar 13 13:33:58 2023 UTC
  Last report file write: <none>

Trust Code Installed: <none>


fwaac-spare19-c9200l-48#!

fwaac-spare19-c9200l-48#show platform
Switch  Ports    Model                Serial No.   MAC address     Hw Ver.       Sw Ver. 
------  -----   ---------             -----------  --------------  -------       --------
 1       52     C9200L-48T-4X         FOC25313PXG  a478.06c9.6400  V01           17.06.04      
Switch/Stack Mac Address : a478.06c9.6400 - Local Mac Address
Mac persistency wait time: Indefinite
                                   Current
Switch#   Role        Priority      State 
-------------------------------------------
*1       Active          15         Ready               



fwaac-spare19-c9200l-48#! *************************************************

fwaac-spare19-c9200l-48#! **** VTP and VLAN

fwaac-spare19-c9200l-48#! *************************************************

fwaac-spare19-c9200l-48#show vtp status
VTP Version capable             : 1 to 3
VTP version running             : 1
VTP Domain Name                 : fwaac
VTP Pruning Mode                : Disabled (Operationally Disabled)
VTP Traps Generation            : Disabled
Device ID                       : a478.06c9.6400
Configuration last modified by 0.0.0.0 at 0-0-00 00:00:00

Feature VLAN:
--------------
VTP Operating Mode                : Transparent
Maximum VLANs supported locally   : 1005
Number of existing VLANs          : 6
Configuration Revision            : 0
MD5 digest                        : 0x76 0xFB 0xB0 0xF1 0x8B 0xA9 0x8A 0xCC 
                                    0x8D 0xE3 0x22 0x94 0x68 0xE9 0xE8 0x2E 
fwaac-spare19-c9200l-48#!

fwaac-spare19-c9200l-48#show vlan

VLAN Name                             Status    Ports
---- -------------------------------- --------- -------------------------------
1    default                          active    Gi1/0/1
999  unused_ports                     active    Gi1/0/2, Gi1/0/3, Gi1/0/4, Gi1/0/5, Gi1/0/6, Gi1/0/7, Gi1/0/8, Gi1/0/9, Gi1/0/10, Gi1/0/11, Gi1/0/12, Gi1/0/13, Gi1/0/14, Gi1/0/15, Gi1/0/16, Gi1/0/17, Gi1/0/18, Gi1/0/19, Gi1/0/20, Gi1/0/21, Gi1/0/22, Gi1/0/23, Gi1/0/24, Gi1/0/25, Gi1/0/26, Gi1/0/27, Gi1/0/28, Gi1/0/29, Gi1/0/30, Gi1/0/31, Gi1/0/32, Gi1/0/33, Gi1/0/34, Gi1/0/35, Gi1/0/36, Gi1/0/37, Gi1/0/38, Gi1/0/39, Gi1/0/40, Gi1/0/41, Gi1/0/42, Gi1/0/43, Gi1/0/44, Gi1/0/45, Gi1/0/46, Gi1/0/47, Gi1/0/48
                                                Te1/1/1, Te1/1/2, Te1/1/3, Te1/1/4
1002 fddi-default                     act/unsup 
1003 token-ring-default               act/unsup 
1004 fddinet-default                  act/unsup 
1005 trnet-default                    act/unsup 

VLAN Type  SAID       MTU   Parent RingNo BridgeNo Stp  BrdgMode Trans1 Trans2
---- ----- ---------- ----- ------ ------ -------- ---- -------- ------ ------
1    enet  100001     1500  -      -      -        -    -        0      0   
999  enet  100999     1500  -      -      -        -    -        0      0   
1002 fddi  101002     1500  -      -      -        -    -        0      0   
1003 tr    101003     1500  -      -      -        -    -        0      0   
1004 fdnet 101004     1500  -      -      -        ieee -        0      0   
1005 trnet 101005     1500  -      -      -        ibm  -        0      0   

Remote SPAN VLANs
------------------------------------------------------------------------------


Primary Secondary Type              Ports
------- --------- ----------------- ------------------------------------------

fwaac-spare19-c9200l-48#!

fwaac-spare19-c9200l-48#show spanning-tree | include VLAN|This bridge

fwaac-spare19-c9200l-48#! *************************************************

fwaac-spare19-c9200l-48#! **** Layer 2 Status

fwaac-spare19-c9200l-48#! *************************************************

fwaac-spare19-c9200l-48#show cdp neighbors
Capability Codes: R - Router, T - Trans Bridge, B - Source Route Bridge
                  S - Switch, H - Host, I - IGMP, r - Repeater, P - Phone, 
                  D - Remote, C - CVTA, M - Two-port Mac Relay 

Device ID        Local Intrfce     Holdtme    Capability  Platform  Port ID
fwaac-spare5-C9300-48UXM.fwa.nam.gm.com
                 Gig 0/0           128             R S I  C9300-48U Two 5/0/18

Total cdp entries displayed : 1
fwaac-spare19-c9200l-48#!

fwaac-spare19-c9200l-48#show interface counters errors

Port           Align-Err     FCS-Err    Xmit-Err     Rcv-Err  UnderSize  OutDiscards 
Gi1/0/1                0           0           0           0          0            0 
Gi1/0/2                0           0           0           0          0            0 
Gi1/0/3                0           0           0           0          0            0 
Gi1/0/4                0           0           0           0          0            0 
Gi1/0/5                0           0           0           0          0            0 
Gi1/0/6                0           0           0           0          0            0 
Gi1/0/7                0           0           0           0          0            0 
Gi1/0/8                0           0           0           0          0            0 
Gi1/0/9                0           0           0           0          0            0 
Gi1/0/10               0           0           0           0          0            0 
Gi1/0/11               0           0           0           0          0            0 
Gi1/0/12               0           0           0           0          0            0 
Gi1/0/13               0           0           0           0          0            0 
Gi1/0/14               0           0           0           0          0            0 
Gi1/0/15               0           0           0           0          0            0 
Gi1/0/16               0           0           0           0          0            0 
Gi1/0/17               0           0           0           0          0            0 
Gi1/0/18               0           0           0           0          0            0 
Gi1/0/19               0           0           0           0          0            0 
Gi1/0/20               0           0           0           0          0            0 
Gi1/0/21               0           0           0           0          0            0 
Gi1/0/22               0           0           0           0          0            0 
Gi1/0/23               0           0           0           0          0            0 
Gi1/0/24               0           0           0           0          0            0 
Gi1/0/25               0           0           0           0          0            0 
Gi1/0/26               0           0           0           0          0            0 
Gi1/0/27               0           0           0           0          0            0 
Gi1/0/28               0           0           0           0          0            0 
Gi1/0/29               0           0           0           0          0            0 
Gi1/0/30               0           0           0           0          0            0 
Gi1/0/31               0           0           0           0          0            0 
Gi1/0/32               0           0           0           0          0            0 
Gi1/0/33               0           0           0           0          0            0 
Gi1/0/34               0           0           0           0          0            0 
Gi1/0/35               0           0           0           0          0            0 
Gi1/0/36               0           0           0           0          0            0 
Gi1/0/37               0           0           0           0          0            0 
Gi1/0/38               0           0           0           0          0            0 
Gi1/0/39               0           0           0           0          0            0 
Gi1/0/40               0           0           0           0          0            0 
Gi1/0/41               0           0           0           0          0            0 
Gi1/0/42               0           0           0           0          0            0 
Gi1/0/43               0           0           0           0          0            0 
Gi1/0/44               0           0           0           0          0            0 
Gi1/0/45               0           0           0           0          0            0 
Gi1/0/46               0           0           0           0          0            0 
Gi1/0/47               0           0           0           0          0            0 
Gi1/0/48               0           0           0           0          0            0 
Te1/1/1                0           0           0           0          0            0 
Te1/1/2                0           0           0           0          0            0 
Te1/1/3                0           0           0           0          0            0 
Te1/1/4                0           0           0           0          0            0 

Port         Single-Col  Multi-Col   Late-Col  Excess-Col  Carri-Sen      Runts 
Gi1/0/1               0          0          0           0          0          0 
Gi1/0/2               0          0          0           0          0          0 
Gi1/0/3               0          0          0           0          0          0 
Gi1/0/4               0          0          0           0          0          0 
Gi1/0/5               0          0          0           0          0          0 
Gi1/0/6               0          0          0           0          0          0 
Gi1/0/7               0          0          0           0          0          0 
Gi1/0/8               0          0          0           0          0          0 
Gi1/0/9               0          0          0           0          0          0 
Gi1/0/10              0          0          0           0          0          0 
Gi1/0/11              0          0          0           0          0          0 
Gi1/0/12              0          0          0           0          0          0 
Gi1/0/13              0          0          0           0          0          0 
Gi1/0/14              0          0          0           0          0          0 
Gi1/0/15              0          0          0           0          0          0 
Gi1/0/16              0          0          0           0          0          0 
Gi1/0/17              0          0          0           0          0          0 
Gi1/0/18              0          0          0           0          0          0 
Gi1/0/19              0          0          0           0          0          0 
Gi1/0/20              0          0          0           0          0          0 
Gi1/0/21              0          0          0           0          0          0 
Gi1/0/22              0          0          0           0          0          0 
Gi1/0/23              0          0          0           0          0          0 
Gi1/0/24              0          0          0           0          0          0 
Gi1/0/25              0          0          0           0          0          0 
Gi1/0/26              0          0          0           0          0          0 
Gi1/0/27              0          0          0           0          0          0 
Gi1/0/28              0          0          0           0          0          0 
Gi1/0/29              0          0          0           0          0          0 
Gi1/0/30              0          0          0           0          0          0 
Gi1/0/31              0          0          0           0          0          0 
Gi1/0/32              0          0          0           0          0          0 
Gi1/0/33              0          0          0           0          0          0 
Gi1/0/34              0          0          0           0          0          0 
Gi1/0/35              0          0          0           0          0          0 
Gi1/0/36              0          0          0           0          0          0 
Gi1/0/37              0          0          0           0          0          0 
Gi1/0/38              0          0          0           0          0          0 
Gi1/0/39              0          0          0           0          0          0 
Gi1/0/40              0          0          0           0          0          0 
Gi1/0/41              0          0          0           0          0          0 
Gi1/0/42              0          0          0           0          0          0 
Gi1/0/43              0          0          0           0          0          0 
Gi1/0/44              0          0          0           0          0          0 
Gi1/0/45              0          0          0           0          0          0 
Gi1/0/46              0          0          0           0          0          0 
Gi1/0/47              0          0          0           0          0          0 
Gi1/0/48              0          0          0           0          0          0 
Te1/1/1               0          0          0           0          0          0 
Te1/1/2               0          0          0           0          0          0 
Te1/1/3               0          0          0           0          0          0 
Te1/1/4               0          0          0           0          0          0 
fwaac-spare19-c9200l-48#!

fwaac-spare19-c9200l-48#show interface status

Port         Name               Status       Vlan       Duplex  Speed Type
Gi1/0/1      unused_port        notconnect   1            auto   auto 10/100/1000BaseTX
Gi1/0/2      unused_port        disabled     999          auto   auto 10/100/1000BaseTX
Gi1/0/3      unused_port        disabled     999          auto   auto 10/100/1000BaseTX
Gi1/0/4      unused_port        disabled     999          auto   auto 10/100/1000BaseTX
Gi1/0/5      unused_port        disabled     999          auto   auto 10/100/1000BaseTX
Gi1/0/6      unused_port        disabled     999          auto   auto 10/100/1000BaseTX
Gi1/0/7      unused_port        disabled     999          auto   auto 10/100/1000BaseTX
Gi1/0/8      unused_port        disabled     999          auto   auto 10/100/1000BaseTX
Gi1/0/9      unused_port        disabled     999          auto   auto 10/100/1000BaseTX
Gi1/0/10     unused_port        disabled     999          auto   auto 10/100/1000BaseTX
Gi1/0/11     unused_port        disabled     999          auto   auto 10/100/1000BaseTX
Gi1/0/12     unused_port        disabled     999          auto   auto 10/100/1000BaseTX
Gi1/0/13     unused_port        disabled     999          auto   auto 10/100/1000BaseTX
Gi1/0/14     unused_port        disabled     999          auto   auto 10/100/1000BaseTX
Gi1/0/15     unused_port        disabled     999          auto   auto 10/100/1000BaseTX
Gi1/0/16     unused_port        disabled     999          auto   auto 10/100/1000BaseTX
Gi1/0/17     unused_port        disabled     999          auto   auto 10/100/1000BaseTX
Gi1/0/18     unused_port        disabled     999          auto   auto 10/100/1000BaseTX
Gi1/0/19     unused_port        disabled     999          auto   auto 10/100/1000BaseTX
Gi1/0/20     unused_port        disabled     999          auto   auto 10/100/1000BaseTX
Gi1/0/21     unused_port        disabled     999          auto   auto 10/100/1000BaseTX
Gi1/0/22     unused_port        disabled     999          auto   auto 10/100/1000BaseTX
Gi1/0/23     unused_port        disabled     999          auto   auto 10/100/1000BaseTX
Gi1/0/24     unused_port        disabled     999          auto   auto 10/100/1000BaseTX
Gi1/0/25     unused_port        disabled     999          auto   auto 10/100/1000BaseTX
Gi1/0/26     unused_port        disabled     999          auto   auto 10/100/1000BaseTX
Gi1/0/27     unused_port        disabled     999          auto   auto 10/100/1000BaseTX
Gi1/0/28     unused_port        disabled     999          auto   auto 10/100/1000BaseTX
Gi1/0/29     unused_port        disabled     999          auto   auto 10/100/1000BaseTX
Gi1/0/30     unused_port        disabled     999          auto   auto 10/100/1000BaseTX
Gi1/0/31     unused_port        disabled     999          auto   auto 10/100/1000BaseTX
Gi1/0/32     unused_port        disabled     999          auto   auto 10/100/1000BaseTX
Gi1/0/33     unused_port        disabled     999          auto   auto 10/100/1000BaseTX
Gi1/0/34     unused_port        disabled     999          auto   auto 10/100/1000BaseTX
Gi1/0/35     unused_port        disabled     999          auto   auto 10/100/1000BaseTX
Gi1/0/36     unused_port        disabled     999          auto   auto 10/100/1000BaseTX
Gi1/0/37     unused_port        disabled     999          auto   auto 10/100/1000BaseTX
Gi1/0/38     unused_port        disabled     999          auto   auto 10/100/1000BaseTX
Gi1/0/39     unused_port        disabled     999          auto   auto 10/100/1000BaseTX
Gi1/0/40     unused_port        disabled     999          auto   auto 10/100/1000BaseTX
Gi1/0/41     unused_port        disabled     999          auto   auto 10/100/1000BaseTX
Gi1/0/42     unused_port        disabled     999          auto   auto 10/100/1000BaseTX
Gi1/0/43     unused_port        disabled     999          auto   auto 10/100/1000BaseTX
Gi1/0/44     unused_port        disabled     999          auto   auto 10/100/1000BaseTX
Gi1/0/45     unused_port        disabled     999          auto   auto 10/100/1000BaseTX
Gi1/0/46     unused_port        disabled     999          auto   auto 10/100/1000BaseTX
Gi1/0/47     unused_port        disabled     999          auto   auto 10/100/1000BaseTX
Gi1/0/48     unused_port        disabled     999          auto   auto 10/100/1000BaseTX
Te1/1/1      unused_port        disabled     999          full    10G SFP-10GBase-LR
Te1/1/2      unused_port        disabled     999          full    10G SFP-10GBase-LR
Te1/1/3      unused_port        disabled     999          auto   auto unknown
Te1/1/4      unused_port        disabled     999          auto   auto unknown
fwaac-spare19-c9200l-48#!

fwaac-spare19-c9200l-48#show interface status | in connected

fwaac-spare19-c9200l-48#!

fwaac-spare19-c9200l-48#show authentication sessions
No sessions currently exist

fwaac-spare19-c9200l-48#!

fwaac-spare19-c9200l-48#show power inline | in on

fwaac-spare19-c9200l-48#!

fwaac-spare19-c9200l-48#show interface trunk

fwaac-spare19-c9200l-48#!

fwaac-spare19-c9200l-48#show interface status err-disabled

fwaac-spare19-c9200l-48#!

fwaac-spare19-c9200l-48#show interfaces | include ^Vlan
Vlan1 is up, line protocol is down , Autostate Enabled
Vlan800 is down, line protocol is down , Autostate Enabled
fwaac-spare19-c9200l-48#!

fwaac-spare19-c9200l-48#show mac address-table
          Mac Address Table
-------------------------------------------

Vlan    Mac Address       Type        Ports
----    -----------       --------    -----
 All    0100.0ccc.cccc    STATIC      CPU
 All    0100.0ccc.cccd    STATIC      CPU
 All    0180.c200.0000    STATIC      CPU
 All    0180.c200.0001    STATIC      CPU
 All    0180.c200.0002    STATIC      CPU
 All    0180.c200.0003    STATIC      CPU
 All    0180.c200.0004    STATIC      CPU
 All    0180.c200.0005    STATIC      CPU
 All    0180.c200.0006    STATIC      CPU
 All    0180.c200.0007    STATIC      CPU
 All    0180.c200.0008    STATIC      CPU
 All    0180.c200.0009    STATIC      CPU
 All    0180.c200.000a    STATIC      CPU
 All    0180.c200.000b    STATIC      CPU
 All    0180.c200.000c    STATIC      CPU
 All    0180.c200.000d    STATIC      CPU
 All    0180.c200.000e    STATIC      CPU
 All    0180.c200.000f    STATIC      CPU
 All    0180.c200.0010    STATIC      CPU
 All    0180.c200.0021    STATIC      CPU
 All    ffff.ffff.ffff    STATIC      CPU
   1    a478.06c9.6447    STATIC      Vl1 
Total Mac Addresses for this criterion: 22
fwaac-spare19-c9200l-48#! *************************************************

fwaac-spare19-c9200l-48#! **** Layer 3 Status

fwaac-spare19-c9200l-48#! *************************************************

fwaac-spare19-c9200l-48#show arp
Protocol  Address          Age (min)  Hardware Addr   Type   Interface
Internet  10.0.0.2                -   a478.06c9.6447  ARPA   Vlan1
fwaac-spare19-c9200l-48#!

fwaac-spare19-c9200l-48#show ip int brief | exclude unassigned
Interface              IP-Address      OK? Method Status                Protocol
Vlan1                  10.0.0.2        YES NVRAM  up                    down    
GigabitEthernet0/0     10.51.1.236     YES NVRAM  up                    up      

fwaac-spare19-c9200l-48#!

fwaac-spare19-c9200l-48#show ip route static
Codes: L - local, C - connected, S - static, R - RIP, M - mobile, B - BGP
       D - EIGRP, EX - EIGRP external, O - OSPF, IA - OSPF inter area 
       N1 - OSPF NSSA external type 1, N2 - OSPF NSSA external type 2
       E1 - OSPF external type 1, E2 - OSPF external type 2, m - OMP
       n - NAT, Ni - NAT inside, No - NAT outside, Nd - NAT DIA
       i - IS-IS, su - IS-IS summary, L1 - IS-IS level-1, L2 - IS-IS level-2
       ia - IS-IS inter area, * - candidate default, U - per-user static route
       H - NHRP, G - NHRP registered, g - NHRP registration summary
       o - ODR, P - periodic downloaded static route, l - LISP
       a - application route
       + - replicated route, % - next hop override, p - overrides from PfR
       & - replicated local route overrides by connected

Gateway of last resort is not set

fwaac-spare19-c9200l-48#!

fwaac-spare19-c9200l-48#show ip route eigrp

fwaac-spare19-c9200l-48#!

fwaac-spare19-c9200l-48#show ip eigrp neighbors

fwaac-spare19-c9200l-48#!

fwaac-spare19-c9200l-48#show ip eigrp interfaces

fwaac-spare19-c9200l-48#!

fwaac-spare19-c9200l-48#show standby brief

fwaac-spare19-c9200l-48#! *************************************************

fwaac-spare19-c9200l-48#! **** IECN ARP Table

fwaac-spare19-c9200l-48#! *************************************************

fwaac-spare19-c9200l-48#show vlan | in IECN 

fwaac-spare19-c9200l-48#!

fwaac-spare19-c9200l-48#show interface status | in 500|_50[1-9]|510|497|498 

fwaac-spare19-c9200l-48#!

fwaac-spare19-c9200l-48#show arp | in Vlan((5)*[0-1][0-9]) 

fwaac-spare19-c9200l-48#!

fwaac-spare19-c9200l-48#show mac address-table | in 500|_50[1-9]|510|530|495|497|498 

fwaac-spare19-c9200l-48#! *************************************************

fwaac-spare19-c9200l-48#! **** Multicast Status

fwaac-spare19-c9200l-48#! *************************************************

fwaac-spare19-c9200l-48#show ip igmp membership
Flags: A  - aggregate, T - tracked
       L  - Local, S - static, V - virtual, R - Reported through v3 
       I - v3lite, U - Urd, M - SSM (S,G) channel 
       1,2,3 - The version of IGMP, the group is in
Channel/Group-Flags: 
       / - Filtering entry (Exclude mode (S,G), Include mode (G))
Reporter:
       <mac-or-ip-address> - last reporter if group is not explicitly tracked
       <n>/<m>      - <n> reporter in include mode, <m> reporter in exclude

 Channel/Group                  Reporter        Uptime   Exp.  Flags  Interface 
fwaac-spare19-c9200l-48#!

fwaac-spare19-c9200l-48#show ip pim neighbor
PIM Neighbor Table
Mode: B - Bidir Capable, DR - Designated Router, N - Default DR Priority,
      P - Proxy Capable, S - State Refresh Capable, G - GenID Capable,
      L - DR Load-balancing Capable
Neighbor          Interface                Uptime/Expires    Ver   DR
Address                                                            Prio/Mode
fwaac-spare19-c9200l-48#!

fwaac-spare19-c9200l-48#show ip mroute summary
IP Multicast Routing Table
Flags: D - Dense, S - Sparse, B - Bidir Group, s - SSM Group, C - Connected,
       L - Local, P - Pruned, R - RP-bit set, F - Register flag,
       T - SPT-bit set, J - Join SPT, M - MSDP created entry, E - Extranet,
       X - Proxy Join Timer Running, A - Candidate for MSDP Advertisement,
       U - URD, I - Received Source Specific Host Report, 
       Z - Multicast Tunnel, z - MDT-data group sender, 
       Y - Joined MDT-data group, y - Sending to MDT-data group, 
       G - Received BGP C-Mroute, g - Sent BGP C-Mroute, 
       N - Received BGP Shared-Tree Prune, n - BGP C-Mroute suppressed, 
       Q - Received BGP S-A Route, q - Sent BGP S-A Route, 
       V - RD & Vector, v - Vector, p - PIM Joins on route, 
       x - VxLAN group, c - PFP-SA cache created entry, 
       * - determined by Assert, # - iif-starg configured on rpf intf, 
       e - encap-helper tunnel flag, l - LISP Decap Refcnt Contributor
Outgoing interface flags: H - Hardware switched, A - Assert winner, p - PIM Join
 Timers: Uptime/Expires
 Interface state: Interface, Next-Hop or VCD, State/Mode

IP Multicast Forwarding is not enabled.

fwaac-spare19-c9200l-48#!

fwaac-spare19-c9200l-48#show ip igmp group
IGMP Connected Group Membership
Group Address    Interface                Uptime    Expires   Last Reporter   Group Accounted
fwaac-spare19-c9200l-48#!

fwaac-spare19-c9200l-48#show ip traffic
IP statistics:
  Rcvd:  400405 total, 9792754 local destination
         0 format errors, 0 checksum errors, 0 bad hop count
         0 unknown protocol, 0 not a gateway
         0 security failures, 0 bad options, 0 with options
  Opts:  0 end, 0 nop, 0 basic security, 0 loose source route
         0 timestamp, 0 extended security, 0 record route
         0 stream ID, 0 strict source route, 0 alert, 0 cipso, 0 ump
         0 other, 0 ignored
  Frags: 0 reassembled, 0 timeouts, 0 couldn't reassemble
         139 fragmented, 278 fragments, 0 couldn't fragment
         0 invalid hole
  Bcast: 9635894 received, 0 sent
  Mcast: 0 received, 0 sent
  Sent:  5971368 generated, 0 forwarded
  Drop:  0 encapsulation failed, 0 unresolved, 0 no adjacency
         0 no route, 0 unicast RPF, 0 forced drop, 0 unsupported-addr
         0 options denied, 0 source IP address zero

ICMP statistics:
  Rcvd: 0 format errors, 0 checksum errors, 0 redirects, 0 unreachable
        400405 echo, 0 echo reply, 0 mask requests, 0 mask replies, 0 quench
        0 parameter, 0 timestamp, 0 timestamp replies, 0 info request, 0 other
        0 irdp solicitations, 0 irdp advertisements
        0 time exceeded, 0 info replies
  Sent: 0 redirects, 0 unreachable, 0 echo, 400405 echo reply
        0 mask requests, 0 mask replies, 0 quench, 0 timestamp, 0 timestamp replies
        0 info reply, 0 time exceeded, 0 parameter problem
        0 irdp solicitations, 0 irdp advertisements

UDP statistics:
  Rcvd: 7673794 total, 0 checksum errors, 4817948 no port 0 finput
  Sent: 2861176 total, 0 forwarded broadcasts

TCP statistics:
  Rcvd: 1718555 total, 0 checksum errors, 2170 no port
  Sent: 2709787 total

PIMv2 statistics: Sent/Received
  Total: 0/0, 0 checksum errors, 0 format errors
  Registers: 0/0 (0 non-rp, 0 non-sm-group), Register Stops: 0/0,  Hellos: 0/0
  Join/Prunes: 0/0, Asserts: 0/0, grafts: 0/0
  Bootstraps: 0/0, Candidate_RP_Advertisements: 0/0
  Queue drops: 0
  State-Refresh: 0/0

IGMP statistics: Sent/Received
  Total: 0/0, Format errors: 0/0, Checksum errors: 0/0
  Host Queries: 0/0, Host Reports: 0/0, Host Leaves: 0/0 
  DVMRP: 0/0, PIM: 0/0
  Queue drops: 0
  Report VRF mismatch drops: 0

OSPF statistics:
  Last clearing of OSPF traffic counters never
  Rcvd: 0 total, 0 checksum errors
  	0 hello, 0 database desc, 0 link state req
  	0 link state updates, 0 link state acks
  Sent: 0 total
  	0 hello, 0 database desc, 0 link state req
  	0 link state updates, 0 link state acks

EIGRP-IPv4 statistics:
  Rcvd: 0 total
  Sent: 0 total

NHRP statistics:
   Sent: Total 0
         0 Resolution Request  0 Resolution Reply  0 Registration Request  
         0 Registration Reply  0 Purge Request  0 Purge Reply  
         0 Error Indication  0 Traffic Indication  0 Redirect Suppress  
   Rcvd: Total 0
         0 Resolution Request  0 Resolution Reply  0 Registration Request  
         0 Registration Reply  0 Purge Request  0 Purge Reply  
         0 Error Indication  0 Traffic Indication  0 Redirect Suppress  

BGP statistics:
  Rcvd: 0 total, 0 opens, 0 notifications, 0 updates
        0 keepalives, 0 route-refresh, 0 unrecognized
  Sent: 0 total, 0 opens, 0 notifications, 0 updates
        0 keepalives, 0 route-refresh

ARP statistics:
  Rcvd: 198515 requests, 48882 replies, 0 reverse, 0 other
  Sent: 33267 requests, 5316 replies (0 proxy), 0 reverse
  Drop due to input queue full: 0
fwaac-spare19-c9200l-48#! *************************************************

fwaac-spare19-c9200l-48#! **** VRF

fwaac-spare19-c9200l-48#! *************************************************

fwaac-spare19-c9200l-48#sh vrf gm-security
% No VRF named gm-security
fwaac-spare19-c9200l-48#!

fwaac-spare19-c9200l-48#show ip eigrp vrf gm-security interfaces
%VRF gm-security does not exist.
fwaac-spare19-c9200l-48#!

fwaac-spare19-c9200l-48#sh ip route vrf gm-security
% IP routing table vrf gm-security does not exist
fwaac-spare19-c9200l-48#!

fwaac-spare19-c9200l-48#show ip eigrp vrf gm-security neighbors
%VRF gm-security does not exist.
fwaac-spare19-c9200l-48#!

fwaac-spare19-c9200l-48#ping vrf gm-security 192.168.0.1 repeat 50
vrf gm-security does not exist                                                         ^
% Invalid input detected at '^' marker.

fwaac-spare19-c9200l-48#!

fwaac-spare19-c9200l-48#sh ip interface brief vlan762
                                               ^
% Invalid input detected at '^' marker.

fwaac-spare19-c9200l-48#!

fwaac-spare19-c9200l-48#ping vrf gm-security 192.168.0.1 repeat 50
vrf gm-security does not exist                                                         ^
% Invalid input detected at '^' marker.

fwaac-spare19-c9200l-48#!

fwaac-spare19-c9200l-48#sh vlan | in vrf

fwaac-spare19-c9200l-48#!

fwaac-spare19-c9200l-48#sh int trunk

fwaac-spare19-c9200l-48#! *************************************************

fwaac-spare19-c9200l-48#! **** Show Logging and running-config

fwaac-spare19-c9200l-48#! *************************************************

fwaac-spare19-c9200l-48#show log
Syslog logging: enabled (0 messages dropped, 2 messages rate-limited, 0 flushes, 0 overruns, xml disabled, filtering disabled)

Active Message Discriminator:
FILTER    facility       drops    DOT1X|MAB|SESSION_MGR




No Inactive Message Discriminator.


    Console logging: level informational, 2593 messages logged, xml disabled,
                     filtering disabled
    Monitor logging: level informational, 0 messages logged, xml disabled,
                     filtering disabled
    Buffer logging:  level informational, 4237 messages logged, xml disabled,
                    filtering disabled, discriminator(FILTER), 
                     0 messages rate-limited, 0 messages dropped-by-MD
    Exception Logging: size (4096 bytes)
    Count and timestamp logging messages: disabled
    File logging: disabled
    Persistent logging: enabled, url flash:/syslog, disk space 5120000 bytes, file size 500000 bytes, batch size 4096 bytes, threshold capacity 0  , immediate  

No active filter modules.

    Trap logging: level informational, 2594 message lines logged
        Logging to 148.93.49.21  (udp port 5012, audit disabled,
              link up),
              2593 message lines logged, 
              0 message lines rate-limited, 
              0 message lines dropped-by-MD, 
              xml disabled, sequence number disabled
              filtering disabled
        Logging to 130.172.129.8  (udp port 5012, audit disabled,
              link up),
              2594 message lines logged, 
              0 message lines rate-limited, 
              0 message lines dropped-by-MD, 
              xml disabled, sequence number disabled
              filtering disabled
        Logging to 148.93.115.30  (Mgmt-vrf) (udp port 5500, audit disabled,
              link up),
              2594 message lines logged, 
              0 message lines rate-limited, 
              0 message lines dropped-by-MD, 
              xml disabled, sequence number disabled
              filtering disabled
        Logging to 130.172.83.30  (Mgmt-vrf) (udp port 5500, audit disabled,
              link up),
              2594 message lines logged, 
              0 message lines rate-limited, 
              0 message lines dropped-by-MD, 
              xml disabled, sequence number disabled
              filtering disabled
        Logging Source-Interface:       VRF Name:
        Vlan800                         
    TLS Profiles: 

Log Buffer (40960 bytes):
] [Source: 10.14.9.251] [localport: 22] at 22:07:35 UTC Sun Mar 19 2023
*Mar 19 22:07:36.881: %SEC_LOGIN-5-LOGIN_SUCCESS: Login Success [user: SI_NAM_52343_P_011] [Source: 10.14.9.251] [localport: 22] at 22:07:36 UTC Sun Mar 19 2023
*Mar 19 22:07:37.838: %SEC_LOGIN-5-LOGIN_SUCCESS: Login Success [user: SI_NAM_52343_P_011] [Source: 10.14.9.251] [localport: 22] at 22:07:37 UTC Sun Mar 19 2023
*Mar 19 22:07:38.783: %SEC_LOGIN-5-LOGIN_SUCCESS: Login Success [user: SI_NAM_52343_P_011] [Source: 10.14.9.251] [localport: 22] at 22:07:38 UTC Sun Mar 19 2023
*Mar 19 22:07:39.849: %SEC_LOGIN-5-LOGIN_SUCCESS: Login Success [user: SI_NAM_52343_P_011] [Source: 10.14.9.251] [localport: 22] at 22:07:39 UTC Sun Mar 19 2023
*Mar 20 02:26:31.165: %SEC_LOGIN-5-LOGIN_SUCCESS: Login Success [user: si_nam_52343_p_004] [Source: 148.93.49.60] [localport: 22] at 02:26:31 UTC Mon Mar 20 2023
*Mar 20 02:28:09.258: %SYS-6-LOGOUT: User si_nam_52343_p_004 has exited tty session 2(148.93.49.60)
*Mar 20 04:37:18.853: LLDP-Local-Chassi-ID: Global stack mac address retreival succeeded chassis_mac is A4:78:6 :C9:64:0 

*Mar 20 04:37:18.853: LLDP-Local-Chassi-ID: Global stack mac address retreival succeeded chassis_mac is A4:78:6 :C9:64:0 

*Mar 20 04:37:18.854: LLDP-Local-Chassi-ID: Global stack mac address retreival succeeded chassis_mac is A4:78:6 :C9:64:0 

*Mar 20 04:37:18.854: LLDP-Local-Chassi-ID: Global stack mac address retreival succeeded chassis_mac is A4:78:6 :C9:64:0 

*Mar 20 04:37:20.388: LLDP-Local-Chassi-ID: Global stack mac address retreival succeeded chassis_mac is A4:78:6 :C9:64:0 

*Mar 20 04:37:20.388: LLDP-Local-Chassi-ID: Global stack mac address retreival succeeded chassis_mac is A4:78:6 :C9:64:0 

*Mar 20 04:37:20.389: LLDP-Local-Chassi-ID: Global stack mac address retreival succeeded chassis_mac is A4:78:6 :C9:64:0 

*Mar 20 04:37:20.389: LLDP-Local-Chassi-ID: Global stack mac address retreival succeeded chassis_mac is A4:78:6 :C9:64:0 

*Mar 20 04:37:20.389: LLDP-Local-Chassi-ID: Global stack mac address retreival succeeded chassis_mac is A4:78:6 :C9:64:0 

*Mar 20 04:37:20.389: LLDP-Local-Chassi-ID: Global stack mac address retreival succeeded chassis_mac is A4:78:6 :C9:64:0 

*Mar 20 04:37:20.390: LLDP-Local-Chassi-ID: Global stack mac address retreival succeeded chassis_mac is A4:78:6 :C9:64:0 

*Mar 20 04:37:20.390: LLDP-Local-Chassi-ID: Global stack mac address retreival succeeded chassis_mac is A4:78:6 :C9:64:0 

*Mar 20 08:58:53.145: %SEC_LOGIN-5-LOGIN_SUCCESS: Login Success [user: si_nam_52343_p_004] [Source: 148.93.49.60] [localport: 22] at 08:58:53 UTC Mon Mar 20 2023
*Mar 20 08:58:54.075: %SYS-6-LOGOUT: User si_nam_52343_p_004 has exited tty session 2(148.93.49.60)
*Mar 20 09:02:03.947: %SEC_LOGIN-5-LOGIN_SUCCESS: Login Success [user: si_nam_52343_p_004] [Source: 148.93.49.60] [localport: 22] at 09:02:03 UTC Mon Mar 20 2023
*Mar 20 09:02:05.249: %SYS-6-LOGOUT: User si_nam_52343_p_004 has exited tty session 2(148.93.49.60)
*Mar 20 09:05:20.696: %SEC_LOGIN-5-LOGIN_SUCCESS: Login Success [user: si_nam_52343_p_004] [Source: 148.93.49.60] [localport: 22] at 09:05:20 UTC Mon Mar 20 2023
*Mar 20 09:05:21.673: %SYS-6-LOGOUT: User si_nam_52343_p_004 has exited tty session 2(148.93.49.60)
*Mar 20 12:42:20.571: %SEC_LOGIN-5-LOGIN_SUCCESS: Login Success [user: si_nam_52343_p_004] [Source: 148.93.49.60] [localport: 22] at 12:42:20 UTC Mon Mar 20 2023
*Mar 20 12:42:22.386: %SYS-6-LOGOUT: User si_nam_52343_p_004 has exited tty session 2(148.93.49.60)
*Mar 20 14:46:50.658: %SEC_LOGIN-5-LOGIN_SUCCESS: Login Success [user: si_nam_52343_p_004] [Source: 148.93.49.60] [localport: 22] at 14:46:50 UTC Mon Mar 20 2023
*Mar 20 14:51:53.986: %SYS-6-LOGOUT: User si_nam_52343_p_004 has exited tty session 2(148.93.49.60)
*Mar 21 02:24:08.419: %SEC_LOGIN-5-LOGIN_SUCCESS: Login Success [user: si_nam_52343_p_004] [Source: 148.93.49.60] [localport: 22] at 02:24:08 UTC Tue Mar 21 2023
*Mar 21 02:25:02.360: %SYS-6-LOGOUT: User si_nam_52343_p_004 has exited tty session 2(148.93.49.60)
*Mar 21 03:58:26.156: %SEC_LOGIN-5-LOGIN_SUCCESS: Login Success [user: si_nam_52343_p_004] [Source: 148.93.49.60] [localport: 22] at 03:58:26 UTC Tue Mar 21 2023
*Mar 21 04:02:33.009: %SYS-6-LOGOUT: User si_nam_52343_p_004 has exited tty session 2(148.93.49.60)
*Mar 21 04:42:21.985: LLDP-Local-Chassi-ID: Global stack mac address retreival succeeded chassis_mac is A4:78:6 :C9:64:0 

*Mar 21 04:42:21.985: LLDP-Local-Chassi-ID: Global stack mac address retreival succeeded chassis_mac is A4:78:6 :C9:64:0 

*Mar 21 04:42:21.985: LLDP-Local-Chassi-ID: Global stack mac address retreival succeeded chassis_mac is A4:78:6 :C9:64:0 

*Mar 21 04:42:21.985: LLDP-Local-Chassi-ID: Global stack mac address retreival succeeded chassis_mac is A4:78:6 :C9:64:0 

*Mar 21 04:42:23.660: LLDP-Local-Chassi-ID: Global stack mac address retreival succeeded chassis_mac is A4:78:6 :C9:64:0 

*Mar 21 04:42:23.660: LLDP-Local-Chassi-ID: Global stack mac address retreival succeeded chassis_mac is A4:78:6 :C9:64:0 

*Mar 21 04:42:23.661: LLDP-Local-Chassi-ID: Global stack mac address retreival succeeded chassis_mac is A4:78:6 :C9:64:0 

*Mar 21 04:42:23.661: LLDP-Local-Chassi-ID: Global stack mac address retreival succeeded chassis_mac is A4:78:6 :C9:64:0 

*Mar 21 04:42:23.661: LLDP-Local-Chassi-ID: Global stack mac address retreival succeeded chassis_mac is A4:78:6 :C9:64:0 

*Mar 21 04:42:23.661: LLDP-Local-Chassi-ID: Global stack mac address retreival succeeded chassis_mac is A4:78:6 :C9:64:0 

*Mar 21 04:42:23.661: LLDP-Local-Chassi-ID: Global stack mac address retreival succeeded chassis_mac is A4:78:6 :C9:64:0 

*Mar 21 04:42:23.662: LLDP-Local-Chassi-ID: Global stack mac address retreival succeeded chassis_mac is A4:78:6 :C9:64:0 

*Mar 21 09:03:45.374: %SEC_LOGIN-5-LOGIN_SUCCESS: Login Success [user: si_nam_52343_p_004] [Source: 148.93.49.60] [localport: 22] at 09:03:45 UTC Tue Mar 21 2023
*Mar 21 09:03:46.355: %SYS-6-LOGOUT: User si_nam_52343_p_004 has exited tty session 2(148.93.49.60)
*Mar 21 12:42:17.860: %SEC_LOGIN-5-LOGIN_SUCCESS: Login Success [user: si_nam_52343_p_004] [Source: 148.93.49.60] [localport: 22] at 12:42:17 UTC Tue Mar 21 2023
*Mar 21 12:42:19.432: %SYS-6-LOGOUT: User si_nam_52343_p_004 has exited tty session 2(148.93.49.60)
*Mar 21 13:27:38.357: %SEC_LOGIN-5-LOGIN_SUCCESS: Login Success [user: si_nam_52343_p_004] [Source: 148.93.49.60] [localport: 22] at 13:27:38 UTC Tue Mar 21 2023
*Mar 21 13:28:58.357: %SYS-6-LOGOUT: User si_nam_52343_p_004 has exited tty session 2(148.93.49.60)
*Mar 21 13:46:48.665: %SEC_LOGIN-5-LOGIN_SUCCESS: Login Success [user: si_nam_52343_p_004] [Source: 148.93.49.60] [localport: 22] at 13:46:48 UTC Tue Mar 21 2023
*Mar 21 13:47:05.848: %SYS-6-LOGOUT: User si_nam_52343_p_004 has exited tty session 2(148.93.49.60)
*Mar 21 13:55:01.131: %SEC_LOGIN-5-LOGIN_SUCCESS: Login Success [user: si_nam_52343_p_004] [Source: 148.93.49.60] [localport: 22] at 13:55:01 UTC Tue Mar 21 2023
*Mar 21 13:55:12.674: %SYS-6-LOGOUT: User si_nam_52343_p_004 has exited tty session 2(148.93.49.60)
*Mar 21 18:40:42.176: %SEC_LOGIN-5-LOGIN_SUCCESS: Login Success [user: si_nam_52343_p_004] [Source: 148.93.49.60] [localport: 22] at 18:40:42 UTC Tue Mar 21 2023
*Mar 21 18:40:43.354: %SYS-6-LOGOUT: User si_nam_52343_p_004 has exited tty session 2(148.93.49.60)
*Mar 21 20:03:15.584: %SEC_LOGIN-5-LOGIN_SUCCESS: Login Success [user: as_cz507f] [Source: 130.172.119.141] [localport: 22] at 20:03:15 UTC Tue Mar 21 2023
*Mar 21 20:03:21.800: %SYS-6-LOGOUT: User as_cz507f has exited tty session 2(130.172.119.141)
*Mar 21 20:17:57.525: %SEC_LOGIN-5-LOGIN_SUCCESS: Login Success [user: as_cz507f] [Source: 130.172.119.141] [localport: 22] at 20:17:57 UTC Tue Mar 21 2023
*Mar 21 20:18:04.517: %SYS-6-LOGOUT: User as_cz507f has exited tty session 2(130.172.119.141)
*Mar 21 20:31:44.289: %SEC_LOGIN-5-LOGIN_SUCCESS: Login Success [user: as_cz507f] [Source: 130.172.119.141] [localport: 22] at 20:31:44 UTC Tue Mar 21 2023
*Mar 21 20:31:50.837: %SYS-6-LOGOUT: User as_cz507f has exited tty session 2(130.172.119.141)
*Mar 21 20:50:07.589: %SEC_LOGIN-5-LOGIN_SUCCESS: Login Success [user: as_cz507f] [Source: 130.172.119.141] [localport: 22] at 20:50:07 UTC Tue Mar 21 2023
*Mar 21 20:51:57.814: %SYS-6-LOGOUT: User as_cz507f has exited tty session 2(130.172.119.141)
*Mar 21 21:39:58.158: %SEC_LOGIN-5-LOGIN_SUCCESS: Login Success [user: as_cz507f] [Source: 130.172.119.141] [localport: 22] at 21:39:58 UTC Tue Mar 21 2023
*Mar 21 21:49:08.886: %SYS-6-LOGOUT: User as_cz507f has exited tty session 2(130.172.119.141)
*Mar 21 21:52:41.907: %SEC_LOGIN-5-LOGIN_SUCCESS: Login Success [user: as_cz507f] [Source: 130.172.119.141] [localport: 22] at 21:52:41 UTC Tue Mar 21 2023
*Mar 21 22:03:10.240: %SYS-6-LOGOUT: User as_cz507f has exited tty session 2(130.172.119.141)
*Mar 21 22:07:31.289: %SEC_LOGIN-5-LOGIN_SUCCESS: Login Success [user: SI_NAM_52343_P_011] [Source: 10.14.9.251] [localport: 22] at 22:07:31 UTC Tue Mar 21 2023
*Mar 21 22:07:31.596: %SYS-6-LOGOUT: User SI_NAM_52343_P_011 has exited tty session 2(10.14.9.251)
*Mar 21 22:07:32.180: %SEC_LOGIN-5-LOGIN_SUCCESS: Login Success [user: SI_NAM_52343_P_011] [Source: 10.14.9.251] [localport: 22] at 22:07:32 UTC Tue Mar 21 2023
*Mar 21 22:07:33.743: %SEC_LOGIN-5-LOGIN_SUCCESS: Login Success [user: SI_NAM_52343_P_011] [Source: 10.14.9.251] [localport: 22] at 22:07:33 UTC Tue Mar 21 2023
*Mar 21 22:07:34.647: %SEC_LOGIN-5-LOGIN_SUCCESS: Login Success [user: SI_NAM_52343_P_011] [Source: 10.14.9.251] [localport: 22] at 22:07:34 UTC Tue Mar 21 2023
*Mar 21 22:07:35.703: %SEC_LOGIN-5-LOGIN_SUCCESS: Login Success [user: SI_NAM_52343_P_011] [Source: 10.14.9.251] [localport: 22] at 22:07:35 UTC Tue Mar 21 2023
*Mar 21 22:07:36.582: %SEC_LOGIN-5-LOGIN_SUCCESS: Login Success [user: SI_NAM_52343_P_011] [Source: 10.14.9.251] [localport: 22] at 22:07:36 UTC Tue Mar 21 2023
*Mar 21 22:07:37.499: %SEC_LOGIN-5-LOGIN_SUCCESS: Login Success [user: SI_NAM_52343_P_011] [Source: 10.14.9.251] [localport: 22] at 22:07:37 UTC Tue Mar 21 2023
*Mar 21 22:07:38.398: %SEC_LOGIN-5-LOGIN_SUCCESS: Login Success [user: SI_NAM_52343_P_011] [Source: 10.14.9.251] [localport: 22] at 22:07:38 UTC Tue Mar 21 2023
*Mar 21 22:13:52.741: %SEC_LOGIN-5-LOGIN_SUCCESS: Login Success [user: as_cz507f] [Source: 130.172.119.141] [localport: 22] at 22:13:52 UTC Tue Mar 21 2023
*Mar 21 22:15:54.403: %SYS-6-LOGOUT: User as_cz507f has exited tty session 2(130.172.119.141)
*Mar 21 22:23:10.697: %SEC_LOGIN-5-LOGIN_SUCCESS: Login Success [user: as_cz507f] [Source: 130.172.119.141] [localport: 22] at 22:23:10 UTC Tue Mar 21 2023
*Mar 21 22:35:19.176: %SYS-6-LOGOUT: User as_cz507f has exited tty session 2(130.172.119.141)
*Mar 22 01:48:06.089: %SEC_LOGIN-5-LOGIN_SUCCESS: Login Success [user: si_nam_52343_p_004] [Source: 148.93.49.60] [localport: 22] at 01:48:06 UTC Wed Mar 22 2023
*Mar 22 01:51:30.280: %SYS-6-LOGOUT: User si_nam_52343_p_004 has exited tty session 2(148.93.49.60)
*Mar 22 04:47:25.625: LLDP-Local-Chassi-ID: Global stack mac address retreival succeeded chassis_mac is A4:78:6 :C9:64:0 

*Mar 22 04:47:25.625: LLDP-Local-Chassi-ID: Global stack mac address retreival succeeded chassis_mac is A4:78:6 :C9:64:0 

*Mar 22 04:47:25.625: LLDP-Local-Chassi-ID: Global stack mac address retreival succeeded chassis_mac is A4:78:6 :C9:64:0 

*Mar 22 04:47:25.626: LLDP-Local-Chassi-ID: Global stack mac address retreival succeeded chassis_mac is A4:78:6 :C9:64:0 

*Mar 22 04:47:27.435: LLDP-Local-Chassi-ID: Global stack mac address retreival succeeded chassis_mac is A4:78:6 :C9:64:0 

*Mar 22 04:47:27.436: LLDP-Local-Chassi-ID: Global stack mac address retreival succeeded chassis_mac is A4:78:6 :C9:64:0 

*Mar 22 04:47:27.436: LLDP-Local-Chassi-ID: Global stack mac address retreival succeeded chassis_mac is A4:78:6 :C9:64:0 

*Mar 22 04:47:27.436: LLDP-Local-Chassi-ID: Global stack mac address retreival succeeded chassis_mac is A4:78:6 :C9:64:0 

*Mar 22 04:47:27.436: LLDP-Local-Chassi-ID: Global stack mac address retreival succeeded chassis_mac is A4:78:6 :C9:64:0 

*Mar 22 04:47:27.436: LLDP-Local-Chassi-ID: Global stack mac address retreival succeeded chassis_mac is A4:78:6 :C9:64:0 

*Mar 22 04:47:27.437: LLDP-Local-Chassi-ID: Global stack mac address retreival succeeded chassis_mac is A4:78:6 :C9:64:0 

*Mar 22 04:47:27.437: LLDP-Local-Chassi-ID: Global stack mac address retreival succeeded chassis_mac is A4:78:6 :C9:64:0 

*Mar 22 08:59:39.344: %SEC_LOGIN-5-LOGIN_SUCCESS: Login Success [user: si_nam_52343_p_004] [Source: 148.93.49.60] [localport: 22] at 08:59:39 UTC Wed Mar 22 2023
*Mar 22 08:59:42.152: %SYS-6-LOGOUT: User si_nam_52343_p_004 has exited tty session 2(148.93.49.60)
*Mar 22 12:42:24.682: %SEC_LOGIN-5-LOGIN_SUCCESS: Login Success [user: si_nam_52343_p_004] [Source: 148.93.49.60] [localport: 22] at 12:42:24 UTC Wed Mar 22 2023
*Mar 22 12:42:26.494: %SYS-6-LOGOUT: User si_nam_52343_p_004 has exited tty session 2(148.93.49.60)
*Mar 22 13:52:18.509: %SEC_LOGIN-5-LOGIN_SUCCESS: Login Success [user: si_nam_52343_p_004] [Source: 148.93.49.60] [localport: 22] at 13:52:18 UTC Wed Mar 22 2023
*Mar 22 13:55:00.543: %SYS-6-LOGOUT: User si_nam_52343_p_004 has exited tty session 2(148.93.49.60)
*Mar 23 02:36:05.613: %SEC_LOGIN-5-LOGIN_SUCCESS: Login Success [user: si_nam_52343_p_004] [Source: 148.93.49.60] [localport: 22] at 02:36:05 UTC Thu Mar 23 2023
*Mar 23 02:37:57.525: %SYS-6-LOGOUT: User si_nam_52343_p_004 has exited tty session 2(148.93.49.60)
*Mar 23 04:52:30.092: LLDP-Local-Chassi-ID: Global stack mac address retreival succeeded chassis_mac is A4:78:6 :C9:64:0 

*Mar 23 04:52:30.092: LLDP-Local-Chassi-ID: Global stack mac address retreival succeeded chassis_mac is A4:78:6 :C9:64:0 

*Mar 23 04:52:30.092: LLDP-Local-Chassi-ID: Global stack mac address retreival succeeded chassis_mac is A4:78:6 :C9:64:0 

*Mar 23 04:52:30.092: LLDP-Local-Chassi-ID: Global stack mac address retreival succeeded chassis_mac is A4:78:6 :C9:64:0 

*Mar 23 04:52:32.586: LLDP-Local-Chassi-ID: Global stack mac address retreival succeeded chassis_mac is A4:78:6 :C9:64:0 

*Mar 23 04:52:32.587: LLDP-Local-Chassi-ID: Global stack mac address retreival succeeded chassis_mac is A4:78:6 :C9:64:0 

*Mar 23 04:52:32.587: LLDP-Local-Chassi-ID: Global stack mac address retreival succeeded chassis_mac is A4:78:6 :C9:64:0 

*Mar 23 04:52:32.587: LLDP-Local-Chassi-ID: Global stack mac address retreival succeeded chassis_mac is A4:78:6 :C9:64:0 

*Mar 23 04:52:32.587: LLDP-Local-Chassi-ID: Global stack mac address retreival succeeded chassis_mac is A4:78:6 :C9:64:0 

*Mar 23 04:52:32.588: LLDP-Local-Chassi-ID: Global stack mac address retreival succeeded chassis_mac is A4:78:6 :C9:64:0 

*Mar 23 04:52:32.588: LLDP-Local-Chassi-ID: Global stack mac address retreival succeeded chassis_mac is A4:78:6 :C9:64:0 

*Mar 23 04:52:32.588: LLDP-Local-Chassi-ID: Global stack mac address retreival succeeded chassis_mac is A4:78:6 :C9:64:0 

*Mar 23 08:59:35.504: %SEC_LOGIN-5-LOGIN_SUCCESS: Login Success [user: si_nam_52343_p_004] [Source: 148.93.49.60] [localport: 22] at 08:59:35 UTC Thu Mar 23 2023
*Mar 23 08:59:36.580: %SYS-6-LOGOUT: User si_nam_52343_p_004 has exited tty session 2(148.93.49.60)
*Mar 23 12:42:22.093: %SEC_LOGIN-5-LOGIN_SUCCESS: Login Success [user: si_nam_52343_p_004] [Source: 148.93.49.60] [localport: 22] at 12:42:22 UTC Thu Mar 23 2023
*Mar 23 12:42:23.684: %SYS-6-LOGOUT: User si_nam_52343_p_004 has exited tty session 2(148.93.49.60)
*Mar 23 13:34:02.901: %SEC_LOGIN-5-LOGIN_SUCCESS: Login Success [user: si_nam_52343_p_004] [Source: 148.93.49.60] [localport: 22] at 13:34:02 UTC Thu Mar 23 2023
*Mar 23 13:36:08.074: %SYS-6-LOGOUT: User si_nam_52343_p_004 has exited tty session 2(148.93.49.60)
*Mar 23 18:13:41.522: %SEC_LOGIN-5-LOGIN_SUCCESS: Login Success [user: as_cz507f] [Source: 130.172.119.194] [localport: 22] at 18:13:41 UTC Thu Mar 23 2023
*Mar 23 18:19:13.978: %SYS-6-LOGOUT: User as_cz507f has exited tty session 2(130.172.119.194)
*Mar 23 21:46:08.249: %SEC_LOGIN-5-LOGIN_SUCCESS: Login Success [user: as_cz507f] [Source: 130.172.119.194] [localport: 22] at 21:46:08 UTC Thu Mar 23 2023
*Mar 23 21:46:23.343: %SYS-6-LOGOUT: User as_cz507f has exited tty session 2(130.172.119.194)
*Mar 23 22:07:11.497: %SEC_LOGIN-5-LOGIN_SUCCESS: Login Success [user: SI_NAM_52343_P_011] [Source: 10.14.9.251] [localport: 22] at 22:07:11 UTC Thu Mar 23 2023
*Mar 23 22:07:11.843: %SYS-6-LOGOUT: User SI_NAM_52343_P_011 has exited tty session 2(10.14.9.251)
*Mar 23 22:07:12.460: %SEC_LOGIN-5-LOGIN_SUCCESS: Login Success [user: SI_NAM_52343_P_011] [Source: 10.14.9.251] [localport: 22] at 22:07:12 UTC Thu Mar 23 2023
*Mar 23 22:07:14.230: %SEC_LOGIN-5-LOGIN_SUCCESS: Login Success [user: SI_NAM_52343_P_011] [Source: 10.14.9.251] [localport: 22] at 22:07:14 UTC Thu Mar 23 2023
*Mar 23 22:07:15.210: %SEC_LOGIN-5-LOGIN_SUCCESS: Login Success [user: SI_NAM_52343_P_011] [Source: 10.14.9.251] [localport: 22] at 22:07:15 UTC Thu Mar 23 2023
*Mar 23 22:07:16.855: %SEC_LOGIN-5-LOGIN_SUCCESS: Login Success [user: SI_NAM_52343_P_011] [Source: 10.14.9.251] [localport: 22] at 22:07:16 UTC Thu Mar 23 2023
*Mar 23 22:07:17.844: %SEC_LOGIN-5-LOGIN_SUCCESS: Login Success [user: SI_NAM_52343_P_011] [Source: 10.14.9.251] [localport: 22] at 22:07:17 UTC Thu Mar 23 2023
*Mar 23 22:07:18.833: %SEC_LOGIN-5-LOGIN_SUCCESS: Login Success [user: SI_NAM_52343_P_011] [Source: 10.14.9.251] [localport: 22] at 22:07:18 UTC Thu Mar 23 2023
*Mar 23 22:07:19.800: %SEC_LOGIN-5-LOGIN_SUCCESS: Login Success [user: SI_NAM_52343_P_011] [Source: 10.14.9.251] [localport: 22] at 22:07:19 UTC Thu Mar 23 2023
*Mar 24 01:47:13.826: %SEC_LOGIN-5-LOGIN_SUCCESS: Login Success [user: si_nam_52343_p_004] [Source: 148.93.49.60] [localport: 22] at 01:47:13 UTC Fri Mar 24 2023
*Mar 24 01:51:00.298: %SYS-6-LOGOUT: User si_nam_52343_p_004 has exited tty session 2(148.93.49.60)
*Mar 24 03:13:16.206: %SEC_LOGIN-5-LOGIN_SUCCESS: Login Success [user: si_nam_52343_p_004] [Source: 148.93.49.60] [localport: 22] at 03:13:16 UTC Fri Mar 24 2023
*Mar 24 03:13:19.949: %SYS-6-LOGOUT: User si_nam_52343_p_004 has exited tty session 2(148.93.49.60)
*Mar 24 04:57:28.954: LLDP-Local-Chassi-ID: Global stack mac address retreival succeeded chassis_mac is A4:78:6 :C9:64:0 

*Mar 24 04:57:28.955: LLDP-Local-Chassi-ID: Global stack mac address retreival succeeded chassis_mac is A4:78:6 :C9:64:0 

*Mar 24 04:57:28.955: LLDP-Local-Chassi-ID: Global stack mac address retreival succeeded chassis_mac is A4:78:6 :C9:64:0 

*Mar 24 04:57:28.955: LLDP-Local-Chassi-ID: Global stack mac address retreival succeeded chassis_mac is A4:78:6 :C9:64:0 

*Mar 24 04:57:31.711: LLDP-Local-Chassi-ID: Global stack mac address retreival succeeded chassis_mac is A4:78:6 :C9:64:0 

*Mar 24 04:57:31.711: LLDP-Local-Chassi-ID: Global stack mac address retreival succeeded chassis_mac is A4:78:6 :C9:64:0 

*Mar 24 04:57:31.711: LLDP-Local-Chassi-ID: Global stack mac address retreival succeeded chassis_mac is A4:78:6 :C9:64:0 

*Mar 24 04:57:31.712: LLDP-Local-Chassi-ID: Global stack mac address retreival succeeded chassis_mac is A4:78:6 :C9:64:0 

*Mar 24 04:57:31.712: LLDP-Local-Chassi-ID: Global stack mac address retreival succeeded chassis_mac is A4:78:6 :C9:64:0 

*Mar 24 04:57:31.712: LLDP-Local-Chassi-ID: Global stack mac address retreival succeeded chassis_mac is A4:78:6 :C9:64:0 

*Mar 24 04:57:31.712: LLDP-Local-Chassi-ID: Global stack mac address retreival succeeded chassis_mac is A4:78:6 :C9:64:0 

*Mar 24 04:57:31.713: LLDP-Local-Chassi-ID: Global stack mac address retreival succeeded chassis_mac is A4:78:6 :C9:64:0 

*Mar 24 08:57:48.237: %SEC_LOGIN-5-LOGIN_SUCCESS: Login Success [user: si_nam_52343_p_004] [Source: 148.93.49.60] [localport: 22] at 08:57:48 UTC Fri Mar 24 2023
*Mar 24 08:57:49.209: %SYS-6-LOGOUT: User si_nam_52343_p_004 has exited tty session 2(148.93.49.60)
*Mar 24 12:42:26.931: %SEC_LOGIN-5-LOGIN_SUCCESS: Login Success [user: si_nam_52343_p_004] [Source: 148.93.49.60] [localport: 22] at 12:42:26 UTC Fri Mar 24 2023
*Mar 24 12:42:28.602: %SYS-6-LOGOUT: User si_nam_52343_p_004 has exited tty session 2(148.93.49.60)
*Mar 24 22:33:36.317: %SEC_LOGIN-5-LOGIN_SUCCESS: Login Success [user: as_cz507f] [Source: 148.93.114.222] [localport: 22] at 22:33:36 UTC Fri Mar 24 2023
*Mar 24 22:33:38.286: %SYS-6-LOGOUT: User as_cz507f has exited tty session 2(148.93.114.222)
*Mar 24 22:37:36.882: %SEC_LOGIN-5-LOGIN_SUCCESS: Login Success [user: as_cz507f] [Source: 148.93.114.222] [localport: 22] at 22:37:36 UTC Fri Mar 24 2023
*Mar 24 22:37:38.861: %SYS-6-LOGOUT: User as_cz507f has exited tty session 2(148.93.114.222)
*Mar 24 22:39:48.046: %SEC_LOGIN-5-LOGIN_SUCCESS: Login Success [user: as_cz507f] [Source: 148.93.114.222] [localport: 22] at 22:39:48 UTC Fri Mar 24 2023
*Mar 24 22:39:50.004: %SYS-6-LOGOUT: User as_cz507f has exited tty session 2(148.93.114.222)
*Mar 24 22:45:20.983: %SEC_LOGIN-5-LOGIN_SUCCESS: Login Success [user: as_cz507f] [Source: 148.93.114.222] [localport: 22] at 22:45:20 UTC Fri Mar 24 2023
*Mar 24 22:45:27.359: %SYS-6-LOGOUT: User as_cz507f has exited tty session 2(148.93.114.222)
*Mar 25 01:45:37.375: %SEC_LOGIN-5-LOGIN_SUCCESS: Login Success [user: SI_NAM_52343_P_012] [Source: 148.93.49.26] [localport: 22] at 01:45:37 UTC Sat Mar 25 2023
*Mar 25 01:45:48.330: %SYS-6-LOGOUT: User SI_NAM_52343_P_012 has exited tty session 2(148.93.49.26)
*Mar 25 01:46:23.904: %SEC_LOGIN-5-LOGIN_SUCCESS: Login Success [user: si_nam_52343_p_004] [Source: 148.93.49.60] [localport: 22] at 01:46:23 UTC Sat Mar 25 2023
*Mar 25 01:49:50.249: %SYS-6-LOGOUT: User si_nam_52343_p_004 has exited tty session 2(148.93.49.60)
*Mar 25 04:22:53.431: %SEC_LOGIN-5-LOGIN_SUCCESS: Login Success [user: SI_NAM_52343_P_012] [Source: 148.93.49.26] [localport: 22] at 04:22:53 UTC Sat Mar 25 2023
*Mar 25 04:38:44.103: %SYS-6-LOGOUT: User SI_NAM_52343_P_012 has exited tty session 2(148.93.49.26)
*Mar 25 05:02:37.597: LLDP-Local-Chassi-ID: Global stack mac address retreival succeeded chassis_mac is A4:78:6 :C9:64:0 

*Mar 25 05:02:37.597: LLDP-Local-Chassi-ID: Global stack mac address retreival succeeded chassis_mac is A4:78:6 :C9:64:0 

*Mar 25 05:02:37.597: LLDP-Local-Chassi-ID: Global stack mac address retreival succeeded chassis_mac is A4:78:6 :C9:64:0 

*Mar 25 05:02:37.597: LLDP-Local-Chassi-ID: Global stack mac address retreival succeeded chassis_mac is A4:78:6 :C9:64:0 

*Mar 25 05:02:39.599: LLDP-Local-Chassi-ID: Global stack mac address retreival succeeded chassis_mac is A4:78:6 :C9:64:0 

*Mar 25 05:02:39.599: LLDP-Local-Chassi-ID: Global stack mac address retreival succeeded chassis_mac is A4:78:6 :C9:64:0 

*Mar 25 05:02:39.600: LLDP-Local-Chassi-ID: Global stack mac address retreival succeeded chassis_mac is A4:78:6 :C9:64:0 

*Mar 25 05:02:39.600: LLDP-Local-Chassi-ID: Global stack mac address retreival succeeded chassis_mac is A4:78:6 :C9:64:0 

*Mar 25 05:02:39.600: LLDP-Local-Chassi-ID: Global stack mac address retreival succeeded chassis_mac is A4:78:6 :C9:64:0 

*Mar 25 05:02:39.600: LLDP-Local-Chassi-ID: Global stack mac address retreival succeeded chassis_mac is A4:78:6 :C9:64:0 

*Mar 25 05:02:39.601: LLDP-Local-Chassi-ID: Global stack mac address retreival succeeded chassis_mac is A4:78:6 :C9:64:0 

*Mar 25 05:02:39.601: LLDP-Local-Chassi-ID: Global stack mac address retreival succeeded chassis_mac is A4:78:6 :C9:64:0 

*Mar 25 09:01:08.461: %SEC_LOGIN-5-LOGIN_SUCCESS: Login Success [user: si_nam_52343_p_004] [Source: 148.93.49.60] [localport: 22] at 09:01:08 UTC Sat Mar 25 2023
*Mar 25 09:01:10.642: %SYS-6-LOGOUT: User si_nam_52343_p_004 has exited tty session 2(148.93.49.60)
*Mar 25 13:27:55.586: %SEC_LOGIN-5-LOGIN_SUCCESS: Login Success [user: si_nam_52343_p_004] [Source: 148.93.49.60] [localport: 22] at 13:27:55 UTC Sat Mar 25 2023
*Mar 25 13:29:41.786: %SYS-6-LOGOUT: User si_nam_52343_p_004 has exited tty session 2(148.93.49.60)
*Mar 26 01:57:59.570: %SEC_LOGIN-5-LOGIN_SUCCESS: Login Success [user: si_nam_52343_p_004] [Source: 148.93.49.60] [localport: 22] at 01:57:59 UTC Sun Mar 26 2023
*Mar 26 02:02:05.209: %SYS-6-LOGOUT: User si_nam_52343_p_004 has exited tty session 2(148.93.49.60)
*Mar 26 05:07:35.375: LLDP-Local-Chassi-ID: Global stack mac address retreival succeeded chassis_mac is A4:78:6 :C9:64:0 

*Mar 26 05:07:35.375: LLDP-Local-Chassi-ID: Global stack mac address retreival succeeded chassis_mac is A4:78:6 :C9:64:0 

*Mar 26 05:07:35.375: LLDP-Local-Chassi-ID: Global stack mac address retreival succeeded chassis_mac is A4:78:6 :C9:64:0 

*Mar 26 05:07:35.376: LLDP-Local-Chassi-ID: Global stack mac address retreival succeeded chassis_mac is A4:78:6 :C9:64:0 

*Mar 26 05:07:37.538: LLDP-Local-Chassi-ID: Global stack mac address retreival succeeded chassis_mac is A4:78:6 :C9:64:0 

*Mar 26 05:07:37.538: LLDP-Local-Chassi-ID: Global stack mac address retreival succeeded chassis_mac is A4:78:6 :C9:64:0 

*Mar 26 05:07:37.539: LLDP-Local-Chassi-ID: Global stack mac address retreival succeeded chassis_mac is A4:78:6 :C9:64:0 

*Mar 26 05:07:37.539: LLDP-Local-Chassi-ID: Global stack mac address retreival succeeded chassis_mac is A4:78:6 :C9:64:0 

*Mar 26 05:07:37.539: LLDP-Local-Chassi-ID: Global stack mac address retreival succeeded chassis_mac is A4:78:6 :C9:64:0 

*Mar 26 05:07:37.539: LLDP-Local-Chassi-ID: Global stack mac address retreival succeeded chassis_mac is A4:78:6 :C9:64:0 

*Mar 26 05:07:37.540: LLDP-Local-Chassi-ID: Global stack mac address retreival succeeded chassis_mac is A4:78:6 :C9:64:0 

*Mar 26 05:07:37.540: LLDP-Local-Chassi-ID: Global stack mac address retreival succeeded chassis_mac is A4:78:6 :C9:64:0 

*Mar 26 09:01:46.169: %SEC_LOGIN-5-LOGIN_SUCCESS: Login Success [user: si_nam_52343_p_004] [Source: 148.93.49.60] [localport: 22] at 09:01:46 UTC Sun Mar 26 2023
*Mar 26 09:01:47.131: %SYS-6-LOGOUT: User si_nam_52343_p_004 has exited tty session 2(148.93.49.60)
*Mar 26 13:41:31.767: %SEC_LOGIN-5-LOGIN_SUCCESS: Login Success [user: si_nam_52343_p_004] [Source: 148.93.49.60] [localport: 22] at 13:41:31 UTC Sun Mar 26 2023
*Mar 26 13:44:16.403: %SYS-6-LOGOUT: User si_nam_52343_p_004 has exited tty session 2(148.93.49.60)
*Mar 26 22:07:02.730: %SEC_LOGIN-5-LOGIN_SUCCESS: Login Success [user: SI_NAM_52343_P_011] [Source: 10.14.9.251] [localport: 22] at 22:07:02 UTC Sun Mar 26 2023
*Mar 26 22:07:03.026: %SYS-6-LOGOUT: User SI_NAM_52343_P_011 has exited tty session 2(10.14.9.251)
*Mar 26 22:07:03.600: %SEC_LOGIN-5-LOGIN_SUCCESS: Login Success [user: SI_NAM_52343_P_011] [Source: 10.14.9.251] [localport: 22] at 22:07:03 UTC Sun Mar 26 2023
*Mar 26 22:07:05.015: %SEC_LOGIN-5-LOGIN_SUCCESS: Login Success [user: SI_NAM_52343_P_011] [Source: 10.14.9.251] [localport: 22] at 22:07:05 UTC Sun Mar 26 2023
*Mar 26 22:07:05.981: %SEC_LOGIN-5-LOGIN_SUCCESS: Login Success [user: SI_NAM_52343_P_011] [Source: 10.14.9.251] [localport: 22] at 22:07:05 UTC Sun Mar 26 2023
*Mar 26 22:07:06.958: %SEC_LOGIN-5-LOGIN_SUCCESS: Login Success [user: SI_NAM_52343_P_011] [Source: 10.14.9.251] [localport: 22] at 22:07:06 UTC Sun Mar 26 2023
*Mar 26 22:07:07.823: %SEC_LOGIN-5-LOGIN_SUCCESS: Login Success [user: SI_NAM_52343_P_011] [Source: 10.14.9.251] [localport: 22] at 22:07:07 UTC Sun Mar 26 2023
*Mar 26 22:07:08.682: %SEC_LOGIN-5-LOGIN_SUCCESS: Login Success [user: SI_NAM_52343_P_011] [Source: 10.14.9.251] [localport: 22] at 22:07:08 UTC Sun Mar 26 2023
*Mar 26 22:07:09.683: %SEC_LOGIN-5-LOGIN_SUCCESS: Login Success [user: SI_NAM_52343_P_011] [Source: 10.14.9.251] [localport: 22] at 22:07:09 UTC Sun Mar 26 2023
*Mar 27 01:59:24.299: %SEC_LOGIN-5-LOGIN_SUCCESS: Login Success [user: si_nam_52343_p_004] [Source: 148.93.49.60] [localport: 22] at 01:59:24 UTC Mon Mar 27 2023
*Mar 27 02:02:51.923: %SYS-6-LOGOUT: User si_nam_52343_p_004 has exited tty session 2(148.93.49.60)
*Mar 27 05:11:07.791: LLDP-Local-Chassi-ID: Global stack mac address retreival succeeded chassis_mac is A4:78:6 :C9:64:0 

*Mar 27 05:11:07.792: LLDP-Local-Chassi-ID: Global stack mac address retreival succeeded chassis_mac is A4:78:6 :C9:64:0 

*Mar 27 05:11:07.792: LLDP-Local-Chassi-ID: Global stack mac address retreival succeeded chassis_mac is A4:78:6 :C9:64:0 

*Mar 27 05:11:07.792: LLDP-Local-Chassi-ID: Global stack mac address retreival succeeded chassis_mac is A4:78:6 :C9:64:0 

*Mar 27 05:11:09.697: LLDP-Local-Chassi-ID: Global stack mac address retreival succeeded chassis_mac is A4:78:6 :C9:64:0 

*Mar 27 05:11:09.697: LLDP-Local-Chassi-ID: Global stack mac address retreival succeeded chassis_mac is A4:78:6 :C9:64:0 

*Mar 27 05:11:09.697: LLDP-Local-Chassi-ID: Global stack mac address retreival succeeded chassis_mac is A4:78:6 :C9:64:0 

*Mar 27 05:11:09.697: LLDP-Local-Chassi-ID: Global stack mac address retreival succeeded chassis_mac is A4:78:6 :C9:64:0 

*Mar 27 05:11:09.698: LLDP-Local-Chassi-ID: Global stack mac address retreival succeeded chassis_mac is A4:78:6 :C9:64:0 

*Mar 27 05:11:09.698: LLDP-Local-Chassi-ID: Global stack mac address retreival succeeded chassis_mac is A4:78:6 :C9:64:0 

*Mar 27 05:11:09.698: LLDP-Local-Chassi-ID: Global stack mac address retreival succeeded chassis_mac is A4:78:6 :C9:64:0 

*Mar 27 05:11:09.698: LLDP-Local-Chassi-ID: Global stack mac address retreival succeeded chassis_mac is A4:78:6 :C9:64:0 

*Mar 27 09:00:53.240: %SEC_LOGIN-5-LOGIN_SUCCESS: Login Success [user: si_nam_52343_p_004] [Source: 148.93.49.60] [localport: 22] at 09:00:53 UTC Mon Mar 27 2023
*Mar 27 09:00:54.526: %SYS-6-LOGOUT: User si_nam_52343_p_004 has exited tty session 2(148.93.49.60)
*Mar 27 09:01:55.602: %SEC_LOGIN-5-LOGIN_SUCCESS: Login Success [user: si_nam_52343_p_004] [Source: 148.93.49.60] [localport: 22] at 09:01:55 UTC Mon Mar 27 2023
*Mar 27 09:01:56.581: %SYS-6-LOGOUT: User si_nam_52343_p_004 has exited tty session 2(148.93.49.60)
*Mar 27 09:05:54.402: %SEC_LOGIN-5-LOGIN_SUCCESS: Login Success [user: si_nam_52343_p_004] [Source: 148.93.49.60] [localport: 22] at 09:05:54 UTC Mon Mar 27 2023
*Mar 27 09:05:55.444: %SYS-6-LOGOUT: User si_nam_52343_p_004 has exited tty session 2(148.93.49.60)
*Mar 27 11:56:47.441: %SEC_LOGIN-5-LOGIN_SUCCESS: Login Success [user: si_nam_52343_p_004] [Source: 148.93.49.60] [localport: 22] at 11:56:47 UTC Mon Mar 27 2023
*Mar 27 11:56:50.634: %SYS-6-LOGOUT: User si_nam_52343_p_004 has exited tty session 2(148.93.49.60)
*Mar 27 12:42:32.072: %SEC_LOGIN-5-LOGIN_SUCCESS: Login Success [user: si_nam_52343_p_004] [Source: 148.93.49.60] [localport: 22] at 12:42:32 UTC Mon Mar 27 2023
*Mar 27 12:42:33.468: %SYS-6-LOGOUT: User si_nam_52343_p_004 has exited tty session 2(148.93.49.60)
*Mar 27 13:45:42.968: %SEC_LOGIN-5-LOGIN_SUCCESS: Login Success [user: si_nam_52343_p_004] [Source: 148.93.49.60] [localport: 22] at 13:45:42 UTC Mon Mar 27 2023
*Mar 27 13:47:59.327: %SYS-6-LOGOUT: User si_nam_52343_p_004 has exited tty session 2(148.93.49.60)
*Mar 28 02:27:55.368: %SEC_LOGIN-5-LOGIN_SUCCESS: Login Success [user: si_nam_52343_p_004] [Source: 148.93.49.60] [localport: 22] at 02:27:55 UTC Tue Mar 28 2023
*Mar 28 02:33:09.918: %SYS-6-LOGOUT: User si_nam_52343_p_004 has exited tty session 2(148.93.49.60)
*Mar 28 03:51:13.633: %SEC_LOGIN-5-LOGIN_SUCCESS: Login Success [user: si_nam_52343_p_004] [Source: 148.93.49.60] [localport: 22] at 03:51:13 UTC Tue Mar 28 2023
*Mar 28 03:51:35.367: %SYS-6-LOGOUT: User si_nam_52343_p_004 has exited tty session 2(148.93.49.60)
*Mar 28 05:16:11.823: LLDP-Local-Chassi-ID: Global stack mac address retreival succeeded chassis_mac is A4:78:6 :C9:64:0 

*Mar 28 05:16:11.823: LLDP-Local-Chassi-ID: Global stack mac address retreival succeeded chassis_mac is A4:78:6 :C9:64:0 

*Mar 28 05:16:11.823: LLDP-Local-Chassi-ID: Global stack mac address retreival succeeded chassis_mac is A4:78:6 :C9:64:0 

*Mar 28 05:16:11.823: LLDP-Local-Chassi-ID: Global stack mac address retreival succeeded chassis_mac is A4:78:6 :C9:64:0 

*Mar 28 05:16:14.523: LLDP-Local-Chassi-ID: Global stack mac address retreival succeeded chassis_mac is A4:78:6 :C9:64:0 

*Mar 28 05:16:14.523: LLDP-Local-Chassi-ID: Global stack mac address retreival succeeded chassis_mac is A4:78:6 :C9:64:0 

*Mar 28 05:16:14.523: LLDP-Local-Chassi-ID: Global stack mac address retreival succeeded chassis_mac is A4:78:6 :C9:64:0 

*Mar 28 05:16:14.523: LLDP-Local-Chassi-ID: Global stack mac address retreival succeeded chassis_mac is A4:78:6 :C9:64:0 

*Mar 28 05:16:14.524: LLDP-Local-Chassi-ID: Global stack mac address retreival succeeded chassis_mac is A4:78:6 :C9:64:0 

*Mar 28 05:16:14.524: LLDP-Local-Chassi-ID: Global stack mac address retreival succeeded chassis_mac is A4:78:6 :C9:64:0 

*Mar 28 05:16:14.524: LLDP-Local-Chassi-ID: Global stack mac address retreival succeeded chassis_mac is A4:78:6 :C9:64:0 

*Mar 28 05:16:14.524: LLDP-Local-Chassi-ID: Global stack mac address retreival succeeded chassis_mac is A4:78:6 :C9:64:0 

*Mar 28 09:03:09.650: %SEC_LOGIN-5-LOGIN_SUCCESS: Login Success [user: si_nam_52343_p_004] [Source: 148.93.49.60] [localport: 22] at 09:03:09 UTC Tue Mar 28 2023
*Mar 28 09:03:10.786: %SYS-6-LOGOUT: User si_nam_52343_p_004 has exited tty session 2(148.93.49.60)
*Mar 28 12:42:59.810: %SEC_LOGIN-5-LOGIN_SUCCESS: Login Success [user: si_nam_52343_p_004] [Source: 148.93.49.60] [localport: 22] at 12:42:59 UTC Tue Mar 28 2023
*Mar 28 12:43:01.418: %SYS-6-LOGOUT: User si_nam_52343_p_004 has exited tty session 2(148.93.49.60)
*Mar 28 12:47:31.686: %SEC_LOGIN-5-LOGIN_SUCCESS: Login Success [user: si_nam_52343_p_004] [Source: 148.93.49.60] [localport: 22] at 12:47:31 UTC Tue Mar 28 2023
*Mar 28 12:47:37.252: %SYS-6-LOGOUT: User si_nam_52343_p_004 has exited tty session 2(148.93.49.60)
*Mar 28 14:08:12.293: %SEC_LOGIN-5-LOGIN_SUCCESS: Login Success [user: si_nam_52343_p_004] [Source: 148.93.49.60] [localport: 22] at 14:08:12 UTC Tue Mar 28 2023
*Mar 28 14:09:29.022: %SYS-6-LOGOUT: User si_nam_52343_p_004 has exited tty session 2(148.93.49.60)
*Mar 28 22:06:28.795: %SEC_LOGIN-5-LOGIN_SUCCESS: Login Success [user: SI_NAM_52343_P_011] [Source: 10.14.9.251] [localport: 22] at 22:06:28 UTC Tue Mar 28 2023
*Mar 28 22:06:29.102: %SYS-6-LOGOUT: User SI_NAM_52343_P_011 has exited tty session 2(10.14.9.251)
*Mar 28 22:06:29.682: %SEC_LOGIN-5-LOGIN_SUCCESS: Login Success [user: SI_NAM_52343_P_011] [Source: 10.14.9.251] [localport: 22] at 22:06:29 UTC Tue Mar 28 2023
*Mar 28 22:06:31.095: %SEC_LOGIN-5-LOGIN_SUCCESS: Login Success [user: SI_NAM_52343_P_011] [Source: 10.14.9.251] [localport: 22] at 22:06:31 UTC Tue Mar 28 2023
*Mar 28 22:06:31.976: %SEC_LOGIN-5-LOGIN_SUCCESS: Login Success [user: SI_NAM_52343_P_011] [Source: 10.14.9.251] [localport: 22] at 22:06:31 UTC Tue Mar 28 2023
*Mar 28 22:06:33.049: %SEC_LOGIN-5-LOGIN_SUCCESS: Login Success [user: SI_NAM_52343_P_011] [Source: 10.14.9.251] [localport: 22] at 22:06:33 UTC Tue Mar 28 2023
*Mar 28 22:06:33.971: %SEC_LOGIN-5-LOGIN_SUCCESS: Login Success [user: SI_NAM_52343_P_011] [Source: 10.14.9.251] [localport: 22] at 22:06:33 UTC Tue Mar 28 2023
*Mar 28 22:06:34.842: %SEC_LOGIN-5-LOGIN_SUCCESS: Login Success [user: SI_NAM_52343_P_011] [Source: 10.14.9.251] [localport: 22] at 22:06:34 UTC Tue Mar 28 2023
*Mar 28 22:06:35.708: %SEC_LOGIN-5-LOGIN_SUCCESS: Login Success [user: SI_NAM_52343_P_011] [Source: 10.14.9.251] [localport: 22] at 22:06:35 UTC Tue Mar 28 2023
*Mar 29 02:59:05.691: %SEC_LOGIN-5-LOGIN_SUCCESS: Login Success [user: si_nam_52343_p_004] [Source: 148.93.49.60] [localport: 22] at 02:59:05 UTC Wed Mar 29 2023
*Mar 29 03:02:50.729: %SYS-6-LOGOUT: User si_nam_52343_p_004 has exited tty session 2(148.93.49.60)
*Mar 29 05:21:13.495: LLDP-Local-Chassi-ID: Global stack mac address retreival succeeded chassis_mac is A4:78:6 :C9:64:0 

*Mar 29 05:21:13.495: LLDP-Local-Chassi-ID: Global stack mac address retreival succeeded chassis_mac is A4:78:6 :C9:64:0 

*Mar 29 05:21:13.495: LLDP-Local-Chassi-ID: Global stack mac address retreival succeeded chassis_mac is A4:78:6 :C9:64:0 

*Mar 29 05:21:13.495: LLDP-Local-Chassi-ID: Global stack mac address retreival succeeded chassis_mac is A4:78:6 :C9:64:0 

*Mar 29 05:21:15.944: LLDP-Local-Chassi-ID: Global stack mac address retreival succeeded chassis_mac is A4:78:6 :C9:64:0 

*Mar 29 05:21:15.945: LLDP-Local-Chassi-ID: Global stack mac address retreival succeeded chassis_mac is A4:78:6 :C9:64:0 

*Mar 29 05:21:15.945: LLDP-Local-Chassi-ID: Global stack mac address retreival succeeded chassis_mac is A4:78:6 :C9:64:0 

*Mar 29 05:21:15.945: LLDP-Local-Chassi-ID: Global stack mac address retreival succeeded chassis_mac is A4:78:6 :C9:64:0 

*Mar 29 05:21:15.945: LLDP-Local-Chassi-ID: Global stack mac address retreival succeeded chassis_mac is A4:78:6 :C9:64:0 

*Mar 29 05:21:15.945: LLDP-Local-Chassi-ID: Global stack mac address retreival succeeded chassis_mac is A4:78:6 :C9:64:0 

*Mar 29 05:21:15.946: LLDP-Local-Chassi-ID: Global stack mac address retreival succeeded chassis_mac is A4:78:6 :C9:64:0 

*Mar 29 05:21:15.946: LLDP-Local-Chassi-ID: Global stack mac address retreival succeeded chassis_mac is A4:78:6 :C9:64:0 

*Mar 29 09:00:03.897: %SEC_LOGIN-5-LOGIN_SUCCESS: Login Success [user: si_nam_52343_p_004] [Source: 148.93.49.60] [localport: 22] at 09:00:03 UTC Wed Mar 29 2023
*Mar 29 09:00:04.896: %SYS-6-LOGOUT: User si_nam_52343_p_004 has exited tty session 2(148.93.49.60)
*Mar 29 12:42:42.519: %SEC_LOGIN-5-LOGIN_SUCCESS: Login Success [user: si_nam_52343_p_004] [Source: 148.93.49.60] [localport: 22] at 12:42:42 UTC Wed Mar 29 2023
*Mar 29 12:42:44.492: %SYS-6-LOGOUT: User si_nam_52343_p_004 has exited tty session 2(148.93.49.60)
*Mar 29 13:44:25.497: %SEC_LOGIN-5-LOGIN_SUCCESS: Login Success [user: si_nam_52343_p_004] [Source: 148.93.49.60] [localport: 22] at 13:44:25 UTC Wed Mar 29 2023
*Mar 29 13:47:43.622: %SYS-6-LOGOUT: User si_nam_52343_p_004 has exited tty session 2(148.93.49.60)
*Mar 30 01:41:15.686: %SEC_LOGIN-5-LOGIN_SUCCESS: Login Success [user: si_nam_52343_p_004] [Source: 148.93.49.60] [localport: 22] at 01:41:15 UTC Thu Mar 30 2023
*Mar 30 01:44:13.777: %SYS-6-LOGOUT: User si_nam_52343_p_004 has exited tty session 2(148.93.49.60)
*Mar 30 03:15:59.598: %SEC_LOGIN-5-LOGIN_SUCCESS: Login Success [user: as_lzz26f] [Source: 148.93.114.122] [localport: 22] at 03:15:59 UTC Thu Mar 30 2023
*Mar 30 03:16:00.011: %SYS-6-LOGOUT: User as_lzz26f has exited tty session 2(148.93.114.122)
*Mar 30 03:16:00.807: %SEC_LOGIN-5-LOGIN_SUCCESS: Login Success [user: as_lzz26f] [Source: 148.93.114.122] [localport: 22] at 03:16:00 UTC Thu Mar 30 2023
*Mar 30 05:26:20.888: LLDP-Local-Chassi-ID: Global stack mac address retreival succeeded chassis_mac is A4:78:6 :C9:64:0 

*Mar 30 05:26:20.888: LLDP-Local-Chassi-ID: Global stack mac address retreival succeeded chassis_mac is A4:78:6 :C9:64:0 

*Mar 30 05:26:20.888: LLDP-Local-Chassi-ID: Global stack mac address retreival succeeded chassis_mac is A4:78:6 :C9:64:0 

*Mar 30 05:26:20.888: LLDP-Local-Chassi-ID: Global stack mac address retreival succeeded chassis_mac is A4:78:6 :C9:64:0 

*Mar 30 05:26:22.818: LLDP-Local-Chassi-ID: Global stack mac address retreival succeeded chassis_mac is A4:78:6 :C9:64:0 

*Mar 30 05:26:22.819: LLDP-Local-Chassi-ID: Global stack mac address retreival succeeded chassis_mac is A4:78:6 :C9:64:0 

*Mar 30 05:26:22.819: LLDP-Local-Chassi-ID: Global stack mac address retreival succeeded chassis_mac is A4:78:6 :C9:64:0 

*Mar 30 05:26:22.819: LLDP-Local-Chassi-ID: Global stack mac address retreival succeeded chassis_mac is A4:78:6 :C9:64:0 

*Mar 30 05:26:22.819: LLDP-Local-Chassi-ID: Global stack mac address retreival succeeded chassis_mac is A4:78:6 :C9:64:0 

*Mar 30 05:26:22.819: LLDP-Local-Chassi-ID: Global stack mac address retreival succeeded chassis_mac is A4:78:6 :C9:64:0 

*Mar 30 05:26:22.820: LLDP-Local-Chassi-ID: Global stack mac address retreival succeeded chassis_mac is A4:78:6 :C9:64:0 

*Mar 30 05:26:22.820: LLDP-Local-Chassi-ID: Global stack mac address retreival succeeded chassis_mac is A4:78:6 :C9:64:0 

*Mar 30 09:00:04.563: %SEC_LOGIN-5-LOGIN_SUCCESS: Login Success [user: si_nam_52343_p_004] [Source: 148.93.49.60] [localport: 22] at 09:00:04 UTC Thu Mar 30 2023
*Mar 30 09:00:05.661: %SYS-6-LOGOUT: User si_nam_52343_p_004 has exited tty session 2(148.93.49.60)
*Mar 30 12:42:41.468: %SEC_LOGIN-5-LOGIN_SUCCESS: Login Success [user: si_nam_52343_p_004] [Source: 148.93.49.60] [localport: 22] at 12:42:41 UTC Thu Mar 30 2023
*Mar 30 12:42:43.130: %SYS-6-LOGOUT: User si_nam_52343_p_004 has exited tty session 2(148.93.49.60)
*Mar 30 13:58:47.871: %SEC_LOGIN-5-LOGIN_SUCCESS: Login Success [user: si_nam_52343_p_004] [Source: 148.93.49.60] [localport: 22] at 13:58:47 UTC Thu Mar 30 2023
*Mar 30 14:03:05.753: %SYS-6-LOGOUT: User si_nam_52343_p_004 has exited tty session 2(148.93.49.60)
*Mar 30 14:49:06.232: %SEC_LOGIN-5-LOGIN_SUCCESS: Login Success [user: as_cz507f] [Source: 130.172.119.194] [localport: 22] at 14:49:06 UTC Thu Mar 30 2023
fwaac-spare19-c9200l-48#!

fwaac-spare19-c9200l-48#show running-config
Building configuration...

Current configuration : 23936 bytes
!
! Last configuration change at 20:21:33 UTC Fri Nov 18 2022 by as_jztcg6
!
version 17.6
service timestamps debug datetime msec localtime
service timestamps log datetime msec localtime
service password-encryption
service call-home
platform punt-keepalive disable-kernel-core
!
hostname fwaac-spare19-c9200l-48
!
!
vrf definition Mgmt-vrf
 !
 address-family ipv4
 exit-address-family
 !
 address-family ipv6
 exit-address-family
!
logging discriminator FILTER facility drops DOT1X|MAB|SESSION_MGR 
logging buffered discriminator FILTER 40960 informational
logging persistent url flash:/syslog size 5120000 filesize 500000 immediate
logging console informational
logging monitor informational
enable secret 9 $9$.WdJnHuGz02oNU$Jvw982a0zYCNbJJMbMCvsdLHw93PY9UTlPiPI1lYnlo
!
!
!
!
aaa new-model
!
!
aaa group server tacacs+ gm-tacacs
 server name DCW-1
 server name DCM-1
 server name DCW-2
 server name DCM-2
 ip vrf forwarding Mgmt-vrf
 ip tacacs source-interface GigabitEthernet0/0
!
aaa authentication login default group gm-tacacs local
aaa authentication enable default group gm-tacacs enable
aaa authorization console
aaa authorization config-commands
aaa authorization exec default group gm-tacacs local 
aaa authorization commands 1 default group gm-tacacs none 
aaa authorization commands 15 default group gm-tacacs none 
aaa accounting send stop-record authentication failure
aaa accounting exec default stop-only group gm-tacacs
aaa accounting commands 15 default stop-only group gm-tacacs
!
!
!
!
!
!
aaa session-id common
process cpu threshold type total rising 60 interval 120 falling 30 interval 120
switch 1 provision c9200l-48t-4x
!
!
!
!
vtp domain fwaac
vtp mode transparent
!
!
!
!
!
ip routing
!
!
!
!
!
no ip domain lookup
ip domain name fwa.nam.gm.com
!
!
!
login on-success log
udld aggressive

!
!
!
crypto pki trustpoint SLA-TrustPoint
 enrollment terminal
 revocation-check none
!
crypto pki trustpoint TP-self-signed-3873777341
 enrollment selfsigned
 subject-name cn=IOS-Self-Signed-Certificate-3873777341
 revocation-check none
 rsakeypair TP-self-signed-3873777341
!
!
crypto pki certificate chain SLA-TrustPoint
 certificate ca 01
  30820321 30820209 A0030201 02020101 300D0609 2A864886 F70D0101 0B050030 
  32310E30 0C060355 040A1305 43697363 6F312030 1E060355 04031317 43697363 
  6F204C69 63656E73 696E6720 526F6F74 20434130 1E170D31 33303533 30313934 
  3834375A 170D3338 30353330 31393438 34375A30 32310E30 0C060355 040A1305 
  43697363 6F312030 1E060355 04031317 43697363 6F204C69 63656E73 696E6720 
  526F6F74 20434130 82012230 0D06092A 864886F7 0D010101 05000382 010F0030 
  82010A02 82010100 A6BCBD96 131E05F7 145EA72C 2CD686E6 17222EA1 F1EFF64D 
  CBB4C798 212AA147 C655D8D7 9471380D 8711441E 1AAF071A 9CAE6388 8A38E520 
  1C394D78 462EF239 C659F715 B98C0A59 5BBB5CBD 0CFEBEA3 700A8BF7 D8F256EE 
  4AA4E80D DB6FD1C9 60B1FD18 FFC69C96 6FA68957 A2617DE7 104FDC5F EA2956AC 
  7390A3EB 2B5436AD C847A2C5 DAB553EB 69A9A535 58E9F3E3 C0BD23CF 58BD7188 
  68E69491 20F320E7 948E71D7 AE3BCC84 F10684C7 4BC8E00F 539BA42B 42C68BB7 
  C7479096 B4CB2D62 EA2F505D C7B062A4 6811D95B E8250FC4 5D5D5FB8 8F27D191 
  C55F0D76 61F9A4CD 3D992327 A8BB03BD 4E6D7069 7CBADF8B DF5F4368 95135E44 
  DFC7C6CF 04DD7FD1 02030100 01A34230 40300E06 03551D0F 0101FF04 04030201 
  06300F06 03551D13 0101FF04 05300301 01FF301D 0603551D 0E041604 1449DC85 
  4B3D31E5 1B3E6A17 606AF333 3D3B4C73 E8300D06 092A8648 86F70D01 010B0500 
  03820101 00507F24 D3932A66 86025D9F E838AE5C 6D4DF6B0 49631C78 240DA905 
  604EDCDE FF4FED2B 77FC460E CD636FDB DD44681E 3A5673AB 9093D3B1 6C9E3D8B 
  D98987BF E40CBD9E 1AECA0C2 2189BB5C 8FA85686 CD98B646 5575B146 8DFC66A8 
  467A3DF4 4D565700 6ADF0F0D CF835015 3C04FF7C 21E878AC 11BA9CD2 55A9232C 
  7CA7B7E6 C1AF74F6 152E99B7 B1FCF9BB E973DE7F 5BDDEB86 C71E3B49 1765308B 
  5FB0DA06 B92AFE7F 494E8A9E 07B85737 F3A58BE1 1A48A229 C37C1E69 39F08678 
  80DDCD16 D6BACECA EEBC7CF9 8428787B 35202CDC 60E4616A B623CDBD 230E3AFB 
  418616A9 4093E049 4D10AB75 27E86F73 932E35B5 8862FDAE 0275156F 719BB2F0 
  D697DF7F 28
  	quit
crypto pki certificate chain TP-self-signed-3873777341
!
!
system mtu 9100
license boot level network-advantage addon dna-advantage
license smart url cslu https://148.93.145.110/cslu/v1/pi/Mfg%20Site%20Engineering%20TZ%20OnPrem-5
!
!
diagnostic bootup level minimal
!
spanning-tree mode rapid-pvst
spanning-tree loopguard default
spanning-tree portfast bpduguard default
spanning-tree extend system-id
archive
 path flash:backup
 maximum 3
 time-period 1440
memory free low-watermark processor 10055
!
errdisable recovery cause udld
errdisable recovery cause bpduguard
errdisable recovery cause security-violation
errdisable recovery cause channel-misconfig
errdisable recovery cause pagp-flap
errdisable recovery cause dtp-flap
errdisable recovery cause link-flap
errdisable recovery cause sfp-config-mismatch
errdisable recovery cause gbic-invalid
errdisable recovery cause l2ptguard
errdisable recovery cause psecure-violation
errdisable recovery cause port-mode-failure
errdisable recovery cause dhcp-rate-limit
errdisable recovery cause pppoe-ia-rate-limit
errdisable recovery cause mac-limit
errdisable recovery cause storm-control
errdisable recovery cause inline-power
errdisable recovery cause arp-inspection
errdisable recovery cause loopback
errdisable recovery cause psp
errdisable recovery cause mrp-miscabling
errdisable recovery interval 1200
username localadmin privilege 15 secret 9 $9$O11v1VY7xoHSYU$EPsupoyc2Um4Wu3dDZrZCdFomAHW526WbTsf3UoEptU
!
redundancy
 mode sso
!
!
transceiver type all
 monitoring
!
vlan 999
 name unused_ports
lldp run
!
!
class-map match-any system-cpp-police-ewlc-control
  description EWLC Control 
class-map match-any system-cpp-police-topology-control
  description Topology control
class-map match-any system-cpp-police-sw-forward
  description Sw forwarding, L2 LVX data packets, LOGGING, Transit Traffic
class-map match-any system-cpp-default
  description EWLC data, Inter FED Traffic 
class-map match-any system-cpp-police-sys-data
  description Openflow, Exception, EGR Exception, NFL Sampled Data, RPF Failed
class-map match-any system-cpp-police-punt-webauth
  description Punt Webauth
class-map match-any system-cpp-police-l2lvx-control
  description L2 LVX control packets
class-map match-any system-cpp-police-forus
  description Forus Address resolution and Forus traffic
class-map match-any system-cpp-police-multicast-end-station
  description MCAST END STATION
class-map match-any system-cpp-police-high-rate-app
  description High Rate Applications 
class-map match-any system-cpp-police-multicast
  description MCAST Data
class-map match-any system-cpp-police-l2-control
  description L2 control
class-map match-any system-cpp-police-dot1x-auth
  description DOT1X Auth
class-map match-any system-cpp-police-data
  description ICMP redirect, ICMP_GEN and BROADCAST
class-map match-any system-cpp-police-stackwise-virt-control
  description Stackwise Virtual OOB
class-map match-any non-client-nrt-class
class-map match-any system-cpp-police-routing-control
  description Routing control and Low Latency
class-map match-any system-cpp-police-protocol-snooping
  description Protocol snooping
class-map match-any system-cpp-police-dhcp-snooping
  description DHCP snooping
class-map match-any system-cpp-police-ios-routing
  description L2 control, Topology control, Routing control, Low Latency
class-map match-any system-cpp-police-system-critical
  description System Critical and Gold Pkt
class-map match-any system-cpp-police-ios-feature
  description ICMPGEN,BROADCAST,ICMP,L2LVXCntrl,ProtoSnoop,PuntWebauth,MCASTData,Transit,DOT1XAuth,Swfwd,LOGGING,L2LVXData,ForusTraffic,ForusARP,McastEndStn,Openflow,Exception,EGRExcption,NflSampled,RpfFailed
!
policy-map system-cpp-policy
!
! 
!
!
!
!
!
!
!
!
!
!
!
!
!
interface GigabitEthernet0/0
 vrf forwarding Mgmt-vrf
 ip address 10.51.1.236 255.255.254.0
 no ip redirects
 no ip unreachables
 no ip proxy-arp
 arp timeout 1500
!
interface GigabitEthernet1/0/1
 description unused_port
 switchport mode access
 no logging event link-status
 no snmp trap link-status
 no mdix auto
 spanning-tree portfast
!
interface GigabitEthernet1/0/2
 description unused_port
 switchport access vlan 999
 switchport mode access
 no logging event link-status
 shutdown
 no snmp trap link-status
 no mdix auto
 spanning-tree portfast
!
interface GigabitEthernet1/0/3
 description unused_port
 switchport access vlan 999
 switchport mode access
 no logging event link-status
 shutdown
 no snmp trap link-status
 no mdix auto
 spanning-tree portfast
!
interface GigabitEthernet1/0/4
 description unused_port
 switchport access vlan 999
 switchport mode access
 no logging event link-status
 shutdown
 no snmp trap link-status
 no mdix auto
 spanning-tree portfast
!
interface GigabitEthernet1/0/5
 description unused_port
 switchport access vlan 999
 switchport mode access
 no logging event link-status
 shutdown
 no snmp trap link-status
 no mdix auto
 spanning-tree portfast
!
interface GigabitEthernet1/0/6
 description unused_port
 switchport access vlan 999
 switchport mode access
 no logging event link-status
 shutdown
 no snmp trap link-status
 no mdix auto
 spanning-tree portfast
!
interface GigabitEthernet1/0/7
 description unused_port
 switchport access vlan 999
 switchport mode access
 no logging event link-status
 shutdown
 no snmp trap link-status
 no mdix auto
 spanning-tree portfast
!
interface GigabitEthernet1/0/8
 description unused_port
 switchport access vlan 999
 switchport mode access
 no logging event link-status
 shutdown
 no snmp trap link-status
 no mdix auto
 spanning-tree portfast
!
interface GigabitEthernet1/0/9
 description unused_port
 switchport access vlan 999
 switchport mode access
 no logging event link-status
 shutdown
 no snmp trap link-status
 no mdix auto
 spanning-tree portfast
!
interface GigabitEthernet1/0/10
 description unused_port
 switchport access vlan 999
 switchport mode access
 no logging event link-status
 shutdown
 no snmp trap link-status
 no mdix auto
 spanning-tree portfast
!
interface GigabitEthernet1/0/11
 description unused_port
 switchport access vlan 999
 switchport mode access
 no logging event link-status
 shutdown
 no snmp trap link-status
 no mdix auto
 spanning-tree portfast
!
interface GigabitEthernet1/0/12
 description unused_port
 switchport access vlan 999
 switchport mode access
 no logging event link-status
 shutdown
 no snmp trap link-status
 no mdix auto
 spanning-tree portfast
!
interface GigabitEthernet1/0/13
 description unused_port
 switchport access vlan 999
 switchport mode access
 no logging event link-status
 shutdown
 no snmp trap link-status
 no mdix auto
 spanning-tree portfast
!
interface GigabitEthernet1/0/14
 description unused_port
 switchport access vlan 999
 switchport mode access
 no logging event link-status
 shutdown
 no snmp trap link-status
 no mdix auto
 spanning-tree portfast
!
interface GigabitEthernet1/0/15
 description unused_port
 switchport access vlan 999
 switchport mode access
 no logging event link-status
 shutdown
 no snmp trap link-status
 no mdix auto
 spanning-tree portfast
!
interface GigabitEthernet1/0/16
 description unused_port
 switchport access vlan 999
 switchport mode access
 no logging event link-status
 shutdown
 no snmp trap link-status
 no mdix auto
 spanning-tree portfast
!
interface GigabitEthernet1/0/17
 description unused_port
 switchport access vlan 999
 switchport mode access
 no logging event link-status
 shutdown
 no snmp trap link-status
 no mdix auto
 spanning-tree portfast
!
interface GigabitEthernet1/0/18
 description unused_port
 switchport access vlan 999
 switchport mode access
 no logging event link-status
 shutdown
 no snmp trap link-status
 no mdix auto
 spanning-tree portfast
!
interface GigabitEthernet1/0/19
 description unused_port
 switchport access vlan 999
 switchport mode access
 no logging event link-status
 shutdown
 no snmp trap link-status
 no mdix auto
 spanning-tree portfast
!
interface GigabitEthernet1/0/20
 description unused_port
 switchport access vlan 999
 switchport mode access
 no logging event link-status
 shutdown
 no snmp trap link-status
 no mdix auto
 spanning-tree portfast
!
interface GigabitEthernet1/0/21
 description unused_port
 switchport access vlan 999
 switchport mode access
 no logging event link-status
 shutdown
 no snmp trap link-status
 no mdix auto
 spanning-tree portfast
!
interface GigabitEthernet1/0/22
 description unused_port
 switchport access vlan 999
 switchport mode access
 no logging event link-status
 shutdown
 no snmp trap link-status
 no mdix auto
 spanning-tree portfast
!
interface GigabitEthernet1/0/23
 description unused_port
 switchport access vlan 999
 switchport mode access
 no logging event link-status
 shutdown
 no snmp trap link-status
 no mdix auto
 spanning-tree portfast
!
interface GigabitEthernet1/0/24
 description unused_port
 switchport access vlan 999
 switchport mode access
 no logging event link-status
 shutdown
 no snmp trap link-status
 no mdix auto
 spanning-tree portfast
!
interface GigabitEthernet1/0/25
 description unused_port
 switchport access vlan 999
 switchport mode access
 no logging event link-status
 shutdown
 no snmp trap link-status
 spanning-tree portfast
!
interface GigabitEthernet1/0/26
 description unused_port
 switchport access vlan 999
 switchport mode access
 no logging event link-status
 shutdown
 no snmp trap link-status
 spanning-tree portfast
!
interface GigabitEthernet1/0/27
 description unused_port
 switchport access vlan 999
 switchport mode access
 no logging event link-status
 shutdown
 no snmp trap link-status
 spanning-tree portfast
!
interface GigabitEthernet1/0/28
 description unused_port
 switchport access vlan 999
 switchport mode access
 no logging event link-status
 shutdown
 no snmp trap link-status
 spanning-tree portfast
!
interface GigabitEthernet1/0/29
 description unused_port
 switchport access vlan 999
 switchport mode access
 no logging event link-status
 shutdown
 no snmp trap link-status
 spanning-tree portfast
!
interface GigabitEthernet1/0/30
 description unused_port
 switchport access vlan 999
 switchport mode access
 no logging event link-status
 shutdown
 no snmp trap link-status
 spanning-tree portfast
!
interface GigabitEthernet1/0/31
 description unused_port
 switchport access vlan 999
 switchport mode access
 no logging event link-status
 shutdown
 no snmp trap link-status
 spanning-tree portfast
!
interface GigabitEthernet1/0/32
 description unused_port
 switchport access vlan 999
 switchport mode access
 no logging event link-status
 shutdown
 no snmp trap link-status
 spanning-tree portfast
!
interface GigabitEthernet1/0/33
 description unused_port
 switchport access vlan 999
 switchport mode access
 no logging event link-status
 shutdown
 no snmp trap link-status
 spanning-tree portfast
!
interface GigabitEthernet1/0/34
 description unused_port
 switchport access vlan 999
 switchport mode access
 no logging event link-status
 shutdown
 no snmp trap link-status
 spanning-tree portfast
!
interface GigabitEthernet1/0/35
 description unused_port
 switchport access vlan 999
 switchport mode access
 no logging event link-status
 shutdown
 no snmp trap link-status
 spanning-tree portfast
!
interface GigabitEthernet1/0/36
 description unused_port
 switchport access vlan 999
 switchport mode access
 no logging event link-status
 shutdown
 no snmp trap link-status
 spanning-tree portfast
!
interface GigabitEthernet1/0/37
 description unused_port
 switchport access vlan 999
 switchport mode access
 no logging event link-status
 shutdown
 no snmp trap link-status
 spanning-tree portfast
!
interface GigabitEthernet1/0/38
 description unused_port
 switchport access vlan 999
 switchport mode access
 no logging event link-status
 shutdown
 no snmp trap link-status
 spanning-tree portfast
!
interface GigabitEthernet1/0/39
 description unused_port
 switchport access vlan 999
 switchport mode access
 no logging event link-status
 shutdown
 no snmp trap link-status
 spanning-tree portfast
!
interface GigabitEthernet1/0/40
 description unused_port
 switchport access vlan 999
 switchport mode access
 no logging event link-status
 shutdown
 no snmp trap link-status
 spanning-tree portfast
!
interface GigabitEthernet1/0/41
 description unused_port
 switchport access vlan 999
 switchport mode access
 no logging event link-status
 shutdown
 no snmp trap link-status
 spanning-tree portfast
!
interface GigabitEthernet1/0/42
 description unused_port
 switchport access vlan 999
 switchport mode access
 no logging event link-status
 shutdown
 no snmp trap link-status
 spanning-tree portfast
!
interface GigabitEthernet1/0/43
 description unused_port
 switchport access vlan 999
 switchport mode access
 no logging event link-status
 shutdown
 no snmp trap link-status
 spanning-tree portfast
!
interface GigabitEthernet1/0/44
 description unused_port
 switchport access vlan 999
 switchport mode access
 no logging event link-status
 shutdown
 no snmp trap link-status
 spanning-tree portfast
!
interface GigabitEthernet1/0/45
 description unused_port
 switchport access vlan 999
 switchport mode access
 no logging event link-status
 shutdown
 no snmp trap link-status
 spanning-tree portfast
!
interface GigabitEthernet1/0/46
 description unused_port
 switchport access vlan 999
 switchport mode access
 no logging event link-status
 shutdown
 no snmp trap link-status
 spanning-tree portfast
!
interface GigabitEthernet1/0/47
 description unused_port
 switchport access vlan 999
 switchport mode access
 no logging event link-status
 shutdown
 no snmp trap link-status
 spanning-tree portfast
!
interface GigabitEthernet1/0/48
 description unused_port
 switchport access vlan 999
 switchport mode access
 no logging event link-status
 shutdown
 no snmp trap link-status
 spanning-tree portfast
!
interface TenGigabitEthernet1/1/1
 description unused_port
 switchport access vlan 999
 switchport mode access
 no logging event link-status
 shutdown
 no snmp trap link-status
 spanning-tree portfast
!
interface TenGigabitEthernet1/1/2
 description unused_port
 switchport access vlan 999
 switchport mode access
 no logging event link-status
 shutdown
 no snmp trap link-status
 spanning-tree portfast
!
interface TenGigabitEthernet1/1/3
 description unused_port
 switchport access vlan 999
 switchport mode access
 no logging event link-status
 shutdown
 no snmp trap link-status
 spanning-tree portfast
!
interface TenGigabitEthernet1/1/4
 description unused_port
 switchport access vlan 999
 switchport mode access
 no logging event link-status
 shutdown
 no snmp trap link-status
 spanning-tree portfast
!
interface Vlan1
 description Cat9K Spare 10.x L2 Template v01.16
 ip address 10.0.0.2 255.255.255.0
!
interface Vlan800
 description link-fwaac-spare5-C9300-48UXM-Tw5/0/18
 no ip address
 no ip redirects
 no ip unreachables
 no ip proxy-arp
 arp timeout 1500
!
no ip forward-protocol nd
no ip forward-protocol udp tftp
no ip forward-protocol udp nameserver
no ip forward-protocol udp domain
no ip forward-protocol udp time
no ip forward-protocol udp netbios-ns
no ip forward-protocol udp netbios-dgm
no ip forward-protocol udp tacacs
no ip http server
ip http authentication local
no ip http secure-server
ip http client source-interface GigabitEthernet0/0
ip route vrf Mgmt-vrf 0.0.0.0 0.0.0.0 10.51.0.1
ip ftp source-interface GigabitEthernet0/0
ip tftp source-interface GigabitEthernet0/0
ip tacacs source-interface GigabitEthernet0/0 
ip ssh source-interface GigabitEthernet0/0
ip ssh version 2
!
!
!
logging source-interface Vlan800
logging host 148.93.49.21 transport udp port 5012
logging host 130.172.129.8 transport udp port 5012
logging host 148.93.115.30 vrf Mgmt-vrf transport udp port 5500
logging host 130.172.83.30 vrf Mgmt-vrf transport udp port 5500
ip access-list standard 93
 10 remark version 1.0 
 10 remark GM monitor/manage center in Warren
 10 permit 148.93.114.0 0.0.0.255
 20 permit 148.93.49.0 0.0.0.255
 30 permit 148.93.144.0 0.0.1.255
 40 permit 148.93.146.0 0.0.1.255
 50 permit 148.93.148.0 0.0.1.255
 60 permit 10.14.9.251
 70 permit 148.93.50.0 0.0.0.255
 80 remark GM monitor/manage center in Milford
 80 permit 130.172.119.0 0.0.0.255
 90 permit 130.172.129.0 0.0.0.255
 100 permit 130.172.100.0 0.0.1.255
 110 permit 130.172.36.0 0.0.1.255
 120 permit 130.172.42.0 0.0.1.255
 130 remark GM monitor/manage center in Singapore
 130 permit 10.147.62.128 0.0.0.127
 140 permit 10.147.52.128 0.0.0.127
 150 remark Plant Cores
 150 permit 10.0.3.129 0.255.0.0
 160 permit 10.0.3.130 0.255.0.0
 170 permit 10.0.131.129 0.255.0.0
 180 permit 10.0.131.130 0.255.0.0
!
snmp-server group V3-RO v3 auth read V3ROVIEW 
snmp-server group V3-RW v3 auth write V3RWVIEW 
snmp-server view V3ROVIEW iso included
snmp-server view V3RWVIEW iso included
snmp-server trap-source GigabitEthernet0/0
snmp-server location NUSFWA | ROANOKE INDIANA | (SPARE19)12200 LAFAYETTE CENTER RD | ? |  DEFAULT VALUE | LOC19 | GM-LAN-GRP | PLANT
snmp-server enable traps snmp authentication linkdown linkup coldstart warmstart
snmp-server enable traps envmon fan shutdown supply temperature status
snmp-server host 10.51.11.203 informs version 3 auth V3NetMgtRO 
snmp-server host 10.51.11.203 vrf Mgmt-vrf informs version 3 auth V3NetMgtRO 
snmp-server host 10.51.11.203 version 3 auth V3NetMgtRO 
snmp-server host 10.51.11.203 vrf Mgmt-vrf version 3 auth V3NetMgtRO 
tacacs-server directed-request
tacacs server DCW-1
 address ipv4 148.93.49.176
 key 7 141D1E003A54787F111A190F0E3B0020172A7C7F5F706E0B531B3B5872057F017B7B3B033F11756E0924013151093E592A65465D23001B1D5D08332E09001D12
tacacs server DCM-1
 address ipv4 130.172.129.176
 key 7 141D1E003A54787F111A190F0E3B0020172A7C7F5F706E0B531B3B5872057F017B7B3B033F11756E0924013151093E592A65465D23001B1D5D08332E09001D12
tacacs server DCW-2
 address ipv4 148.93.49.177
 key 7 141D1E003A54787F111A190F0E3B0020172A7C7F5F706E0B531B3B5872057F017B7B3B033F11756E0924013151093E592A65465D23001B1D5D08332E09001D12
tacacs server DCM-2
 address ipv4 130.172.129.177
 key 7 141D1E003A54787F111A190F0E3B0020172A7C7F5F706E0B531B3B5872057F017B7B3B033F11756E0924013151093E592A65465D23001B1D5D08332E09001D12
!
!
!
!
!
control-plane
 service-policy input system-cpp-policy
!
banner login ^C
******************************************************************************
Use of this system is restricted to authorized users. User activity
is monitored and recorded. Anyone using this system expressly consents to such
monitoring and recording. BE ADVISED: if possible criminal activity or
unauthorized changes are detected, system records along with certain personal
information may be provided to management and/or appropriate authorities. 

Requires AS_Zid account
******************************************************************************
^C
banner motd ^C
******************************************************************************
Use of this system is restricted to authorized users. User activity
is monitored and recorded. Anyone using this system expressly consents to such
monitoring and recording. BE ADVISED: if possible criminal activity or
unauthorized changes are detected, system records along with certain personal
information may be provided to management and/or appropriate authorities. 
******************************************************************************
^C
!
line con 0
 exec-timeout 30 0
 password 7 101A0E140300130A0F0B24273D
 stopbits 1
line aux 0
line vty 0 4
 access-class 93 in vrf-also
 exec-timeout 30 0
 password 7 15460C01023D2A252B3C3B2E0A
 transport input ssh
line vty 5 15
 access-class 93 in vrf-also
 exec-timeout 30 0
 password 7 144315060A132B2A27273D393B
 transport input ssh
!
ntp source GigabitEthernet0/0
ntp server 10.51.3.129
ntp server 10.51.3.130
!
mac address-table aging-time 1800
!
!
!
!
!
end

fwaac-spare19-c9200l-48#!

fwaac-spare19-c9200l-48#! *************************************************

fwaac-spare19-c9200l-48#! **** END

fwaac-spare19-c9200l-48#! *************************************************