
tmxcrlasw203#!

tmxcrlasw203#term len 0

tmxcrlasw203#!

tmxcrlasw203#show boot
---------------------------
Switch 1
---------------------------
Current Boot Variables:
BOOT variable does not exist

Boot Variables on next reload:
BOOT variable = flash:packages.conf
Manual Boot = no
Enable Break = no
Boot Mode = DEVICE
iPXE Timeout = 0
tmxcrlasw203#!

tmxcrlasw203#show version
Cisco IOS XE Software, Version 17.06.04 - SMU-PATCHED
Cisco IOS Software [Bengaluru], Catalyst L3 Switch Software (CAT9K_IOSXE), Version 17.6.4, RELEASE SOFTWARE (fc1)
Technical Support: http://www.cisco.com/techsupport
Copyright (c) 1986-2022 by Cisco Systems, Inc.
Compiled Sun 14-Aug-22 08:58 by mcpre


Cisco IOS-XE software, Copyright (c) 2005-2022 by cisco Systems, Inc.
All rights reserved.  Certain components of Cisco IOS-XE software are
licensed under the GNU General Public License ("GPL") Version 2.0.  The
software code licensed under GPL Version 2.0 is free software that comes
with ABSOLUTELY NO WARRANTY.  You can redistribute and/or modify such
GPL code under the terms of GPL Version 2.0.  For more details, see the
documentation or "License Notice" file accompanying the IOS-XE software,
or the applicable URL provided on the flyer accompanying the IOS-XE
software.


ROM: IOS-XE ROMMON
BOOTLDR: System Bootstrap, Version 17.6.1r[FC2], RELEASE SOFTWARE (P)

tmxcrlasw203 uptime is 1 hour, 5 minutes
Uptime for this control processor is 1 hour, 7 minutes
System returned to ROM by Reload Command at 19:14:27 UTC Thu Apr 6 2023
System restarted at 19:17:08 UTC Thu Apr 6 2023
System image file is "flash:packages.conf"
Last reload reason: Reload Command



This product contains cryptographic features and is subject to United
States and local country laws governing import, export, transfer and
use. Delivery of Cisco cryptographic products does not imply
third-party authority to import, export, distribute or use encryption.
Importers, exporters, distributors and users are responsible for
compliance with U.S. and local country laws. By using this product you
agree to comply with applicable laws and regulations. If you are unable
to comply with U.S. and local laws, return this product immediately.

A summary of U.S. laws governing Cisco cryptographic products may be found at:
http://www.cisco.com/wwl/export/crypto/tool/stqrg.html

If you require further assistance please contact us by sending email to
export@cisco.com.


Technology Package License Information: 

------------------------------------------------------------------------------
Technology-package                                     Technology-package
Current                        Type                       Next reboot  
------------------------------------------------------------------------------
network-advantage   	Smart License                 	 network-advantage   
dna-advantage       	Subscription Smart License    	 dna-advantage                 
AIR License Level: AIR DNA Advantage
Next reload AIR license Level: AIR DNA Advantage

Active SMU Information: 
  State (St):  C - Committed, U - Uncommitted
--------------------------------------------------------------------------------
Type  Defect_ID    Version   St Filename                                     
--------------------------------------------------------------------------------
SMU   CSCwb51963   17.06.04. C  cat9k_iosxe.17.06.04.CSCwb51963.SPA.smu.bin  
SMU   CSCwd17488   17.06.04. C  cat9k_iosxe.17.06.04.CSCwd17488.SPA.smu.bin  
SMU   CSCwa34390   17.06.04. C  cat9k_iosxe.17.06.04.CSCwa34390.SPA.smu.bin  
--------------------------------------------------------------------------------

Smart Licensing Status: Registration Not Applicable/Not Applicable

cisco C9300-48UXM (X86) processor with 1317097K/6147K bytes of memory.
Processor board ID FOC2450L8LU
2 Virtual Ethernet interfaces
8 Gigabit Ethernet interfaces
72 2.5 Gigabit Ethernet interfaces
40 Ten Gigabit Ethernet interfaces
4 TwentyFive Gigabit Ethernet interfaces
4 Forty Gigabit Ethernet interfaces
2048K bytes of non-volatile configuration memory.
8388608K bytes of physical memory.
1638400K bytes of Crash Files at crashinfo:.
1638400K bytes of Crash Files at crashinfo-2:.
11264000K bytes of Flash at flash:.
11264000K bytes of Flash at flash-2:.

Base Ethernet MAC Address          : ec:ce:13:66:7b:80
Motherboard Assembly Number        : 73-18277-05
Motherboard Serial Number          : FOC244955CN
Model Revision Number              : A0
Motherboard Revision Number        : A0
Model Number                       : C9300-48UXM
System Serial Number               : FOC2450L8LU
CLEI Code Number                   : 


Switch Ports Model              SW Version        SW Image              Mode   
------ ----- -----              ----------        ----------            ----   
*    1 65    C9300-48UXM        17.06.04          CAT9K_IOSXE           INSTALL
     2 65    C9300-48UXM        17.06.04          CAT9K_IOSXE           INSTALL


Switch 02
---------
Switch uptime                      : 1 hour, 7 minutes 

Base Ethernet MAC Address          : ec:ce:13:66:79:00
Motherboard Assembly Number        : 73-18277-05
Motherboard Serial Number          : FOC244955DA
Model Revision Number              : A0
Motherboard Revision Number        : A0
Model Number                       : C9300-48UXM
System Serial Number               : FOC2450L8KD
Last reload reason                 : Reload Command
CLEI Code Number                   : 

tmxcrlasw203#!

tmxcrlasw203#show clock
20:22:49.530 UTC Thu Apr 6 2023
tmxcrlasw203#!

tmxcrlasw203#show ntp status
Clock is synchronized, stratum 4, reference is 164.56.50.7    
nominal freq is 250.0000 Hz, actual freq is 249.9964 Hz, precision is 2**10
ntp uptime is 392800 (1/100 of seconds), resolution is 4016
reference time is E7D9A689.1CAC0880 (20:14:01.112 UTC Thu Apr 6 2023)
clock offset is 19.1419 msec, root delay is 60.27 msec
root dispersion is 38.35 msec, peer dispersion is 1.09 msec
loopfilter state is 'CTRL' (Normal Controlled Loop), drift is 0.000014269 s/s
system poll interval is 512, last update was 529 sec ago.
tmxcrlasw203#!

tmxcrlasw203#show spanning-tree | include VLAN|this bridge
VLAN0001
VLAN0009
VLAN0010
VLAN0105
VLAN0218
VLAN0401
VLAN0409
VLAN0500
VLAN0800
tmxcrlasw203#!

tmxcrlasw203#show ip interface brief | exclude unassigned
Interface              IP-Address      OK? Method Status                Protocol
Vlan800                172.20.113.203  YES NVRAM  up                    up      

tmxcrlasw203#!

tmxcrlasw203#show interface counters errors

Port           Align-Err     FCS-Err    Xmit-Err     Rcv-Err  UnderSize  OutDiscards 
Tw1/0/1                0           0           0           0          0            0 
Tw1/0/2                0           0           0           0          0            0 
Tw1/0/3                0           0           0           0          0            0 
Tw1/0/4                0           0           0           0          0            0 
Tw1/0/5                0           0           0           0          0            0 
Tw1/0/6                0           0           0           0          0            0 
Tw1/0/7                0           0           0           0          0            0 
Tw1/0/8                0           0           0           0          0            0 
Tw1/0/9                0           0           0           0          0            0 
Tw1/0/10               0           0           0           0          0            0 
Tw1/0/11               0           0           0           0          0            0 
Tw1/0/12               0           0           0           0          0            0 
Tw1/0/13               0           0           0           0          0            0 
Tw1/0/14               0           0           0           0          0            0 
Tw1/0/15               0           0           0           0          0            0 
Tw1/0/16               0           0           0           0          0            0 
Tw1/0/17               0           0           0           0          0            0 
Tw1/0/18               0           0           0           0          0            0 
Tw1/0/19               0           0           0           0          0            0 
Tw1/0/20               0           0           0           0          0            0 
Tw1/0/21               0           0           0           0          0            0 
Tw1/0/22               0           0           0           0          0            0 
Tw1/0/23               0           0           0           0          0            0 
Tw1/0/24               0           0           0           0          0            0 
Tw1/0/25               0           0           0           0          0            0 
Tw1/0/26               0           0           0           0          0            0 
Tw1/0/27               0           0           0           0          0            0 
Tw1/0/28               0           0           0           0          0            0 
Tw1/0/29               0           0           0           0          0            0 
Tw1/0/30               0           0           0           0          0            0 
Tw1/0/31               0           0           0           0          0            0 
Tw1/0/32               0           0           0           0          0            0 
Tw1/0/33               0           0           0           0          0            0 
Tw1/0/34               0           0           0           0          0            0 
Tw1/0/35               0           0           0           0          0            0 
Tw1/0/36               0           0           0           0          0            0 
Te1/0/37               0           0           0           0          0            0 
Te1/0/38               0           0           0           0          0            0 
Te1/0/39               0           0           0           0          0            0 
Te1/0/40               0           0           0           0          0            0 
Te1/0/41               0           0           0           0          0            0 
Te1/0/42               0           0           0           0          0            0 
Te1/0/43               0           0           0           0          0            0 
Te1/0/44               0           0           0           0          0            0 
Te1/0/45               0           0           0           0          0            0 
Te1/0/46               0           0           0           0          0            0 
Te1/0/47               0           0           0           0          0            0 
Te1/0/48               0           0           0           0          0            0 
Twe1/1/1               0           0           0           0          0            0 
Twe1/1/2               0           0           0           0          0            0 
Ap1/0/1                0           0           0           0          0            0 
Tw2/0/1                0           0           0           0          0            0 
Tw2/0/2                0           0           0           0          0            0 
Tw2/0/3                0           0           0           0          0            0 
Tw2/0/4                0           0           0           0          0            0 
Tw2/0/5                0           0           0           0          0            0 
Tw2/0/6                0           0           0           0          0            0 
Tw2/0/7                0           0           0           0          0            0 
Tw2/0/8                0           0           0           0          0            0 
Tw2/0/9                0           0           0           0          0            0 
Tw2/0/10               0           0           0           0          0            0 
Tw2/0/11               0           0           0           0          0            0 
Tw2/0/12               0           0           0           0          0            0 
Tw2/0/13               0           0           0           0          0            0 
Tw2/0/14               0           0           0           0          0            0 
Tw2/0/15               0           0           0           0          0            0 
Tw2/0/16               0           0           0           0          0            0 
Tw2/0/17               0           0           0           0          0            0 
Tw2/0/18               0           0           0           0          0            0 
Tw2/0/19               0           0           0           0          0            0 
Tw2/0/20               0           0           0           0          0            0 
Tw2/0/21               0           0           0           0          0            0 
Tw2/0/22               0           0           0           0          0            0 
Tw2/0/23               0           0           0           0          0            0 
Tw2/0/24               0           0           0           0          0            0 
Tw2/0/25               0           0           0           0          0            0 
Tw2/0/26               0           0           0           0          0            0 
Tw2/0/27               0           0           0           0          0            0 
Tw2/0/28               0           0           0           0          0            0 
Tw2/0/29               0           0           0           0          0            0 
Tw2/0/30               0           0           0           0          0            0 
Tw2/0/31               0           0           0           0          0            0 
Tw2/0/32               0           0           0           0          0            0 
Tw2/0/33               0           0           0           0          0            0 
Tw2/0/34               0           0           0           0          0            0 
Tw2/0/35               0           0           0           0          0            0 
Tw2/0/36               0           0           0           0          0            0 
Te2/0/37               0           0           0           0          0            0 
Te2/0/38               0           0           0           0          0            0 
Te2/0/39               0           0           0           0          0            0 
Te2/0/40               0           0           0           0          0            0 
Te2/0/41               0           0           0           0          0            0 
Te2/0/42               0           0           0           0          0            0 
Te2/0/43               0           0           0           0          0            0 
Te2/0/44               0           0           0           0          0            0 
Te2/0/45               0           0           0           0          0            0 
Te2/0/46               0           0           0           0          0            0 
Te2/0/47               0           0           0           0          0            0 
Te2/0/48               0           0           0           0          0            0 
Twe2/1/1               0           0           0           0          0            0 
Twe2/1/2               0           0           0           0          0            0 
Ap2/0/1                0           0           0           0          0            0 
Po59                   0           0           0           0          0            0 
Po60                   0           0           0           0          0            0 

Port         Single-Col  Multi-Col   Late-Col  Excess-Col  Carri-Sen      Runts 
Tw1/0/1               0          0          0           0          0          0 
Tw1/0/2               0          0          0           0          0          0 
Tw1/0/3               0          0          0           0          0          0 
Tw1/0/4               0          0          0           0          0          0 
Tw1/0/5               0          0          0           0          0          0 
Tw1/0/6               0          0          0           0          0          0 
Tw1/0/7               0          0          0           0          0          0 
Tw1/0/8               0          0          0           0          0          0 
Tw1/0/9               0          0          0           0          0          0 
Tw1/0/10              0          0          0           0          0          0 
Tw1/0/11              0          0          0           0          0          0 
Tw1/0/12              0          0          0           0          0          0 
Tw1/0/13              0          0          0           0          0          0 
Tw1/0/14              0          0          0           0          0          0 
Tw1/0/15              0          0          0           0          0          0 
Tw1/0/16              0          0          0           0          0          0 
Tw1/0/17              0          0          0           0          0          0 
Tw1/0/18              0          0          0           0          0          0 
Tw1/0/19              0          0          0           0          0          0 
Tw1/0/20              0          0          0           0          0          0 
Tw1/0/21              0          0          0           0          0          0 
Tw1/0/22              0          0          0           0          0          0 
Tw1/0/23              0          0          0           0          0          0 
Tw1/0/24              0          0          0           0          0          0 
Tw1/0/25              0          0          0           0          0          0 
Tw1/0/26              0          0          0           0          0          0 
Tw1/0/27              0          0          0           0          0          0 
Tw1/0/28              0          0          0           0          0          0 
Tw1/0/29              0          0          0           0          0          0 
Tw1/0/30              0          0          0           0          0          0 
Tw1/0/31              0          0          0           0          0          0 
Tw1/0/32              0          0          0           0          0          0 
Tw1/0/33              0          0          0           0          0          0 
Tw1/0/34              0          0          0           0          0          0 
Tw1/0/35              0          0          0           0          0          0 
Tw1/0/36              0          0          0           0          0          0 
Te1/0/37              0          0          0           0          0          0 
Te1/0/38              0          0          0           0          0          0 
Te1/0/39              0          0          0           0          0          0 
Te1/0/40              0          0          0           0          0          0 
Te1/0/41              0          0          0           0          0          0 
Te1/0/42              0          0          0           0          0          0 
Te1/0/43              0          0          0           0          0          0 
Te1/0/44              0          0          0           0          0          0 
Te1/0/45              0          0          0           0          0          0 
Te1/0/46              0          0          0           0          0          0 
Te1/0/47              0          0          0           0          0          0 
Te1/0/48              0          0          0           0          0          0 
Twe1/1/1              0          0          0           0          0          0 
Twe1/1/2              0          0          0           0          0          0 
Ap1/0/1               0          0          0           0          0          0 
Tw2/0/1               0          0          0           0          0          0 
Tw2/0/2               0          0          0           0          0          0 
Tw2/0/3               0          0          0           0          0          0 
Tw2/0/4               0          0          0           0          0          0 
Tw2/0/5               0          0          0           0          0          0 
Tw2/0/6               0          0          0           0          0          0 
Tw2/0/7               0          0          0           0          0          0 
Tw2/0/8               0          0          0           0          0          0 
Tw2/0/9               0          0          0           0          0          0 
Tw2/0/10              0          0          0           0          0          0 
Tw2/0/11              0          0          0           0          0          0 
Tw2/0/12              0          0          0           0          0          0 
Tw2/0/13              0          0          0           0          0          0 
Tw2/0/14              0          0          0           0          0          0 
Tw2/0/15              0          0          0           0          0          0 
Tw2/0/16              0          0          0           0          0          0 
Tw2/0/17              0          0          0           0          0          0 
Tw2/0/18              0          0          0           0          0          0 
Tw2/0/19              0          0          0           0          0          0 
Tw2/0/20              0          0          0           0          0          0 
Tw2/0/21              0          0          0           0          0          0 
Tw2/0/22              0          0          0           0          0          0 
Tw2/0/23              0          0          0           0          0          0 
Tw2/0/24              0          0          0           0          0          0 
Tw2/0/25              0          0          0           0          0          0 
Tw2/0/26              0          0          0           0          0          0 
Tw2/0/27              0          0          0           0          0          0 
Tw2/0/28              0          0          0           0          0          0 
Tw2/0/29              0          0          0           0          0          0 
Tw2/0/30              0          0          0           0          0          0 
Tw2/0/31              0          0          0           0          0          0 
Tw2/0/32              0          0          0           0          0          0 
Tw2/0/33              0          0          0           0          0          0 
Tw2/0/34              0          0          0           0          0          0 
Tw2/0/35              0          0          0           0          0          0 
Tw2/0/36              0          0          0           0          0          0 
Te2/0/37              0          0          0           0          0          0 
Te2/0/38              0          0          0           0          0          0 
Te2/0/39              0          0          0           0          0          0 
Te2/0/40              0          0          0           0          0          0 
Te2/0/41              0          0          0           0          0          0 
Te2/0/42              0          0          0           0          0          0 
Te2/0/43              0          0          0           0          0          0 
Te2/0/44              0          0          0           0          0          0 
Te2/0/45              0          0          0           0          0          0 
Te2/0/46              0          0          0           0          0          0 
Te2/0/47              0          0          0           0          0          0 
Te2/0/48              0          0          0           0          0          0 
Twe2/1/1              0          0          0           0          0          0 
Twe2/1/2              0          0          0           0          0          0 
Ap2/0/1               0          0          0           0          0          0 
Po59                  0          0          0           0          0          0 
Po60                  0          0          0           0          0          0 
tmxcrlasw203#!

tmxcrlasw203#show ip route static
Codes: L - local, C - connected, S - static, R - RIP, M - mobile, B - BGP
       D - EIGRP, EX - EIGRP external, O - OSPF, IA - OSPF inter area 
       N1 - OSPF NSSA external type 1, N2 - OSPF NSSA external type 2
       E1 - OSPF external type 1, E2 - OSPF external type 2, m - OMP
       n - NAT, Ni - NAT inside, No - NAT outside, Nd - NAT DIA
       i - IS-IS, su - IS-IS summary, L1 - IS-IS level-1, L2 - IS-IS level-2
       ia - IS-IS inter area, * - candidate default, U - per-user static route
       H - NHRP, G - NHRP registered, g - NHRP registration summary
       o - ODR, P - periodic downloaded static route, l - LISP
       a - application route
       + - replicated route, % - next hop override, p - overrides from PfR
       & - replicated local route overrides by connected

Gateway of last resort is 172.20.113.193 to network 0.0.0.0

S*    0.0.0.0/0 [1/0] via 172.20.113.193
tmxcrlasw203#!

tmxcrlasw203#show ip eigrp interface

tmxcrlasw203#!

tmxcrlasw203#show standby brief

tmxcrlasw203#!

tmxcrlasw203#show cdp neighbor
Capability Codes: R - Router, T - Trans Bridge, B - Source Route Bridge
                  S - Switch, H - Host, I - IGMP, r - Repeater, P - Phone, 
                  D - Remote, C - CVTA, M - Two-port Mac Relay 

Device ID        Local Intrfce     Holdtme    Capability  Platform  Port ID
tmxcr-sapre5-c9300-48uxm
                 Ten 2/0/48        131              S I   C9300-48U Gig 0/0
tmxcr-sapre5-c9300-48uxm
                 Ten 1/0/48        146              S I   C9300-48U Ten 1/0/48
tmxcrlcrt001-01-X9.tmx.nam.gm.com
                 Twe 1/1/1         137             R S I  C9500-48Y Twe 2/0/3
tmxcrlcrt002-01-Y9.tmx.nam.gm.com
                 Twe 2/1/1         130             R S I  C9500-48Y Twe 2/0/3

Total cdp entries displayed : 4
tmxcrlasw203#!

tmxcrlasw203#show lldp neighbor
Capability codes:
    (R) Router, (B) Bridge, (T) Telephone, (C) DOCSIS Cable Device
    (W) WLAN Access Point, (P) Repeater, (S) Station, (O) Other

Device ID           Local Intf     Hold-time  Capability      Port ID
tmxcrlcrt002-01-Y9.tTwe2/1/1       120        B,R             Twe2/0/3
tmxcrlcrt001-01-X9.tTwe1/1/1       120        B,R             Twe2/0/3

Total entries displayed: 2

tmxcrlasw203#!

tmxcrlasw203#show vlan

VLAN Name                             Status    Ports
---- -------------------------------- --------- -------------------------------
1    default                          active    Ap1/0/1, Te2/0/37, Te2/0/38, Te2/0/39, Te2/0/40, Te2/0/41, Te2/0/42, Te2/0/43, Te2/0/44, Te2/0/45, Te2/0/46, Te2/0/47, Ap2/0/1
9    Private-Mgmt-Iman-Servers        active    Tw1/0/6, Tw1/0/7, Tw2/0/6, Tw2/0/7
10   Private-Heartbeat-Iman-Servers   active    Tw1/0/5, Tw2/0/5
105  Server-BuR                       active    
218  Server_Mgmt                      active    Tw1/0/1, Tw1/0/2, Tw1/0/3, Tw1/0/4, Tw1/0/8, Tw1/0/10, Tw1/0/11, Tw1/0/14, Tw2/0/1, Tw2/0/2, Tw2/0/3, Tw2/0/4, Tw2/0/8, Tw2/0/9, Tw2/0/11, Tw2/0/12
401  Iman_Engineering                 active    
409  CAD2000                          active    
500  NMXTMX;VL500;TOLUCA_PDC          active    
800  Multi_TC_L2_Switch_Mgt_VLAN      active    Te2/0/48
1002 fddi-default                     act/unsup 
1003 token-ring-default               act/unsup 
1004 fddinet-default                  act/unsup 
1005 trnet-default                    act/unsup 

VLAN Type  SAID       MTU   Parent RingNo BridgeNo Stp  BrdgMode Trans1 Trans2
---- ----- ---------- ----- ------ ------ -------- ---- -------- ------ ------
1    enet  100001     1500  -      -      -        -    -        0      0   
9    enet  100009     1500  -      -      -        -    -        0      0   
10   enet  100010     1500  -      -      -        -    -        0      0   
105  enet  100105     1500  -      -      -        -    -        0      0   
218  enet  100218     1500  -      -      -        -    -        0      0   
401  enet  100401     1500  -      -      -        -    -        0      0   
409  enet  100409     1500  -      -      -        -    -        0      0   
500  enet  100500     1500  -      -      -        -    -        0      0   
800  enet  100800     1500  -      -      -        -    -        0      0   
1002 fddi  101002     1500  -      -      -        -    -        0      0   
1003 tr    101003     1500  -      -      -        -    -        0      0   
1004 fdnet 101004     1500  -      -      -        ieee -        0      0   
1005 trnet 101005     1500  -      -      -        ibm  -        0      0   

Remote SPAN VLANs
------------------------------------------------------------------------------


Primary Secondary Type              Ports
------- --------- ----------------- ------------------------------------------

tmxcrlasw203#!

tmxcrlasw203#sh int status

Port         Name               Status       Vlan       Duplex  Speed Type
Tw1/0/1      MXTOLTCAHPIHS01-M1 notconnect   218          auto   auto 100/1000/2.5GBaseTX
Tw1/0/2      MXTOLTCAHPIHS02-M1 notconnect   218          auto   auto 100/1000/2.5GBaseTX
Tw1/0/3      MXTMXBRSHPIBR02-il notconnect   218          auto   auto 100/1000/2.5GBaseTX
Tw1/0/4      MXTOLTCAHPIHS01-IL notconnect   218          auto   auto 100/1000/2.5GBaseTX
Tw1/0/5      MXTOLTCAHPIHS01-HB notconnect   10           auto   auto 100/1000/2.5GBaseTX
Tw1/0/6      MXTOLTCAHPIHS01-V1 notconnect   9            auto   auto 100/1000/2.5GBaseTX
Tw1/0/7      MXTOLTCAHPIHS02-V1 notconnect   9            auto   auto 100/1000/2.5GBaseTX
Tw1/0/8      tolipdtcu011:iLO   connected    218        a-full  a-100 100/1000/2.5GBaseTX
Tw1/0/9      TOLIPEXGMO001-M1   notconnect   219          full    100 100/1000/2.5GBaseTX
Tw1/0/10     tmxipphacc01-mgt   notconnect   218          auto   auto 100/1000/2.5GBaseTX
Tw1/0/11     tmxipphacc02-mgt   connected    218        a-full a-1000 100/1000/2.5GBaseTX
Tw1/0/12     available GT Infra notconnect   999          auto   auto 100/1000/2.5GBaseTX
Tw1/0/13     available GT Infra notconnect   999          auto   auto 100/1000/2.5GBaseTX
Tw1/0/14     tolipdtcu011:iLO   notconnect   218          auto   auto 100/1000/2.5GBaseTX
Tw1/0/15     available GT Infra disabled     999          auto   auto 100/1000/2.5GBaseTX
Tw1/0/16     available GT Infra disabled     999          auto   auto 100/1000/2.5GBaseTX
Tw1/0/17     available GT Infra disabled     999          auto   auto 100/1000/2.5GBaseTX
Tw1/0/18     available GT Infra disabled     999          auto   auto 100/1000/2.5GBaseTX
Tw1/0/19     available GT Infra disabled     999          auto   auto 100/1000/2.5GBaseTX
Tw1/0/20     available GT Infra disabled     999          auto   auto 100/1000/2.5GBaseTX
Tw1/0/21     available GT Infra disabled     999          auto   auto 100/1000/2.5GBaseTX
Tw1/0/22     available GT Infra disabled     999          auto   auto 100/1000/2.5GBaseTX
Tw1/0/23     available GT Infra disabled     999          auto   auto 100/1000/2.5GBaseTX
Tw1/0/24     available GT Infra disabled     999          auto   auto 100/1000/2.5GBaseTX
Tw1/0/25     available GT Infra disabled     999          auto   auto 100/1000/2.5GBaseTX
Tw1/0/26     available GT Infra disabled     999          auto   auto 100/1000/2.5GBaseTX
Tw1/0/27     available GT Infra disabled     999          auto   auto 100/1000/2.5GBaseTX
Tw1/0/28     available GT Infra disabled     999          auto   auto 100/1000/2.5GBaseTX
Tw1/0/29     available GT Infra disabled     999          auto   auto 100/1000/2.5GBaseTX
Tw1/0/30     available GT Infra disabled     999          auto   auto 100/1000/2.5GBaseTX
Tw1/0/31     available GT Infra disabled     999          auto   auto 100/1000/2.5GBaseTX
Tw1/0/32     available GT Infra disabled     999          auto   auto 100/1000/2.5GBaseTX
Tw1/0/33     available GT Infra disabled     999          auto   auto 100/1000/2.5GBaseTX
Tw1/0/34     available GT Infra disabled     999          auto   auto 100/1000/2.5GBaseTX
Tw1/0/35     available GT Infra disabled     999          auto   auto 100/1000/2.5GBaseTX
Tw1/0/36     available GT Infra disabled     999          auto   auto 100/1000/2.5GBaseTX
Te1/0/37     available GT Infra disabled     999          auto   auto 100/1000/2.5G/5G/10GBaseTX
Te1/0/38     available GT Infra disabled     999          auto   auto 100/1000/2.5G/5G/10GBaseTX
Te1/0/39     available GT Infra disabled     999          auto   auto 100/1000/2.5G/5G/10GBaseTX
Te1/0/40     available GT Infra disabled     999          auto   auto 100/1000/2.5G/5G/10GBaseTX
Te1/0/41     available GT Infra disabled     999          auto   auto 100/1000/2.5G/5G/10GBaseTX
Te1/0/42     available GT Infra disabled     999          auto   auto 100/1000/2.5G/5G/10GBaseTX
Te1/0/43     available GT Infra disabled     999          auto   auto 100/1000/2.5G/5G/10GBaseTX
Te1/0/44     available GT Infra disabled     999          auto   auto 100/1000/2.5G/5G/10GBaseTX
Te1/0/45     available GT Infra disabled     999          auto   auto 100/1000/2.5G/5G/10GBaseTX
Te1/0/46     available GT Infra disabled     999          auto   auto 100/1000/2.5G/5G/10GBaseTX
Te1/0/47     available GT Infra disabled     999          auto   auto 100/1000/2.5G/5G/10GBaseTX
Te1/0/48     tmxcr-spare-transi connected    trunk      a-full  a-10G 100/1000/2.5G/5G/10GBaseTX
Twe1/1/1     link-tmxcrlcrt001- connected    trunk        full    25G SFP-10/25GBase-CSR
Twe1/1/2     Future GT Infrastr disabled     999          auto   auto unknown
Ap1/0/1      Unused GT Infrastr disabled     1            auto   auto App-hosting port
Tw2/0/1      MXTOLTCAHPIHS01-M2 notconnect   218          auto   auto 100/1000/2.5GBaseTX
Tw2/0/2      MXTOLTCAHPIHS02-M2 notconnect   218          auto   auto 100/1000/2.5GBaseTX
Tw2/0/3      MXTMXBRSHPIBR02-m  notconnect   218          auto   auto 100/1000/2.5GBaseTX
Tw2/0/4      MXTOLTCAHPIHS02-IL notconnect   218          auto   auto 100/1000/2.5GBaseTX
Tw2/0/5      MXTOLTCAHPIHS02-HB notconnect   10           auto   auto 100/1000/2.5GBaseTX
Tw2/0/6      MXTOLTCAHPIHS01-V2 notconnect   9            auto   auto 100/1000/2.5GBaseTX
Tw2/0/7      MXTOLTCAHPIHS02-V2 notconnect   9            auto   auto 100/1000/2.5GBaseTX
Tw2/0/8      tolipdtcu012:iLO   notconnect   218          auto   auto 100/1000/2.5GBaseTX
Tw2/0/9      TOLIPPAGMND01-ILO  connected    218        a-full  a-100 100/1000/2.5GBaseTX
Tw2/0/10     available GT Infra disabled     999          auto   auto 100/1000/2.5GBaseTX
Tw2/0/11     tmxipphacc03-mgt   connected    218        a-full a-1000 100/1000/2.5GBaseTX
Tw2/0/12     tmxipphacc04-mgt   connected    218        a-full a-1000 100/1000/2.5GBaseTX
Tw2/0/13     available GT Infra disabled     999          auto   auto 100/1000/2.5GBaseTX
Tw2/0/14     available GT Infra disabled     999          auto   auto 100/1000/2.5GBaseTX
Tw2/0/15     available GT Infra disabled     999          auto   auto 100/1000/2.5GBaseTX
Tw2/0/16     available GT Infra disabled     999          auto   auto 100/1000/2.5GBaseTX
Tw2/0/17     available GT Infra disabled     999          auto   auto 100/1000/2.5GBaseTX
Tw2/0/18     available GT Infra disabled     999          auto   auto 100/1000/2.5GBaseTX
Tw2/0/19     available GT Infra disabled     999          auto   auto 100/1000/2.5GBaseTX
Tw2/0/20     available GT Infra disabled     999          auto   auto 100/1000/2.5GBaseTX
Tw2/0/21     available GT Infra disabled     999          auto   auto 100/1000/2.5GBaseTX
Tw2/0/22     available GT Infra disabled     999          auto   auto 100/1000/2.5GBaseTX
Tw2/0/23     available GT Infra disabled     999          auto   auto 100/1000/2.5GBaseTX
Tw2/0/24     available GT Infra disabled     999          auto   auto 100/1000/2.5GBaseTX
Tw2/0/25     available GT Infra disabled     999          auto   auto 100/1000/2.5GBaseTX
Tw2/0/26     available GT Infra disabled     999          auto   auto 100/1000/2.5GBaseTX
Tw2/0/27     available GT Infra disabled     999          auto   auto 100/1000/2.5GBaseTX
Tw2/0/28     available GT Infra disabled     999          auto   auto 100/1000/2.5GBaseTX
Tw2/0/29     available GT Infra disabled     999          auto   auto 100/1000/2.5GBaseTX
Tw2/0/30     available GT Infra disabled     999          auto   auto 100/1000/2.5GBaseTX
Tw2/0/31     available GT Infra disabled     999          auto   auto 100/1000/2.5GBaseTX
Tw2/0/32     available GT Infra disabled     999          auto   auto 100/1000/2.5GBaseTX
Tw2/0/33     available GT Infra disabled     999          auto   auto 100/1000/2.5GBaseTX
Tw2/0/34     available GT Infra disabled     999          auto   auto 100/1000/2.5GBaseTX
Tw2/0/35     available GT Infra disabled     999          auto   auto 100/1000/2.5GBaseTX
Tw2/0/36     available GT Infra disabled     999          auto   auto 100/1000/2.5GBaseTX
Te2/0/37                        notconnect   1            auto   auto 100/1000/2.5G/5G/10GBaseTX
Te2/0/38                        notconnect   1            auto   auto 100/1000/2.5G/5G/10GBaseTX
Te2/0/39                        notconnect   1            auto   auto 100/1000/2.5G/5G/10GBaseTX
Te2/0/40                        notconnect   1            auto   auto 100/1000/2.5G/5G/10GBaseTX
Te2/0/41                        notconnect   1            auto   auto 100/1000/2.5G/5G/10GBaseTX
Te2/0/42                        notconnect   1            auto   auto 100/1000/2.5G/5G/10GBaseTX
Te2/0/43                        notconnect   1            auto   auto 100/1000/2.5G/5G/10GBaseTX
Te2/0/44                        notconnect   1            auto   auto 100/1000/2.5G/5G/10GBaseTX
Te2/0/45                        notconnect   1            auto   auto 100/1000/2.5G/5G/10GBaseTX
Te2/0/46                        notconnect   1            auto   auto 100/1000/2.5G/5G/10GBaseTX
Te2/0/47                        notconnect   1            auto   auto 100/1000/2.5G/5G/10GBaseTX
Te2/0/48     link-tmx-spare5-c9 connected    800        a-full a-1000 100/1000/2.5G/5G/10GBaseTX
Twe2/1/1     link-tmxcrlcrt002- connected    trunk        full    25G SFP-10/25GBase-CSR
Twe2/1/2     Future GT Infrastr disabled     999          auto   auto unknown
Ap2/0/1                         connected    1          a-full a-1000 App-hosting port
Po59         link-tmxcrlcrt001- connected    trunk      a-full    25G N/A
Po60         link-tmxcrlcrt002- connected    trunk      a-full    25G N/A
tmxcrlasw203#!

tmxcrlasw203#show interface trunk

Port           Mode             Encapsulation  Status        Native vlan  
Te1/0/48       on               802.1q         trunking      1
Po59           on               802.1q         trunking      1
Po60           on               802.1q         trunking      1

Port           Vlans allowed on trunk
Te1/0/48       800
Po59           9-10,105,218,401,409,500,800
Po60           9-10,105,218,401,409,500,800

Port           Vlans allowed and active in management domain
Te1/0/48       800
Po59           9-10,105,218,401,409,500,800
Po60           9-10,105,218,401,409,500,800

Port           Vlans in spanning tree forwarding state and not pruned
Te1/0/48       800
Po59           9,105,401,409,800
Po60           10,218,500
tmxcrlasw203#!

tmxcrlasw203#show interface status | inc connected
Tw1/0/8      tolipdtcu011:iLO   connected    218        a-full  a-100 100/1000/2.5GBaseTX
Tw1/0/11     tmxipphacc02-mgt   connected    218        a-full a-1000 100/1000/2.5GBaseTX
Te1/0/48     tmxcr-spare-transi connected    trunk      a-full  a-10G 100/1000/2.5G/5G/10GBaseTX
Twe1/1/1     link-tmxcrlcrt001- connected    trunk        full    25G SFP-10/25GBase-CSR
Tw2/0/9      TOLIPPAGMND01-ILO  connected    218        a-full  a-100 100/1000/2.5GBaseTX
Tw2/0/11     tmxipphacc03-mgt   connected    218        a-full a-1000 100/1000/2.5GBaseTX
Tw2/0/12     tmxipphacc04-mgt   connected    218        a-full a-1000 100/1000/2.5GBaseTX
Te2/0/48     link-tmx-spare5-c9 connected    800        a-full a-1000 100/1000/2.5G/5G/10GBaseTX
Twe2/1/1     link-tmxcrlcrt002- connected    trunk        full    25G SFP-10/25GBase-CSR
Ap2/0/1                         connected    1          a-full a-1000 App-hosting port
Po59         link-tmxcrlcrt001- connected    trunk      a-full    25G N/A
Po60         link-tmxcrlcrt002- connected    trunk      a-full    25G N/A
tmxcrlasw203#!

tmxcrlasw203#show power inline

Module   Available     Used     Remaining
          (Watts)     (Watts)    (Watts) 
------   ---------   --------   ---------
1           510.0        0.0       510.0
Interface Admin  Oper       Power   Device              Class Max
                            (Watts)                            
--------- ------ ---------- ------- ------------------- ----- ----
Tw1/0/1   auto   off        0.0     n/a                 n/a   60.0 
Tw1/0/2   auto   off        0.0     n/a                 n/a   60.0 
Tw1/0/3   auto   off        0.0     n/a                 n/a   60.0 
Tw1/0/4   auto   off        0.0     n/a                 n/a   60.0 
Tw1/0/5   auto   off        0.0     n/a                 n/a   60.0 
Tw1/0/6   auto   off        0.0     n/a                 n/a   60.0 
Tw1/0/7   auto   off        0.0     n/a                 n/a   60.0 
Tw1/0/8   auto   off        0.0     n/a                 n/a   60.0 
Tw1/0/9   auto   off        0.0     n/a                 n/a   60.0 
Tw1/0/10  auto   off        0.0     n/a                 n/a   60.0 
Tw1/0/11  auto   off        0.0     n/a                 n/a   60.0 
Tw1/0/12  auto   off        0.0     n/a                 n/a   60.0 
Tw1/0/13  auto   off        0.0     n/a                 n/a   60.0 
Tw1/0/14  auto   off        0.0     n/a                 n/a   60.0 
Tw1/0/15  auto   off        0.0     n/a                 n/a   60.0 
Tw1/0/16  auto   off        0.0     n/a                 n/a   60.0 
Tw1/0/17  auto   off        0.0     n/a                 n/a   60.0 
Tw1/0/18  auto   off        0.0     n/a                 n/a   60.0 
Tw1/0/19  auto   off        0.0     n/a                 n/a   60.0 
Tw1/0/20  auto   off        0.0     n/a                 n/a   60.0 
Tw1/0/21  auto   off        0.0     n/a                 n/a   60.0 
Tw1/0/22  auto   off        0.0     n/a                 n/a   60.0 
Tw1/0/23  auto   off        0.0     n/a                 n/a   60.0 
Tw1/0/24  auto   off        0.0     n/a                 n/a   60.0 
Tw1/0/25  auto   off        0.0     n/a                 n/a   60.0 
Tw1/0/26  auto   off        0.0     n/a                 n/a   60.0 
Tw1/0/27  auto   off        0.0     n/a                 n/a   60.0 
Tw1/0/28  auto   off        0.0     n/a                 n/a   60.0 
Tw1/0/29  auto   off        0.0     n/a                 n/a   60.0 
Tw1/0/30  auto   off        0.0     n/a                 n/a   60.0 
Tw1/0/31  auto   off        0.0     n/a                 n/a   60.0 
Tw1/0/32  auto   off        0.0     n/a                 n/a   60.0 
Tw1/0/33  auto   off        0.0     n/a                 n/a   60.0 
Tw1/0/34  auto   off        0.0     n/a                 n/a   60.0 
Tw1/0/35  auto   off        0.0     n/a                 n/a   60.0 
Tw1/0/36  auto   off        0.0     n/a                 n/a   60.0 
Te1/0/37  auto   off        0.0     n/a                 n/a   60.0 
Te1/0/38  auto   off        0.0     n/a                 n/a   60.0 
Te1/0/39  auto   off        0.0     n/a                 n/a   60.0 
Te1/0/40  auto   off        0.0     n/a                 n/a   60.0 
Te1/0/41  auto   off        0.0     n/a                 n/a   60.0 
Te1/0/42  auto   off        0.0     n/a                 n/a   60.0 
Te1/0/43  auto   off        0.0     n/a                 n/a   60.0 
Te1/0/44  auto   off        0.0     n/a                 n/a   60.0 
Te1/0/45  auto   off        0.0     n/a                 n/a   60.0 
Te1/0/46  auto   off        0.0     n/a                 n/a   60.0 
Te1/0/47  auto   off        0.0     n/a                 n/a   60.0 
Te1/0/48  auto   off        0.0     n/a                 n/a   60.0 
--------- ------ ---------- ---------- ---------- ------ ----- 
Totals:          0    on    0.0       


Module   Available     Used     Remaining
          (Watts)     (Watts)    (Watts) 
------   ---------   --------   ---------
2           510.0        0.0       510.0
Interface Admin  Oper       Power   Device              Class Max
                            (Watts)                            
--------- ------ ---------- ------- ------------------- ----- ----
Tw2/0/1   auto   off        0.0     n/a                 n/a   60.0 
Tw2/0/2   auto   off        0.0     n/a                 n/a   60.0 
Tw2/0/3   auto   off        0.0     n/a                 n/a   60.0 
Tw2/0/4   auto   off        0.0     n/a                 n/a   60.0 
Tw2/0/5   auto   off        0.0     n/a                 n/a   60.0 
Tw2/0/6   auto   off        0.0     n/a                 n/a   60.0 
Tw2/0/7   auto   off        0.0     n/a                 n/a   60.0 
Tw2/0/8   auto   off        0.0     n/a                 n/a   60.0 
Tw2/0/9   auto   off        0.0     n/a                 n/a   60.0 
Tw2/0/10  auto   off        0.0     n/a                 n/a   60.0 
Tw2/0/11  auto   off        0.0     n/a                 n/a   60.0 
Tw2/0/12  auto   off        0.0     n/a                 n/a   60.0 
Tw2/0/13  auto   off        0.0     n/a                 n/a   60.0 
Tw2/0/14  auto   off        0.0     n/a                 n/a   60.0 
Tw2/0/15  auto   off        0.0     n/a                 n/a   60.0 
Tw2/0/16  auto   off        0.0     n/a                 n/a   60.0 
Tw2/0/17  auto   off        0.0     n/a                 n/a   60.0 
Tw2/0/18  auto   off        0.0     n/a                 n/a   60.0 
Tw2/0/19  auto   off        0.0     n/a                 n/a   60.0 
Tw2/0/20  auto   off        0.0     n/a                 n/a   60.0 
Tw2/0/21  auto   off        0.0     n/a                 n/a   60.0 
Tw2/0/22  auto   off        0.0     n/a                 n/a   60.0 
Tw2/0/23  auto   off        0.0     n/a                 n/a   60.0 
Tw2/0/24  auto   off        0.0     n/a                 n/a   60.0 
Tw2/0/25  auto   off        0.0     n/a                 n/a   60.0 
Tw2/0/26  auto   off        0.0     n/a                 n/a   60.0 
Tw2/0/27  auto   off        0.0     n/a                 n/a   60.0 
Tw2/0/28  auto   off        0.0     n/a                 n/a   60.0 
Tw2/0/29  auto   off        0.0     n/a                 n/a   60.0 
Tw2/0/30  auto   off        0.0     n/a                 n/a   60.0 
Tw2/0/31  auto   off        0.0     n/a                 n/a   60.0 
Tw2/0/32  auto   off        0.0     n/a                 n/a   60.0 
Tw2/0/33  auto   off        0.0     n/a                 n/a   60.0 
Tw2/0/34  auto   off        0.0     n/a                 n/a   60.0 
Tw2/0/35  auto   off        0.0     n/a                 n/a   60.0 
Tw2/0/36  auto   off        0.0     n/a                 n/a   60.0 
Te2/0/37  auto   off        0.0     n/a                 n/a   60.0 
Te2/0/38  auto   off        0.0     n/a                 n/a   60.0 
Te2/0/39  auto   off        0.0     n/a                 n/a   60.0 
Te2/0/40  auto   off        0.0     n/a                 n/a   60.0 
Te2/0/41  auto   off        0.0     n/a                 n/a   60.0 
Te2/0/42  auto   off        0.0     n/a                 n/a   60.0 
Te2/0/43  auto   off        0.0     n/a                 n/a   60.0 
Te2/0/44  auto   off        0.0     n/a                 n/a   60.0 
Te2/0/45  auto   off        0.0     n/a                 n/a   60.0 
Te2/0/46  auto   off        0.0     n/a                 n/a   60.0 
Te2/0/47  auto   off        0.0     n/a                 n/a   60.0 
Te2/0/48  auto   off        0.0     n/a                 n/a   60.0 
--------- ------ ---------- ---------- ---------- ------ ----- 
Totals:          0    on    0.0       

tmxcrlasw203#!

tmxcrlasw203#show interfaces | include Vlan
Vlan1 is administratively down, line protocol is down , Autostate Enabled
Vlan800 is up, line protocol is up , Autostate Enabled
tmxcrlasw203#!

tmxcrlasw203#show mac address-table
          Mac Address Table
-------------------------------------------

Vlan    Mac Address       Type        Ports
----    -----------       --------    -----
 All    0100.0ccc.cccc    STATIC      CPU
 All    0100.0ccc.cccd    STATIC      CPU
 All    0180.c200.0000    STATIC      CPU
 All    0180.c200.0001    STATIC      CPU
 All    0180.c200.0002    STATIC      CPU
 All    0180.c200.0003    STATIC      CPU
 All    0180.c200.0004    STATIC      CPU
 All    0180.c200.0005    STATIC      CPU
 All    0180.c200.0006    STATIC      CPU
 All    0180.c200.0007    STATIC      CPU
 All    0180.c200.0008    STATIC      CPU
 All    0180.c200.0009    STATIC      CPU
 All    0180.c200.000a    STATIC      CPU
 All    0180.c200.000b    STATIC      CPU
 All    0180.c200.000c    STATIC      CPU
 All    0180.c200.000d    STATIC      CPU
 All    0180.c200.000e    STATIC      CPU
 All    0180.c200.000f    STATIC      CPU
 All    0180.c200.0010    STATIC      CPU
 All    0180.c200.0021    STATIC      CPU
 All    ffff.ffff.ffff    STATIC      CPU
 800    0000.0c07.ac02    DYNAMIC     Po59
 800    549f.c6f4.8fbf    DYNAMIC     Po59
 800    b0c5.3c3e.03c3    DYNAMIC     Po59
 800    b0c5.3c3e.04ff    DYNAMIC     Po59
 800    ecce.1333.1d80    DYNAMIC     Te2/0/48
 800    ecce.1366.7bd2    STATIC      Vl800 
 218    0000.0c07.ac02    DYNAMIC     Po60
 218    0050.5667.dfe2    DYNAMIC     Po60
 218    00e0.d816.5734    DYNAMIC     Po60
 218    00e0.d816.5739    DYNAMIC     Po60
 218    2cea.7f6d.5334    DYNAMIC     Po60
 218    549f.c6f4.8fbf    DYNAMIC     Po60
 218    549f.c6f4.a643    DYNAMIC     Po60
 218    70b5.e8e1.a9fe    DYNAMIC     Po60
 218    7486.e2b1.8b21    DYNAMIC     Po60
 218    b0c5.3c3e.04ff    DYNAMIC     Po60
 218    b4b5.2fee.03ce    DYNAMIC     Tw2/0/9
 218    bc97.e172.bcf0    DYNAMIC     Po60
 218    c84b.d682.c04e    DYNAMIC     Po60
 218    c84b.d682.c0a8    DYNAMIC     Po60
 218    cc48.3a1b.b80a    DYNAMIC     Tw2/0/12
 218    d039.ea22.7707    DYNAMIC     Po60
 218    d039.ea22.7709    DYNAMIC     Po60
 218    d039.ea22.9f27    DYNAMIC     Po60
 218    d239.ea22.7707    DYNAMIC     Po60
 218    ec2a.7233.51b4    DYNAMIC     Tw1/0/11
 218    ec2a.7233.5364    DYNAMIC     Tw2/0/11
   9    b0c5.3c3e.03c3    DYNAMIC     Po59
  10    549f.c6f4.a643    DYNAMIC     Po60
 105    0000.0c07.ac01    DYNAMIC     Po59
 105    549f.c6f4.8fbf    DYNAMIC     Po59
 105    b0c5.3c3e.03c3    DYNAMIC     Po59
 105    b0c5.3c3e.04ff    DYNAMIC     Po59
 105    d239.ea22.7707    DYNAMIC     Po59
 401    0000.0c07.ac01    DYNAMIC     Po59
 401    0050.5688.2fdb    DYNAMIC     Po59
 401    0050.5688.83ff    DYNAMIC     Po59
 401    0050.5688.d0f6    DYNAMIC     Po59
 401    0050.5688.ee00    DYNAMIC     Po59
 401    0060.1645.6686    DYNAMIC     Po59
 401    0060.165b.96d2    DYNAMIC     Po59
 401    0060.165c.f6b6    DYNAMIC     Po59
 401    0062.0b02.feca    DYNAMIC     Po59
 401    549f.c6f4.8fbf    DYNAMIC     Po59
 401    908d.6ec7.a75b    DYNAMIC     Po59
 401    a036.9f6a.230e    DYNAMIC     Po59
 401    b0c5.3c3e.03c3    DYNAMIC     Po59
 401    b0c5.3c3e.04ff    DYNAMIC     Po59
 401    b496.91f4.2a54    DYNAMIC     Po59
 401    cc48.3a1b.b811    DYNAMIC     Po59
 401    d239.ea22.76f7    DYNAMIC     Po59
 401    d239.ea22.9f17    DYNAMIC     Po59
 409    0000.0c07.ac01    DYNAMIC     Po59
 409    549f.c6f4.8fbf    DYNAMIC     Po59
 409    b0c5.3c3e.03c3    DYNAMIC     Po59
 409    b0c5.3c3e.04ff    DYNAMIC     Po59
 500    0000.0c07.ac02    DYNAMIC     Po60
 500    0015.5daf.ef50    DYNAMIC     Po60
 500    0015.5dc0.1d00    DYNAMIC     Po60
 500    0015.5dc0.1d03    DYNAMIC     Po60
 500    2c44.fd7c.80c0    DYNAMIC     Po60
 500    549f.c6f4.8fbf    DYNAMIC     Po60
 500    549f.c6f4.a643    DYNAMIC     Po60
 500    b0c5.3c3e.04ff    DYNAMIC     Po60
Total Mac Addresses for this criterion: 85
tmxcrlasw203#!

tmxcrlasw203#show switch detail
Switch/Stack Mac Address : ecce.1366.7b80 - Local Mac Address
Mac persistency wait time: Indefinite
                                             H/W   Current
Switch#   Role    Mac Address     Priority Version  State 
-------------------------------------------------------------------------------------
*1       Active   ecce.1366.7b80     15     V03     Ready                               
 2       Standby  ecce.1366.7900     14     V03     Ready                               



         Stack Port Status             Neighbors     
Switch#  Port 1     Port 2           Port 1   Port 2 
--------------------------------------------------------
  1         OK         OK               2        2 
  2         OK         OK               1        1 

tmxcrlasw203#!

tmxcrlasw203#show env all
Sensor List: Environmental Monitoring 
 Sensor          Location        State               Reading       Range(min-max)       
 PS1 Vout        1               GOOD               56188 mV          na
 PS1 Vin         1               GOOD              118000 mV        90 - 264
 PS1 CURin       1               GOOD                1563 mA          na
 PS1 Curout      1               GOOD                3250 mA          na
 PS1 POWin       1               GOOD              182000 mW          na
 PS1 POWout      1               GOOD              162000 mW          na
 PS1 FAN         1               GOOD                4416 rpm         na
 PS2 Vout        1               NOT PRESENT            0 mV          na
 PS2 Vin         1               NOT PRESENT            0 mV        90 - 264
 PS2 CURin       1               NOT PRESENT            0 mA          na
 PS2 CURout      1               NOT PRESENT            0 mA          na
 PS2 POWin       1               NOT PRESENT            0 mW          na
 PS2 POWout      1               NOT PRESENT            0 mW          na
 PS2 FAN         1               NOT PRESENT            0 rpm         na
 SYSTEM INLET    1               GREEN                 30 Celsius   0 - 56
 SYSTEM OUTLET   1               GREEN                 50 Celsius   0 - 125
 SYSTEM HOTSPOT  1               GREEN                 84 Celsius   0 - 125

Switch	 FAN	 Speed	 State	 Airflow direction
---------------------------------------------------
  1  	  1	14240 	  OK	 Front to Back
  1  	  2	14240 	  OK	 Front to Back
  1  	  3	14240 	  OK	 Front to Back

SW  PID                 Serial#     Status           Sys Pwr  PoE Pwr  Watts
--  ------------------  ----------  ---------------  -------  -------  -----
1A  PWR-C1-1100WAC      LIT212945K9  OK              Good     Good     1100
1B  Not Present

---------------------------------------------------

Sensor List: Environmental Monitoring 
 Sensor          Location        State               Reading       Range(min-max)       
 PS1 Vout        2               GOOD               56047 mV          na
 PS1 Vin         2               GOOD              119125 mV        90 - 264
 PS1 CURin       2               GOOD                1322 mA          na
 PS1 Curout      2               GOOD                2547 mA          na
 PS1 POWin       2               GOOD              160750 mW          na
 PS1 POWout      2               GOOD              144000 mW          na
 PS1 FAN         2               GOOD                8240 rpm         na
 PS2 Vout        2               NOT PRESENT            0 mV          na
 PS2 Vin         2               NOT PRESENT            0 mV        90 - 264
 PS2 CURin       2               NOT PRESENT            0 mA          na
 PS2 CURout      2               NOT PRESENT            0 mA          na
 PS2 POWin       2               NOT PRESENT            0 mW          na
 PS2 POWout      2               NOT PRESENT            0 mW          na
 PS2 FAN         2               NOT PRESENT            0 rpm         na
 SYSTEM INLET    2               GREEN                 29 Celsius   0 - 56
 SYSTEM OUTLET   2               GREEN                 48 Celsius   0 - 125
 SYSTEM HOTSPOT  2               GREEN                 83 Celsius   0 - 125

Switch	 FAN	 Speed	 State	 Airflow direction
---------------------------------------------------
  2  	  1	14240 	  OK	 Front to Back
  2  	  2	14240 	  OK	 Front to Back
  2  	  3	14240 	  OK	 Front to Back

SW  PID                 Serial#     Status           Sys Pwr  PoE Pwr  Watts
--  ------------------  ----------  ---------------  -------  -------  -----
2A  PWR-C1-1100WAC      DTN2422V279  OK              Good     Good     1100
2B  Not Present

---------------------------------------------------

tmxcrlasw203#!

tmxcrlasw203#show ip arp
Protocol  Address          Age (min)  Hardware Addr   Type   Interface
Internet  172.20.113.193         64   0000.0c07.ac02  ARPA   Vlan800
Internet  172.20.113.194         10   549f.c6f4.8fbf  ARPA   Vlan800
Internet  172.20.113.195          9   b0c5.3c3e.04ff  ARPA   Vlan800
Internet  172.20.113.203          -   ecce.1366.7bd2  ARPA   Vlan800
tmxcrlasw203#!

tmxcrlasw203#show arp | in Vlan((5)*[0-1][0-9])

tmxcrlasw203#!

tmxcrlasw203#show license status
Utility:
  Status: DISABLED

Smart Licensing Using Policy:
  Status: ENABLED

Data Privacy:
  Sending Hostname: yes
    Callhome hostname privacy: DISABLED
    Smart Licensing hostname privacy: DISABLED
  Version privacy: DISABLED

Transport:
  Type: Callhome

Policy:
  Policy in use: Merged from multiple sources.
  Reporting ACK required: yes (CISCO default)
  Unenforced/Non-Export Perpetual Attributes:
    First report requirement (days): 365 (CISCO default)
    Reporting frequency (days): 0 (CISCO default)
    Report on change (days): 90 (CISCO default)
  Unenforced/Non-Export Subscription Attributes:
    First report requirement (days): 90 (CISCO default)
    Reporting frequency (days): 90 (CISCO default)
    Report on change (days): 90 (CISCO default)
  Enforced (Perpetual/Subscription) License Attributes:
    First report requirement (days): 0 (CISCO default)
    Reporting frequency (days): 0 (CISCO default)
    Report on change (days): 0 (CISCO default)
  Export (Perpetual/Subscription) License Attributes:
    First report requirement (days): 0 (CISCO default)
    Reporting frequency (days): 0 (CISCO default)
    Report on change (days): 0 (CISCO default)

Miscellaneous:
  Custom Id: <empty>

Usage Reporting:
  Last ACK received: <none>
  Next ACK deadline: Jul 05 19:07:41 2023 UTC
  Reporting push interval: 30  days
  Next ACK push check: <none>
  Next report push: Apr 06 20:17:47 2023 UTC
  Last report push: <none>
  Last report file write: <none>

Trust Code Installed: <none>


tmxcrlasw203#!

tmxcrlasw203#show license all
Smart Licensing Status
======================

Smart Licensing is ENABLED

Export Authorization Key:
  Features Authorized:
    <none>

Utility:
  Status: DISABLED

Smart Licensing Using Policy:
  Status: ENABLED

Data Privacy:
  Sending Hostname: yes
    Callhome hostname privacy: DISABLED
    Smart Licensing hostname privacy: DISABLED
  Version privacy: DISABLED

Transport:
  Type: Callhome

Miscellaneous:
  Custom Id: <empty>

Policy:
  Policy in use: Merged from multiple sources.
  Reporting ACK required: yes (CISCO default)
  Unenforced/Non-Export Perpetual Attributes:
    First report requirement (days): 365 (CISCO default)
    Reporting frequency (days): 0 (CISCO default)
    Report on change (days): 90 (CISCO default)
  Unenforced/Non-Export Subscription Attributes:
    First report requirement (days): 90 (CISCO default)
    Reporting frequency (days): 90 (CISCO default)
    Report on change (days): 90 (CISCO default)
  Enforced (Perpetual/Subscription) License Attributes:
    First report requirement (days): 0 (CISCO default)
    Reporting frequency (days): 0 (CISCO default)
    Report on change (days): 0 (CISCO default)
  Export (Perpetual/Subscription) License Attributes:
    First report requirement (days): 0 (CISCO default)
    Reporting frequency (days): 0 (CISCO default)
    Report on change (days): 0 (CISCO default)

Usage Reporting:
  Last ACK received: <none>
  Next ACK deadline: Jul 05 19:07:41 2023 UTC
  Reporting push interval: 30  days
  Next ACK push check: <none>
  Next report push: Apr 06 20:17:47 2023 UTC
  Last report push: <none>
  Last report file write: <none>

Trust Code Installed: <none>

License Usage
=============

network-advantage (C9300-48 Network Advantage):
  Description: C9300-48 Network Advantage
  Count: 2
  Version: 1.0
  Status: IN USE
  Export status: NOT RESTRICTED
  Feature Name: network-advantage
  Feature Description: C9300-48 Network Advantage
  Enforcement type: NOT ENFORCED
  License type: Perpetual

dna-advantage (C9300-48 DNA Advantage):
  Description: C9300-48 DNA Advantage
  Count: 2
  Version: 1.0
  Status: IN USE
  Export status: NOT RESTRICTED
  Feature Name: dna-advantage
  Feature Description: C9300-48 DNA Advantage
  Enforcement type: NOT ENFORCED
  License type: Subscription

Product Information
===================
UDI: PID:C9300-48UXM,SN:FOC2450L8LU

HA UDI List:
    Active:PID:C9300-48UXM,SN:FOC2450L8LU
    Standby:PID:C9300-48UXM,SN:FOC2450L8KD

Agent Version
=============
Smart Agent for Licensing: 5.1.29_rel/134

License Authorizations
======================
Overall status:
  Active: PID:C9300-48UXM,SN:FOC2450L8LU
      Status: NOT INSTALLED
  Standby: PID:C9300-48UXM,SN:FOC2450L8KD
      Status: NOT INSTALLED

Purchased Licenses:
  No Purchase Information Available


Derived Licenses:
  Entitlement Tag: regid.2017-05.com.cisco.C9300_48P_NW_Advantagek9,1.0_6a224fe3-c92e-4440-a9c1-5d0e53a54015
  Entitlement Tag: regid.2017-05.com.cisco.C9300_48P_Dna_Advantage,1.0_60783b06-53ee-484c-b21e-615d3cf6837a
 


tmxcrlasw203#!

tmxcrlasw203#sh log
Syslog logging: enabled (0 messages dropped, 2 messages rate-limited, 0 flushes, 0 overruns, xml disabled, filtering disabled)

Active Message Discriminator:
FILTER    msg-body       drops    DOT1X-5|MAB-5|SESSION_MGR-5




No Inactive Message Discriminator.


    Console logging: disabled
    Monitor logging: level informational, 0 messages logged, xml disabled,
                     filtering disabled
    Buffer logging:  level informational, 188 messages logged, xml disabled,
                    filtering disabled, discriminator(FILTER), 
                     0 messages rate-limited, 0 messages dropped-by-MD
    Exception Logging: size (4096 bytes)
    Count and timestamp logging messages: disabled
    File logging: disabled
    Persistent logging: enabled, url flash:/syslog, disk space 5120000 bytes, file size 500000 bytes, batch size 4096 bytes, threshold capacity 0  , immediate  

No active filter modules.

    Trap logging: level informational, 181 message lines logged
        Logging to 148.93.49.21  (udp port 514, audit disabled,
              link up),
              180 message lines logged, 
              0 message lines rate-limited, 
              0 message lines dropped-by-MD, 
              xml disabled, sequence number disabled
              filtering disabled
        Logging to 130.172.129.8  (udp port 514, audit disabled,
              link up),
              181 message lines logged, 
              0 message lines rate-limited, 
              0 message lines dropped-by-MD, 
              xml disabled, sequence number disabled
              filtering disabled
        Logging to 148.93.115.30  (udp port 5400, audit disabled,
              link up),
              181 message lines logged, 
              0 message lines rate-limited, 
              0 message lines dropped-by-MD, 
              xml disabled, sequence number disabled
              filtering disabled
        Logging to 130.172.83.30  (udp port 5400, audit disabled,
              link up),
              181 message lines logged, 
              0 message lines rate-limited, 
              0 message lines dropped-by-MD, 
              xml disabled, sequence number disabled
              filtering disabled
        Logging Source-Interface:       VRF Name:
        Vlan800                         
    TLS Profiles: 

Log Buffer (40960 bytes):

*Apr  6 19:17:11.860: %SMART_LIC-6-AGENT_ENABLED: Smart Agent for Licensing is enabled 
*Apr  6 19:17:11.890: %SMART_LIC-6-EXPORT_CONTROLLED: Usage of export controlled features is not allowed
*Apr  6 19:17:17.359: %TLSCLIENT-5-TLSCLIENT_IOS: TLS Client is IOS based
*Apr  6 19:17:17.506: %CRYPTO-4-AUDITWARN: Encryption audit check could not be performed
*Apr  6 19:17:17.506: %CRYPTO_ENGINE-4-CSDL_COMPLIANCE_DISABLED: Cisco PSB security compliance has been disabled
*Apr  6 19:17:17.517: %SPANTREE-5-EXTENDED_SYSID: Extended SysId enabled for type vlan
*Apr  6 19:17:17.838: %LINK-3-UPDOWN: Interface Lsmpi18/3, changed state to up
*Apr  6 19:17:17.848: %LINK-3-UPDOWN: Interface EOBC18/1, changed state to up
*Apr  6 19:17:17.849: %LINEPROTO-5-UPDOWN: Line protocol on Interface LI-Null0, changed state to up
*Apr  6 19:17:17.849: %LINK-3-UPDOWN: Interface GigabitEthernet0/0, changed state to down
*Apr  6 19:17:17.850: %LINEPROTO-5-UPDOWN: Line protocol on Interface LIIN18/2, changed state to up
*Apr  6 19:17:17.850: %LINK-3-UPDOWN: Interface LIIN18/2, changed state to up
*Apr  6 19:17:17.850: %LINK-5-CHANGED: Interface Bluetooth0/4, changed state to administratively down
*Apr  6 19:17:17.946: %PNP-6-PNP_DISCOVERY_STARTED: PnP Discovery started
*Apr  6 19:17:17.952: %HMANRP-6-HMAN_IOS_CHANNEL_INFO: HMAN-IOS channel event for switch 2: EMP_RELAY: Channel UP!
*Apr  6 19:17:17.953: %HMANRP-6-HMAN_IOS_CHANNEL_INFO: HMAN-IOS channel event for switch 1: EMP_RELAY: Channel UP!
*Apr  6 19:16:55.119: %STACKMGR-6-STACK_LINK_CHANGE: Switch 1 R0/0: stack_mgr: Stack port 1 on Switch 1 is down
*Apr  6 19:16:55.119: %STACKMGR-6-STACK_LINK_CHANGE: Switch 1 R0/0: stack_mgr: Stack port 2 on Switch 1 is down
*Apr  6 19:16:55.482: %STACKMGR-6-STACK_LINK_CHANGE: Switch 1 R0/0: stack_mgr: Stack port 1 on Switch 1 is up
*Apr  6 19:16:55.487: %STACKMGR-6-STACK_LINK_CHANGE: Switch 1 R0/0: stack_mgr: Stack port 2 on Switch 1 is up
*Apr  6 19:16:55.507: %STACKMGR-4-SWITCH_ADDED: Switch 1 R0/0: stack_mgr: Switch 1 has been added to the stack.
*Apr  6 19:16:56.891: %STACKMGR-4-SWITCH_ADDED: Switch 1 R0/0: stack_mgr: Switch 1 has been added to the stack.
*Apr  6 19:16:58.952: %STACKMGR-4-SWITCH_ADDED: Switch 1 R0/0: stack_mgr: Switch 1 has been added to the stack.
*Apr  6 19:16:58.953: %STACKMGR-6-ACTIVE_ELECTED: Switch 1 R0/0: stack_mgr: Switch 1 has been elected ACTIVE.
*Apr  6 19:16:55.279: %STACKMGR-6-STACK_LINK_CHANGE: Switch 2 R0/0: stack_mgr: Stack port 1 on Switch 2 is down
*Apr  6 19:16:55.279: %STACKMGR-6-STACK_LINK_CHANGE: Switch 2 R0/0: stack_mgr: Stack port 2 on Switch 2 is down
*Apr  6 19:16:55.485: %STACKMGR-6-STACK_LINK_CHANGE: Switch 2 R0/0: stack_mgr: Stack port 1 on Switch 2 is up
*Apr  6 19:16:55.486: %STACKMGR-6-STACK_LINK_CHANGE: Switch 2 R0/0: stack_mgr: Stack port 2 on Switch 2 is up
*Apr  6 19:16:55.510: %STACKMGR-4-SWITCH_ADDED: Switch 2 R0/0: stack_mgr: Switch 1 has been added to the stack.
*Apr  6 19:16:56.879: %STACKMGR-4-SWITCH_ADDED: Switch 2 R0/0: stack_mgr: Switch 1 has been added to the stack.
*Apr  6 19:16:58.952: %STACKMGR-4-SWITCH_ADDED: Switch 2 R0/0: stack_mgr: Switch 2 has been added to the stack.
*Apr  6 19:16:58.952: %STACKMGR-6-ACTIVE_ELECTED: Switch 2 R0/0: stack_mgr: Switch 1 has been elected ACTIVE.
*Apr  6 19:17:17.997: %PLATFORM_STACKPOWER-6-CABLE_EVENT: Switch 2 stack power cable 2 inserted
*Apr  6 19:17:17.997: %PLATFORM_STACKPOWER-6-LINK_EVENT: Switch 2 stack power protocol is up on cable 2
*Apr  6 19:17:17.998: %PLATFORM_STACKPOWER-6-CABLE_EVENT: Switch 1 stack power cable 2 inserted
*Apr  6 19:17:17.998: %PLATFORM_STACKPOWER-6-LINK_EVENT: Switch 1 stack power protocol is up on cable 2
*Apr  6 19:17:18.221: %HMANRP-6-EMP_NO_ELECTION_INFO: Could not elect active EMP switch, setting emp active switch to 0: EMP_RELAY: Could not elect switch with mgmt port UP
*Apr  6 19:17:18.519: %SYS-5-CONFIG_P: Configured programmatically by process MGMT VRF Process from console as vty0
*Apr  6 19:17:18.684: %IOSXE_MGMTVRF-6-CREATE_SUCCESS_INFO: Management vrf Mgmt-vrf created with ID 1, ipv4 table-id 0x1, ipv6 table-id 0x1E000001
*Apr  6 19:17:18.741: %SYS-5-CONFIG_P: Configured programmatically by process MGMT VRF Process from console as vty0
*Apr  6 19:17:18.754: %IOSXE_MGMTVRF-6-CREATE_SUCCESS_INFO: Management vrf Mgmt-vrf created with ID 1, ipv4 table-id 0x1, ipv6 table-id 0x1E000001
*Apr  6 19:17:18.754: %SYS-5-CONFIG_P: Configured programmatically by process MGMT VRF Process from console as vty0
*Apr  6 19:17:18.859: %LINEPROTO-5-UPDOWN: Line protocol on Interface Lsmpi18/3, changed state to up
*Apr  6 19:17:18.859: %LINEPROTO-5-UPDOWN: Line protocol on Interface EOBC18/1, changed state to up
*Apr  6 19:17:18.859: %LINEPROTO-5-UPDOWN: Line protocol on Interface GigabitEthernet0/0, changed state to down
*Apr  6 19:17:18.860: %LINEPROTO-5-UPDOWN: Line protocol on Interface Bluetooth0/4, changed state to down
*Apr  6 19:17:19.515: %ONEP_BASE-6-SS_ENABLED: ONEP: Service set Base was enabled by Default
*Apr  6 19:17:19.821: %CRYPTO_ENGINE-5-KEY_ADDITION: A key named TP-self-signed-3571672247 has been generated or imported by crypto config
*Apr  6 19:17:19.826: %CRYPTO_ENGINE-5-KEY_ADDITION: A key named SLA-KeyPair2 has been generated or imported by crypto config
*Apr  6 19:17:19.831: %CRYPTO_ENGINE-5-KEY_ADDITION: A key named SLA-KeyPair has been generated or imported by crypto config
000055: *Apr  6 19:17:19.883: %SYS-5-LOG_CONFIG_CHANGE: Buffer logging: level informational, xml disabled, filtering disabled, size (40960), discriminator (FILTER)
000056: *Apr  6 19:17:19.884: %SYS-5-LOG_CONFIG_CHANGE: Persistent logging: enabled, url flash:/syslog, disk space 5120000 bytes, file size 500000 bytes, batch size 4096 bytes
000057: *Apr  6 19:17:19.885: %SYS-5-LOG_CONFIG_CHANGE: Console logging disabled
000058: *Apr  6 19:17:19.886: %SYS-5-LOG_CONFIG_CHANGE: Monitor logging: level informational, xml disabled, filtering disabled
000059: *Apr  6 19:17:19.990: %PKI-6-TRUSTPOINT_CREATE: Trustpoint: SLA-TrustPoint created succesfully
000060: *Apr  6 19:17:20.021: %PKI-6-TRUSTPOINT_CREATE: Trustpoint: TP-self-signed-729424621 created succesfully
000061: *Apr  6 19:17:20.381: %LINEPROTO-5-UPDOWN: Line protocol on Interface Vlan1, changed state to down
000062: *Apr  6 19:17:20.592: %LINK-5-CHANGED: Interface GigabitEthernet0/0, changed state to administratively down
000063: *Apr  6 19:17:20.715: %SYS-6-LOGGINGHOST_STARTSTOP: Logging to host 148.93.49.21 port 0 CLI Request Triggered
000064: *Apr  6 19:17:20.716: %SYS-6-LOGGINGHOST_STARTSTOP: Logging to host 130.172.129.8 port 0 CLI Request Triggered
000065: *Apr  6 19:17:20.717: %SYS-6-LOGGINGHOST_STARTSTOP: Logging to host 148.93.115.30 port 0 CLI Request Triggered
000066: *Apr  6 19:17:20.717: %SYS-6-LOGGINGHOST_STARTSTOP: Logging to host 130.172.83.30 port 0 CLI Request Triggered
000067: *Apr  6 19:17:21.457: %AAAA-4-CLI_DEPRECATED: WARNING: Command has been added to the configuration using a type 7 password. However, recommended to migrate to strong type-6 encryption
000068: *Apr  6 19:17:21.457: %AAAA-4-CLI_DEPRECATED: WARNING: Command has been added to the configuration using a type 7 password. However, recommended to migrate to strong type-6 encryption
000069: *Apr  6 19:17:21.458: %AAAA-4-CLI_DEPRECATED: WARNING: Command has been added to the configuration using a type 7 password. However, recommended to migrate to strong type-6 encryption
000070: *Apr  6 19:17:21.458: %AAAA-4-CLI_DEPRECATED: WARNING: Command has been added to the configuration using a type 7 password. However, recommended to migrate to strong type-6 encryption
000071: *Apr  6 19:17:21.459: %AAAA-4-CLI_DEPRECATED: WARNING: Command has been added to the configuration using a type 7 password. However, recommended to migrate to strong type-6 encryption
000072: *Apr  6 19:17:21.459: %AAAA-4-CLI_DEPRECATED: WARNING: Command has been added to the configuration using a type 7 password. However, recommended to migrate to strong type-6 encryption
000073: *Apr  6 19:17:21.459: %AAAA-4-CLI_DEPRECATED: WARNING: Command has been added to the configuration using a type 7 password. However, recommended to migrate to strong type-6 encryption
000074: *Apr  6 19:17:21.459: %AAAA-4-CLI_DEPRECATED: WARNING: Command has been added to the configuration using a type 7 password. However, recommended to migrate to strong type-6 encryption
000075: *Apr  6 19:17:21.534: %SW_VLAN-6-VTP_DOMAIN_NAME_CHG: VTP domain name changed to nmxtmx.
000076: *Apr  6 19:17:21.546: %SYS-5-CONFIG_I: Configured from memory by console
000077: *Apr  6 19:17:21.608: %SYS-5-CONFIG_P: Configured programmatically by process CPP MQC QoS Policy manager from console as vty1
000078: *Apr  6 19:17:21.611: %PLATFORM_FEP-6-FRU_PS_OIR: Switch 1: FRU power supply A inserted
000079: *Apr  6 19:17:21.615: %PLATFORM_FEP-6-FRU_PS_OIR: Switch 2: FRU power supply A inserted
000080: *Apr  6 19:17:21.616: %PLATFORM_FEP-6-FRU_PS_OIR: Switch 2: FRU power supply A removed
000081: *Apr  6 19:17:21.616: %PLATFORM_FEP-6-FRU_PS_OIR: Switch 2: FRU power supply A powered on
000082: *Apr  6 19:17:21.616: %PLATFORM_FEP-6-FRU_PS_OIR: Switch 2: FRU power supply A inserted
000083: *Apr  6 19:17:21.708: %LINEPROTO-5-UPDOWN: Line protocol on Interface Vlan800, changed state to down
000084: *Apr  6 19:17:22.051: %SSH-5-ENABLED: SSH 2.0 has been enabled
000085: *Apr  6 19:17:22.193: %SYS-5-RESTART: System restarted --
Cisco IOS Software [Bengaluru], Catalyst L3 Switch Software (CAT9K_IOSXE), Version 17.6.4, RELEASE SOFTWARE (fc1)
Technical Support: http://www.cisco.com/techsupport
Copyright (c) 1986-2022 by Cisco Systems, Inc.
Compiled Sun 14-Aug-22 08:58 by mcpre
000086: *Apr  6 19:17:22.247: %SYS-6-LOGGINGHOST_STARTSTOP: Logging to host 148.93.49.21 port 514 started - CLI initiated
000087: *Apr  6 19:17:22.247: %SYS-6-LOGGINGHOST_STARTSTOP: Logging to host 130.172.129.8 port 514 started - CLI initiated
000088: *Apr  6 19:17:22.247: %SYS-6-LOGGINGHOST_STARTSTOP: Logging to host 148.93.115.30 port 5400 started - CLI initiated
000089: *Apr  6 19:17:22.247: %SYS-6-LOGGINGHOST_STARTSTOP: Logging to host 130.172.83.30 port 5400 started - CLI initiated
000090: *Apr  6 19:17:22.508: %LINK-5-CHANGED: Interface AppGigabitEthernet1/0/1, changed state to administratively down
000091: *Apr  6 19:17:22.671: %LINK-5-CHANGED: Interface Vlan1, changed state to administratively down
000092: *Apr  6 19:17:23.485: %LINEPROTO-5-UPDOWN: Line protocol on Interface GigabitEthernet1/1/1, changed state to down
000093: *Apr  6 19:17:23.486: %LINEPROTO-5-UPDOWN: Line protocol on Interface GigabitEthernet1/1/2, changed state to down
000094: *Apr  6 19:17:23.486: %LINEPROTO-5-UPDOWN: Line protocol on Interface GigabitEthernet1/1/3, changed state to down
000095: *Apr  6 19:17:23.486: %LINEPROTO-5-UPDOWN: Line protocol on Interface GigabitEthernet1/1/4, changed state to down
000096: *Apr  6 19:17:23.486: %LINEPROTO-5-UPDOWN: Line protocol on Interface TenGigabitEthernet1/1/1, changed state to down
000097: *Apr  6 19:17:23.487: %LINEPROTO-5-UPDOWN: Line protocol on Interface TenGigabitEthernet1/1/2, changed state to down
000098: *Apr  6 19:17:23.487: %LINEPROTO-5-UPDOWN: Line protocol on Interface TenGigabitEthernet1/1/3, changed state to down
000099: *Apr  6 19:17:23.487: %LINEPROTO-5-UPDOWN: Line protocol on Interface TenGigabitEthernet1/1/4, changed state to down
000100: *Apr  6 19:17:23.487: %LINEPROTO-5-UPDOWN: Line protocol on Interface TenGigabitEthernet1/1/5, changed state to down
000101: *Apr  6 19:17:23.487: %LINEPROTO-5-UPDOWN: Line protocol on Interface TenGigabitEthernet1/1/6, changed state to down
000102: *Apr  6 19:17:23.493: %LINEPROTO-5-UPDOWN: Line protocol on Interface TenGigabitEthernet1/1/7, changed state to down
000103: *Apr  6 19:17:23.501: %LINEPROTO-5-UPDOWN: Line protocol on Interface TenGigabitEthernet1/1/8, changed state to down
000104: *Apr  6 19:17:23.501: %LINEPROTO-5-UPDOWN: Line protocol on Interface FortyGigabitEthernet1/1/1, changed state to down
000105: *Apr  6 19:17:23.502: %LINEPROTO-5-UPDOWN: Line protocol on Interface FortyGigabitEthernet1/1/2, changed state to down
000106: *Apr  6 19:17:23.519: %LINEPROTO-5-UPDOWN: Line protocol on Interface TwentyFiveGigE1/1/2, changed state to down
000107: *Apr  6 19:17:23.561: %SNMP-5-COLDSTART: SNMP agent on host tmxcrlasw203 is undergoing a cold start
000108: *Apr  6 19:17:23.632: %LINEPROTO-5-UPDOWN: Line protocol on Interface GigabitEthernet2/1/1, changed state to down
000109: *Apr  6 19:17:23.633: %LINEPROTO-5-UPDOWN: Line protocol on Interface GigabitEthernet2/1/2, changed state to down
000110: *Apr  6 19:17:23.633: %LINEPROTO-5-UPDOWN: Line protocol on Interface GigabitEthernet2/1/3, changed state to down
000111: *Apr  6 19:17:23.633: %LINEPROTO-5-UPDOWN: Line protocol on Interface GigabitEthernet2/1/4, changed state to down
000112: *Apr  6 19:17:23.633: %LINEPROTO-5-UPDOWN: Line protocol on Interface TenGigabitEthernet2/1/1, changed state to down
000113: *Apr  6 19:17:23.634: %LINEPROTO-5-UPDOWN: Line protocol on Interface TenGigabitEthernet2/1/2, changed state to down
000114: *Apr  6 19:17:23.645: %CRYPTO_ENGINE-5-KEY_ADDITION: A key named TP-self-signed-3571672247.server has been generated or imported by crypto-engine
000115: *Apr  6 19:17:23.650: %LINEPROTO-5-UPDOWN: Line protocol on Interface TenGigabitEthernet2/1/3, changed state to down
000116: *Apr  6 19:17:23.650: %LINEPROTO-5-UPDOWN: Line protocol on Interface TenGigabitEthernet2/1/4, changed state to down
000117: *Apr  6 19:17:23.650: %LINEPROTO-5-UPDOWN: Line protocol on Interface TenGigabitEthernet2/1/5, changed state to down
000118: *Apr  6 19:17:23.650: %LINEPROTO-5-UPDOWN: Line protocol on Interface TenGigabitEthernet2/1/6, changed state to down
000119: *Apr  6 19:17:23.651: %LINEPROTO-5-UPDOWN: Line protocol on Interface TenGigabitEthernet2/1/7, changed state to down
000120: *Apr  6 19:17:23.651: %LINEPROTO-5-UPDOWN: Line protocol on Interface TenGigabitEthernet2/1/8, changed state to down
000121: *Apr  6 19:17:23.655: %LINEPROTO-5-UPDOWN: Line protocol on Interface FortyGigabitEthernet2/1/1, changed state to down
000122: *Apr  6 19:17:23.656: %LINEPROTO-5-UPDOWN: Line protocol on Interface FortyGigabitEthernet2/1/2, changed state to down
000123: *Apr  6 19:17:23.663: %LINEPROTO-5-UPDOWN: Line protocol on Interface TwentyFiveGigE2/1/2, changed state to down
000124: *Apr  6 19:17:23.693: %LINK-3-UPDOWN: Interface TwentyFiveGigE1/1/1, changed state to down
000125: *Apr  6 19:17:23.733: %LINK-3-UPDOWN: Interface TwentyFiveGigE2/1/1, changed state to down
000126: *Apr  6 19:17:24.369: ILP:: switch 1 POE mode : IEEE AT
000127: *Apr  6 19:17:24.369: ILP:: POE POST detail for switch 1: PASS
000128: *Apr  6 19:17:24.369: ILP::   Able to get POE POST from switch 1 MCU
000129: *Apr  6 19:17:24.693: %LINEPROTO-5-UPDOWN: Line protocol on Interface TwentyFiveGigE1/1/1, changed state to down
000130: *Apr  6 19:17:24.734: %LINEPROTO-5-UPDOWN: Line protocol on Interface TwentyFiveGigE2/1/1, changed state to down
000131: *Apr  6 19:17:25.680: ILP:: switch 2 POE mode : IEEE AT
000132: *Apr  6 19:17:25.680: ILP:: POE POST detail for switch 2: PASS
000133: *Apr  6 19:17:25.680: ILP::   Able to get POE POST from switch 2 MCU
000134: *Apr  6 19:17:25.795: %SYS-6-BOOTTIME: Time taken to reboot after reload =  178 seconds
000135: *Apr  6 19:17:27.093: %PNP-6-PNP_BEST_UDI_UPDATE: Best UDI [PID:C9300-48UXM,VID:A0,SN:FOC2450L8LU] identified via (master-registry)
000136: *Apr  6 19:17:27.093: %PNP-6-PNP_CDP_UPDATE: Device UDI [PID:C9300-48UXM,VID:A0,SN:FOC2450L8LU] identified for CDP
000137: *Apr  6 19:17:27.094: %PNP-6-PNP_DISCOVERY_STOPPED: PnP Discovery stopped (Startup Config Present)
000138: *Apr  6 19:17:30.328: %HMANRP-6-EMP_NO_ELECTION_INFO: Could not elect active EMP switch, setting emp active switch to 0: EMP_RELAY: Could not elect switch with mgmt port UP
000139: *Apr  6 19:17:30.331: %HMANRP-6-EMP_NO_ELECTION_INFO: Could not elect active EMP switch, setting emp active switch to 0: EMP_RELAY: Could not elect switch with mgmt port UP
000140: *Apr  6 19:17:37.622: %PKI-2-NON_AUTHORITATIVE_CLOCK: PKI functions can not be initialized until an authoritative time source, like NTP, can be obtained.
000141: *Apr  6 19:17:37.644: %PKI-6-TRUSTPOINT_CREATE: Trustpoint: CISCO_IDEVID_SUDI_LEGACY created succesfully
000142: *Apr  6 19:17:37.651: %CRYPTO_ENGINE-5-KEY_ADDITION: A key named CISCO_IDEVID_SUDI_LEGACY has been generated or imported by pki-sudi
000143: *Apr  6 19:17:37.671: %PKI-6-TRUSTPOINT_CREATE: Trustpoint: CISCO_IDEVID_SUDI_LEGACY0 created succesfully
000144: *Apr  6 19:17:37.673: %PKI-6-TRUSTPOINT_CREATE: Trustpoint: CISCO_IDEVID_SUDI created succesfully
000145: *Apr  6 19:17:37.679: %CRYPTO_ENGINE-5-KEY_ADDITION: A key named CISCO_IDEVID_SUDI has been generated or imported by pki-sudi
000146: *Apr  6 19:17:37.716: %PKI-6-TRUSTPOINT_CREATE: Trustpoint: CISCO_IDEVID_SUDI0 created succesfully
000147: *Apr  6 19:17:38.229: %EVENT_TRACE-6-ENABLE: Trace already enabled.
000148: *Apr  6 19:17:38.229: %EVENT_TRACE-6-ENABLE: Trace already enabled.
000149: *Apr  6 19:17:38.229: %EVENT_TRACE-6-ENABLE: Trace already enabled.
000150: *Apr  6 19:17:38.229: %EVENT_TRACE-6-ENABLE: Trace already enabled.
000151: *Apr  6 19:17:48.445: %LINK-3-UPDOWN: Interface AppGigabitEthernet2/0/1, changed state to up
000152: *Apr  6 19:17:49.446: %LINEPROTO-5-UPDOWN: Line protocol on Interface AppGigabitEthernet2/0/1, changed state to up
000153: *Apr  6 19:17:51.016: %LINK-3-UPDOWN: Interface TenGigabitEthernet2/0/48, changed state to up
000154: *Apr  6 19:17:52.016: %LINEPROTO-5-UPDOWN: Line protocol on Interface TenGigabitEthernet2/0/48, changed state to up
000155: *Apr  6 19:17:53.270: %CALL_HOME-6-CALL_HOME_ENABLED: Call-home is enabled by Smart Agent for Licensing.
000156: *Apr  6 19:17:53.337: %SMART_LIC-6-REPORTING_REQUIRED: A Usage report acknowledgement will be required in 89 days.
000157: *Apr  6 19:17:54.502: %LINEPROTO-5-UPDOWN: Line protocol on Interface Vlan800, changed state to up
000158: *Apr  6 19:17:57.211: %PLATFORM_PM-6-FRULINK_INSERTED: 2x25G uplink module inserted in the switch 2 slot 1
000159: *Apr  6 19:17:57.893: %PLATFORM_PM-6-FRULINK_INSERTED: 2x25G uplink module inserted in the switch 1 slot 1
000160: *Apr  6 19:17:59.214: %PLATFORM_PM-6-MODULE_INSERTED: SFP module inserted with interface name Twe2/1/1
000161: *Apr  6 19:17:59.338: %SYS-6-LOGGINGHOST_STARTSTOP: Logging to host 148.93.49.21 port 514 started - reconnection
000162: *Apr  6 19:17:59.864: %PLATFORM_PM-6-MODULE_INSERTED: SFP module inserted with interface name Twe1/1/1
000163: *Apr  6 19:18:02.728: %LINK-3-UPDOWN: Interface TwentyFiveGigE2/1/1, changed state to up
000164: *Apr  6 19:18:03.357: %LINK-3-UPDOWN: Interface TwentyFiveGigE1/1/1, changed state to up
000165: *Apr  6 19:18:04.338: %SYS-6-LOGGINGHOST_STARTSTOP: Logging to host 130.172.129.8 port 514 started - reconnection
000166: *Apr  6 19:18:06.543: %LINEPROTO-5-UPDOWN: Line protocol on Interface TwentyFiveGigE2/1/1, changed state to up
000167: *Apr  6 19:18:07.333: %LINEPROTO-5-UPDOWN: Line protocol on Interface TwentyFiveGigE1/1/1, changed state to up
000168: *Apr  6 19:18:07.540: %LINK-3-UPDOWN: Interface Port-channel60, changed state to up
000169: *Apr  6 19:18:08.331: %LINK-3-UPDOWN: Interface Port-channel59, changed state to up
000170: *Apr  6 19:18:08.541: %LINEPROTO-5-UPDOWN: Line protocol on Interface Port-channel60, changed state to up
000171: *Apr  6 19:18:09.330: %LINEPROTO-5-UPDOWN: Line protocol on Interface Port-channel59, changed state to up
000172: *Apr  6 19:18:09.338: %SYS-6-LOGGINGHOST_STARTSTOP: Logging to host 148.93.115.30 port 5400 started - reconnection
000173: *Apr  6 19:18:14.338: %SYS-6-LOGGINGHOST_STARTSTOP: Logging to host 130.172.83.30 port 5400 started - reconnection
000174: *Apr  6 19:19:03.674: %SEC_LOGIN-5-LOGIN_SUCCESS: Login Success [user: as_rzclwb] [Source: 148.93.49.21] [localport: 22] at 19:19:03 UTC Thu Apr 6 2023
000175: *Apr  6 19:19:16.312: %SYS-6-LOGOUT: User as_rzclwb has exited tty session 1(148.93.49.21)
000176: *Apr  6 19:19:21.757: %IOSXE_REDUNDANCY-6-PEER: Active detected switch 2 as standby.
000177: *Apr  6 19:19:21.754: %STACKMGR-6-STANDBY_ELECTED: Switch 1 R0/0: stack_mgr: Switch 2 has been elected STANDBY.
000178: *Apr  6 19:19:26.831: %REDUNDANCY-5-PEER_MONITOR_EVENT: Active detected a standby insertion (raw-event=PEER_FOUND(4))

000179: *Apr  6 19:19:26.831: %REDUNDANCY-5-PEER_MONITOR_EVENT: Active detected a standby insertion (raw-event=PEER_REDUNDANCY_STATE_CHANGE(5))

000180: *Apr  6 19:20:23.348: %HA_CONFIG_SYNC-6-BULK_CFGSYNC_SUCCEED: Bulk Sync succeeded
000181: *Apr  6 19:20:24.350: %RF-5-RF_TERMINAL_STATE: Terminal state reached for (SSO)
000182: *Apr  6 19:20:24.352: GRACEFUL-RELOAD: Wrong state: 2 to recieve chasfs event: 

000183: *Apr  6 19:24:31.161: %SEC_LOGIN-5-LOGIN_SUCCESS: Login Success [user: si_nam_52343_p_004] [Source: 130.172.129.15] [localport: 22] at 19:24:31 UTC Thu Apr 6 2023
000184: *Apr  6 19:24:36.837: %SYS-6-LOGOUT: User si_nam_52343_p_004 has exited tty session 1(130.172.129.15)
000185: *Apr  6 19:25:16.424: %SEC_LOGIN-5-LOGIN_SUCCESS: Login Success [user: si_nam_52343_p_004] [Source: 130.172.129.15] [localport: 22] at 19:25:16 UTC Thu Apr 6 2023
000186: *Apr  6 19:27:22.599: %SYS-6-LOGOUT: User si_nam_52343_p_004 has exited tty session 1(130.172.129.15)
000187: Apr  6 19:34:12.236: %PKI-6-AUTHORITATIVE_CLOCK: The system clock has been set.
000188: Apr  6 19:39:47.323: %SEC_LOGIN-5-LOGIN_SUCCESS: Login Success [user: si_nam_52343_p_004] [Source: 130.172.129.15] [localport: 22] at 19:39:47 UTC Thu Apr 6 2023
000189: Apr  6 19:39:58.541: %SYS-6-LOGOUT: User si_nam_52343_p_004 has exited tty session 1(130.172.129.15)
000190: Apr  6 20:07:07.730: %SEC_LOGIN-5-LOGIN_SUCCESS: Login Success [user: si_nam_52343_p_004] [Source: 130.172.129.15] [localport: 22] at 20:07:07 UTC Thu Apr 6 2023
000191: Apr  6 20:07:09.654: %SYS-6-LOGOUT: User si_nam_52343_p_004 has exited tty session 1(130.172.129.15)
000192: Apr  6 20:22:45.260: %SEC_LOGIN-5-LOGIN_SUCCESS: Login Success [user: as_cz507f] [Source: 148.93.114.216] [localport: 22] at 20:22:45 UTC Thu Apr 6 2023
tmxcrlasw203#!

tmxcrlasw203#sh run
Building configuration...

Current configuration : 43655 bytes
!
! Last configuration change at 19:17:23 UTC Thu Apr 6 2023
!
version 17.6
service nagle
service tcp-keepalives-in
service tcp-keepalives-out
service timestamps debug datetime msec localtime
service timestamps log datetime msec localtime
service password-encryption
service sequence-numbers
service call-home
platform punt-keepalive disable-kernel-core
!
hostname tmxcrlasw203
!
!
vrf definition Mgmt-vrf
 !
 address-family ipv4
 exit-address-family
 !
 address-family ipv6
 exit-address-family
!
logging discriminator FILTER msg-body drops DOT1X-5|MAB-5|SESSION_MGR-5
logging buffered discriminator FILTER 40960 informational
logging persistent url flash:/syslog size 5120000 filesize 500000 immediate
no logging console
logging monitor informational
enable secret 9 $9$dzSKX/KLo.JjQ.$KIBmS83/hdgqPvjmx8EmwzXepBHQOPlelkm.bUrzQbc
!
aaa new-model
!
!
aaa authentication attempts login 6
aaa authentication login default group tacacs+ line
aaa authentication enable default group tacacs+ enable
aaa authorization exec default group tacacs+ local if-authenticated 
aaa authorization commands 15 default local group tacacs+ if-authenticated 
aaa accounting dot1x default start-stop group radius
aaa accounting exec default stop-only group tacacs+
aaa accounting commands 15 default stop-only group tacacs+
aaa accounting network default stop-only group tacacs+
!
!
!
!
!
!
aaa session-id common
stack-mac persistent timer 0
switch 1 provision c9300-48uxm
switch 2 provision c9300-48uxm
!
!
!
!
ip routing
!
!
!
!
!
no ip domain lookup
ip domain name tmx.nam.gm.com
!
!
!
login on-success log
!
!
!
!
!
!
!
vtp domain nmxtmx
vtp mode transparent
udld aggressive

!
!
crypto pki trustpoint SLA-TrustPoint
 enrollment terminal
 revocation-check none
!
crypto pki trustpoint TP-self-signed-729424621
 enrollment selfsigned
 subject-name cn=IOS-Self-Signed-Certificate-729424621
 revocation-check none
 rsakeypair TP-self-signed-729424621
!
!
crypto pki certificate chain SLA-TrustPoint
 certificate ca 01
  30820321 30820209 A0030201 02020101 300D0609 2A864886 F70D0101 0B050030 
  32310E30 0C060355 040A1305 43697363 6F312030 1E060355 04031317 43697363 
  6F204C69 63656E73 696E6720 526F6F74 20434130 1E170D31 33303533 30313934 
  3834375A 170D3338 30353330 31393438 34375A30 32310E30 0C060355 040A1305 
  43697363 6F312030 1E060355 04031317 43697363 6F204C69 63656E73 696E6720 
  526F6F74 20434130 82012230 0D06092A 864886F7 0D010101 05000382 010F0030 
  82010A02 82010100 A6BCBD96 131E05F7 145EA72C 2CD686E6 17222EA1 F1EFF64D 
  CBB4C798 212AA147 C655D8D7 9471380D 8711441E 1AAF071A 9CAE6388 8A38E520 
  1C394D78 462EF239 C659F715 B98C0A59 5BBB5CBD 0CFEBEA3 700A8BF7 D8F256EE 
  4AA4E80D DB6FD1C9 60B1FD18 FFC69C96 6FA68957 A2617DE7 104FDC5F EA2956AC 
  7390A3EB 2B5436AD C847A2C5 DAB553EB 69A9A535 58E9F3E3 C0BD23CF 58BD7188 
  68E69491 20F320E7 948E71D7 AE3BCC84 F10684C7 4BC8E00F 539BA42B 42C68BB7 
  C7479096 B4CB2D62 EA2F505D C7B062A4 6811D95B E8250FC4 5D5D5FB8 8F27D191 
  C55F0D76 61F9A4CD 3D992327 A8BB03BD 4E6D7069 7CBADF8B DF5F4368 95135E44 
  DFC7C6CF 04DD7FD1 02030100 01A34230 40300E06 03551D0F 0101FF04 04030201 
  06300F06 03551D13 0101FF04 05300301 01FF301D 0603551D 0E041604 1449DC85 
  4B3D31E5 1B3E6A17 606AF333 3D3B4C73 E8300D06 092A8648 86F70D01 010B0500 
  03820101 00507F24 D3932A66 86025D9F E838AE5C 6D4DF6B0 49631C78 240DA905 
  604EDCDE FF4FED2B 77FC460E CD636FDB DD44681E 3A5673AB 9093D3B1 6C9E3D8B 
  D98987BF E40CBD9E 1AECA0C2 2189BB5C 8FA85686 CD98B646 5575B146 8DFC66A8 
  467A3DF4 4D565700 6ADF0F0D CF835015 3C04FF7C 21E878AC 11BA9CD2 55A9232C 
  7CA7B7E6 C1AF74F6 152E99B7 B1FCF9BB E973DE7F 5BDDEB86 C71E3B49 1765308B 
  5FB0DA06 B92AFE7F 494E8A9E 07B85737 F3A58BE1 1A48A229 C37C1E69 39F08678 
  80DDCD16 D6BACECA EEBC7CF9 8428787B 35202CDC 60E4616A B623CDBD 230E3AFB 
  418616A9 4093E049 4D10AB75 27E86F73 932E35B5 8862FDAE 0275156F 719BB2F0 
  D697DF7F 28
  	quit
crypto pki certificate chain TP-self-signed-729424621
 certificate self-signed 01
  3082032E 30820216 A0030201 02020101 300D0609 2A864886 F70D0101 05050030 
  30312E30 2C060355 04031325 494F532D 53656C66 2D536967 6E65642D 43657274 
  69666963 6174652D 37323934 32343632 31301E17 0D323230 34303132 30303932 
  315A170D 33303031 30313030 30303030 5A303031 2E302C06 03550403 1325494F 
  532D5365 6C662D53 69676E65 642D4365 72746966 69636174 652D3732 39343234 
  36323130 82012230 0D06092A 864886F7 0D010101 05000382 010F0030 82010A02 
  82010100 A12A62EB 20E8BBEE 983D0166 5845EEF8 518CE72C F31F51E4 D9E38EB6 
  94E7D0F5 0C737F08 90773A76 F31C9817 6C0ED9CC D888ADB0 521FB434 340BDDDE 
  3EC2CBF8 08E420CB 499B4281 DDA99C9D 3D0375A1 45757457 4E97DF33 B3CC57AB 
  562DDEAE 83213ED2 1E240C8B 0F809C02 BB0E857D 0E09A125 1CDCB7B1 39B7F56B 
  8A72EB9E 88F58AAB 1817CF87 1CCA7332 89E34D5E D2491648 53B92672 085ED689 
  D2E7AB84 A2D3E693 63AC90DE FD03CB15 DC97951F 1AFB3477 6D4FF20E 6C6A6F91 
  11757F86 EAC8A8F5 8B1C9D4B 0D5B110F D09A8D61 4FD0FD72 D746F1DD 0E66344F 
  029C63D5 87AE5DB4 4B4CE477 8FC96073 DFC967AD D05A3B09 0ACD077A 6E7F196D 
  E952BA75 02030100 01A35330 51300F06 03551D13 0101FF04 05300301 01FF301F 
  0603551D 23041830 16801406 200EC687 0EEC715B 796DB271 06866F6E B8A0C530 
  1D060355 1D0E0416 04140620 0EC6870E EC715B79 6DB27106 866F6EB8 A0C5300D 
  06092A86 4886F70D 01010505 00038201 010013A0 B9F0F995 4380EEDE DEABC496 
  EDBF57A4 140AE472 41F7FB0D EEBD9DBC B9C66607 535A4388 3DA53A3C 794818E8 
  3F839FA6 48C7C87E 2CFA46FA 67AA8529 92674DC4 AEE85F66 71F29D91 72429240 
  0594F7E5 7AEBDF19 8451BA48 9F3355B8 0881FFA5 CE5BF856 B42A8AF8 D67EC385 
  6713C9A5 B6F8A986 2D8A68B3 F7B808CB 54843279 EFD86A7E C919C648 BF466D4F 
  A4963530 421386A7 94789E80 8E5A5391 53B07846 E22DFCC1 6BECA713 3C347D19 
  E4D47E60 BB96916D 22F8F3FE 55BFB63C 8595C466 D2CDC4BE 1A7363BE 9A53E7A6 
  CF1517F8 6EE2A46C 6D4F58EC 0447BC1C 9B91D09C B6602570 CFA66CA3 C99AAD01 
  19A01AFA BA430594 F6A36A80 A7F5A34A 7D08
  	quit
!
!
system mtu 9100
license boot level network-advantage addon dna-advantage
license smart transport callhome
!
!
diagnostic bootup level complete
!
spanning-tree mode rapid-pvst
spanning-tree loopguard default
spanning-tree portfast bpduguard default
spanning-tree extend system-id
memory free low-watermark processor 134335
!
errdisable recovery cause udld
errdisable recovery cause bpduguard
errdisable recovery cause security-violation
errdisable recovery cause channel-misconfig
errdisable recovery cause pagp-flap
errdisable recovery cause dtp-flap
errdisable recovery cause link-flap
errdisable recovery cause sfp-config-mismatch
errdisable recovery cause gbic-invalid
errdisable recovery cause l2ptguard
errdisable recovery cause psecure-violation
errdisable recovery cause port-mode-failure
errdisable recovery cause dhcp-rate-limit
errdisable recovery cause pppoe-ia-rate-limit
errdisable recovery cause mac-limit
errdisable recovery cause storm-control
errdisable recovery cause inline-power
errdisable recovery cause arp-inspection
errdisable recovery cause link-monitor-failure
errdisable recovery cause oam-remote-failure
errdisable recovery cause loopback
errdisable recovery cause psp
errdisable recovery cause mrp-miscabling
errdisable recovery interval 1200
!
redundancy
 mode sso
!
!
!
!
!
!
transceiver type all
 monitoring
!
vlan 9
 name Private-Mgmt-Iman-Servers
!
vlan 10
 name Private-Heartbeat-Iman-Servers
!
vlan 105
 name Server-BuR
!
vlan 218
 name Server_Mgmt
!
vlan 401
 name Iman_Engineering
!
vlan 409
 name CAD2000
!
vlan 500
 name NMXTMX;VL500;TOLUCA_PDC
!
vlan 800
 name Multi_TC_L2_Switch_Mgt_VLAN
lldp run
!
!
class-map match-any system-cpp-police-ewlc-control
  description EWLC Control 
class-map match-any system-cpp-police-topology-control
  description Topology control
class-map match-any system-cpp-police-sw-forward
  description Sw forwarding, L2 LVX data packets, LOGGING, Transit Traffic
class-map match-any system-cpp-default
  description EWLC Data, Inter FED Traffic 
class-map match-any system-cpp-police-sys-data
  description Openflow, Exception, EGR Exception, NFL Sampled Data, RPF Failed
class-map match-any system-cpp-police-punt-webauth
  description Punt Webauth
class-map match-any system-cpp-police-l2lvx-control
  description L2 LVX control packets
class-map match-any system-cpp-police-forus
  description Forus Address resolution and Forus traffic
class-map match-any system-cpp-police-multicast-end-station
  description MCAST END STATION
class-map match-any system-cpp-police-high-rate-app
  description High Rate Applications 
class-map match-any system-cpp-police-multicast
  description MCAST Data
class-map match-any system-cpp-police-l2-control
  description L2 control
class-map match-any system-cpp-police-dot1x-auth
  description DOT1X Auth
class-map match-any system-cpp-police-data
  description ICMP redirect, ICMP_GEN and BROADCAST
class-map match-any system-cpp-police-stackwise-virt-control
  description Stackwise Virtual OOB
class-map match-any non-client-nrt-class
class-map match-any system-cpp-police-routing-control
  description Routing control and Low Latency
class-map match-any system-cpp-police-protocol-snooping
  description Protocol snooping
class-map match-any system-cpp-police-dhcp-snooping
  description DHCP snooping
class-map match-any system-cpp-police-ios-routing
  description L2 control, Topology control, Routing control, Low Latency
class-map match-any system-cpp-police-system-critical
  description System Critical and Gold Pkt
class-map match-any system-cpp-police-ios-feature
  description ICMPGEN,BROADCAST,ICMP,L2LVXCntrl,ProtoSnoop,PuntWebauth,MCASTData,Transit,DOT1XAuth,Swfwd,LOGGING,L2LVXData,ForusTraffic,ForusARP,McastEndStn,Openflow,Exception,EGRExcption,NflSampled,RpfFailed
!
policy-map system-cpp-policy
!
! 
!
!
!
!
!
!
!
!
!
!
interface Port-channel59
 description link-tmxcrlcrt001-Twe2/0/3
 switchport trunk allowed vlan 9,10,105,218,401,409,500,800
 switchport mode trunk
 speed nonegotiate
 spanning-tree portfast disable
 ip dhcp snooping trust
!
interface Port-channel60
 description link-tmxcrlcrt002-Twe2/0/3
 switchport trunk allowed vlan 9,10,105,218,401,409,500,800
 switchport mode trunk
 speed nonegotiate
 spanning-tree portfast disable
 ip dhcp snooping trust
!
interface GigabitEthernet0/0
 description unused-port
 vrf forwarding Mgmt-vrf
 no ip address
 shutdown
 negotiation auto
!
interface TwoGigabitEthernet1/0/1
 description MXTOLTCAHPIHS01-M1
 switchport access vlan 218
 switchport mode access
 no logging event link-status
 no snmp trap link-status
 no mdix auto
 spanning-tree portfast
!
interface TwoGigabitEthernet1/0/2
 description MXTOLTCAHPIHS02-M1
 switchport access vlan 218
 switchport mode access
 no logging event link-status
 no snmp trap link-status
 no mdix auto
 spanning-tree portfast
!
interface TwoGigabitEthernet1/0/3
 description MXTMXBRSHPIBR02-ilo
 switchport access vlan 218
 switchport mode access
 no logging event link-status
 no snmp trap link-status
 no mdix auto
 spanning-tree portfast
!
interface TwoGigabitEthernet1/0/4
 description MXTOLTCAHPIHS01-ILO
 switchport access vlan 218
 switchport mode access
 no logging event link-status
 no snmp trap link-status
 no mdix auto
 spanning-tree portfast
!
interface TwoGigabitEthernet1/0/5
 description MXTOLTCAHPIHS01-HB
 switchport access vlan 10
 switchport mode access
 no logging event link-status
 no snmp trap link-status
 no mdix auto
 spanning-tree portfast
!
interface TwoGigabitEthernet1/0/6
 description MXTOLTCAHPIHS01-V1
 switchport access vlan 9
 switchport mode access
 no logging event link-status
 no snmp trap link-status
 no mdix auto
 spanning-tree portfast
!
interface TwoGigabitEthernet1/0/7
 description MXTOLTCAHPIHS02-V1
 switchport access vlan 9
 switchport mode access
 no logging event link-status
 no snmp trap link-status
 no mdix auto
 spanning-tree portfast
!
interface TwoGigabitEthernet1/0/8
 description tolipdtcu011:iLO
 switchport access vlan 218
 switchport mode access
 no logging event link-status
 no snmp trap link-status
 no mdix auto
 spanning-tree portfast
!
interface TwoGigabitEthernet1/0/9
 description TOLIPEXGMO001-M1
 switchport access vlan 219
 switchport mode access
 no logging event link-status
 speed 100
 duplex full
 no snmp trap link-status
 no mdix auto
 spanning-tree portfast
!
interface TwoGigabitEthernet1/0/10
 description tmxipphacc01-mgt
 switchport access vlan 218
 switchport mode access
 no logging event link-status
 no snmp trap link-status
 no mdix auto
 spanning-tree portfast
!
interface TwoGigabitEthernet1/0/11
 description tmxipphacc02-mgt
 switchport access vlan 218
 switchport mode access
 no logging event link-status
 no snmp trap link-status
 no mdix auto
 spanning-tree portfast
!
interface TwoGigabitEthernet1/0/12
 description available GT Infrastructure
 switchport access vlan 999
 switchport mode access
 no logging event link-status
 no snmp trap link-status
 no mdix auto
 spanning-tree portfast
!
interface TwoGigabitEthernet1/0/13
 description available GT Infrastructure
 switchport access vlan 999
 switchport mode access
 no logging event link-status
 no snmp trap link-status
 no mdix auto
 spanning-tree portfast
!
interface TwoGigabitEthernet1/0/14
 description tolipdtcu011:iLO
 switchport access vlan 218
 switchport mode access
 no logging event link-status
 no snmp trap link-status
 no mdix auto
 spanning-tree portfast
!
interface TwoGigabitEthernet1/0/15
 description available GT Infrastructure
 switchport access vlan 999
 switchport mode access
 no logging event link-status
 shutdown
 no snmp trap link-status
 no mdix auto
 spanning-tree portfast
!
interface TwoGigabitEthernet1/0/16
 description available GT Infrastructure
 switchport access vlan 999
 switchport mode access
 no logging event link-status
 shutdown
 no snmp trap link-status
 no mdix auto
 spanning-tree portfast
!
interface TwoGigabitEthernet1/0/17
 description available GT Infrastructure
 switchport access vlan 999
 switchport mode access
 no logging event link-status
 shutdown
 no snmp trap link-status
 no mdix auto
 spanning-tree portfast
!
interface TwoGigabitEthernet1/0/18
 description available GT Infrastructure
 switchport access vlan 999
 switchport mode access
 no logging event link-status
 shutdown
 no snmp trap link-status
 no mdix auto
 spanning-tree portfast
!
interface TwoGigabitEthernet1/0/19
 description available GT Infrastructure
 switchport access vlan 999
 switchport mode access
 no logging event link-status
 shutdown
 no snmp trap link-status
 no mdix auto
 spanning-tree portfast
!
interface TwoGigabitEthernet1/0/20
 description available GT Infrastructure
 switchport access vlan 999
 switchport mode access
 no logging event link-status
 shutdown
 no snmp trap link-status
 no mdix auto
 spanning-tree portfast
!
interface TwoGigabitEthernet1/0/21
 description available GT Infrastructure
 switchport access vlan 999
 switchport mode access
 no logging event link-status
 shutdown
 no snmp trap link-status
 no mdix auto
 spanning-tree portfast
!
interface TwoGigabitEthernet1/0/22
 description available GT Infrastructure
 switchport access vlan 999
 switchport mode access
 no logging event link-status
 shutdown
 no snmp trap link-status
 no mdix auto
 spanning-tree portfast
!
interface TwoGigabitEthernet1/0/23
 description available GT Infrastructure
 switchport access vlan 999
 switchport mode access
 no logging event link-status
 shutdown
 no snmp trap link-status
 no mdix auto
 spanning-tree portfast
!
interface TwoGigabitEthernet1/0/24
 description available GT Infrastructure
 switchport access vlan 999
 switchport mode access
 no logging event link-status
 shutdown
 no snmp trap link-status
 no mdix auto
 spanning-tree portfast
!
interface TwoGigabitEthernet1/0/25
 description available GT Infrastructure
 switchport access vlan 999
 switchport mode access
 no logging event link-status
 shutdown
 no snmp trap link-status
 no mdix auto
 spanning-tree portfast
!
interface TwoGigabitEthernet1/0/26
 description available GT Infrastructure
 switchport access vlan 999
 switchport mode access
 no logging event link-status
 shutdown
 no snmp trap link-status
 no mdix auto
 spanning-tree portfast
!
interface TwoGigabitEthernet1/0/27
 description available GT Infrastructure
 switchport access vlan 999
 switchport mode access
 no logging event link-status
 shutdown
 no snmp trap link-status
 no mdix auto
 spanning-tree portfast
!
interface TwoGigabitEthernet1/0/28
 description available GT Infrastructure
 switchport access vlan 999
 switchport mode access
 no logging event link-status
 shutdown
 no snmp trap link-status
 no mdix auto
 spanning-tree portfast
!
interface TwoGigabitEthernet1/0/29
 description available GT Infrastructure
 switchport access vlan 999
 switchport mode access
 no logging event link-status
 shutdown
 no snmp trap link-status
 no mdix auto
 spanning-tree portfast
!
interface TwoGigabitEthernet1/0/30
 description available GT Infrastructure
 switchport access vlan 999
 switchport mode access
 no logging event link-status
 shutdown
 no snmp trap link-status
 no mdix auto
 spanning-tree portfast
!
interface TwoGigabitEthernet1/0/31
 description available GT Infrastructure
 switchport access vlan 999
 switchport mode access
 no logging event link-status
 shutdown
 no snmp trap link-status
 no mdix auto
 spanning-tree portfast
!
interface TwoGigabitEthernet1/0/32
 description available GT Infrastructure
 switchport access vlan 999
 switchport mode access
 no logging event link-status
 shutdown
 no snmp trap link-status
 no mdix auto
 spanning-tree portfast
!
interface TwoGigabitEthernet1/0/33
 description available GT Infrastructure
 switchport access vlan 999
 switchport mode access
 no logging event link-status
 shutdown
 no snmp trap link-status
 no mdix auto
 spanning-tree portfast
!
interface TwoGigabitEthernet1/0/34
 description available GT Infrastructure
 switchport access vlan 999
 switchport mode access
 no logging event link-status
 shutdown
 no snmp trap link-status
 no mdix auto
 spanning-tree portfast
!
interface TwoGigabitEthernet1/0/35
 description available GT Infrastructure
 switchport access vlan 999
 switchport mode access
 no logging event link-status
 shutdown
 no snmp trap link-status
 no mdix auto
 spanning-tree portfast
!
interface TwoGigabitEthernet1/0/36
 description available GT Infrastructure
 switchport access vlan 999
 switchport mode access
 no logging event link-status
 shutdown
 no snmp trap link-status
 no mdix auto
 spanning-tree portfast
!
interface TenGigabitEthernet1/0/37
 description available GT Infrastructure
 switchport access vlan 999
 switchport mode access
 no logging event link-status
 shutdown
 no snmp trap link-status
 no mdix auto
 spanning-tree portfast
!
interface TenGigabitEthernet1/0/38
 description available GT Infrastructure
 switchport access vlan 999
 switchport mode access
 no logging event link-status
 shutdown
 no snmp trap link-status
 no mdix auto
 spanning-tree portfast
!
interface TenGigabitEthernet1/0/39
 description available GT Infrastructure
 switchport access vlan 999
 switchport mode access
 no logging event link-status
 shutdown
 no snmp trap link-status
 no mdix auto
 spanning-tree portfast
!
interface TenGigabitEthernet1/0/40
 description available GT Infrastructure
 switchport access vlan 999
 switchport mode access
 no logging event link-status
 shutdown
 no snmp trap link-status
 no mdix auto
 spanning-tree portfast
!
interface TenGigabitEthernet1/0/41
 description available GT Infrastructure
 switchport access vlan 999
 switchport mode access
 no logging event link-status
 shutdown
 no snmp trap link-status
 no mdix auto
 spanning-tree portfast
!
interface TenGigabitEthernet1/0/42
 description available GT Infrastructure
 switchport access vlan 999
 switchport mode access
 no logging event link-status
 shutdown
 no snmp trap link-status
 no mdix auto
 spanning-tree portfast
!
interface TenGigabitEthernet1/0/43
 description available GT Infrastructure
 switchport access vlan 999
 switchport mode access
 no logging event link-status
 shutdown
 no snmp trap link-status
 no mdix auto
 spanning-tree portfast
!
interface TenGigabitEthernet1/0/44
 description available GT Infrastructure
 switchport access vlan 999
 switchport mode access
 no logging event link-status
 shutdown
 no snmp trap link-status
 no mdix auto
 spanning-tree portfast
!
interface TenGigabitEthernet1/0/45
 description available GT Infrastructure
 switchport access vlan 999
 switchport mode access
 no logging event link-status
 shutdown
 no snmp trap link-status
 no mdix auto
 spanning-tree portfast
!
interface TenGigabitEthernet1/0/46
 description available GT Infrastructure
 switchport access vlan 999
 switchport mode access
 no logging event link-status
 shutdown
 no snmp trap link-status
 no mdix auto
 spanning-tree portfast
!
interface TenGigabitEthernet1/0/47
 description available GT Infrastructure
 switchport access vlan 999
 switchport mode access
 no logging event link-status
 shutdown
 no snmp trap link-status
 no mdix auto
 spanning-tree portfast
!
interface TenGigabitEthernet1/0/48
 description tmxcr-spare-transit
 switchport access vlan 999
 switchport trunk allowed vlan 800
 switchport mode trunk
 no logging event link-status
 no snmp trap link-status
 no mdix auto
 spanning-tree portfast
!
interface GigabitEthernet1/1/1
 description Future GT Infrastructure
 switchport access vlan 999
 switchport mode access
 shutdown
 udld port aggressive
 spanning-tree portfast disable
!
interface GigabitEthernet1/1/2
 description Future GT Infrastructure
 switchport access vlan 999
 switchport mode access
 shutdown
 udld port aggressive
 spanning-tree portfast disable
!
interface GigabitEthernet1/1/3
 description Future GT Infrastructure
 switchport access vlan 999
 switchport mode access
 shutdown
 udld port aggressive
 spanning-tree portfast disable
!
interface GigabitEthernet1/1/4
 description Future GT Infrastructure
 switchport access vlan 999
 switchport mode access
 shutdown
 udld port aggressive
 spanning-tree portfast disable
!
interface TenGigabitEthernet1/1/1
 description Future GT Infrastructure
 switchport access vlan 999
 switchport mode access
 shutdown
 udld port aggressive
 spanning-tree portfast disable
!
interface TenGigabitEthernet1/1/2
 description Future GT Infrastructure
 switchport access vlan 999
 switchport mode access
 shutdown
 udld port aggressive
 spanning-tree portfast disable
!
interface TenGigabitEthernet1/1/3
 description Future GT Infrastructure
 switchport access vlan 999
 switchport mode access
 shutdown
 udld port aggressive
 spanning-tree portfast disable
!
interface TenGigabitEthernet1/1/4
 description Future GT Infrastructure
 switchport access vlan 999
 switchport mode access
 shutdown
 udld port aggressive
 spanning-tree portfast disable
!
interface TenGigabitEthernet1/1/5
 description Future GT Infrastructure
 switchport access vlan 999
 switchport mode access
 shutdown
 udld port aggressive
 spanning-tree portfast disable
!
interface TenGigabitEthernet1/1/6
 description Future GT Infrastructure
 switchport access vlan 999
 switchport mode access
 shutdown
 udld port aggressive
 spanning-tree portfast disable
!
interface TenGigabitEthernet1/1/7
 description Future GT Infrastructure
 switchport access vlan 999
 switchport mode access
 shutdown
 udld port aggressive
 spanning-tree portfast disable
!
interface TenGigabitEthernet1/1/8
 description Future GT Infrastructure
 switchport access vlan 999
 switchport mode access
 shutdown
 udld port aggressive
 spanning-tree portfast disable
!
interface FortyGigabitEthernet1/1/1
 description Future GT Infrastructure
 switchport access vlan 999
 switchport mode access
 shutdown
 udld port aggressive
 spanning-tree portfast disable
!
interface FortyGigabitEthernet1/1/2
 description Future GT Infrastructure
 switchport access vlan 999
 switchport mode access
 shutdown
 udld port aggressive
 spanning-tree portfast disable
!
interface TwentyFiveGigE1/1/1
 description link-tmxcrlcrt001-Twe2/0/3
 switchport trunk allowed vlan 9,10,105,218,401,409,500,800
 switchport mode trunk
 speed 25000
 speed nonegotiate
 udld port aggressive
 channel-group 59 mode active
 spanning-tree portfast disable
 ip dhcp snooping trust
!
interface TwentyFiveGigE1/1/2
 description Future GT Infrastructure
 switchport access vlan 999
 switchport mode access
 shutdown
 udld port aggressive
 spanning-tree portfast disable
!
interface AppGigabitEthernet1/0/1
 description Unused GT Infrastructure
 shutdown
!
interface TwoGigabitEthernet2/0/1
 description MXTOLTCAHPIHS01-M2
 switchport access vlan 218
 switchport mode access
 no logging event link-status
 no snmp trap link-status
 no mdix auto
 spanning-tree portfast
!
interface TwoGigabitEthernet2/0/2
 description MXTOLTCAHPIHS02-M2
 switchport access vlan 218
 switchport mode access
 no logging event link-status
 no snmp trap link-status
 no mdix auto
 spanning-tree portfast
!
interface TwoGigabitEthernet2/0/3
 description MXTMXBRSHPIBR02-m
 switchport access vlan 218
 switchport mode access
 no logging event link-status
 no snmp trap link-status
 no mdix auto
 spanning-tree portfast
!
interface TwoGigabitEthernet2/0/4
 description MXTOLTCAHPIHS02-ILO
 switchport access vlan 218
 switchport mode access
 no logging event link-status
 no snmp trap link-status
 no mdix auto
 spanning-tree portfast
!
interface TwoGigabitEthernet2/0/5
 description MXTOLTCAHPIHS02-HB
 switchport access vlan 10
 switchport mode access
 no logging event link-status
 no snmp trap link-status
 no mdix auto
 spanning-tree portfast
!
interface TwoGigabitEthernet2/0/6
 description MXTOLTCAHPIHS01-V2
 switchport access vlan 9
 switchport mode access
 no logging event link-status
 no snmp trap link-status
 no mdix auto
 spanning-tree portfast
!
interface TwoGigabitEthernet2/0/7
 description MXTOLTCAHPIHS02-V2
 switchport access vlan 9
 switchport mode access
 no logging event link-status
 no snmp trap link-status
 no mdix auto
 spanning-tree portfast
!
interface TwoGigabitEthernet2/0/8
 description tolipdtcu012:iLO
 switchport access vlan 218
 switchport mode access
 no logging event link-status
 no snmp trap link-status
 no mdix auto
 spanning-tree portfast
!
interface TwoGigabitEthernet2/0/9
 description TOLIPPAGMND01-ILO
 switchport access vlan 218
 switchport mode access
 no logging event link-status
 no snmp trap link-status
 no mdix auto
 spanning-tree portfast
!
interface TwoGigabitEthernet2/0/10
 description available GT Infrastructure
 switchport access vlan 999
 switchport mode access
 no logging event link-status
 shutdown
 no snmp trap link-status
 no mdix auto
 spanning-tree portfast
!
interface TwoGigabitEthernet2/0/11
 description tmxipphacc03-mgt
 switchport access vlan 218
 switchport mode access
 no logging event link-status
 no snmp trap link-status
 no mdix auto
 spanning-tree portfast
!
interface TwoGigabitEthernet2/0/12
 description tmxipphacc04-mgt
 switchport access vlan 218
 switchport mode access
 no logging event link-status
 no snmp trap link-status
 no mdix auto
 spanning-tree portfast
!
interface TwoGigabitEthernet2/0/13
 description available GT Infrastructure
 switchport access vlan 999
 switchport mode access
 no logging event link-status
 shutdown
 no snmp trap link-status
 no mdix auto
 spanning-tree portfast
!
interface TwoGigabitEthernet2/0/14
 description available GT Infrastructure
 switchport access vlan 999
 switchport mode access
 no logging event link-status
 shutdown
 no snmp trap link-status
 no mdix auto
 spanning-tree portfast
!
interface TwoGigabitEthernet2/0/15
 description available GT Infrastructure
 switchport access vlan 999
 switchport mode access
 no logging event link-status
 shutdown
 no snmp trap link-status
 no mdix auto
 spanning-tree portfast
!
interface TwoGigabitEthernet2/0/16
 description available GT Infrastructure
 switchport access vlan 999
 switchport mode access
 no logging event link-status
 shutdown
 no snmp trap link-status
 no mdix auto
 spanning-tree portfast
!
interface TwoGigabitEthernet2/0/17
 description available GT Infrastructure
 switchport access vlan 999
 switchport mode access
 no logging event link-status
 shutdown
 no snmp trap link-status
 no mdix auto
 spanning-tree portfast
!
interface TwoGigabitEthernet2/0/18
 description available GT Infrastructure
 switchport access vlan 999
 switchport mode access
 no logging event link-status
 shutdown
 no snmp trap link-status
 no mdix auto
 spanning-tree portfast
!
interface TwoGigabitEthernet2/0/19
 description available GT Infrastructure
 switchport access vlan 999
 switchport mode access
 no logging event link-status
 shutdown
 no snmp trap link-status
 no mdix auto
 spanning-tree portfast
!
interface TwoGigabitEthernet2/0/20
 description available GT Infrastructure
 switchport access vlan 999
 switchport mode access
 no logging event link-status
 shutdown
 no snmp trap link-status
 no mdix auto
 spanning-tree portfast
!
interface TwoGigabitEthernet2/0/21
 description available GT Infrastructure
 switchport access vlan 999
 switchport mode access
 no logging event link-status
 shutdown
 no snmp trap link-status
 no mdix auto
 spanning-tree portfast
!
interface TwoGigabitEthernet2/0/22
 description available GT Infrastructure
 switchport access vlan 999
 switchport mode access
 no logging event link-status
 shutdown
 no snmp trap link-status
 no mdix auto
 spanning-tree portfast
!
interface TwoGigabitEthernet2/0/23
 description available GT Infrastructure
 switchport access vlan 999
 switchport mode access
 no logging event link-status
 shutdown
 no snmp trap link-status
 no mdix auto
 spanning-tree portfast
!
interface TwoGigabitEthernet2/0/24
 description available GT Infrastructure
 switchport access vlan 999
 switchport mode access
 no logging event link-status
 shutdown
 no snmp trap link-status
 no mdix auto
 spanning-tree portfast
!
interface TwoGigabitEthernet2/0/25
 description available GT Infrastructure
 switchport access vlan 999
 switchport mode access
 no logging event link-status
 shutdown
 no snmp trap link-status
 no mdix auto
 spanning-tree portfast
!
interface TwoGigabitEthernet2/0/26
 description available GT Infrastructure
 switchport access vlan 999
 switchport mode access
 no logging event link-status
 shutdown
 no snmp trap link-status
 no mdix auto
 spanning-tree portfast
!
interface TwoGigabitEthernet2/0/27
 description available GT Infrastructure
 switchport access vlan 999
 switchport mode access
 no logging event link-status
 shutdown
 no snmp trap link-status
 no mdix auto
 spanning-tree portfast
!
interface TwoGigabitEthernet2/0/28
 description available GT Infrastructure
 switchport access vlan 999
 switchport mode access
 no logging event link-status
 shutdown
 no snmp trap link-status
 no mdix auto
 spanning-tree portfast
!
interface TwoGigabitEthernet2/0/29
 description available GT Infrastructure
 switchport access vlan 999
 switchport mode access
 no logging event link-status
 shutdown
 no snmp trap link-status
 no mdix auto
 spanning-tree portfast
!
interface TwoGigabitEthernet2/0/30
 description available GT Infrastructure
 switchport access vlan 999
 switchport mode access
 no logging event link-status
 shutdown
 no snmp trap link-status
 no mdix auto
 spanning-tree portfast
!
interface TwoGigabitEthernet2/0/31
 description available GT Infrastructure
 switchport access vlan 999
 switchport mode access
 no logging event link-status
 shutdown
 no snmp trap link-status
 no mdix auto
 spanning-tree portfast
!
interface TwoGigabitEthernet2/0/32
 description available GT Infrastructure
 switchport access vlan 999
 switchport mode access
 no logging event link-status
 shutdown
 no snmp trap link-status
 no mdix auto
 spanning-tree portfast
!
interface TwoGigabitEthernet2/0/33
 description available GT Infrastructure
 switchport access vlan 999
 switchport mode access
 no logging event link-status
 shutdown
 no snmp trap link-status
 no mdix auto
 spanning-tree portfast
!
interface TwoGigabitEthernet2/0/34
 description available GT Infrastructure
 switchport access vlan 999
 switchport mode access
 no logging event link-status
 shutdown
 no snmp trap link-status
 no mdix auto
 spanning-tree portfast
!
interface TwoGigabitEthernet2/0/35
 description available GT Infrastructure
 switchport access vlan 999
 switchport mode access
 no logging event link-status
 shutdown
 no snmp trap link-status
 no mdix auto
 spanning-tree portfast
!
interface TwoGigabitEthernet2/0/36
 description available GT Infrastructure
 switchport access vlan 999
 switchport mode access
 no logging event link-status
 shutdown
 no snmp trap link-status
 no mdix auto
 spanning-tree portfast
!
interface TenGigabitEthernet2/0/37
!
interface TenGigabitEthernet2/0/38
!
interface TenGigabitEthernet2/0/39
!
interface TenGigabitEthernet2/0/40
!
interface TenGigabitEthernet2/0/41
!
interface TenGigabitEthernet2/0/42
!
interface TenGigabitEthernet2/0/43
!
interface TenGigabitEthernet2/0/44
!
interface TenGigabitEthernet2/0/45
!
interface TenGigabitEthernet2/0/46
!
interface TenGigabitEthernet2/0/47
!
interface TenGigabitEthernet2/0/48
 description link-tmx-spare5-c9300-48uxm
 switchport access vlan 800
 switchport mode access
!
interface GigabitEthernet2/1/1
 description Future GT Infrastructure
 switchport access vlan 999
 switchport mode access
 shutdown
 udld port aggressive
 spanning-tree portfast disable
!
interface GigabitEthernet2/1/2
 description Future GT Infrastructure
 switchport access vlan 999
 switchport mode access
 shutdown
 udld port aggressive
 spanning-tree portfast disable
!
interface GigabitEthernet2/1/3
 description Future GT Infrastructure
 switchport access vlan 999
 switchport mode access
 shutdown
 udld port aggressive
 spanning-tree portfast disable
!
interface GigabitEthernet2/1/4
 description Future GT Infrastructure
 switchport access vlan 999
 switchport mode access
 shutdown
 udld port aggressive
 spanning-tree portfast disable
!
interface TenGigabitEthernet2/1/1
 description Future GT Infrastructure
 switchport access vlan 999
 switchport mode access
 shutdown
 udld port aggressive
 spanning-tree portfast disable
!
interface TenGigabitEthernet2/1/2
 description Future GT Infrastructure
 switchport access vlan 999
 switchport mode access
 shutdown
 udld port aggressive
 spanning-tree portfast disable
!
interface TenGigabitEthernet2/1/3
 description Future GT Infrastructure
 switchport access vlan 999
 switchport mode access
 shutdown
 udld port aggressive
 spanning-tree portfast disable
!
interface TenGigabitEthernet2/1/4
 description Future GT Infrastructure
 switchport access vlan 999
 switchport mode access
 shutdown
 udld port aggressive
 spanning-tree portfast disable
!
interface TenGigabitEthernet2/1/5
 description Future GT Infrastructure
 switchport access vlan 999
 switchport mode access
 shutdown
 udld port aggressive
 spanning-tree portfast disable
!
interface TenGigabitEthernet2/1/6
 description Future GT Infrastructure
 switchport access vlan 999
 switchport mode access
 shutdown
 udld port aggressive
 spanning-tree portfast disable
!
interface TenGigabitEthernet2/1/7
 description Future GT Infrastructure
 switchport access vlan 999
 switchport mode access
 shutdown
 udld port aggressive
 spanning-tree portfast disable
!
interface TenGigabitEthernet2/1/8
 description Future GT Infrastructure
 switchport access vlan 999
 switchport mode access
 shutdown
 udld port aggressive
 spanning-tree portfast disable
!
interface FortyGigabitEthernet2/1/1
 description Future GT Infrastructure
 switchport access vlan 999
 switchport mode access
 shutdown
 udld port aggressive
 spanning-tree portfast disable
!
interface FortyGigabitEthernet2/1/2
 description Future GT Infrastructure
 switchport access vlan 999
 switchport mode access
 shutdown
 udld port aggressive
 spanning-tree portfast disable
!
interface TwentyFiveGigE2/1/1
 description link-tmxcrlcrt002-Twe2/0/3
 switchport trunk allowed vlan 9,10,105,218,401,409,500,800
 switchport mode trunk
 speed 25000
 speed nonegotiate
 udld port aggressive
 channel-group 60 mode active
 spanning-tree portfast disable
 ip dhcp snooping trust
!
interface TwentyFiveGigE2/1/2
 description Future GT Infrastructure
 switchport access vlan 999
 switchport mode access
 shutdown
 udld port aggressive
 spanning-tree portfast disable
!
interface AppGigabitEthernet2/0/1
!
interface Vlan1
 no ip address
 shutdown
!
interface Vlan800
 ip address 172.20.113.203 255.255.255.240
 no ip redirects
 no ip unreachables
 no ip proxy-arp
!
no ip forward-protocol nd
no ip forward-protocol udp tftp
no ip forward-protocol udp nameserver
no ip forward-protocol udp domain
no ip forward-protocol udp time
no ip forward-protocol udp netbios-ns
no ip forward-protocol udp netbios-dgm
no ip forward-protocol udp tacacs
ip telnet source-interface Vlan800
no ip http server
ip http authentication local
no ip http secure-server
ip http client source-interface Vlan800
ip ftp source-interface Vlan800
ip tftp source-interface Vlan800
ip route 0.0.0.0 0.0.0.0 172.20.113.193
ip tacacs source-interface Vlan800 
ip ssh source-interface Vlan800
ip ssh version 2
!
!
!
logging source-interface Vlan800
logging host 148.93.49.21
logging host 130.172.129.8
logging host 148.93.115.30 transport udp port 5400
logging host 130.172.83.30 transport udp port 5400
ip access-list standard 25
 10 permit 0.0.0.0
ip access-list standard 90
 10 remark GM monitor/manage center in Warren
 10 permit 148.93.48.0 0.0.1.255
 20 permit 148.93.50.0 0.0.0.255
 30 permit 148.93.144.0 0.0.1.255
 40 permit 148.93.146.0 0.0.1.255
 50 permit 148.93.148.0 0.0.1.255
 60 remark GM monitor/manage center in Milford
 60 permit 130.172.128.0 0.0.1.255
 70 permit 130.172.130.0 0.0.0.255
 80 permit 130.172.100.0 0.0.1.255
 90 permit 130.172.36.0 0.0.1.255
 100 permit 130.172.42.0 0.0.1.255
 110 remark Global Plant HP NNMi Servers
 110 permit 10.0.11.203 0.255.0.0
 120 permit 10.0.139.203 0.255.0.0
 130 remark IO TV NetFlow Collector (Singapore W2)
 130 permit 10.147.94.37
ip access-list standard 91
 10 remark GM monitor/manage center in Warren
 10 permit 148.93.49.0 0.0.0.255
 20 permit 148.93.144.0 0.0.1.255
 30 permit 148.93.146.0 0.0.1.255
 40 permit 148.93.148.0 0.0.1.255
 50 remark GM monitor/manage center in Milford
 50 permit 130.172.129.0 0.0.0.255
 60 permit 130.172.100.0 0.0.1.255
 70 permit 130.172.36.0 0.0.1.255
 80 permit 130.172.42.0 0.0.1.255
ip access-list standard 93
 10 remark version 1.0
 10 remark GM monitor/manage center in Warren
 10 permit 148.93.114.0 0.0.0.255
 20 permit 148.93.49.0 0.0.0.255
 30 permit 148.93.144.0 0.0.1.255
 40 permit 148.93.146.0 0.0.1.255
 50 permit 148.93.148.0 0.0.1.255
 60 permit 10.14.9.251
 70 permit 148.93.50.0 0.0.0.255
 80 remark GM monitor/manage center in Milford
 80 permit 130.172.119.0 0.0.0.255
 90 permit 130.172.129.0 0.0.0.255
 100 permit 130.172.100.0 0.0.1.255
 110 permit 130.172.36.0 0.0.1.255
 120 permit 130.172.42.0 0.0.1.255
 130 remark GM monitor/manage center in Singapore
 130 permit 10.147.62.128 0.0.0.127
 140 permit 10.147.52.128 0.0.0.127
!
!
snmp-server group network-operator v3 auth 
snmp-server community Zeta2008XT RW 91
snmp-server community Delta4123R RO 90
snmp-server trap-source Vlan800
snmp-server location TC-nmxtmx|AV INDUSTRIAL MINERA 700|Toluca, Estado De Mexico|Building C| Floor 1 | Data Center | O03
snmp-server contact GM GTSC (855)780-1125
snmp-server system-shutdown
snmp-server enable traps snmp authentication linkdown linkup coldstart warmstart
snmp-server enable traps ospf state-change
snmp-server enable traps ospf errors
snmp-server enable traps ospf retransmit
snmp-server enable traps ospf cisco-specific state-change nssa-trans-change
snmp-server enable traps ospf cisco-specific state-change shamlink interface
snmp-server enable traps ospf cisco-specific state-change shamlink neighbor
snmp-server enable traps ospf cisco-specific errors
snmp-server enable traps ospf cisco-specific retransmit
snmp-server enable traps eigrp
snmp-server enable traps vtp
snmp-server enable traps vlancreate
snmp-server enable traps stackwise
snmp-server enable traps flash insertion removal lowspace
snmp-server enable traps entity
snmp-server enable traps envmon
snmp-server enable traps ipsla
snmp-server enable traps config
snmp-server enable traps hsrp
snmp-server enable traps msdp
snmp-server enable traps pim neighbor-change rp-mapping-change invalid-pim-message
snmp-server enable traps bgp state-changes updown-limited
snmp-server enable traps rf
snmp-server host 130.172.129.252 informs version 3 auth snmpv3user 
snmp-server host 148.93.49.56 informs version 3 auth snmpv3user 
snmp-server host 130.172.129.252 version 2c Trap41String 
snmp-server host 148.93.49.56 version 2c Trap41String 
snmp-server host 130.172.129.252 version 3 auth snmpv3user 
snmp-server host 148.93.49.56 version 3 auth snmpv3user 
snmp ifmib ifalias long
snmp ifmib ifindex persist
tacacs-server directed-request
tacacs server GM-DCW-1
 address ipv4 148.93.49.176
 key 7 012A07037A2A5758024A5E003B2406263E38232F3176046020052A23323711595659035B1D041F3F40716347790042256A202E5F7C2B0608146F2C1F3D307F46
tacacs server GM-DCM-1
 address ipv4 130.172.129.176
 key 7 012A07037A2A5758024A5E003B2406263E38232F3176046020052A23323711595659035B1D041F3F40716347790042256A202E5F7C2B0608146F2C1F3D307F46
tacacs server GM-DCW-2
 address ipv4 148.93.49.177
 key 7 012A07037A2A5758024A5E003B2406263E38232F3176046020052A23323711595659035B1D041F3F40716347790042256A202E5F7C2B0608146F2C1F3D307F46
tacacs server GM-DCM-2
 address ipv4 130.172.129.177
 key 7 012A07037A2A5758024A5E003B2406263E38232F3176046020052A23323711595659035B1D041F3F40716347790042256A202E5F7C2B0608146F2C1F3D307F46
!
!
!
control-plane
 service-policy input system-cpp-policy
!
banner login ^C
********************************************************************
Use of this system is restricted to authorized users. User activity
is monitored and recorded by system personnel. Anyone using this
system expressly consents to such monitoring and recording. BE
ADVISED: if possible criminal activity is detected, system records,
along with certain personal information, may be provided to law
enforcement officials.
(Rev G5.30 ) Requires AS_Zid account
$(hostname)
********************************************************************
^C
!
line con 0
 session-timeout 15 
 exec-timeout 30 0
 password 7 08396F654C0B31003C380D5D2111362537
 stopbits 1
line vty 0 4
 session-timeout 15 
 access-class 93 in vrf-also
 exec-timeout 30 0
 password 7 08396F654C0B31003C380D5D2111362537
 transport input ssh
line vty 5 15
 session-timeout 15 
 access-class 93 in vrf-also
 exec-timeout 30 0
 password 7 08396F654C0B31003C380D5D2111362537
 transport input ssh
line vty 16 31
 transport input ssh
!
call-home
 ! If contact email address in call-home is configured as sch-smart-licensing@cisco.com
 ! the email address configured in Cisco Smart License Portal will be used as contact email address to send SCH notifications.
 contact-email-addr sch-smart-licensing@cisco.com
 no http secure server-identity-check
 profile "CiscoTAC-1"
  no reporting smart-licensing-data
  destination transport-method http
 profile "Site-Engineering-LAN"
  reporting smart-licensing-data
  destination transport-method http
  no destination transport-method email
  destination address http https://148.93.145.110:443/Transportgateway/services/DeviceRequestHandler 
ntp source Vlan800
ntp server 10.68.65.96
ntp server 130.173.33.162
ntp server 164.56.50.7
!
mac address-table aging-time 1800
!
!
!
!
!
end

tmxcrlasw203#!