
fwaaclast122-dc-1ipt#!STEPS for VALIDATION for Layer 3

fwaaclast122-dc-1ipt#terminal length 0

fwaaclast122-dc-1ipt#! *************************************************

fwaaclast122-dc-1ipt#! **** Switch STATUS

fwaaclast122-dc-1ipt#! *************************************************

fwaaclast122-dc-1ipt#show boot
---------------------------
Switch 1
---------------------------
Current Boot Variables:
BOOT variable = flash:packages.conf;

Boot Variables on next reload:
BOOT variable = flash:packages.conf;
Manual Boot = no
Enable Break = no
Boot Mode = DEVICE
iPXE Timeout = 0
fwaaclast122-dc-1ipt#!

fwaaclast122-dc-1ipt#show clock
13:04:32.413 UTC Sun Apr 2 2023
fwaaclast122-dc-1ipt#!

fwaaclast122-dc-1ipt#show ntp status
Clock is synchronized, stratum 5, reference is 10.51.3.130    
nominal freq is 250.0000 Hz, actual freq is 249.9969 Hz, precision is 2**10
ntp uptime is 84400 (1/100 of seconds), resolution is 4016
reference time is E7D3FA27.AE978F30 (12:57:11.682 UTC Sun Apr 2 2023)
clock offset is 17.0000 msec, root delay is 17.34 msec
root dispersion is 46.97 msec, peer dispersion is 4.55 msec
loopfilter state is 'CTRL' (Normal Controlled Loop), drift is 0.000012364 s/s
system poll interval is 128, last update was 441 sec ago.
fwaaclast122-dc-1ipt#!

fwaaclast122-dc-1ipt#show env all
Sensor List: Environmental Monitoring 
 Sensor          Location        State               Reading       Range(min-max)       
 PS1 Vout        1               GOOD               56125 mV          na
 PS1 Vin         1               GOOD              118500 mV        90 - 264
 PS1 CURin       1               GOOD                 688 mA          na
 PS1 Curout      1               GOOD                 813 mA          na
 PS1 POWin       1               GOOD               80000 mW          na
 PS1 POWout      1               GOOD               62000 mW          na
 PS1 FAN         1               GOOD                4320 rpm         na
 PS2 Vout        1               GOOD               56188 mV          na
 PS2 Vin         1               GOOD              119500 mV        90 - 264
 PS2 CURin       1               GOOD                 938 mA          na
 PS2 CURout      1               GOOD                1500 mA          na
 PS2 POWin       1               GOOD              106000 mW          na
 PS2 POWout      1               GOOD               90000 mW          na
 PS2 FAN         1               GOOD                4352 rpm         na
 SYSTEM INLET    1               GREEN                 27 Celsius   0 - 56
 SYSTEM OUTLET   1               GREEN                 42 Celsius   0 - 125
 SYSTEM HOTSPOT  1               GREEN                 73 Celsius   0 - 125

Switch	 FAN	 Speed	 State	 Airflow direction
---------------------------------------------------
  1  	  1	14240 	  OK	 Front to Back
  1  	  2	14240 	  OK	 Front to Back
  1  	  3	14240 	  OK	 Front to Back

SW  PID                 Serial#     Status           Sys Pwr  PoE Pwr  Watts
--  ------------------  ----------  ---------------  -------  -------  -----
1A  PWR-C1-1100WAC      LIT242953YL  OK              Good     Good     1100
1B  PWR-C1-1100WAC      LIT242953GL  OK              Good     Good     1100

---------------------------------------------------

fwaaclast122-dc-1ipt#!

fwaaclast122-dc-1ipt#show power
% Incomplete command.

fwaaclast122-dc-1ipt#!

fwaaclast122-dc-1ipt#show stackwise-virtual
Stackwise Virtual Configuration:
--------------------------------

fwaaclast122-dc-1ipt#!

fwaaclast122-dc-1ipt#show switch detail
Switch/Stack Mac Address : 689e.0b30.9700 - Local Mac Address
Mac persistency wait time: Indefinite
                                             H/W   Current
Switch#   Role    Mac Address     Priority Version  State 
-------------------------------------------------------------------------------------
*1       Active   689e.0b30.9700     15     V03     Ready                               



         Stack Port Status             Neighbors     
Switch#  Port 1     Port 2           Port 1   Port 2 
--------------------------------------------------------
  1       DOWN       DOWN             None     None

fwaaclast122-dc-1ipt#!

fwaaclast122-dc-1ipt#show stack-power detail
    Power Stack                      Stack   Stack    Total   Rsvd    Alloc   Sw_Avail Num  Num
    Name                             Mode    Topolgy  Pwr(W)  Pwr(W)  Pwr(W)   Pwr(W)  SW   PS
    --------------------             ------  -------  ------  ------  ------  ------  ----- -----
    Powerstack-1                     SP-PS   Stndaln  2200    0       575     1625      1    2   

Power stack name: Powerstack-1
    Stack mode: Power sharing
    Stack topology: Standalone
    Switch 1:
        Power budget: 2200
        Power allocated: 575
        Low port priority value: 20
        High port priority value: 10
        Switch priority value: 1
        Port 1 status: Not connected
        Port 2 status: Not connected
        Neighbor on port 1: 0000.0000.0000
        Neighbor on port 2: 0000.0000.0000


fwaaclast122-dc-1ipt#!

fwaaclast122-dc-1ipt#sh interfaces transceiver
If device is externally calibrated, only calibrated values are printed.
++ : high alarm, +  : high warning, -  : low warning, -- : low alarm.
NA or N/A: not applicable, Tx: transmit, Rx: receive.
mA: milliamperes, dBm: decibels (milliwatts).

                                             Optical   Optical
             Temperature  Voltage  Current   Tx Power  Rx Power
Port         (Celsius)    (Volts)  (mA)      (dBm)     (dBm)
---------    -----------  -------  --------  --------  --------
Te1/1/1      31.4       3.30      30.7      -4.0      -4.6   
Te1/1/2      31.7       3.31      32.1      -2.6      -3.0   


fwaaclast122-dc-1ipt#!

fwaaclast122-dc-1ipt#show license status
Utility:
  Status: DISABLED

Smart Licensing Using Policy:
  Status: ENABLED

Data Privacy:
  Sending Hostname: yes
    Callhome hostname privacy: DISABLED
    Smart Licensing hostname privacy: DISABLED
  Version privacy: DISABLED

Transport:
  Type: cslu
  Cslu address: <empty>
  Proxy:
    Not Configured

Policy:
  Policy in use: Merged from multiple sources.
  Reporting ACK required: yes (CISCO default)
  Unenforced/Non-Export Perpetual Attributes:
    First report requirement (days): 365 (CISCO default)
    Reporting frequency (days): 0 (CISCO default)
    Report on change (days): 90 (CISCO default)
  Unenforced/Non-Export Subscription Attributes:
    First report requirement (days): 90 (CISCO default)
    Reporting frequency (days): 90 (CISCO default)
    Report on change (days): 90 (CISCO default)
  Enforced (Perpetual/Subscription) License Attributes:
    First report requirement (days): 0 (CISCO default)
    Reporting frequency (days): 0 (CISCO default)
    Report on change (days): 0 (CISCO default)
  Export (Perpetual/Subscription) License Attributes:
    First report requirement (days): 0 (CISCO default)
    Reporting frequency (days): 0 (CISCO default)
    Report on change (days): 0 (CISCO default)

Miscellaneous:
  Custom Id: <empty>

Usage Reporting:
  Last ACK received: <none>
  Next ACK deadline: Jul 01 12:20:13 2023 UTC
  Reporting push interval: 30  days
  Next ACK push check: <none>
  Next report push: Apr 02 12:52:19 2023 UTC
  Last report push: <none>
  Last report file write: <none>

Trust Code Installed: <none>


fwaaclast122-dc-1ipt#!

fwaaclast122-dc-1ipt#show platform
Switch  Ports    Model                Serial No.   MAC address     Hw Ver.       Sw Ver. 
------  -----   ---------             -----------  --------------  -------       --------
 1       65     C9300-48UXM           FJC24391S7H  689e.0b30.9700  V03           17.06.04      
Switch/Stack Mac Address : 689e.0b30.9700 - Local Mac Address
Mac persistency wait time: Indefinite
                                   Current
Switch#   Role        Priority      State 
-------------------------------------------
*1       Active          15         Ready               



fwaaclast122-dc-1ipt#! *************************************************

fwaaclast122-dc-1ipt#! **** VTP and VLAN

fwaaclast122-dc-1ipt#! *************************************************

fwaaclast122-dc-1ipt#show vtp status
VTP Version capable             : 1 to 3
VTP version running             : 1
VTP Domain Name                 : fwaac
VTP Pruning Mode                : Disabled (Operationally Disabled)
VTP Traps Generation            : Enabled
Device ID                       : 689e.0b30.9700
Configuration last modified by 0.0.0.0 at 0-0-00 00:00:00

Feature VLAN:
--------------
VTP Operating Mode                : Transparent
Maximum VLANs supported locally   : 1005
Number of existing VLANs          : 6
Configuration Revision            : 0
MD5 digest                        : 0x8F 0x20 0xC4 0xA8 0x4D 0x41 0x62 0x39 
                                    0x1F 0xD4 0x1E 0x6B 0x3B 0x9E 0x9D 0xD3 
fwaaclast122-dc-1ipt#!

fwaaclast122-dc-1ipt#show vlan

VLAN Name                             Status    Ports
---- -------------------------------- --------- -------------------------------
1    default                          active    Ap1/0/1
999  unused-ports                     active    Tw1/0/4, Tw1/0/5, Tw1/0/6, Tw1/0/7, Tw1/0/8, Tw1/0/9, Tw1/0/10, Tw1/0/11, Tw1/0/12, Tw1/0/13, Tw1/0/14, Tw1/0/15, Tw1/0/16, Tw1/0/17, Tw1/0/18, Tw1/0/19, Tw1/0/20, Tw1/0/21, Tw1/0/22, Tw1/0/23, Tw1/0/24, Tw1/0/25, Tw1/0/26, Tw1/0/27, Tw1/0/28, Tw1/0/29, Tw1/0/30, Tw1/0/31, Tw1/0/32, Tw1/0/33, Tw1/0/34, Tw1/0/35, Tw1/0/36, Te1/0/37, Te1/0/38, Te1/0/39, Te1/0/40, Te1/0/41, Te1/0/42, Te1/0/43, Te1/0/44, Te1/0/45, Te1/0/46, Te1/0/47, Te1/0/48, Te1/1/3, Te1/1/4
                                                Te1/1/5, Te1/1/6, Te1/1/7, Te1/1/8
1002 fddi-default                     act/unsup 
1003 token-ring-default               act/unsup 
1004 fddinet-default                  act/unsup 
1005 trnet-default                    act/unsup 
3122 link-to-fwaaccore001             active    
3622 link-to-fwaaccore002             active    

VLAN Type  SAID       MTU   Parent RingNo BridgeNo Stp  BrdgMode Trans1 Trans2
---- ----- ---------- ----- ------ ------ -------- ---- -------- ------ ------
1    enet  100001     1500  -      -      -        -    -        0      0   
999  enet  100999     1500  -      -      -        -    -        0      0   
1002 fddi  101002     1500  -      -      -        -    -        0      0   
1003 tr    101003     1500  -      -      -        -    -        0      0   
1004 fdnet 101004     1500  -      -      -        ieee -        0      0   
1005 trnet 101005     1500  -      -      -        ibm  -        0      0   
3122 enet  103122     1500  -      -      -        -    -        0      0   
3622 enet  103622     1500  -      -      -        -    -        0      0   

Remote SPAN VLANs
------------------------------------------------------------------------------


Primary Secondary Type              Ports
------- --------- ----------------- ------------------------------------------

fwaaclast122-dc-1ipt#!

fwaaclast122-dc-1ipt#show spanning-tree | include VLAN|This bridge
VLAN3122
VLAN3622
fwaaclast122-dc-1ipt#! *************************************************

fwaaclast122-dc-1ipt#! **** Layer 2 Status

fwaaclast122-dc-1ipt#! *************************************************

fwaaclast122-dc-1ipt#show cdp neighbors
Capability Codes: R - Router, T - Trans Bridge, B - Source Route Bridge
                  S - Switch, H - Host, I - IGMP, r - Repeater, P - Phone, 
                  D - Remote, C - CVTA, M - Two-port Mac Relay 

Device ID        Local Intrfce     Holdtme    Capability  Platform  Port ID
fwaptagw03.gmipt.nam.gm.com
                 Two 1/0/3         141             R S I  VG450/K9  Gig 0/0/0
fwaptagw02.gmipt.nam.gm.com
                 Two 1/0/2         149             R S I  VG450/K9  Gig 0/0/0
fwaptagw01.gmipt.nam.gm.com
                 Two 1/0/1         124             R S I  VG450/K9  Gig 0/0/0
fwaaccore002-dc-a5.fwa.nam.gm.com
                 Ten 1/1/2         146             R S I  C9500-48Y Twe 1/0/48
fwaaccore001-dc-a5.fwa.nam.gm.com
                 Ten 1/1/1         136             R S I  C9500-48Y Twe 1/0/48

Total cdp entries displayed : 5
fwaaclast122-dc-1ipt#!

fwaaclast122-dc-1ipt#show interface counters errors

Port           Align-Err     FCS-Err    Xmit-Err     Rcv-Err  UnderSize  OutDiscards 
Tw1/0/1                0           0           0           0          0            0 
Tw1/0/2                0           0           0           0          0            0 
Tw1/0/3                0           0           0           0          0            0 
Tw1/0/4                0           0           0           0          0            0 
Tw1/0/5                0           0           0           0          0            0 
Tw1/0/6                0           0           0           0          0            0 
Tw1/0/7                0           0           0           0          0            0 
Tw1/0/8                0           0           0           0          0            0 
Tw1/0/9                0           0           0           0          0            0 
Tw1/0/10               0           0           0           0          0            0 
Tw1/0/11               0           0           0           0          0            0 
Tw1/0/12               0           0           0           0          0            0 
Tw1/0/13               0           0           0           0          0            0 
Tw1/0/14               0           0           0           0          0            0 
Tw1/0/15               0           0           0           0          0            0 
Tw1/0/16               0           0           0           0          0            0 
Tw1/0/17               0           0           0           0          0            0 
Tw1/0/18               0           0           0           0          0            0 
Tw1/0/19               0           0           0           0          0            0 
Tw1/0/20               0           0           0           0          0            0 
Tw1/0/21               0           0           0           0          0            0 
Tw1/0/22               0           0           0           0          0            0 
Tw1/0/23               0           0           0           0          0            0 
Tw1/0/24               0           0           0           0          0            0 
Tw1/0/25               0           0           0           0          0            0 
Tw1/0/26               0           0           0           0          0            0 
Tw1/0/27               0           0           0           0          0            0 
Tw1/0/28               0           0           0           0          0            0 
Tw1/0/29               0           0           0           0          0            0 
Tw1/0/30               0           0           0           0          0            0 
Tw1/0/31               0           0           0           0          0            0 
Tw1/0/32               0           0           0           0          0            0 
Tw1/0/33               0           0           0           0          0            0 
Tw1/0/34               0           0           0           0          0            0 
Tw1/0/35               0           0           0           0          0            0 
Tw1/0/36               0           0           0           0          0            0 
Te1/0/37               0           0           0           0          0            0 
Te1/0/38               0           0           0           0          0            0 
Te1/0/39               0           0           0           0          0            0 
Te1/0/40               0           0           0           0          0            0 
Te1/0/41               0           0           0           0          0            0 
Te1/0/42               0           0           0           0          0            0 
Te1/0/43               0           0           0           0          0            0 
Te1/0/44               0           0           0           0          0            0 
Te1/0/45               0           0           0           0          0            0 
Te1/0/46               0           0           0           0          0            0 
Te1/0/47               0           0           0           0          0            0 
Te1/0/48               0           0           0           0          0            0 
Te1/1/1                0           0           0           0          0            0 
Te1/1/2                0           0           0           0          0            0 
Te1/1/3                0           0           0           0          0            0 
Te1/1/4                0           0           0           0          0            0 
Te1/1/5                0           0           0           0          0            0 
Te1/1/6                0           0           0           0          0            0 
Te1/1/7                0           0           0           0          0            0 
Te1/1/8                0           0           0           0          0            0 
Ap1/0/1                0           0           0           0          0            0 

Port         Single-Col  Multi-Col   Late-Col  Excess-Col  Carri-Sen      Runts 
Tw1/0/1               0          0          0           0          0          0 
Tw1/0/2               0          0          0           0          0          0 
Tw1/0/3               0          0          0           0          0          0 
Tw1/0/4               0          0          0           0          0          0 
Tw1/0/5               0          0          0           0          0          0 
Tw1/0/6               0          0          0           0          0          0 
Tw1/0/7               0          0          0           0          0          0 
Tw1/0/8               0          0          0           0          0          0 
Tw1/0/9               0          0          0           0          0          0 
Tw1/0/10              0          0          0           0          0          0 
Tw1/0/11              0          0          0           0          0          0 
Tw1/0/12              0          0          0           0          0          0 
Tw1/0/13              0          0          0           0          0          0 
Tw1/0/14              0          0          0           0          0          0 
Tw1/0/15              0          0          0           0          0          0 
Tw1/0/16              0          0          0           0          0          0 
Tw1/0/17              0          0          0           0          0          0 
Tw1/0/18              0          0          0           0          0          0 
Tw1/0/19              0          0          0           0          0          0 
Tw1/0/20              0          0          0           0          0          0 
Tw1/0/21              0          0          0           0          0          0 
Tw1/0/22              0          0          0           0          0          0 
Tw1/0/23              0          0          0           0          0          0 
Tw1/0/24              0          0          0           0          0          0 
Tw1/0/25              0          0          0           0          0          0 
Tw1/0/26              0          0          0           0          0          0 
Tw1/0/27              0          0          0           0          0          0 
Tw1/0/28              0          0          0           0          0          0 
Tw1/0/29              0          0          0           0          0          0 
Tw1/0/30              0          0          0           0          0          0 
Tw1/0/31              0          0          0           0          0          0 
Tw1/0/32              0          0          0           0          0          0 
Tw1/0/33              0          0          0           0          0          0 
Tw1/0/34              0          0          0           0          0          0 
Tw1/0/35              0          0          0           0          0          0 
Tw1/0/36              0          0          0           0          0          0 
Te1/0/37              0          0          0           0          0          0 
Te1/0/38              0          0          0           0          0          0 
Te1/0/39              0          0          0           0          0          0 
Te1/0/40              0          0          0           0          0          0 
Te1/0/41              0          0          0           0          0          0 
Te1/0/42              0          0          0           0          0          0 
Te1/0/43              0          0          0           0          0          0 
Te1/0/44              0          0          0           0          0          0 
Te1/0/45              0          0          0           0          0          0 
Te1/0/46              0          0          0           0          0          0 
Te1/0/47              0          0          0           0          0          0 
Te1/0/48              0          0          0           0          0          0 
Te1/1/1               0          0          0           0          0          0 
Te1/1/2               0          0          0           0          0          0 
Te1/1/3               0          0          0           0          0          0 
Te1/1/4               0          0          0           0          0          0 
Te1/1/5               0          0          0           0          0          0 
Te1/1/6               0          0          0           0          0          0 
Te1/1/7               0          0          0           0          0          0 
Te1/1/8               0          0          0           0          0          0 
Ap1/0/1               0          0          0           0          0          0 
fwaaclast122-dc-1ipt#!

fwaaclast122-dc-1ipt#show interface status

Port         Name               Status       Vlan       Duplex  Speed Type
Tw1/0/1      Uplink_to_VG450_Nu connected    routed       full    100 100/1000/2.5GBaseTX
Tw1/0/2      Uplink_to_VG450_Nu connected    routed       full    100 100/1000/2.5GBaseTX
Tw1/0/3      Uplink_to_VG450_Nu connected    routed       full    100 100/1000/2.5GBaseTX
Tw1/0/4      unused_port        disabled     999          auto   auto 100/1000/2.5GBaseTX
Tw1/0/5      unused_port        disabled     999          auto   auto 100/1000/2.5GBaseTX
Tw1/0/6      unused_port        disabled     999          auto   auto 100/1000/2.5GBaseTX
Tw1/0/7      un                 disabled     999          auto   auto 100/1000/2.5GBaseTX
Tw1/0/8      unused_port        disabled     999          auto   auto 100/1000/2.5GBaseTX
Tw1/0/9      unused_port        disabled     999          auto   auto 100/1000/2.5GBaseTX
Tw1/0/10     unused_port        disabled     999          auto   auto 100/1000/2.5GBaseTX
Tw1/0/11     unused_port        disabled     999          auto   auto 100/1000/2.5GBaseTX
Tw1/0/12     unused_port        disabled     999          auto   auto 100/1000/2.5GBaseTX
Tw1/0/13     unused_port        disabled     999          auto   auto 100/1000/2.5GBaseTX
Tw1/0/14     unused_port        disabled     999          auto   auto 100/1000/2.5GBaseTX
Tw1/0/15     unused_port        disabled     999          auto   auto 100/1000/2.5GBaseTX
Tw1/0/16     unused_port        disabled     999          auto   auto 100/1000/2.5GBaseTX
Tw1/0/17     unused_port        disabled     999          auto   auto 100/1000/2.5GBaseTX
Tw1/0/18     unused_port        disabled     999          auto   auto 100/1000/2.5GBaseTX
Tw1/0/19     unused_port        disabled     999          auto   auto 100/1000/2.5GBaseTX
Tw1/0/20     unused_port        disabled     999          auto   auto 100/1000/2.5GBaseTX
Tw1/0/21     unused_port        disabled     999          auto   auto 100/1000/2.5GBaseTX
Tw1/0/22     unused_port        disabled     999          auto   auto 100/1000/2.5GBaseTX
Tw1/0/23     unused_port        disabled     999          auto   auto 100/1000/2.5GBaseTX
Tw1/0/24     unused_port        disabled     999          auto   auto 100/1000/2.5GBaseTX
Tw1/0/25     unused_port        disabled     999          auto   auto 100/1000/2.5GBaseTX
Tw1/0/26     unused_port        disabled     999          auto   auto 100/1000/2.5GBaseTX
Tw1/0/27     unused_port        disabled     999          auto   auto 100/1000/2.5GBaseTX
Tw1/0/28     unused_port        disabled     999          auto   auto 100/1000/2.5GBaseTX
Tw1/0/29     unused_port        disabled     999          auto   auto 100/1000/2.5GBaseTX
Tw1/0/30     unused_port        disabled     999          auto   auto 100/1000/2.5GBaseTX
Tw1/0/31     unused_port        disabled     999          auto   auto 100/1000/2.5GBaseTX
Tw1/0/32     unused_port        disabled     999          auto   auto 100/1000/2.5GBaseTX
Tw1/0/33     unused_port        disabled     999          auto   auto 100/1000/2.5GBaseTX
Tw1/0/34     unused_port        disabled     999          auto   auto 100/1000/2.5GBaseTX
Tw1/0/35     unused_port        disabled     999          auto   auto 100/1000/2.5GBaseTX
Tw1/0/36     unused_port        disabled     999          auto   auto 100/1000/2.5GBaseTX
Te1/0/37     unused_port        disabled     999          auto   auto 100/1000/2.5G/5G/10GBaseTX
Te1/0/38     unused_port        disabled     999          auto   auto 100/1000/2.5G/5G/10GBaseTX
Te1/0/39     unused_port        disabled     999          auto   auto 100/1000/2.5G/5G/10GBaseTX
Te1/0/40     unused_port        disabled     999          auto   auto 100/1000/2.5G/5G/10GBaseTX
Te1/0/41     unused_port        disabled     999          auto   auto 100/1000/2.5G/5G/10GBaseTX
Te1/0/42     unused_port        disabled     999          auto   auto 100/1000/2.5G/5G/10GBaseTX
Te1/0/43     unused_port        disabled     999          auto   auto 100/1000/2.5G/5G/10GBaseTX
Te1/0/44     unused_port        disabled     999          auto   auto 100/1000/2.5G/5G/10GBaseTX
Te1/0/45     unused_port        disabled     999          auto   auto 100/1000/2.5G/5G/10GBaseTX
Te1/0/46     unused_port        disabled     999          auto   auto 100/1000/2.5G/5G/10GBaseTX
Te1/0/47     unused_port        disabled     999          auto   auto 100/1000/2.5G/5G/10GBaseTX
Te1/0/48     Monitor Port       disabled     999          auto   auto 100/1000/2.5G/5G/10GBaseTX
Te1/1/1      link-fwaaccore001- connected    trunk        full    10G SFP-10GBase-LR
Te1/1/2      link-to-fwaaccore0 connected    trunk        full    10G SFP-10GBase-LR
Te1/1/3      unused-port        disabled     999          auto   auto unknown
Te1/1/4      unused-port        disabled     999          auto   auto unknown
Te1/1/5      unused-port        disabled     999          auto   auto unknown
Te1/1/6      unused-port        disabled     999          auto   auto unknown
Te1/1/7      unused-port        disabled     999          auto   auto unknown
Te1/1/8      unused-port        disabled     999          auto   auto unknown
Ap1/0/1                         disabled     1            auto   auto App-hosting port
fwaaclast122-dc-1ipt#!

fwaaclast122-dc-1ipt#show interface status | in connected
Tw1/0/1      Uplink_to_VG450_Nu connected    routed       full    100 100/1000/2.5GBaseTX
Tw1/0/2      Uplink_to_VG450_Nu connected    routed       full    100 100/1000/2.5GBaseTX
Tw1/0/3      Uplink_to_VG450_Nu connected    routed       full    100 100/1000/2.5GBaseTX
Te1/1/1      link-fwaaccore001- connected    trunk        full    10G SFP-10GBase-LR
Te1/1/2      link-to-fwaaccore0 connected    trunk        full    10G SFP-10GBase-LR
fwaaclast122-dc-1ipt#!

fwaaclast122-dc-1ipt#show authentication sessions
No sessions currently exist

fwaaclast122-dc-1ipt#!

fwaaclast122-dc-1ipt#show power inline | in on
Totals:          0    on    0.0       
fwaaclast122-dc-1ipt#!

fwaaclast122-dc-1ipt#show interface trunk

Port           Mode             Encapsulation  Status        Native vlan  
Te1/1/1        on               802.1q         trunking      1
Te1/1/2        on               802.1q         trunking      1

Port           Vlans allowed on trunk
Te1/1/1        3122
Te1/1/2        3622

Port           Vlans allowed and active in management domain
Te1/1/1        3122
Te1/1/2        3622

Port           Vlans in spanning tree forwarding state and not pruned
Te1/1/1        3122
Te1/1/2        3622
fwaaclast122-dc-1ipt#!

fwaaclast122-dc-1ipt#show interface status err-disabled

fwaaclast122-dc-1ipt#!

fwaaclast122-dc-1ipt#show interfaces | include ^Vlan
Vlan1 is administratively down, line protocol is down , Autostate Enabled
Vlan3122 is up, line protocol is up , Autostate Enabled
Vlan3622 is up, line protocol is up , Autostate Enabled
fwaaclast122-dc-1ipt#!

fwaaclast122-dc-1ipt#show mac address-table
          Mac Address Table
-------------------------------------------

Vlan    Mac Address       Type        Ports
----    -----------       --------    -----
 All    0100.0ccc.cccc    STATIC      CPU
 All    0100.0ccc.cccd    STATIC      CPU
 All    0180.c200.0000    STATIC      CPU
 All    0180.c200.0001    STATIC      CPU
 All    0180.c200.0002    STATIC      CPU
 All    0180.c200.0003    STATIC      CPU
 All    0180.c200.0004    STATIC      CPU
 All    0180.c200.0005    STATIC      CPU
 All    0180.c200.0006    STATIC      CPU
 All    0180.c200.0007    STATIC      CPU
 All    0180.c200.0008    STATIC      CPU
 All    0180.c200.0009    STATIC      CPU
 All    0180.c200.000a    STATIC      CPU
 All    0180.c200.000b    STATIC      CPU
 All    0180.c200.000c    STATIC      CPU
 All    0180.c200.000d    STATIC      CPU
 All    0180.c200.000e    STATIC      CPU
 All    0180.c200.000f    STATIC      CPU
 All    0180.c200.0010    STATIC      CPU
 All    0180.c200.0021    STATIC      CPU
 All    ffff.ffff.ffff    STATIC      CPU
3122    689e.0b04.4250    DYNAMIC     Te1/1/1
3122    689e.0b04.42bf    DYNAMIC     Te1/1/1
3122    689e.0b30.974f    STATIC      Vl3122 
3622    0476.b0e8.03f0    DYNAMIC     Te1/1/2
3622    0476.b0e8.045f    DYNAMIC     Te1/1/2
3622    689e.0b30.9746    STATIC      Vl3622 
Total Mac Addresses for this criterion: 27
fwaaclast122-dc-1ipt#! *************************************************

fwaaclast122-dc-1ipt#! **** Layer 3 Status

fwaaclast122-dc-1ipt#! *************************************************

fwaaclast122-dc-1ipt#show arp
Protocol  Address          Age (min)  Hardware Addr   Type   Interface
Internet  10.51.5.174            13   689e.0b04.42bf  ARPA   Vlan3122
Internet  10.51.5.175             -   689e.0b30.974f  ARPA   Vlan3122
Internet  10.51.5.176            13   0476.b0e8.045f  ARPA   Vlan3622
Internet  10.51.5.177             -   689e.0b30.9746  ARPA   Vlan3622
Internet  11.222.192.65           -   689e.0b30.9764  ARPA   TwoGigabitEthernet1/0/1
Internet  11.222.192.66          13   d477.983a.6bc0  ARPA   TwoGigabitEthernet1/0/1
Internet  11.222.192.69           -   689e.0b30.9756  ARPA   TwoGigabitEthernet1/0/2
Internet  11.222.192.70          13   d477.983a.71c0  ARPA   TwoGigabitEthernet1/0/2
Internet  11.222.192.73           -   689e.0b30.9758  ARPA   TwoGigabitEthernet1/0/3
Internet  11.222.192.74          13   d477.983a.62c0  ARPA   TwoGigabitEthernet1/0/3
fwaaclast122-dc-1ipt#!

fwaaclast122-dc-1ipt#show ip int brief | exclude unassigned
Interface              IP-Address      OK? Method Status                Protocol
Vlan3122               10.51.5.175     YES NVRAM  up                    up      
Vlan3622               10.51.5.177     YES NVRAM  up                    up      
Tw1/0/1                11.222.192.65   YES NVRAM  up                    up      
Tw1/0/2                11.222.192.69   YES NVRAM  up                    up      
Tw1/0/3                11.222.192.73   YES NVRAM  up                    up      
Loopback0              10.51.3.122     YES NVRAM  up                    up      
Tunnel0                10.51.5.177     YES unset  up                    up      
Tunnel1                10.51.5.175     YES unset  up                    up      

fwaaclast122-dc-1ipt#!

fwaaclast122-dc-1ipt#show ip route static
Codes: L - local, C - connected, S - static, R - RIP, M - mobile, B - BGP
       D - EIGRP, EX - EIGRP external, O - OSPF, IA - OSPF inter area 
       N1 - OSPF NSSA external type 1, N2 - OSPF NSSA external type 2
       E1 - OSPF external type 1, E2 - OSPF external type 2, m - OMP
       n - NAT, Ni - NAT inside, No - NAT outside, Nd - NAT DIA
       i - IS-IS, su - IS-IS summary, L1 - IS-IS level-1, L2 - IS-IS level-2
       ia - IS-IS inter area, * - candidate default, U - per-user static route
       H - NHRP, G - NHRP registered, g - NHRP registration summary
       o - ODR, P - periodic downloaded static route, l - LISP
       a - application route
       + - replicated route, % - next hop override, p - overrides from PfR
       & - replicated local route overrides by connected

Gateway of last resort is 10.51.5.176 to network 0.0.0.0

fwaaclast122-dc-1ipt#!

fwaaclast122-dc-1ipt#show ip route eigrp
Codes: L - local, C - connected, S - static, R - RIP, M - mobile, B - BGP
       D - EIGRP, EX - EIGRP external, O - OSPF, IA - OSPF inter area 
       N1 - OSPF NSSA external type 1, N2 - OSPF NSSA external type 2
       E1 - OSPF external type 1, E2 - OSPF external type 2, m - OMP
       n - NAT, Ni - NAT inside, No - NAT outside, Nd - NAT DIA
       i - IS-IS, su - IS-IS summary, L1 - IS-IS level-1, L2 - IS-IS level-2
       ia - IS-IS inter area, * - candidate default, U - per-user static route
       H - NHRP, G - NHRP registered, g - NHRP registration summary
       o - ODR, P - periodic downloaded static route, l - LISP
       a - application route
       + - replicated route, % - next hop override, p - overrides from PfR
       & - replicated local route overrides by connected

Gateway of last resort is 10.51.5.176 to network 0.0.0.0

D*EX  0.0.0.0/0 [170/258816] via 10.51.5.176, 00:13:12, Vlan3622
                [170/258816] via 10.51.5.174, 00:13:12, Vlan3122
      10.0.0.0/8 is variably subnetted, 6 subnets, 2 masks
D        10.51.3.0/32 [90/130816] via 10.51.5.176, 00:13:12, Vlan3622
                      [90/130816] via 10.51.5.174, 00:13:12, Vlan3122
      11.0.0.0/8 is variably subnetted, 9 subnets, 2 masks
D        11.222.193.4/32 
           [90/156160] via 11.222.192.66, 00:13:44, TwoGigabitEthernet1/0/1
D        11.222.193.5/32 
           [90/156160] via 11.222.192.70, 00:13:46, TwoGigabitEthernet1/0/2
D        11.222.193.6/32 
           [90/156160] via 11.222.192.74, 00:13:41, TwoGigabitEthernet1/0/3
fwaaclast122-dc-1ipt#!

fwaaclast122-dc-1ipt#show ip eigrp neighbors
EIGRP-IPv4 Neighbors for AS(1293)
H   Address                 Interface              Hold Uptime   SRTT   RTO  Q  Seq
                                                   (sec)         (ms)       Cnt Num
4   10.51.5.176             Vl3622                   10 00:13:17    1   100  0  4547536
3   10.51.5.174             Vl3122                   12 00:13:18    1   100  0  5687826
2   11.222.192.74           Tw1/0/3                  11 00:13:46    1   100  0  82
1   11.222.192.70           Tw1/0/2                  13 00:13:48  522  3132  0  88
0   11.222.192.66           Tw1/0/1                  13 00:13:49    1   100  0  61
fwaaclast122-dc-1ipt#!

fwaaclast122-dc-1ipt#show ip eigrp interfaces
EIGRP-IPv4 Interfaces for AS(1293)
                              Xmit Queue   PeerQ        Mean   Pacing Time   Multicast    Pending
Interface              Peers  Un/Reliable  Un/Reliable  SRTT   Un/Reliable   Flow Timer   Routes
Vl3122                   1        0/0       0/0           1       0/0           50           0
Vl3622                   1        0/0       0/0           1       0/0           50           0
Tw1/0/1                  1        0/0       0/0           1       0/1           50           0
Tw1/0/2                  1        0/0       0/0         522       0/1         2612           0
Tw1/0/3                  1        0/0       0/0           1       0/1           50           0
fwaaclast122-dc-1ipt#!

fwaaclast122-dc-1ipt#show standby brief

fwaaclast122-dc-1ipt#! *************************************************

fwaaclast122-dc-1ipt#! **** IECN ARP Table

fwaaclast122-dc-1ipt#! *************************************************

fwaaclast122-dc-1ipt#show vlan | in IECN 

fwaaclast122-dc-1ipt#!

fwaaclast122-dc-1ipt#show interface status | in 500|_50[1-9]|510|497|498 

fwaaclast122-dc-1ipt#!

fwaaclast122-dc-1ipt#show arp | in Vlan((5)*[0-1][0-9]) 

fwaaclast122-dc-1ipt#!

fwaaclast122-dc-1ipt#show mac address-table | in 500|_50[1-9]|510|530|495|497|498 

fwaaclast122-dc-1ipt#! *************************************************

fwaaclast122-dc-1ipt#! **** Multicast Status

fwaaclast122-dc-1ipt#! *************************************************

fwaaclast122-dc-1ipt#show ip igmp membership
Flags: A  - aggregate, T - tracked
       L  - Local, S - static, V - virtual, R - Reported through v3 
       I - v3lite, U - Urd, M - SSM (S,G) channel 
       1,2,3 - The version of IGMP, the group is in
Channel/Group-Flags: 
       / - Filtering entry (Exclude mode (S,G), Include mode (G))
Reporter:
       <mac-or-ip-address> - last reporter if group is not explicitly tracked
       <n>/<m>      - <n> reporter in include mode, <m> reporter in exclude

 Channel/Group                  Reporter        Uptime   Exp.  Flags  Interface 
 *,224.0.1.40                   10.51.5.175     00:13:24 02:52 2LA    Vl3122
fwaaclast122-dc-1ipt#!

fwaaclast122-dc-1ipt#show ip pim neighbor
PIM Neighbor Table
Mode: B - Bidir Capable, DR - Designated Router, N - Default DR Priority,
      P - Proxy Capable, S - State Refresh Capable, G - GenID Capable,
      L - DR Load-balancing Capable
Neighbor          Interface                Uptime/Expires    Ver   DR
Address                                                            Prio/Mode
10.51.5.174       Vlan3122                 00:13:25/00:01:37 v2    1 / S P G
10.51.5.176       Vlan3622                 00:13:22/00:01:42 v2    1 / S P G
fwaaclast122-dc-1ipt#!

fwaaclast122-dc-1ipt#show ip mroute summary
IP Multicast Routing Table
Flags: D - Dense, S - Sparse, B - Bidir Group, s - SSM Group, C - Connected,
       L - Local, P - Pruned, R - RP-bit set, F - Register flag,
       T - SPT-bit set, J - Join SPT, M - MSDP created entry, E - Extranet,
       X - Proxy Join Timer Running, A - Candidate for MSDP Advertisement,
       U - URD, I - Received Source Specific Host Report, 
       Z - Multicast Tunnel, z - MDT-data group sender, 
       Y - Joined MDT-data group, y - Sending to MDT-data group, 
       G - Received BGP C-Mroute, g - Sent BGP C-Mroute, 
       N - Received BGP Shared-Tree Prune, n - BGP C-Mroute suppressed, 
       Q - Received BGP S-A Route, q - Sent BGP S-A Route, 
       V - RD & Vector, v - Vector, p - PIM Joins on route, 
       x - VxLAN group, c - PFP-SA cache created entry, 
       * - determined by Assert, # - iif-starg configured on rpf intf, 
       e - encap-helper tunnel flag, l - LISP Decap Refcnt Contributor
Outgoing interface flags: H - Hardware switched, A - Assert winner, p - PIM Join
 Timers: Uptime/Expires
 Interface state: Interface, Next-Hop or VCD, State/Mode

(*, 224.0.1.40), 00:13:25/00:02:51, RP 0.0.0.0, OIF count: 1, flags: DCL

fwaaclast122-dc-1ipt#!

fwaaclast122-dc-1ipt#show ip igmp group
IGMP Connected Group Membership
Group Address    Interface                Uptime    Expires   Last Reporter   Group Accounted
224.0.1.40       Vlan3122                 00:13:26  00:02:50  10.51.5.175     
fwaaclast122-dc-1ipt#!

fwaaclast122-dc-1ipt#show ip traffic
IP statistics:
  Rcvd:  154 total, 6692 local destination
         0 format errors, 0 checksum errors, 0 bad hop count
         0 unknown protocol, 0 not a gateway
         0 security failures, 0 bad options, 52 with options
  Opts:  0 end, 0 nop, 0 basic security, 0 loose source route
         0 timestamp, 0 extended security, 0 record route
         0 stream ID, 0 strict source route, 52 alert, 0 cipso, 0 ump
         0 other, 0 ignored
  Frags: 0 reassembled, 0 timeouts, 0 couldn't reassemble
         0 fragmented, 0 fragments, 0 couldn't fragment
         0 invalid hole
  Bcast: 0 received, 0 sent
  Mcast: 1938 received, 1005 sent
  Sent:  9291 generated, 48422 forwarded
  Drop:  38 encapsulation failed, 0 unresolved, 55275 no adjacency
         0 no route, 0 unicast RPF, 0 forced drop, 0 unsupported-addr
         0 options denied, 0 source IP address zero

ICMP statistics:
  Rcvd: 0 format errors, 0 checksum errors, 0 redirects, 0 unreachable
        34 echo, 0 echo reply, 0 mask requests, 0 mask replies, 0 quench
        0 parameter, 0 timestamp, 0 timestamp replies, 0 info request, 0 other
        0 irdp solicitations, 0 irdp advertisements
        0 time exceeded, 0 info replies
  Sent: 0 redirects, 0 unreachable, 0 echo, 34 echo reply
        0 mask requests, 0 mask replies, 0 quench, 0 timestamp, 0 timestamp replies
        0 info reply, 0 time exceeded, 0 parameter problem
        0 irdp solicitations, 0 irdp advertisements

UDP statistics:
  Rcvd: 673 total, 0 checksum errors, 0 no port 0 finput
  Sent: 758 total, 0 forwarded broadcasts

OSPF statistics:
  Last clearing of OSPF traffic counters never
  Rcvd: 0 total, 0 checksum errors
  	0 hello, 0 database desc, 0 link state req
  	0 link state updates, 0 link state acks
  Sent: 0 total
  	0 hello, 0 database desc, 0 link state req
  	0 link state updates, 0 link state acks

PIMv2 statistics: Sent/Received
  Total: 72/88, 0 checksum errors, 0 format errors
  Registers: 0/0 (0 non-rp, 0 non-sm-group), Register Stops: 0/0,  Hellos: 58/60
  Join/Prunes: 0/0, Asserts: 0/0, grafts: 0/0
  Bootstraps: 14/28, Candidate_RP_Advertisements: 0/0
  Queue drops: 0
  State-Refresh: 0/0

IGMP statistics: Sent/Received
  Total: 20/32, Format errors: 0/0, Checksum errors: 0/0
  Host Queries: 2/32, Host Reports: 18/0, Host Leaves: 0/0 
  DVMRP: 0/0, PIM: 0/0
  Queue drops: 0
  Report VRF mismatch drops: 0

TCP statistics:
  Rcvd: 4912 total, 0 checksum errors, 5 no port
  Sent: 7448 total

BGP statistics:
  Rcvd: 0 total, 0 opens, 0 notifications, 0 updates
        0 keepalives, 0 route-refresh, 0 unrecognized
  Sent: 0 total, 0 opens, 0 notifications, 0 updates
        0 keepalives, 0 route-refresh

EIGRP-IPv4 statistics:
  Rcvd: 953 total
  Sent: 959 total

NHRP statistics:
   Sent: Total 0
         0 Resolution Request  0 Resolution Reply  0 Registration Request  
         0 Registration Reply  0 Purge Request  0 Purge Reply  
         0 Error Indication  0 Traffic Indication  0 Redirect Suppress  
   Rcvd: Total 0
         0 Resolution Request  0 Resolution Reply  0 Registration Request  
         0 Registration Reply  0 Purge Request  0 Purge Reply  
         0 Error Indication  0 Traffic Indication  0 Redirect Suppress  

ARP statistics:
  Rcvd: 5 requests, 5 replies, 0 reverse, 0 other
  Sent: 0 requests, 28 replies (0 proxy), 0 reverse
  Drop due to input queue full: 0
fwaaclast122-dc-1ipt#! *************************************************

fwaaclast122-dc-1ipt#! **** VRF

fwaaclast122-dc-1ipt#! *************************************************

fwaaclast122-dc-1ipt#sh vrf gm-security
  Name                             Default RD            Protocols   Interfaces
  gm-security                      762:200001            ipv4        
fwaaclast122-dc-1ipt#!

fwaaclast122-dc-1ipt#show ip eigrp vrf gm-security interfaces

fwaaclast122-dc-1ipt#!

fwaaclast122-dc-1ipt#sh ip route vrf gm-security

Routing Table: gm-security
Codes: L - local, C - connected, S - static, R - RIP, M - mobile, B - BGP
       D - EIGRP, EX - EIGRP external, O - OSPF, IA - OSPF inter area 
       N1 - OSPF NSSA external type 1, N2 - OSPF NSSA external type 2
       E1 - OSPF external type 1, E2 - OSPF external type 2, m - OMP
       n - NAT, Ni - NAT inside, No - NAT outside, Nd - NAT DIA
       i - IS-IS, su - IS-IS summary, L1 - IS-IS level-1, L2 - IS-IS level-2
       ia - IS-IS inter area, * - candidate default, U - per-user static route
       H - NHRP, G - NHRP registered, g - NHRP registration summary
       o - ODR, P - periodic downloaded static route, l - LISP
       a - application route
       + - replicated route, % - next hop override, p - overrides from PfR
       & - replicated local route overrides by connected

Gateway of last resort is not set

fwaaclast122-dc-1ipt#!

fwaaclast122-dc-1ipt#show ip eigrp vrf gm-security neighbors

fwaaclast122-dc-1ipt#!

fwaaclast122-dc-1ipt#ping vrf gm-security 192.168.0.1 repeat 50
% VRF gm-security does not have a usable source address
fwaaclast122-dc-1ipt#!

fwaaclast122-dc-1ipt#sh ip interface brief vlan762
                                            ^
% Invalid input detected at '^' marker.

fwaaclast122-dc-1ipt#!

fwaaclast122-dc-1ipt#ping vrf gm-security 192.168.0.1 repeat 50
% VRF gm-security does not have a usable source address
fwaaclast122-dc-1ipt#!

fwaaclast122-dc-1ipt#sh vlan | in vrf

fwaaclast122-dc-1ipt#!

fwaaclast122-dc-1ipt#sh int trunk

Port           Mode             Encapsulation  Status        Native vlan  
Te1/1/1        on               802.1q         trunking      1
Te1/1/2        on               802.1q         trunking      1

Port           Vlans allowed on trunk
Te1/1/1        3122
Te1/1/2        3622

Port           Vlans allowed and active in management domain
Te1/1/1        3122
Te1/1/2        3622

Port           Vlans in spanning tree forwarding state and not pruned
Te1/1/1        3122
Te1/1/2        3622
fwaaclast122-dc-1ipt#! *************************************************

fwaaclast122-dc-1ipt#! **** Show Logging and running-config

fwaaclast122-dc-1ipt#! *************************************************

fwaaclast122-dc-1ipt#show log
Syslog logging: enabled (0 messages dropped, 2 messages rate-limited, 0 flushes, 0 overruns, xml disabled, filtering disabled)

Active Message Discriminator:
FILTER    facility       drops    DOT1X|MAB|SESSION_MGR




No Inactive Message Discriminator.


    Console logging: level informational, 170 messages logged, xml disabled,
                     filtering disabled
    Monitor logging: level informational, 0 messages logged, xml disabled,
                     filtering disabled
    Buffer logging:  level informational, 182 messages logged, xml disabled,
                    filtering disabled, discriminator(FILTER), 
                     0 messages rate-limited, 0 messages dropped-by-MD
    Exception Logging: size (4096 bytes)
    Count and timestamp logging messages: disabled
    File logging: disabled
    Persistent logging: enabled, url flash:/syslog, disk space 5120000 bytes, file size 500000 bytes, batch size 4096 bytes, threshold capacity 0  , immediate  

No active filter modules.

    Trap logging: level informational, 172 message lines logged
        Logging to 148.93.49.21  (udp port 5012, audit disabled,
              link up),
              171 message lines logged, 
              0 message lines rate-limited, 
              0 message lines dropped-by-MD, 
              xml disabled, sequence number disabled
              filtering disabled
        Logging to 130.172.129.8  (udp port 5012, audit disabled,
              link up),
              172 message lines logged, 
              0 message lines rate-limited, 
              0 message lines dropped-by-MD, 
              xml disabled, sequence number disabled
              filtering disabled
        Logging to 148.93.115.30  (udp port 5500, audit disabled,
              link up),
              172 message lines logged, 
              0 message lines rate-limited, 
              0 message lines dropped-by-MD, 
              xml disabled, sequence number disabled
              filtering disabled
        Logging to 130.172.83.30  (udp port 5500, audit disabled,
              link up),
              172 message lines logged, 
              0 message lines rate-limited, 
              0 message lines dropped-by-MD, 
              xml disabled, sequence number disabled
              filtering disabled
        Logging Source-Interface:       VRF Name:
        Loopback0                       
    TLS Profiles: 

Log Buffer (40960 bytes):

*Apr  2 12:50:19.313: %SMART_LIC-6-AGENT_ENABLED: Smart Agent for Licensing is enabled 
*Apr  2 12:50:19.345: %SMART_LIC-6-EXPORT_CONTROLLED: Usage of export controlled features is not allowed
*Apr  2 12:50:24.898: %TLSCLIENT-5-TLSCLIENT_IOS: TLS Client is IOS based
*Apr  2 12:50:25.053: %CRYPTO-4-AUDITWARN: Encryption audit check could not be performed
*Apr  2 12:50:25.053: %CRYPTO_ENGINE-4-CSDL_COMPLIANCE_DISABLED: Cisco PSB security compliance has been disabled
*Apr  2 12:50:25.065: %SPANTREE-5-EXTENDED_SYSID: Extended SysId enabled for type vlan
*Apr  2 12:50:25.394: %LINK-3-UPDOWN: Interface Lsmpi18/3, changed state to up
*Apr  2 12:50:25.404: %LINK-3-UPDOWN: Interface EOBC18/1, changed state to up
*Apr  2 12:50:25.405: %LINEPROTO-5-UPDOWN: Line protocol on Interface LI-Null0, changed state to up
*Apr  2 12:50:25.405: %LINK-3-UPDOWN: Interface GigabitEthernet0/0, changed state to down
*Apr  2 12:50:25.405: %LINEPROTO-5-UPDOWN: Line protocol on Interface LIIN18/2, changed state to up
*Apr  2 12:50:25.406: %LINK-3-UPDOWN: Interface LIIN18/2, changed state to up
*Apr  2 12:50:25.406: %LINK-5-CHANGED: Interface Bluetooth0/4, changed state to administratively down
*Apr  2 12:50:25.505: %PNP-6-PNP_DISCOVERY_STARTED: PnP Discovery started
*Apr  2 12:50:25.511: %HMANRP-6-HMAN_IOS_CHANNEL_INFO: HMAN-IOS channel event for switch 1: EMP_RELAY: Channel UP!
*Apr  2 12:50:07.720: %STACKMGR-6-STACK_LINK_CHANGE: Switch 1 R0/0: stack_mgr: Stack port 1 on Switch 1 is cable-not-connected
*Apr  2 12:50:07.720: %STACKMGR-6-STACK_LINK_CHANGE: Switch 1 R0/0: stack_mgr: Stack port 2 on Switch 1 is down
*Apr  2 12:50:07.720: %STACKMGR-6-STACK_LINK_CHANGE: Switch 1 R0/0: stack_mgr: Stack port 2 on Switch 1 is cable-not-connected
*Apr  2 12:50:07.720: %STACKMGR-4-SWITCH_ADDED: Switch 1 R0/0: stack_mgr: Switch 1 has been added to the stack.
*Apr  2 12:50:09.557: %STACKMGR-4-SWITCH_ADDED: Switch 1 R0/0: stack_mgr: Switch 1 has been added to the stack.
*Apr  2 12:50:11.603: %STACKMGR-4-SWITCH_ADDED: Switch 1 R0/0: stack_mgr: Switch 1 has been added to the stack.
*Apr  2 12:50:11.603: %STACKMGR-6-ACTIVE_ELECTED: Switch 1 R0/0: stack_mgr: Switch 1 has been elected ACTIVE.
*Apr  2 12:50:25.670: %HMANRP-6-EMP_NO_ELECTION_INFO: Could not elect active EMP switch, setting emp active switch to 0: EMP_RELAY: Could not elect switch with mgmt port UP
*Apr  2 12:50:26.057: %SYS-5-CONFIG_P: Configured programmatically by process MGMT VRF Process from console as vty0
*Apr  2 12:50:26.282: %IOSXE_MGMTVRF-6-CREATE_SUCCESS_INFO: Management vrf Mgmt-vrf created with ID 1, ipv4 table-id 0x1, ipv6 table-id 0x1E000001
*Apr  2 12:50:26.337: %SYS-5-CONFIG_P: Configured programmatically by process MGMT VRF Process from console as vty0
*Apr  2 12:50:26.345: %IOSXE_MGMTVRF-6-CREATE_SUCCESS_INFO: Management vrf Mgmt-vrf created with ID 1, ipv4 table-id 0x1, ipv6 table-id 0x1E000001
*Apr  2 12:50:26.346: %SYS-5-CONFIG_P: Configured programmatically by process MGMT VRF Process from console as vty0
*Apr  2 12:50:26.400: %LINEPROTO-5-UPDOWN: Line protocol on Interface Lsmpi18/3, changed state to up
*Apr  2 12:50:26.440: %LINEPROTO-5-UPDOWN: Line protocol on Interface EOBC18/1, changed state to up
*Apr  2 12:50:26.440: %LINEPROTO-5-UPDOWN: Line protocol on Interface GigabitEthernet0/0, changed state to down
*Apr  2 12:50:26.440: %LINEPROTO-5-UPDOWN: Line protocol on Interface Bluetooth0/4, changed state to down
*Apr  2 12:50:26.590: %ONEP_BASE-6-SS_ENABLED: ONEP: Service set Base was enabled by Default
*Apr  2 12:50:27.203: %CRYPTO_ENGINE-5-KEY_ADDITION: A key named fwaaclast122-dc-1ipt.fwa.nam.gm.com has been generated or imported by crypto config
*Apr  2 12:50:27.209: %CRYPTO_ENGINE-5-KEY_ADDITION: A key named SLA-KeyPair2 has been generated or imported by crypto config
*Apr  2 12:50:27.214: %CRYPTO_ENGINE-5-KEY_ADDITION: A key named SLA-KeyPair has been generated or imported by crypto config
*Apr  2 12:50:27.216: %SNMP-6-AUTHPROTOCOLMD5: Authentication protocol md5 support will be deprecated in future
*Apr  2 12:50:27.226: %SNMP-6-AUTHPROTOCOLMD5: Authentication protocol md5 support will be deprecated in future
*Apr  2 12:50:27.280: %SYS-5-LOG_CONFIG_CHANGE: Buffer logging: level informational, xml disabled, filtering disabled, size (40960), discriminator (FILTER)
*Apr  2 12:50:27.281: %SYS-5-LOG_CONFIG_CHANGE: Persistent logging: enabled, url flash:/syslog, disk space 5120000 bytes, file size 500000 bytes, batch size 4096 bytes
*Apr  2 12:50:27.282: %SYS-5-LOG_CONFIG_CHANGE: Console logging: level informational, xml disabled, filtering disabled
*Apr  2 12:50:27.283: %SYS-5-LOG_CONFIG_CHANGE: Monitor logging: level informational, xml disabled, filtering disabled
*Apr  2 12:50:27.285: %AAAA-4-CLI_DEPRECATED: WARNING: Configured enable password CLI with weak encryption type 7 will be deprecated in future. Hence please migrate to enable secret CLI which accomplishes same functionality as enable password CLI and which also supports strong irreversible encryption type 9
*Apr  2 12:50:27.299: %AAAA-4-CLI_DEPRECATED: WARNING: Command has been added to the configuration using a type 7 password. However, recommended to migrate to strong type-6 encryption
*Apr  2 12:50:27.300: %AAAA-4-CLI_DEPRECATED: WARNING: Command has been added to the configuration using a type 7 password. However, recommended to migrate to strong type-6 encryption
*Apr  2 12:50:27.300: %AAAA-4-CLI_DEPRECATED: WARNING: Command has been added to the configuration using a type 7 password. However, recommended to migrate to strong type-6 encryption
*Apr  2 12:50:27.300: %AAAA-4-CLI_DEPRECATED: WARNING: Command has been added to the configuration using a type 7 password. However, recommended to migrate to strong type-6 encryption
*Apr  2 12:50:27.382: ILP:: switch 1 POE mode : IEEE AT
*Apr  2 12:50:27.382: ILP:: POE POST detail for switch 1: PASS
*Apr  2 12:50:27.382: ILP::   Able to get POE POST from switch 1 MCU
*Apr  2 12:50:27.414: %EVENT_TRACE-6-ENABLE: Trace already enabled.
*Apr  2 12:50:27.414: %EVENT_TRACE-6-ENABLE: Trace already enabled.
*Apr  2 12:50:27.415: %EVENT_TRACE-6-ENABLE: Trace already enabled.
*Apr  2 12:50:27.415: %EVENT_TRACE-6-ENABLE: Trace already enabled.
*Apr  2 12:50:27.460: %LINEPROTO-5-UPDOWN: Line protocol on Interface Vlan1, changed state to down
*Apr  2 12:50:27.465: %PKI-6-TRUSTPOINT_CREATE: Trustpoint: SLA-TrustPoint created succesfully
*Apr  2 12:50:27.495: %PKI-6-TRUSTPOINT_CREATE: Trustpoint: TP-self-signed-2052645149 created succesfully
*Apr  2 12:50:27.713: %LINEPROTO-5-UPDOWN: Line protocol on Interface Loopback0, changed state to up
*Apr  2 12:50:27.840: %LINEPROTO-5-UPDOWN: Line protocol on Interface TwoGigabitEthernet1/0/1, changed state to down
*Apr  2 12:50:27.949: %LINEPROTO-5-UPDOWN: Line protocol on Interface TwoGigabitEthernet1/0/2, changed state to down
*Apr  2 12:50:27.976: %LINEPROTO-5-UPDOWN: Line protocol on Interface TwoGigabitEthernet1/0/3, changed state to down
*Apr  2 12:50:28.148: %LINK-5-CHANGED: Interface GigabitEthernet0/0, changed state to administratively down
*Apr  2 12:50:29.075: %SYS-6-LOGGINGHOST_STARTSTOP: Logging to host 148.93.49.21 port 0 CLI Request Triggered
*Apr  2 12:50:29.076: %SYS-6-LOGGINGHOST_STARTSTOP: Logging to host 130.172.129.8 port 0 CLI Request Triggered
*Apr  2 12:50:29.076: %SYS-6-LOGGINGHOST_STARTSTOP: Logging to host 148.93.115.30 port 0 CLI Request Triggered
*Apr  2 12:50:29.077: %SYS-6-LOGGINGHOST_STARTSTOP: Logging to host 130.172.83.30 port 0 CLI Request Triggered
*Apr  2 12:50:29.333: %AAAA-4-CLI_DEPRECATED: WARNING: Command has been added to the configuration using a type 7 password. However, recommended to migrate to strong type-6 encryption
*Apr  2 12:50:29.333: %AAAA-4-CLI_DEPRECATED: WARNING: Command has been added to the configuration using a type 7 password. However, recommended to migrate to strong type-6 encryption
*Apr  2 12:50:29.334: %AAAA-4-CLI_DEPRECATED: WARNING: Command has been added to the configuration using a type 7 password. However, recommended to migrate to strong type-6 encryption
*Apr  2 12:50:29.334: %AAAA-4-CLI_DEPRECATED: WARNING: Command has been added to the configuration using a type 7 password. However, recommended to migrate to strong type-6 encryption
*Apr  2 12:50:29.335: %AAAA-4-CLI_DEPRECATED: WARNING: Command has been added to the configuration using a type 7 password. However, recommended to migrate to strong type-6 encryption
*Apr  2 12:50:29.335: %AAAA-4-CLI_DEPRECATED: WARNING: Command has been added to the configuration using a type 7 password. However, recommended to migrate to strong type-6 encryption
*Apr  2 12:50:29.335: %AAAA-4-CLI_DEPRECATED: WARNING: Command has been added to the configuration using a type 7 password. However, recommended to migrate to strong type-6 encryption
*Apr  2 12:50:29.335: %AAAA-4-CLI_DEPRECATED: WARNING: Command has been added to the configuration using a type 7 password. However, recommended to migrate to strong type-6 encryption
*Apr  2 12:50:29.340: %AAAA-4-CLI_DEPRECATED: WARNING: Command has been added to the configuration using a type 7 password. However, recommended to migrate to strong type-6 encryption
*Apr  2 12:50:29.340:  Request successfully sent to PAC Provisioning driver.
*Apr  2 12:50:29.343: %AAAA-4-CLI_DEPRECATED: WARNING: Command has been added to the configuration using a type 7 password. However, recommended to migrate to strong type-6 encryption
*Apr  2 12:50:29.344:  Request successfully sent to PAC Provisioning driver.
*Apr  2 12:50:29.345: %AAAA-4-CLI_DEPRECATED: WARNING: Command has been added to the configuration using a type 7 password. However, recommended to migrate to strong type-6 encryption
*Apr  2 12:50:29.345:  Request successfully sent to PAC Provisioning driver.
*Apr  2 12:50:29.346: %AAAA-4-CLI_DEPRECATED: WARNING: Command has been added to the configuration using a type 7 password. However, recommended to migrate to strong type-6 encryption
*Apr  2 12:50:29.347:  Request successfully sent to PAC Provisioning driver.
*Apr  2 12:50:29.399: %SW_VLAN-6-VTP_DOMAIN_NAME_CHG: VTP domain name changed to fwaac.
*Apr  2 12:50:29.409: %SYS-5-CONFIG_I: Configured from memory by console
*Apr  2 12:50:29.456: %SYS-5-CONFIG_P: Configured programmatically by process CPP MQC QoS Policy manager from console as vty1
*Apr  2 12:50:29.459: %PLATFORM_FEP-6-FRU_PS_OIR: Switch 1: FRU power supply A inserted
*Apr  2 12:50:29.460: %PLATFORM_FEP-6-FRU_PS_OIR: Switch 1: FRU power supply B inserted
*Apr  2 12:50:29.932: %LINEPROTO-5-UPDOWN: Line protocol on Interface Vlan3122, changed state to down
*Apr  2 12:50:29.933: %LINEPROTO-5-UPDOWN: Line protocol on Interface Vlan3622, changed state to down
*Apr  2 12:50:30.677: %SSH-5-ENABLED: SSH 2.0 has been enabled
*Apr  2 12:50:30.770: %SYS-5-RESTART: System restarted --
Cisco IOS Software [Bengaluru], Catalyst L3 Switch Software (CAT9K_IOSXE), Version 17.6.4, RELEASE SOFTWARE (fc1)
Technical Support: http://www.cisco.com/techsupport
Copyright (c) 1986-2022 by Cisco Systems, Inc.
Compiled Sun 14-Aug-22 08:58 by mcpre
*Apr  2 12:50:30.854: %SYS-6-LOGGINGHOST_STARTSTOP: Logging to host 148.93.49.21 port 5012 started - CLI initiated
*Apr  2 12:50:30.854: %SYS-6-LOGGINGHOST_STARTSTOP: Logging to host 130.172.129.8 port 5012 started - CLI initiated
*Apr  2 12:50:30.854: %SYS-6-LOGGINGHOST_STARTSTOP: Logging to host 148.93.115.30 port 5500 started - CLI initiated
*Apr  2 12:50:30.854: %SYS-6-LOGGINGHOST_STARTSTOP: Logging to host 130.172.83.30 port 5500 started - CLI initiated
*Apr  2 12:50:30.884: %LINK-5-CHANGED: Interface AppGigabitEthernet1/0/1, changed state to administratively down
*Apr  2 12:50:30.900: %LINK-5-CHANGED: Interface Vlan1, changed state to administratively down
*Apr  2 12:50:30.932: %SNMP-5-COLDSTART: SNMP agent on host fwaaclast122-dc-1ipt is undergoing a cold start
*Apr  2 12:50:31.566: %LINK-3-UPDOWN: Interface TenGigabitEthernet1/1/1, changed state to down
*Apr  2 12:50:31.566: %LINK-3-UPDOWN: Interface TenGigabitEthernet1/1/2, changed state to down
*Apr  2 12:50:31.733: %LINEPROTO-5-UPDOWN: Line protocol on Interface GigabitEthernet1/1/1, changed state to down
*Apr  2 12:50:31.776: %LINEPROTO-5-UPDOWN: Line protocol on Interface GigabitEthernet1/1/2, changed state to down
*Apr  2 12:50:31.776: %LINEPROTO-5-UPDOWN: Line protocol on Interface GigabitEthernet1/1/3, changed state to down
*Apr  2 12:50:31.776: %LINEPROTO-5-UPDOWN: Line protocol on Interface GigabitEthernet1/1/4, changed state to down
*Apr  2 12:50:31.779: %LINEPROTO-5-UPDOWN: Line protocol on Interface Tunnel0, changed state to down
*Apr  2 12:50:31.821: %LINEPROTO-5-UPDOWN: Line protocol on Interface TenGigabitEthernet1/1/3, changed state to down
*Apr  2 12:50:31.821: %LINEPROTO-5-UPDOWN: Line protocol on Interface TenGigabitEthernet1/1/4, changed state to down
*Apr  2 12:50:31.822: %LINEPROTO-5-UPDOWN: Line protocol on Interface TenGigabitEthernet1/1/5, changed state to down
*Apr  2 12:50:31.825: %LINEPROTO-5-UPDOWN: Line protocol on Interface TenGigabitEthernet1/1/6, changed state to down
*Apr  2 12:50:31.865: %LINEPROTO-5-UPDOWN: Line protocol on Interface TenGigabitEthernet1/1/7, changed state to down
*Apr  2 12:50:31.865: %LINEPROTO-5-UPDOWN: Line protocol on Interface TenGigabitEthernet1/1/8, changed state to down
*Apr  2 12:50:31.866: %LINEPROTO-5-UPDOWN: Line protocol on Interface FortyGigabitEthernet1/1/1, changed state to down
*Apr  2 12:50:31.866: %LINEPROTO-5-UPDOWN: Line protocol on Interface FortyGigabitEthernet1/1/2, changed state to down
*Apr  2 12:50:31.909: %LINEPROTO-5-UPDOWN: Line protocol on Interface TwentyFiveGigE1/1/1, changed state to down
*Apr  2 12:50:31.909: %LINEPROTO-5-UPDOWN: Line protocol on Interface TwentyFiveGigE1/1/2, changed state to down
*Apr  2 12:50:32.573: %LINEPROTO-5-UPDOWN: Line protocol on Interface TenGigabitEthernet1/1/1, changed state to down
*Apr  2 12:50:32.573: %LINEPROTO-5-UPDOWN: Line protocol on Interface TenGigabitEthernet1/1/2, changed state to down
*Apr  2 12:50:33.359: %SYS-6-BOOTTIME: Time taken to reboot after reload =  164 seconds
*Apr  2 12:50:34.882: %CRYPTO_ENGINE-5-KEY_ADDITION: A key named fwaaclast122-dc-1ipt.fwa.nam.gm.com.server has been generated or imported by crypto-engine
*Apr  2 12:50:36.627: %PNP-6-PNP_BEST_UDI_UPDATE: Best UDI [PID:C9300-48UXM,VID:A0,SN:FJC24391S7H] identified via (master-registry)
*Apr  2 12:50:36.627: %PNP-6-PNP_CDP_UPDATE: Device UDI [PID:C9300-48UXM,VID:A0,SN:FJC24391S7H] identified for CDP
*Apr  2 12:50:36.628: %PNP-6-PNP_DISCOVERY_STOPPED: PnP Discovery stopped (Startup Config Present)
*Apr  2 12:50:37.366: ILP:: switch 1 POE mode : IEEE AT
*Apr  2 12:50:37.366: ILP:: POE POST detail for switch 1: PASS
*Apr  2 12:50:37.366: ILP::   Able to get POE POST from switch 1 MCU
*Apr  2 12:50:37.888: %HMANRP-6-EMP_NO_ELECTION_INFO: Could not elect active EMP switch, setting emp active switch to 0: EMP_RELAY: Could not elect switch with mgmt port UP
*Apr  2 12:50:45.170: %PKI-2-NON_AUTHORITATIVE_CLOCK: PKI functions can not be initialized until an authoritative time source, like NTP, can be obtained.
*Apr  2 12:50:45.177: %PKI-6-TRUSTPOINT_CREATE: Trustpoint: CISCO_IDEVID_SUDI_LEGACY created succesfully
*Apr  2 12:50:45.185: %CRYPTO_ENGINE-5-KEY_ADDITION: A key named CISCO_IDEVID_SUDI_LEGACY has been generated or imported by pki-sudi
*Apr  2 12:50:45.186: %CRYPTO_ENGINE-5-KEY_DELETED: A key named fwaaclast122-dc-1ipt.fwa.nam.gm.com.server has been removed from key storage
*Apr  2 12:50:45.186: %SSH-5-DISABLED: SSH 2.0 has been disabled
*Apr  2 12:50:45.187: %SSH-5-ENABLED: SSH 2.0 has been enabled
*Apr  2 12:50:45.204: %PKI-6-TRUSTPOINT_CREATE: Trustpoint: CISCO_IDEVID_SUDI_LEGACY0 created succesfully
*Apr  2 12:50:45.206: %PKI-6-TRUSTPOINT_CREATE: Trustpoint: CISCO_IDEVID_SUDI created succesfully
*Apr  2 12:50:45.212: %CRYPTO_ENGINE-5-KEY_ADDITION: A key named CISCO_IDEVID_SUDI has been generated or imported by pki-sudi
*Apr  2 12:50:45.214: %SSH-5-DISABLED: SSH 2.0 has been disabled
*Apr  2 12:50:45.215: %SSH-5-ENABLED: SSH 2.0 has been enabled
*Apr  2 12:50:45.248: %PKI-6-TRUSTPOINT_CREATE: Trustpoint: CISCO_IDEVID_SUDI0 created succesfully
*Apr  2 12:50:46.486: %CRYPTO_ENGINE-5-KEY_ADDITION: A key named fwaaclast122-dc-1ipt.fwa.nam.gm.com.server has been generated or imported by crypto-engine
*Apr  2 12:50:46.968: %CRYPTO_ENGINE-5-KEY_REPLACE: A key named fwaaclast122-dc-1ipt.fwa.nam.gm.com.server has been replaced by crypto-engine with new key data 
*Apr  2 12:50:55.387: %LINK-3-UPDOWN: Interface TwoGigabitEthernet1/0/1, changed state to up
*Apr  2 12:50:55.512: %LINK-3-UPDOWN: Interface TwoGigabitEthernet1/0/2, changed state to up
*Apr  2 12:50:56.386: %LINEPROTO-5-UPDOWN: Line protocol on Interface TwoGigabitEthernet1/0/1, changed state to up
*Apr  2 12:50:56.513: %LINEPROTO-5-UPDOWN: Line protocol on Interface TwoGigabitEthernet1/0/2, changed state to up
*Apr  2 12:50:58.184: %DUAL-5-NBRCHANGE: EIGRP-IPv4 1293: Neighbor 11.222.192.66 (TwoGigabitEthernet1/0/1) is up: new adjacency
*Apr  2 12:50:58.327: %LINK-3-UPDOWN: Interface TwoGigabitEthernet1/0/3, changed state to up
*Apr  2 12:50:59.045: %DUAL-5-NBRCHANGE: EIGRP-IPv4 1293: Neighbor 11.222.192.70 (TwoGigabitEthernet1/0/2) is up: new adjacency
*Apr  2 12:50:59.327: %LINEPROTO-5-UPDOWN: Line protocol on Interface TwoGigabitEthernet1/0/3, changed state to up
*Apr  2 12:51:01.309: %DUAL-5-NBRCHANGE: EIGRP-IPv4 1293: Neighbor 11.222.192.74 (TwoGigabitEthernet1/0/3) is up: new adjacency
*Apr  2 12:51:01.777: %CALL_HOME-6-CALL_HOME_ENABLED: Call-home is enabled by Smart Agent for Licensing.
*Apr  2 12:51:01.855: %SMART_LIC-6-REPORTING_REQUIRED: A Usage report acknowledgement will be required in 89 days.
*Apr  2 12:51:14.608: %SMART_LIC-3-COMM_FAILED: Communications failure with the Cisco Smart License Utility (CSLU) : Unable to resolve server hostname/domain name 
*Apr  2 12:51:16.710: %PLATFORM_PM-6-FRULINK_INSERTED: 8x10G uplink module inserted in the switch 1 slot 1
*Apr  2 12:51:19.560: %PLATFORM_PM-6-MODULE_INSERTED: SFP module inserted with interface name Te1/1/1
*Apr  2 12:51:21.539: %PLATFORM_PM-6-MODULE_INSERTED: SFP module inserted with interface name Te1/1/2
*Apr  2 12:51:23.546: %LINK-3-UPDOWN: Interface TenGigabitEthernet1/1/1, changed state to up
*Apr  2 12:51:25.550: %LINEPROTO-5-UPDOWN: Line protocol on Interface TenGigabitEthernet1/1/1, changed state to up
*Apr  2 12:51:25.578: %PIM-5-DRCHG: DR change from neighbor 0.0.0.0 to 10.51.5.175 on interface Vlan3122
*Apr  2 12:51:26.041: %LINK-3-UPDOWN: Interface TenGigabitEthernet1/1/2, changed state to up
*Apr  2 12:51:27.004: %PIM-5-NBRCHG: neighbor 10.51.5.174 UP on interface Vlan3122 
*Apr  2 12:51:27.577: %PIM-5-DRCHG: DR change from neighbor 0.0.0.0 to 10.51.5.177 on interface Vlan3622
*Apr  2 12:51:28.000: %LINEPROTO-5-UPDOWN: Line protocol on Interface Vlan3122, changed state to up
*Apr  2 12:51:28.042: %LINEPROTO-5-UPDOWN: Line protocol on Interface TenGigabitEthernet1/1/2, changed state to up
*Apr  2 12:51:29.440: %PIM-5-NBRCHG: neighbor 10.51.5.176 UP on interface Vlan3622 
*Apr  2 12:51:29.512: %DUAL-5-NBRCHANGE: EIGRP-IPv4 1293: Neighbor 10.51.5.174 (Vlan3122) is up: new adjacency
*Apr  2 12:51:29.905: %DUAL-5-NBRCHANGE: EIGRP-IPv4 1293: Neighbor 10.51.5.176 (Vlan3622) is up: new adjacency
*Apr  2 12:51:30.437: %LINEPROTO-5-UPDOWN: Line protocol on Interface Vlan3622, changed state to up
Apr  2 12:51:34.681: %PKI-6-AUTHORITATIVE_CLOCK: The system clock has been set.
Apr  2 12:51:34.919: %LINEPROTO-5-UPDOWN: Line protocol on Interface Tunnel0, changed state to up
Apr  2 12:51:55.419: %SEC_LOGIN-5-LOGIN_SUCCESS: Login Success [user: as_cz507f] [Source: 148.93.114.53] [localport: 22] at 12:51:55 UTC Sun Apr 2 2023
Apr  2 12:52:05.435: %LINEPROTO-5-UPDOWN: Line protocol on Interface Tunnel1, changed state to up
Apr  2 12:52:28.865: %SMART_LIC-3-COMM_FAILED: Communications failure with the Cisco Smart License Utility (CSLU) : Unable to resolve server hostname/domain name 
Apr  2 12:55:40.508: %INSTALL-5-INSTALL_START_INFO: Switch 1 R0/0: install_engine: Started install remove
Apr  2 12:58:01.633: %SEC_LOGIN-5-LOGIN_SUCCESS: Login Success [user: si_nam_52343_p_004] [Source: 130.172.129.12] [localport: 22] at 12:58:01 UTC Sun Apr 2 2023
Apr  2 12:58:04.905: %SYS-6-LOGOUT: User si_nam_52343_p_004 has exited tty session 2(130.172.129.12)
Apr  2 12:58:08.163: %SEC_LOGIN-5-LOGIN_SUCCESS: Login Success [user: si_nam_52343_p_004] [Source: 130.172.129.12] [localport: 22] at 12:58:08 UTC Sun Apr 2 2023
Apr  2 12:58:48.401: %SYS-6-LOGOUT: User si_nam_52343_p_004 has exited tty session 2(130.172.129.12)
Apr  2 12:59:03.174: %INSTALL-5-INSTALL_COMPLETED_INFO: Switch 1 R0/0: install_engine: Completed install remove
Apr  2 12:59:07.016: %SEC_LOGIN-5-LOGIN_SUCCESS: Login Success [user: si_nam_52343_p_004] [Source: 130.172.129.12] [localport: 22] at 12:59:07 UTC Sun Apr 2 2023
Apr  2 12:59:09.485: %SYS-6-LOGOUT: User si_nam_52343_p_004 has exited tty session 2(130.172.129.12)
Apr  2 13:00:38.625: %SYS-6-LOGOUT: User as_cz507f has exited tty session 1(148.93.114.53)
Apr  2 13:04:29.204: %SEC_LOGIN-5-LOGIN_SUCCESS: Login Success [user: as_cz507f] [Source: 148.93.114.53] [localport: 22] at 13:04:29 UTC Sun Apr 2 2023
fwaaclast122-dc-1ipt#!

fwaaclast122-dc-1ipt#show running-config
Building configuration...

Current configuration : 56037 bytes
!
! Last configuration change at 12:50:30 UTC Sun Apr 2 2023
!
version 17.6
service timestamps debug datetime msec localtime
service timestamps log datetime msec localtime
service password-encryption
service call-home
platform punt-keepalive disable-kernel-core
!
hostname fwaaclast122-dc-1ipt
!
!
vrf definition Mgmt-vrf
 !
 address-family ipv4
 exit-address-family
 !
 address-family ipv6
 exit-address-family
!
logging discriminator FILTER facility drops DOT1X|MAB|SESSION_MGR 
logging buffered discriminator FILTER 40960 informational
logging persistent url flash:/syslog size 5120000 filesize 500000 immediate
logging console informational
logging monitor informational
enable secret 9 $9$.WdJnHuGz02oNU$Jvw982a0zYCNbJJMbMCvsdLHw93PY9UTlPiPI1lYnlo
enable password 7 123E2846010E0F162F3F
!
aaa new-model
!
!
aaa authentication login default group tacacs+ local
aaa authentication enable default group tacacs+ enable
aaa authentication dot1x default group radius
aaa authorization console
aaa authorization config-commands
aaa authorization exec default group tacacs+ local 
aaa authorization commands 1 default group tacacs+ none 
aaa authorization commands 15 default group tacacs+ none 
aaa authorization network default group radius 
aaa accounting send stop-record authentication failure
aaa accounting update newinfo periodic 2880
aaa accounting dot1x default start-stop group radius
aaa accounting exec default stop-only group tacacs+
aaa accounting commands 15 default stop-only group tacacs+
!
!
!
!
!
aaa server radius dynamic-author
 client 10.51.11.120 server-key 7 063E3A1B785E3E311434015E295C33720F
 client 10.51.11.121 server-key 7 063E3A1B785E3E311434015E295C33720F
 client 148.93.49.192 server-key 7 063E3A1B785E3E311434015E295C33720F
 client 130.172.129.192 server-key 7 063E3A1B785E3E311434015E295C33720F
!
aaa session-id common
process cpu threshold type total rising 60 interval 120 falling 30 interval 120
boot system switch all flash:packages.conf
switch 1 provision c9300-48uxm
stack-power switch 1
!
!
!
!
!
ip routing
!
ip vrf gm-security
 description gm-security-VRF vlan 762
 rd 762:200001
!
!
!
!
!
ip multicast-routing 
ip multicast multipath
no ip domain lookup
ip domain name fwa.nam.gm.com
ip dhcp smart-relay
!
!
!
ip dhcp snooping vlan 500
ip dhcp snooping
no ip igmp snooping vlan 3122
no ip igmp snooping vlan 3622
login on-success log
!
!
!
!
!
!
device-sensor filter-list dhcp list DS-dhcp-list
 option name host-name
 option name default-ip-ttl
 option name requested-address
 option name parameter-request-list
 option name class-identifier
 option name client-identifier
!
device-sensor filter-list lldp list DS-lldp-list
 tlv name system-name
 tlv name system-description
 tlv name system-capabilities
!
device-sensor filter-list cdp list DS-cdp-list
 tlv name device-name
 tlv name address-type
 tlv name capabilities-type
 tlv name platform-type
device-sensor filter-spec dhcp include list DS-dhcp-list
device-sensor filter-spec lldp include list DS-lldp-list
device-sensor filter-spec cdp include list DS-cdp-list
device-sensor accounting
device-sensor notify all-changes
!
!
vtp domain fwaac
vtp mode transparent
udld aggressive

authentication mac-move permit
access-session template monitor
access-session acl default passthrough
device-tracking tracking auto-source override
!
device-tracking policy IPDT_MAX_10
 limit address-count 10
 security-level glean
 no protocol udp
 tracking enable reachable-lifetime 10
!
!
!
crypto pki trustpoint SLA-TrustPoint
 enrollment terminal
 revocation-check none
!
crypto pki trustpoint TP-self-signed-2052645149
 enrollment selfsigned
 subject-name cn=IOS-Self-Signed-Certificate-2052645149
 revocation-check none
 rsakeypair TP-self-signed-2052645149
!
!
crypto pki certificate chain SLA-TrustPoint
 certificate ca 01
  30820321 30820209 A0030201 02020101 300D0609 2A864886 F70D0101 0B050030 
  32310E30 0C060355 040A1305 43697363 6F312030 1E060355 04031317 43697363 
  6F204C69 63656E73 696E6720 526F6F74 20434130 1E170D31 33303533 30313934 
  3834375A 170D3338 30353330 31393438 34375A30 32310E30 0C060355 040A1305 
  43697363 6F312030 1E060355 04031317 43697363 6F204C69 63656E73 696E6720 
  526F6F74 20434130 82012230 0D06092A 864886F7 0D010101 05000382 010F0030 
  82010A02 82010100 A6BCBD96 131E05F7 145EA72C 2CD686E6 17222EA1 F1EFF64D 
  CBB4C798 212AA147 C655D8D7 9471380D 8711441E 1AAF071A 9CAE6388 8A38E520 
  1C394D78 462EF239 C659F715 B98C0A59 5BBB5CBD 0CFEBEA3 700A8BF7 D8F256EE 
  4AA4E80D DB6FD1C9 60B1FD18 FFC69C96 6FA68957 A2617DE7 104FDC5F EA2956AC 
  7390A3EB 2B5436AD C847A2C5 DAB553EB 69A9A535 58E9F3E3 C0BD23CF 58BD7188 
  68E69491 20F320E7 948E71D7 AE3BCC84 F10684C7 4BC8E00F 539BA42B 42C68BB7 
  C7479096 B4CB2D62 EA2F505D C7B062A4 6811D95B E8250FC4 5D5D5FB8 8F27D191 
  C55F0D76 61F9A4CD 3D992327 A8BB03BD 4E6D7069 7CBADF8B DF5F4368 95135E44 
  DFC7C6CF 04DD7FD1 02030100 01A34230 40300E06 03551D0F 0101FF04 04030201 
  06300F06 03551D13 0101FF04 05300301 01FF301D 0603551D 0E041604 1449DC85 
  4B3D31E5 1B3E6A17 606AF333 3D3B4C73 E8300D06 092A8648 86F70D01 010B0500 
  03820101 00507F24 D3932A66 86025D9F E838AE5C 6D4DF6B0 49631C78 240DA905 
  604EDCDE FF4FED2B 77FC460E CD636FDB DD44681E 3A5673AB 9093D3B1 6C9E3D8B 
  D98987BF E40CBD9E 1AECA0C2 2189BB5C 8FA85686 CD98B646 5575B146 8DFC66A8 
  467A3DF4 4D565700 6ADF0F0D CF835015 3C04FF7C 21E878AC 11BA9CD2 55A9232C 
  7CA7B7E6 C1AF74F6 152E99B7 B1FCF9BB E973DE7F 5BDDEB86 C71E3B49 1765308B 
  5FB0DA06 B92AFE7F 494E8A9E 07B85737 F3A58BE1 1A48A229 C37C1E69 39F08678 
  80DDCD16 D6BACECA EEBC7CF9 8428787B 35202CDC 60E4616A B623CDBD 230E3AFB 
  418616A9 4093E049 4D10AB75 27E86F73 932E35B5 8862FDAE 0275156F 719BB2F0 
  D697DF7F 28
  	quit
crypto pki certificate chain TP-self-signed-2052645149
!
!
dot1x system-auth-control
system mtu 9100
license boot level network-advantage addon dna-advantage
!
!
diagnostic bootup level minimal
!
spanning-tree mode rapid-pvst
spanning-tree loopguard default
spanning-tree portfast bpduguard default
spanning-tree extend system-id
archive
 path flash:backup
 maximum 7
 time-period 1440
memory free low-watermark processor 134344
!
errdisable recovery cause udld
errdisable recovery cause bpduguard
errdisable recovery cause security-violation
errdisable recovery cause channel-misconfig
errdisable recovery cause pagp-flap
errdisable recovery cause dtp-flap
errdisable recovery cause link-flap
errdisable recovery cause sfp-config-mismatch
errdisable recovery cause gbic-invalid
errdisable recovery cause l2ptguard
errdisable recovery cause psecure-violation
errdisable recovery cause port-mode-failure
errdisable recovery cause dhcp-rate-limit
errdisable recovery cause pppoe-ia-rate-limit
errdisable recovery cause mac-limit
errdisable recovery cause storm-control
errdisable recovery cause inline-power
errdisable recovery cause arp-inspection
errdisable recovery cause link-monitor-failure
errdisable recovery cause oam-remote-failure
errdisable recovery cause loopback
errdisable recovery cause psp
errdisable recovery cause mrp-miscabling
errdisable recovery interval 1200
username localadmin privilege 15 secret 9 $9$O11v1VY7xoHSYU$EPsupoyc2Um4Wu3dDZrZCdFomAHW526WbTsf3UoEptU
!
redundancy
 mode sso
!
!
!
!
!
!
transceiver type all
 monitoring
!
vlan 999
 name unused-ports
!
vlan 3122
 name link-to-fwaaccore001
!
vlan 3622
 name link-to-fwaaccore002
lldp run
!
!
class-map match-any system-cpp-police-ewlc-control
  description EWLC Control 
class-map match-any system-cpp-police-topology-control
  description Topology control
class-map match-any system-cpp-police-sw-forward
  description Sw forwarding, L2 LVX data packets, LOGGING, Transit Traffic
class-map match-any system-cpp-default
  description EWLC Data, Inter FED Traffic 
class-map match-any MATH
 match access-group name MATH
class-map match-any TRUNK_EGRESS_CLASS-1
 match cos  5 
 match dscp 41  42  43  44  45  ef  47 
class-map match-any TRUNK_EGRESS_CLASS-2
 match cos  0  3  6  7 
 match dscp default  cs3  25  af31  27  af32  29  af33 
 match dscp 31  cs5  cs6  49  50  51  52  53 
 match dscp 54  55  cs7  57  58  59  60  61 
 match dscp 62  63 
class-map match-any system-cpp-police-sys-data
  description Openflow, Exception, EGR Exception, NFL Sampled Data, RPF Failed
class-map match-any TRUNK_EGRESS_CLASS-3
 match cos  2  4 
 match dscp cs2  17  af21  19  af22  21  af23  23 
 match dscp cs4  33  af41  35  af42  37  af43  39 
class-map match-any 50x-OTHER
 match access-group name IECN
class-map match-any TRUNK_EGRESS_CLASS-4
 match cos  1 
 match dscp 1  2  3  4  5  6  7  cs1 
 match dscp 9  af11  11  af12  13  af13  15 
class-map match-any GMOL-BU-AVAMAR
 match access-group name GMOL-BU-AVAMAR
class-map match-any system-cpp-police-punt-webauth
  description Punt Webauth
class-map match-any system-cpp-police-l2lvx-control
  description L2 LVX control packets
class-map match-any VIDEO-SIGNALING
 match access-group name VIDEO-SIGNALING
class-map match-any VOICE-SIG
 match access-group name VOICE-SIG
class-map match-any system-cpp-police-forus
  description Forus Address resolution and Forus traffic
class-map match-any system-cpp-police-multicast-end-station
  description MCAST END STATION
class-map match-any VIDEO-TRAFFIC
 match access-group name VIDEO-TRAFFIC
class-map match-any system-cpp-police-high-rate-app
  description High Rate Applications 
class-map match-any system-cpp-police-multicast
  description MCAST Data
class-map match-any HOST_EGRESS_CLASS-4
 match cos  1 
 match dscp 1  2  3  4  5  6  7  cs1 
 match dscp 9  af11  11  af12  13  af13  15 
class-map match-any system-cpp-police-l2-control
  description L2 control
class-map match-any system-cpp-police-dot1x-auth
  description DOT1X Auth
class-map match-any HOST_EGRESS_CLASS-2
 match cos  0  3  6  7 
 match dscp default  cs3  25  af31  27  af32  29  af33 
 match dscp 31  cs5  cs6  49  50  51  52  53 
 match dscp 54  55  cs7  57  58  59  60  61 
 match dscp 62  63 
class-map match-any HOST_EGRESS_CLASS-3
 match cos  2  4 
 match dscp cs2  17  af21  19  af22  21  af23  23 
 match dscp cs4  33  af41  35  af42  37  af43  39 
class-map match-any system-cpp-police-data
  description ICMP redirect, ICMP_GEN and BROADCAST
class-map match-any HOST_EGRESS_CLASS-1
 match cos  5 
 match dscp 41  42  43  44  45  ef  47 
class-map match-any system-cpp-police-stackwise-virt-control
  description Stackwise Virtual OOB
class-map match-any INTERLOCK
 match access-group name CIP
class-map match-any VOICE
 match access-group name VOICE
class-map match-any ALL_OTHER
 match access-group name ALL_OTHER
class-map match-any non-client-nrt-class
class-map match-any NET_MGT
 match access-group name NET_MGT
class-map match-any system-cpp-police-routing-control
  description Routing control and Low Latency
class-map match-any system-cpp-police-protocol-snooping
  description Protocol snooping
class-map match-any system-cpp-police-dhcp-snooping
  description DHCP snooping
class-map match-any system-cpp-police-ios-routing
  description L2 control, Topology control, Routing control, Low Latency
class-map match-any system-cpp-police-system-critical
  description System Critical and Gold Pkt
class-map match-any system-cpp-police-ios-feature
  description ICMPGEN,BROADCAST,ICMP,L2LVXCntrl,ProtoSnoop,PuntWebauth,MCASTData,Transit,DOT1XAuth,Swfwd,LOGGING,L2LVXData,ForusTraffic,ForusARP,McastEndStn,Openflow,Exception,EGRExcption,NflSampled,RpfFailed
!
policy-map HOST_EGRESS_PM
 class HOST_EGRESS_CLASS-1
  bandwidth remaining percent 25 
  queue-buffers ratio 25
  queue-limit cos 5 percent 100
 class HOST_EGRESS_CLASS-2
  bandwidth remaining percent 25 
  queue-buffers ratio 25
  queue-limit cos 0 percent 100
  queue-limit cos 3 percent 100
  queue-limit cos 6 percent 100
  queue-limit cos 7 percent 100
 class HOST_EGRESS_CLASS-3
  bandwidth remaining percent 25 
  queue-buffers ratio 25
  queue-limit cos 2 percent 100
  queue-limit cos 4 percent 100
 class HOST_EGRESS_CLASS-4
  bandwidth remaining percent 25 
  queue-buffers ratio 24
  queue-limit cos 1 percent 25
policy-map PFCN-PHYS
 class INTERLOCK
  set dscp cs5
 class 50x-OTHER
  set dscp default
 class MATH
  set dscp 2
 class VIDEO-SIGNALING
  set dscp cs3
 class VIDEO-TRAFFIC
  set dscp af41
 class VOICE-SIG
  set dscp af31
 class VOICE
  set dscp ef
 class NET_MGT
  set dscp cs6
 class GMOL-BU-AVAMAR
  set dscp 1
 class ALL_OTHER
  set dscp cs2
policy-map system-cpp-policy
policy-map TRUNK_EGRESS_PM
 class TRUNK_EGRESS_CLASS-1
  priority level 1
  queue-buffers ratio 25
  queue-limit cos 5 percent 100
 class TRUNK_EGRESS_CLASS-2
  bandwidth remaining percent 20 
  queue-buffers ratio 25
  queue-limit cos 0 percent 100
  queue-limit cos 3 percent 100
  queue-limit cos 6 percent 100
  queue-limit cos 7 percent 100
 class TRUNK_EGRESS_CLASS-3
  bandwidth remaining percent 20 
  queue-buffers ratio 25
  queue-limit cos 2 percent 100
  queue-limit cos 4 percent 100
 class TRUNK_EGRESS_CLASS-4
  bandwidth remaining percent 20 
  queue-buffers ratio 24
  queue-limit cos 1 percent 25
policy-map port_child_policy
 class non-client-nrt-class
  bandwidth remaining ratio 10
!
! 
!
!
!
!
!
!
!
!
!
!
interface Loopback0
 ip address 10.51.3.122 255.255.255.255
 no ip redirects
 no ip unreachables
 no ip proxy-arp
!
interface GigabitEthernet0/0
 description unused-port
 vrf forwarding Mgmt-vrf
 no ip address
 shutdown
 negotiation auto
!
interface TwoGigabitEthernet1/0/1
 description Uplink_to_VG450_Number_1
 no switchport
 ip address 11.222.192.65 255.255.255.252
 no ip redirects
 no ip proxy-arp
 speed 100
 duplex full
 no snmp trap link-status
 no mdix auto
 service-policy input PFCN-PHYS
!
interface TwoGigabitEthernet1/0/2
 description Uplink_to_VG450_Number_2
 no switchport
 ip address 11.222.192.69 255.255.255.252
 no ip redirects
 no ip proxy-arp
 speed 100
 duplex full
 no snmp trap link-status
 no mdix auto
 service-policy input PFCN-PHYS
!
interface TwoGigabitEthernet1/0/3
 description Uplink_to_VG450_Number_3
 no switchport
 ip address 11.222.192.73 255.255.255.252
 no ip redirects
 no ip proxy-arp
 speed 100
 duplex full
 no snmp trap link-status
 no mdix auto
 service-policy input PFCN-PHYS
!
interface TwoGigabitEthernet1/0/4
 description unused_port
 switchport access vlan 999
 switchport mode access
 ip access-group ACL-DEFAULT-GPN in
 no logging event link-status
 shutdown
 power inline never
 authentication event fail retry 0 action authorize vlan 999
 authentication event server dead action authorize vlan 999
 authentication event server dead action authorize voice
 authentication event no-response action authorize vlan 999
 authentication event server alive action reinitialize 
 authentication host-mode multi-domain
 authentication order dot1x mab
 authentication priority dot1x mab
 authentication port-control auto
 authentication violation restrict
 mab
 no snmp trap link-status
 dot1x pae authenticator
 dot1x timeout tx-period 5
 dot1x timeout supp-timeout 10
 no mdix auto
 spanning-tree portfast
 service-policy input PFCN-PHYS
!
interface TwoGigabitEthernet1/0/5
 description unused_port
 switchport access vlan 999
 switchport mode access
 ip access-group ACL-DEFAULT-GPN in
 no logging event link-status
 shutdown
 power inline never
 authentication event fail retry 0 action authorize vlan 999
 authentication event server dead action authorize vlan 999
 authentication event server dead action authorize voice
 authentication event no-response action authorize vlan 999
 authentication event server alive action reinitialize 
 authentication host-mode multi-domain
 authentication order dot1x mab
 authentication priority dot1x mab
 authentication port-control auto
 authentication violation restrict
 mab
 no snmp trap link-status
 dot1x pae authenticator
 dot1x timeout tx-period 5
 dot1x timeout supp-timeout 10
 no mdix auto
 spanning-tree portfast
 service-policy input PFCN-PHYS
!
interface TwoGigabitEthernet1/0/6
 description unused_port
 switchport access vlan 999
 switchport mode access
 ip access-group ACL-DEFAULT-GPN in
 no logging event link-status
 shutdown
 power inline never
 authentication event fail retry 0 action authorize vlan 999
 authentication event server dead action authorize vlan 999
 authentication event server dead action authorize voice
 authentication event no-response action authorize vlan 999
 authentication event server alive action reinitialize 
 authentication host-mode multi-domain
 authentication order dot1x mab
 authentication priority dot1x mab
 authentication port-control auto
 authentication violation restrict
 mab
 no snmp trap link-status
 dot1x pae authenticator
 dot1x timeout tx-period 5
 dot1x timeout supp-timeout 10
 no mdix auto
 spanning-tree portfast
 service-policy input PFCN-PHYS
!
interface TwoGigabitEthernet1/0/7
 description un
 switchport access vlan 999
 switchport mode access
 ip access-group ACL-DEFAULT-GPN in
 no logging event link-status
 shutdown
 power inline never
 authentication event fail retry 0 action authorize vlan 999
 authentication event server dead action authorize vlan 999
 authentication event server dead action authorize voice
 authentication event no-response action authorize vlan 999
 authentication event server alive action reinitialize 
 authentication host-mode multi-domain
 authentication order dot1x mab
 authentication priority dot1x mab
 authentication port-control auto
 no snmp trap link-status
 no mdix auto
 spanning-tree portfast
!
interface TwoGigabitEthernet1/0/8
 description unused_port
 switchport access vlan 999
 switchport mode access
 no logging event link-status
 shutdown
 no snmp trap link-status
 no mdix auto
 spanning-tree portfast
!
interface TwoGigabitEthernet1/0/9
 description unused_port
 switchport access vlan 999
 switchport mode access
 no logging event link-status
 shutdown
 no snmp trap link-status
 no mdix auto
 spanning-tree portfast
!
interface TwoGigabitEthernet1/0/10
 description unused_port
 switchport access vlan 999
 switchport mode access
 no logging event link-status
 shutdown
 no snmp trap link-status
 no mdix auto
 spanning-tree portfast
!
interface TwoGigabitEthernet1/0/11
 description unused_port
 switchport access vlan 999
 switchport mode access
 no logging event link-status
 shutdown
 no snmp trap link-status
 no mdix auto
 spanning-tree portfast
!
interface TwoGigabitEthernet1/0/12
 description unused_port
 switchport access vlan 999
 switchport mode access
 no logging event link-status
 shutdown
 no snmp trap link-status
 no mdix auto
 spanning-tree portfast
!
interface TwoGigabitEthernet1/0/13
 description unused_port
 switchport access vlan 999
 switchport mode access
 no logging event link-status
 shutdown
 no snmp trap link-status
 no mdix auto
 spanning-tree portfast
!
interface TwoGigabitEthernet1/0/14
 description unused_port
 switchport access vlan 999
 switchport mode access
 no logging event link-status
 shutdown
 no snmp trap link-status
 no mdix auto
 spanning-tree portfast
!
interface TwoGigabitEthernet1/0/15
 description unused_port
 switchport access vlan 999
 switchport mode access
 no logging event link-status
 shutdown
 no snmp trap link-status
 no mdix auto
 spanning-tree portfast
!
interface TwoGigabitEthernet1/0/16
 description unused_port
 switchport access vlan 999
 switchport mode access
 no logging event link-status
 shutdown
 no snmp trap link-status
 no mdix auto
 spanning-tree portfast
!
interface TwoGigabitEthernet1/0/17
 description unused_port
 switchport access vlan 999
 switchport mode access
 no logging event link-status
 shutdown
 no snmp trap link-status
 no mdix auto
 spanning-tree portfast
!
interface TwoGigabitEthernet1/0/18
 description unused_port
 switchport access vlan 999
 switchport mode access
 no logging event link-status
 shutdown
 no snmp trap link-status
 no mdix auto
 spanning-tree portfast
!
interface TwoGigabitEthernet1/0/19
 description unused_port
 switchport access vlan 999
 switchport mode access
 no logging event link-status
 shutdown
 no snmp trap link-status
 no mdix auto
 spanning-tree portfast
!
interface TwoGigabitEthernet1/0/20
 description unused_port
 switchport access vlan 999
 switchport mode access
 no logging event link-status
 shutdown
 no snmp trap link-status
 no mdix auto
 spanning-tree portfast
!
interface TwoGigabitEthernet1/0/21
 description unused_port
 switchport access vlan 999
 switchport mode access
 no logging event link-status
 shutdown
 no snmp trap link-status
 no mdix auto
 spanning-tree portfast
!
interface TwoGigabitEthernet1/0/22
 description unused_port
 switchport access vlan 999
 switchport mode access
 no logging event link-status
 shutdown
 no snmp trap link-status
 no mdix auto
 spanning-tree portfast
!
interface TwoGigabitEthernet1/0/23
 description unused_port
 switchport access vlan 999
 switchport mode access
 no logging event link-status
 shutdown
 no snmp trap link-status
 no mdix auto
 spanning-tree portfast
!
interface TwoGigabitEthernet1/0/24
 description unused_port
 switchport access vlan 999
 switchport mode access
 no logging event link-status
 shutdown
 no snmp trap link-status
 no mdix auto
 spanning-tree portfast
!
interface TwoGigabitEthernet1/0/25
 description unused_port
 switchport access vlan 999
 switchport mode access
 no logging event link-status
 shutdown
 no snmp trap link-status
 no mdix auto
 spanning-tree portfast
!
interface TwoGigabitEthernet1/0/26
 description unused_port
 switchport access vlan 999
 switchport mode access
 no logging event link-status
 shutdown
 no snmp trap link-status
 no mdix auto
 spanning-tree portfast
!
interface TwoGigabitEthernet1/0/27
 description unused_port
 switchport access vlan 999
 switchport mode access
 no logging event link-status
 shutdown
 no snmp trap link-status
 no mdix auto
 spanning-tree portfast
!
interface TwoGigabitEthernet1/0/28
 description unused_port
 switchport access vlan 999
 switchport mode access
 no logging event link-status
 shutdown
 no snmp trap link-status
 no mdix auto
 spanning-tree portfast
!
interface TwoGigabitEthernet1/0/29
 description unused_port
 switchport access vlan 999
 switchport mode access
 no logging event link-status
 shutdown
 no snmp trap link-status
 no mdix auto
 spanning-tree portfast
!
interface TwoGigabitEthernet1/0/30
 description unused_port
 switchport access vlan 999
 switchport mode access
 no logging event link-status
 shutdown
 no snmp trap link-status
 no mdix auto
 spanning-tree portfast
!
interface TwoGigabitEthernet1/0/31
 description unused_port
 switchport access vlan 999
 switchport mode access
 no logging event link-status
 shutdown
 no snmp trap link-status
 no mdix auto
 spanning-tree portfast
!
interface TwoGigabitEthernet1/0/32
 description unused_port
 switchport access vlan 999
 switchport mode access
 no logging event link-status
 shutdown
 no snmp trap link-status
 no mdix auto
 spanning-tree portfast
!
interface TwoGigabitEthernet1/0/33
 description unused_port
 switchport access vlan 999
 switchport mode access
 no logging event link-status
 shutdown
 no snmp trap link-status
 no mdix auto
 spanning-tree portfast
!
interface TwoGigabitEthernet1/0/34
 description unused_port
 switchport access vlan 999
 switchport mode access
 ip access-group ACL-DEFAULT-GPN in
 no logging event link-status
 shutdown
 power inline never
 authentication event fail action next-method
 authentication event server dead action reinitialize vlan 999
 authentication event server alive action reinitialize 
 authentication host-mode multi-auth
 authentication open
 authentication order dot1x mab webauth
 authentication priority dot1x mab webauth
 authentication port-control auto
 authentication periodic
 authentication timer reauthenticate server
 authentication violation restrict
 mab
 snmp trap mac-notification change added
 snmp trap mac-notification change removed
 no snmp trap link-status
 dot1x pae authenticator
 dot1x timeout tx-period 3
 no mdix auto
 no lldp transmit
 no lldp receive
 spanning-tree portfast
 service-policy input PFCN-PHYS
!
interface TwoGigabitEthernet1/0/35
 description unused_port
 switchport access vlan 999
 switchport mode access
 ip access-group ACL-DEFAULT-GPN in
 no logging event link-status
 shutdown
 power inline never
 authentication event fail action next-method
 authentication event server dead action reinitialize vlan 999
 authentication event server alive action reinitialize 
 authentication host-mode multi-auth
 authentication open
 authentication order dot1x mab webauth
 authentication priority dot1x mab webauth
 authentication port-control auto
 authentication periodic
 authentication timer reauthenticate server
 authentication violation restrict
 mab
 snmp trap mac-notification change added
 snmp trap mac-notification change removed
 no snmp trap link-status
 dot1x pae authenticator
 dot1x timeout tx-period 3
 no mdix auto
 no lldp transmit
 no lldp receive
 spanning-tree portfast
 service-policy input PFCN-PHYS
!
interface TwoGigabitEthernet1/0/36
 description unused_port
 switchport access vlan 999
 switchport mode access
 ip access-group ACL-DEFAULT-GPN in
 no logging event link-status
 shutdown
 power inline never
 authentication event fail action next-method
 authentication event server dead action reinitialize vlan 999
 authentication event server alive action reinitialize 
 authentication host-mode multi-auth
 authentication open
 authentication order dot1x mab webauth
 authentication priority dot1x mab webauth
 authentication port-control auto
 authentication periodic
 authentication timer reauthenticate server
 authentication violation restrict
 mab
 snmp trap mac-notification change added
 snmp trap mac-notification change removed
 no snmp trap link-status
 dot1x pae authenticator
 dot1x timeout tx-period 3
 no mdix auto
 no lldp transmit
 no lldp receive
 spanning-tree portfast
 service-policy input PFCN-PHYS
!
interface TenGigabitEthernet1/0/37
 description unused_port
 switchport access vlan 999
 switchport mode access
 ip access-group ACL-DEFAULT-GPN in
 no logging event link-status
 shutdown
 power inline never
 authentication event fail action next-method
 authentication event server dead action reinitialize vlan 999
 authentication event server alive action reinitialize 
 authentication host-mode multi-auth
 authentication open
 authentication order dot1x mab webauth
 authentication priority dot1x mab webauth
 authentication port-control auto
 authentication periodic
 authentication timer reauthenticate server
 authentication violation restrict
 mab
 snmp trap mac-notification change added
 snmp trap mac-notification change removed
 no snmp trap link-status
 dot1x pae authenticator
 dot1x timeout tx-period 3
 no mdix auto
 no lldp transmit
 no lldp receive
 spanning-tree portfast
 service-policy input PFCN-PHYS
!
interface TenGigabitEthernet1/0/38
 description unused_port
 switchport access vlan 999
 switchport mode access
 ip access-group ACL-DEFAULT-GPN in
 no logging event link-status
 shutdown
 power inline never
 authentication event fail action next-method
 authentication event server dead action reinitialize vlan 999
 authentication event server alive action reinitialize 
 authentication host-mode multi-auth
 authentication open
 authentication order dot1x mab webauth
 authentication priority dot1x mab webauth
 authentication port-control auto
 authentication periodic
 authentication timer reauthenticate server
 authentication violation restrict
 mab
 snmp trap mac-notification change added
 snmp trap mac-notification change removed
 no snmp trap link-status
 dot1x pae authenticator
 dot1x timeout tx-period 3
 no mdix auto
 no lldp transmit
 no lldp receive
 spanning-tree portfast
 service-policy input PFCN-PHYS
!
interface TenGigabitEthernet1/0/39
 description unused_port
 switchport access vlan 999
 switchport mode access
 ip access-group ACL-DEFAULT-GPN in
 no logging event link-status
 shutdown
 power inline never
 authentication event fail action next-method
 authentication event server dead action reinitialize vlan 999
 authentication event server alive action reinitialize 
 authentication host-mode multi-auth
 authentication open
 authentication order dot1x mab webauth
 authentication priority dot1x mab webauth
 authentication port-control auto
 authentication periodic
 authentication timer reauthenticate server
 authentication violation restrict
 mab
 snmp trap mac-notification change added
 snmp trap mac-notification change removed
 no snmp trap link-status
 dot1x pae authenticator
 dot1x timeout tx-period 3
 no mdix auto
 no lldp transmit
 no lldp receive
 spanning-tree portfast
 service-policy input PFCN-PHYS
!
interface TenGigabitEthernet1/0/40
 description unused_port
 switchport access vlan 999
 switchport mode access
 ip access-group ACL-DEFAULT-GPN in
 no logging event link-status
 shutdown
 power inline never
 authentication event fail action next-method
 authentication event server dead action reinitialize vlan 999
 authentication event server alive action reinitialize 
 authentication host-mode multi-auth
 authentication open
 authentication order dot1x mab webauth
 authentication priority dot1x mab webauth
 authentication port-control auto
 authentication periodic
 authentication timer reauthenticate server
 authentication violation restrict
 mab
 snmp trap mac-notification change added
 snmp trap mac-notification change removed
 no snmp trap link-status
 dot1x pae authenticator
 dot1x timeout tx-period 3
 no mdix auto
 no lldp transmit
 no lldp receive
 spanning-tree portfast
 service-policy input PFCN-PHYS
!
interface TenGigabitEthernet1/0/41
 description unused_port
 switchport access vlan 999
 switchport mode access
 ip access-group ACL-DEFAULT-GPN in
 no logging event link-status
 shutdown
 power inline never
 authentication event fail action next-method
 authentication event server dead action reinitialize vlan 999
 authentication event server alive action reinitialize 
 authentication host-mode multi-auth
 authentication open
 authentication order dot1x mab webauth
 authentication priority dot1x mab webauth
 authentication port-control auto
 authentication periodic
 authentication timer reauthenticate server
 authentication violation restrict
 mab
 snmp trap mac-notification change added
 snmp trap mac-notification change removed
 no snmp trap link-status
 dot1x pae authenticator
 dot1x timeout tx-period 3
 no mdix auto
 no lldp transmit
 no lldp receive
 spanning-tree portfast
 service-policy input PFCN-PHYS
!
interface TenGigabitEthernet1/0/42
 description unused_port
 switchport access vlan 999
 switchport mode access
 ip access-group ACL-DEFAULT-GPN in
 no logging event link-status
 shutdown
 power inline never
 authentication event fail action next-method
 authentication event server dead action reinitialize vlan 999
 authentication event server alive action reinitialize 
 authentication host-mode multi-auth
 authentication open
 authentication order dot1x mab webauth
 authentication priority dot1x mab webauth
 authentication port-control auto
 authentication periodic
 authentication timer reauthenticate server
 authentication violation restrict
 mab
 snmp trap mac-notification change added
 snmp trap mac-notification change removed
 no snmp trap link-status
 dot1x pae authenticator
 dot1x timeout tx-period 3
 no mdix auto
 no lldp transmit
 no lldp receive
 spanning-tree portfast
 service-policy input PFCN-PHYS
!
interface TenGigabitEthernet1/0/43
 description unused_port
 switchport access vlan 999
 switchport mode access
 ip access-group ACL-DEFAULT-GPN in
 no logging event link-status
 shutdown
 power inline never
 authentication event fail action next-method
 authentication event server dead action reinitialize vlan 999
 authentication event server alive action reinitialize 
 authentication host-mode multi-auth
 authentication open
 authentication order dot1x mab webauth
 authentication priority dot1x mab webauth
 authentication port-control auto
 authentication periodic
 authentication timer reauthenticate server
 authentication violation restrict
 mab
 snmp trap mac-notification change added
 snmp trap mac-notification change removed
 no snmp trap link-status
 dot1x pae authenticator
 dot1x timeout tx-period 3
 no mdix auto
 no lldp transmit
 no lldp receive
 spanning-tree portfast
 service-policy input PFCN-PHYS
!
interface TenGigabitEthernet1/0/44
 description unused_port
 switchport access vlan 999
 switchport mode access
 ip access-group ACL-DEFAULT-GPN in
 no logging event link-status
 shutdown
 power inline never
 authentication event fail action next-method
 authentication event server dead action reinitialize vlan 999
 authentication event server alive action reinitialize 
 authentication host-mode multi-auth
 authentication open
 authentication order dot1x mab webauth
 authentication priority dot1x mab webauth
 authentication port-control auto
 authentication periodic
 authentication timer reauthenticate server
 authentication violation restrict
 mab
 snmp trap mac-notification change added
 snmp trap mac-notification change removed
 no snmp trap link-status
 dot1x pae authenticator
 dot1x timeout tx-period 3
 no mdix auto
 no lldp transmit
 no lldp receive
 spanning-tree portfast
 service-policy input PFCN-PHYS
!
interface TenGigabitEthernet1/0/45
 description unused_port
 switchport access vlan 999
 switchport mode access
 ip access-group ACL-DEFAULT-GPN in
 no logging event link-status
 shutdown
 power inline never
 authentication event fail action next-method
 authentication event server dead action reinitialize vlan 999
 authentication event server alive action reinitialize 
 authentication host-mode multi-auth
 authentication open
 authentication order dot1x mab webauth
 authentication priority dot1x mab webauth
 authentication port-control auto
 authentication periodic
 authentication timer reauthenticate server
 authentication violation restrict
 mab
 snmp trap mac-notification change added
 snmp trap mac-notification change removed
 no snmp trap link-status
 dot1x pae authenticator
 dot1x timeout tx-period 3
 no mdix auto
 no lldp transmit
 no lldp receive
 spanning-tree portfast
 service-policy input PFCN-PHYS
!
interface TenGigabitEthernet1/0/46
 description unused_port
 switchport access vlan 999
 switchport mode access
 ip access-group ACL-DEFAULT-GPN in
 no logging event link-status
 shutdown
 power inline never
 authentication event fail action next-method
 authentication event server dead action reinitialize vlan 999
 authentication event server alive action reinitialize 
 authentication host-mode multi-auth
 authentication open
 authentication order dot1x mab webauth
 authentication priority dot1x mab webauth
 authentication port-control auto
 authentication periodic
 authentication timer reauthenticate server
 authentication violation restrict
 mab
 snmp trap mac-notification change added
 snmp trap mac-notification change removed
 no snmp trap link-status
 dot1x pae authenticator
 dot1x timeout tx-period 3
 no mdix auto
 no lldp transmit
 no lldp receive
 spanning-tree portfast
 service-policy input PFCN-PHYS
!
interface TenGigabitEthernet1/0/47
 description unused_port
 switchport access vlan 999
 switchport mode access
 ip access-group ACL-DEFAULT-GPN in
 no logging event link-status
 shutdown
 power inline never
 authentication event fail action next-method
 authentication event server dead action reinitialize vlan 999
 authentication event server alive action reinitialize 
 authentication host-mode multi-auth
 authentication open
 authentication order dot1x mab webauth
 authentication priority dot1x mab webauth
 authentication port-control auto
 authentication periodic
 authentication timer reauthenticate server
 authentication violation restrict
 mab
 snmp trap mac-notification change added
 snmp trap mac-notification change removed
 no snmp trap link-status
 dot1x pae authenticator
 dot1x timeout tx-period 3
 no mdix auto
 no lldp transmit
 no lldp receive
 spanning-tree portfast
 service-policy input PFCN-PHYS
!
interface TenGigabitEthernet1/0/48
 description Monitor Port
 switchport access vlan 999
 switchport mode access
 ip access-group ACL-DEFAULT-GPN in
 no logging event link-status
 shutdown
 power inline never
 authentication event fail action next-method
 authentication event server dead action reinitialize vlan 999
 authentication event server alive action reinitialize 
 authentication host-mode multi-auth
 authentication open
 authentication order dot1x mab webauth
 authentication priority dot1x mab webauth
 authentication port-control auto
 authentication periodic
 authentication timer reauthenticate server
 authentication violation restrict
 mab
 snmp trap mac-notification change added
 snmp trap mac-notification change removed
 no snmp trap link-status
 dot1x pae authenticator
 dot1x timeout tx-period 3
 no mdix auto
 spanning-tree portfast
 service-policy input PFCN-PHYS
!
interface GigabitEthernet1/1/1
 description unused-port
 switchport access vlan 999
 shutdown
 service-policy output TRUNK_EGRESS_PM
!
interface GigabitEthernet1/1/2
 description unused-port
 switchport access vlan 999
 shutdown
 service-policy output TRUNK_EGRESS_PM
!
interface GigabitEthernet1/1/3
 description unused-port
 switchport access vlan 999
 shutdown
 service-policy output TRUNK_EGRESS_PM
!
interface GigabitEthernet1/1/4
 description unused-port
 switchport access vlan 999
 shutdown
 service-policy output TRUNK_EGRESS_PM
!
interface TenGigabitEthernet1/1/1
 description link-fwaaccore001-1/0/48
 switchport trunk allowed vlan 3122
 switchport mode trunk
 udld port aggressive
 no snmp trap link-status
 spanning-tree portfast disable
 service-policy output TRUNK_EGRESS_PM
!
interface TenGigabitEthernet1/1/2
 description link-to-fwaaccore002-1/48
 switchport trunk allowed vlan 3622
 switchport mode trunk
 udld port aggressive
 no snmp trap link-status
 spanning-tree portfast disable
 service-policy output TRUNK_EGRESS_PM
!
interface TenGigabitEthernet1/1/3
 description unused-port
 switchport access vlan 999
 shutdown
 service-policy output TRUNK_EGRESS_PM
!
interface TenGigabitEthernet1/1/4
 description unused-port
 switchport access vlan 999
 shutdown
 service-policy output TRUNK_EGRESS_PM
!
interface TenGigabitEthernet1/1/5
 description unused-port
 switchport access vlan 999
 shutdown
 service-policy output TRUNK_EGRESS_PM
!
interface TenGigabitEthernet1/1/6
 description unused-port
 switchport access vlan 999
 shutdown
 service-policy output TRUNK_EGRESS_PM
!
interface TenGigabitEthernet1/1/7
 description unused-port
 switchport access vlan 999
 shutdown
 service-policy output TRUNK_EGRESS_PM
!
interface TenGigabitEthernet1/1/8
 description unused-port
 switchport access vlan 999
 shutdown
 service-policy output TRUNK_EGRESS_PM
!
interface FortyGigabitEthernet1/1/1
 description unused-port
 switchport access vlan 999
 shutdown
 service-policy output TRUNK_EGRESS_PM
!
interface FortyGigabitEthernet1/1/2
 description unused-port
 switchport access vlan 999
 shutdown
 service-policy output TRUNK_EGRESS_PM
!
interface TwentyFiveGigE1/1/1
 description unused-port
 switchport access vlan 999
 shutdown
 service-policy output TRUNK_EGRESS_PM
!
interface TwentyFiveGigE1/1/2
 description unused-port
 switchport access vlan 999
 shutdown
 service-policy output TRUNK_EGRESS_PM
!
interface AppGigabitEthernet1/0/1
 shutdown
!
interface Vlan1
 description Cat9K TC L3 Access Base Configuration v01.15
 no ip address
 shutdown
!
interface Vlan3122
 description link-to-fwaaccore001
 ip address 10.51.5.175 255.255.255.254
 no ip redirects
 no ip unreachables
 no ip proxy-arp
 ip pim sparse-mode
 arp timeout 1500
!
interface Vlan3622
 description link-to-fwaaccore002
 ip address 10.51.5.177 255.255.255.254
 no ip redirects
 no ip unreachables
 no ip proxy-arp
 ip pim sparse-mode
 arp timeout 1500
!
!
router eigrp 1293
 distribute-list 25 in Vlan3122
 distribute-list 25 in Vlan3622
 network 10.51.0.0 0.0.127.255
 network 11.0.0.0
 network 120.17.0.0 0.0.255.255
 network 120.18.0.0 0.0.255.255
 passive-interface default
 no passive-interface Vlan3122
 no passive-interface Vlan3622
 no passive-interface TwoGigabitEthernet1/0/4
 no passive-interface TwoGigabitEthernet1/0/5
 no passive-interface TwoGigabitEthernet1/0/6
 no passive-interface TwoGigabitEthernet1/0/7
 no passive-interface TwoGigabitEthernet1/0/8
 no passive-interface TwoGigabitEthernet1/0/9
 no passive-interface TwoGigabitEthernet1/0/10
 no passive-interface TwoGigabitEthernet1/0/11
 no passive-interface TwoGigabitEthernet1/0/12
 no passive-interface TwoGigabitEthernet1/0/13
 no passive-interface TwoGigabitEthernet1/0/14
 no passive-interface TwoGigabitEthernet1/0/15
 no passive-interface TwoGigabitEthernet1/0/1
 no passive-interface TwoGigabitEthernet1/0/2
 no passive-interface TwoGigabitEthernet1/0/3
 eigrp router-id 10.51.3.122
!
no ip forward-protocol nd
no ip forward-protocol udp tftp
no ip forward-protocol udp nameserver
no ip forward-protocol udp domain
no ip forward-protocol udp time
no ip forward-protocol udp netbios-ns
no ip forward-protocol udp netbios-dgm
no ip forward-protocol udp tacacs
ip pim rp-address 10.51.3.0 50 override
no ip http server
ip http authentication local
no ip http secure-server
ip http client source-interface Loopback0
ip tftp source-interface Loopback0
ip tacacs source-interface Loopback0 
ip ssh source-interface Loopback0
ip ssh version 2
ip ssh dscp 48
!
!
ip access-list extended ACL-DEFAULT-GPN
 10 deny   ip any 120.17.0.0 0.0.255.255
 20 deny   ip any 10.51.7.128 0.0.0.63
 30 permit ip any any
ip access-list extended ACL-DEFAULT-IECN
 10 remark **** ACL-DEFAULT-IECN - Template Version 2.04 ****
 10 remark **** Core Switch Loopbacks ****
 10 permit ip 120.17.0.0 0.0.255.255 host 10.51.3.129
 20 permit ip 120.17.0.0 0.0.255.255 host 120.18.245.253
 30 permit ip 120.17.0.0 0.0.255.255 host 10.51.3.130
 40 permit ip 120.17.0.0 0.0.255.255 host 120.18.245.254
 50 remark **** Centralized Remote Access Address Pool ****
 50 permit ip 120.17.0.0 0.0.255.255 10.28.58.0 0.0.0.255
 60 permit ip 120.17.0.0 0.0.255.255 10.28.174.0 0.0.0.255
 70 permit ip 120.17.0.0 0.0.255.255 10.28.175.0 0.0.0.255
 80 permit ip 120.17.0.0 0.0.255.255 10.29.58.0 0.0.0.255
 90 permit ip 120.17.0.0 0.0.255.255 10.29.130.0 0.0.0.255
 100 permit ip 120.17.0.0 0.0.255.255 10.29.131.0 0.0.0.255
 110 remark **** Remote Access Address Pool ****
 110 permit ip 120.17.0.0 0.0.255.255 172.31.0.0 0.0.0.255
 120 remark **** EDC Tools Zone Networks ****
 120 permit ip 120.17.0.0 0.0.255.255 10.196.128.0 0.0.7.255
 130 permit ip 120.17.0.0 0.0.255.255 10.196.136.0 0.0.7.255
 140 remark **** Subnet for Core Vlan101 - Manufacturing App Servers ****
 140 permit ip 120.17.0.0 0.0.255.255 10.51.9.0 0.0.0.255
 150 permit ip 120.17.0.0 0.0.255.255 120.18.243.0 0.0.0.255
 160 remark **** Subnet for Core Vlan102 - Manufacturing App Servers ****
 160 permit ip 120.17.0.0 0.0.255.255 10.51.10.0 0.0.0.255
 170 remark **** Subnet for Core Vlan104 - Manufacturing App Servers ****
 170 permit ip 120.17.0.0 0.0.255.255 10.51.6.0 0.0.0.15
 180 remark **** Subnet for Core Manufacturing Load Balancer VIP ****
 180 permit ip 120.17.0.0 0.0.255.255 10.51.31.192 0.0.0.63
 190 remark **** Subnet for Core Vlan105 - Vendor Appliances ****
 190 permit ip 120.17.0.0 0.0.255.255 10.51.7.128 0.0.0.63
 200 remark **** Subnet for Core Vlan106 - Net Mgmt Servers ****
 200 permit ip 120.17.0.0 0.0.255.255 10.51.11.0 0.0.0.127
 210 permit ip 120.17.0.0 0.0.255.255 120.18.124.0 0.0.0.127
 220 remark **** Subnet for Core Vlan109 - Net Mgmt Servers ****
 220 permit ip 120.17.0.0 0.0.255.255 10.51.11.192 0.0.0.31
 230 permit ip 120.17.0.0 0.0.255.255 120.18.244.224 0.0.0.15
 240 remark **** Subnet for Core Vlan110 - Net Mgmt Servers ****
 240 permit ip 120.17.0.0 0.0.255.255 10.51.11.224 0.0.0.31
 250 permit ip 120.17.0.0 0.0.255.255 120.18.244.240 0.0.0.15
 260 remark **** Subnet for Core Vlan115 - Storage ****
 260 permit ip 120.17.0.0 0.0.255.255 10.51.22.0 0.0.0.127
 270 remark **** Subnet for Wireless Vlan350 - GMOL Wireless ****
 270 permit ip 120.17.0.0 0.0.255.255 10.51.19.0 0.0.0.255
 280 permit ip 120.17.0.0 0.0.255.255 120.18.255.0 0.0.0.255
 290 remark **** Subnet for TC Vlan2550 - Critical Plant Floor ****
 290 permit ip 120.17.0.0 0.0.255.255 10.51.32.0 0.0.31.255
 300 permit ip 120.17.0.0 0.0.255.255 120.18.160.0 0.0.31.255
 310 permit ip 120.17.0.0 0.0.255.255 120.18.192.0 0.0.31.255
 320 permit ip 120.17.0.0 0.0.255.255 120.18.224.0 0.0.3.255
 330 permit ip 120.17.0.0 0.0.255.255 120.18.228.0 0.0.0.255
 340 remark **** Subnet for TC Vlan2750 - GMOL Wired ****
 340 permit ip 120.17.0.0 0.0.255.255 10.51.96.0 0.0.31.255
 350 remark **** Subnet for TC IECN VLANs 500-519 - Plant Floor Devices ****
 350 permit ip 120.17.0.0 0.0.255.255 120.17.0.0 0.0.255.255
 360 remark **** Access to manufacturing multicast ****
 360 permit ip 120.17.0.0 0.0.255.255 host 239.255.1.1
 370 permit ip 120.17.0.0 0.0.255.255 239.192.0.0 0.0.127.255
 380 remark **** Subnet for Wireless Vlan303 - Contractor at Work ****
 380 permit ip 120.17.0.0 0.0.255.255 10.51.14.0 0.0.0.255
 390 remark **** Allow DHCP requests from IECN ****
 390 permit udp any any eq bootpc
 400 permit udp any any eq bootps
 410 remark **** DEVIATIONS MUST BE REMEDIATED ****
 410 remark **** VLAN 60X - DEVIATION ****
 410 permit ip 11.222.192.0 0.0.31.255 any
 420 remark **** Deny Everything Else ****
 420 deny   ip any any
ip access-list extended ALL_OTHER
 10 permit ip any any
ip access-list extended CIP
 10 permit udp 120.17.0.0 0.0.255.255 any eq 2222
 20 permit udp any eq 2222 120.17.0.0 0.0.255.255
ip access-list extended GMOL-BU-AVAMAR
 10 permit ip 10.51.6.128 0.0.0.63 any
ip access-list extended IECN
 10 permit ip 120.17.0.0 0.0.255.255 any
 20 permit ip any 120.17.0.0 0.0.255.255
ip access-list extended MATH
 10 permit ip 10.51.28.0 0.0.1.255 any
 20 permit ip any 10.51.28.0 0.0.1.255
 30 permit ip 120.18.122.0 0.0.1.255 any
 40 permit ip any 120.18.122.0 0.0.1.255
 50 permit ip host 120.18.244.158 any
 60 permit ip any host 120.18.244.158
ip access-list extended NET_MGT
 10 permit tcp any 10.51.0.0 0.0.1.255 eq 22
 20 permit tcp 10.51.0.0 0.0.1.255 eq 22 any
 30 permit udp any 10.51.0.0 0.0.1.255 eq snmp
 40 permit udp 10.51.0.0 0.0.1.255 eq snmp any
 50 permit tcp any 10.10.0.0 0.0.255.255 eq 22
 60 permit tcp 10.10.0.0 0.0.255.255 eq 22 any
 70 permit udp any 10.10.0.0 0.0.255.255 eq snmp
 80 permit udp 10.10.0.0 0.0.255.255 eq snmp any
 90 permit tcp any 10.51.2.0 0.0.0.255 eq 22
 100 permit tcp 10.51.2.0 0.0.0.255 eq 22 any
 110 permit udp any 10.51.2.0 0.0.0.255 eq snmp
 120 permit udp 10.51.2.0 0.0.0.255 eq snmp any
 130 permit tcp any 10.51.3.0 0.0.0.127 eq 22
 140 permit udp any 10.51.3.0 0.0.0.127 eq snmp
 150 permit tcp any 10.51.3.128 0.0.0.31 eq 22
 160 permit udp any 10.51.3.128 0.0.0.31 eq snmp
 170 permit tcp any 120.18.0.0 0.0.1.255 eq 22
 180 permit tcp 120.18.0.0 0.0.1.255 eq 22 any
 190 permit udp any 120.18.0.0 0.0.1.255 eq snmp
 200 permit udp 120.18.0.0 0.0.1.255 eq snmp any
 210 permit tcp any 120.18.236.0 0.0.0.255 eq 22
 220 permit tcp 120.18.236.0 0.0.0.255 eq 22 any
 230 permit udp any 120.18.236.0 0.0.0.255 eq snmp
 240 permit udp 120.18.236.0 0.0.0.255 eq snmp any
 250 permit tcp any 120.18.245.0 0.0.0.255 eq 22
 260 permit udp any 120.18.245.0 0.0.0.255 eq snmp
ip access-list extended VIDEO-SIGNALING
 10 permit tcp 10.176.0.0 0.3.255.255 any range 5060 5061
 20 permit udp 10.176.0.0 0.3.255.255 any range 5060 5061
 30 permit tcp 10.176.0.0 0.3.255.255 range 5060 5061 any
 40 permit udp 10.176.0.0 0.3.255.255 range 5060 5061 any
ip access-list extended VIDEO-TRAFFIC
 10 permit udp 10.176.0.0 0.3.255.255 any range 16384 32768
 20 permit tcp 10.176.0.0 0.3.255.255 any range 16384 32768
 30 permit udp 10.176.0.0 0.3.255.255 range 16384 32768 any
 40 permit tcp 10.176.0.0 0.3.255.255 range 16384 32768 any
ip access-list extended VOICE
 10 permit udp 11.0.0.0 0.255.255.255 any range 16384 32767
 20 permit udp 10.160.0.0 0.15.255.255 any range 16384 32767
 30 permit udp 10.51.19.0 0.0.0.255 any range 16384 32767
 40 permit udp 10.51.96.0 0.0.31.255 any range 16384 32767
 50 permit udp 120.18.255.0 0.0.0.255 any range 16384 32767
 60 permit udp 120.18.128.0 0.0.31.255 any range 16384 32767
 70 permit udp 120.18.64.0 0.0.31.255 any range 16384 32767
 80 permit udp 120.18.96.0 0.0.1.255 any range 16384 32767
 90 permit udp 120.18.98.0 0.0.0.255 any range 16384 32767
ip access-list extended VOICE-SIG
 10 permit udp 10.51.19.0 0.0.0.255 any range 5060 5061
 20 permit udp 10.51.96.0 0.0.31.255 any range 5060 5061
 30 permit tcp 10.51.19.0 0.0.0.255 any range 5060 5061
 40 permit tcp 10.51.96.0 0.0.31.255 any range 5060 5061
 50 permit tcp 10.51.19.0 0.0.0.255 any eq 2000
 60 permit tcp 10.51.96.0 0.0.31.255 any eq 2000
 70 permit udp 11.0.0.0 0.255.255.255 any range 5060 5061
 80 permit tcp 11.0.0.0 0.255.255.255 any range 5060 5061
 90 permit udp 10.160.0.0 0.15.255.255 any range 5060 5061
 100 permit tcp 10.160.0.0 0.15.255.255 any range 5060 5061
 110 permit tcp 11.0.0.0 0.255.255.255 any eq 2000
 120 permit tcp 10.160.0.0 0.15.255.255 any eq 2000
 130 permit tcp 11.0.0.0 0.255.255.255 any eq 1720
 140 permit tcp 10.160.0.0 0.15.255.255 any eq 1720
 150 permit udp 120.18.255.0 0.0.0.255 any range 5060 5061
 160 permit udp 120.18.128.0 0.0.31.255 any range 5060 5061
 170 permit udp 120.18.64.0 0.0.31.255 any range 5060 5061
 180 permit udp 120.18.96.0 0.0.1.255 any range 5060 5061
 190 permit udp 120.18.98.0 0.0.0.255 any range 5060 5061
 200 permit tcp 120.18.255.0 0.0.0.255 any range 5060 5061
 210 permit tcp 120.18.128.0 0.0.31.255 any range 5060 5061
 220 permit tcp 120.18.64.0 0.0.31.255 any range 5060 5061
 230 permit tcp 120.18.96.0 0.0.1.255 any range 5060 5061
 240 permit tcp 120.18.98.0 0.0.0.255 any range 5060 5061
 250 permit tcp 120.18.255.0 0.0.0.255 any eq 2000
 260 permit tcp 120.18.128.0 0.0.31.255 any eq 2000
 270 permit tcp 120.18.64.0 0.0.31.255 any eq 2000
 280 permit tcp 120.18.96.0 0.0.1.255 any eq 2000
 290 permit tcp 120.18.98.0 0.0.0.255 any eq 2000
!
ip radius source-interface Loopback0 
logging source-interface Loopback0
logging host 148.93.49.21 transport udp port 5012
logging host 130.172.129.8 transport udp port 5012
logging host 148.93.115.30 transport udp port 5500
logging host 130.172.83.30 transport udp port 5500
ip access-list standard 25
 10 permit 0.0.0.0
 20 permit 10.51.3.0
ip access-list standard 50
 10 permit 239.255.1.0 0.0.0.255
 20 permit 239.252.0.0 0.0.0.7
 30 permit 239.251.0.0 0.0.0.15
ip access-list standard 93
 10 remark version 1.0
 10 remark GM monitor/manage center in Warren
 10 permit 148.93.114.0 0.0.0.255
 20 permit 148.93.49.0 0.0.0.255
 30 permit 148.93.144.0 0.0.1.255
 40 permit 148.93.146.0 0.0.1.255
 50 permit 148.93.148.0 0.0.1.255
 60 permit 10.14.9.251
 70 permit 148.93.50.0 0.0.0.255
 80 remark GM monitor/manage center in Milford
 80 permit 130.172.119.0 0.0.0.255
 90 permit 130.172.129.0 0.0.0.255
 100 permit 130.172.100.0 0.0.1.255
 110 permit 130.172.36.0 0.0.1.255
 120 permit 130.172.42.0 0.0.1.255
 130 remark GM monitor/manage center in Singapore
 130 permit 10.147.62.128 0.0.0.127
 140 permit 10.147.52.128 0.0.0.127
 150 remark Plant Cores
 150 permit 10.0.3.129 0.255.0.0
 160 permit 10.0.3.130 0.255.0.0
 170 permit 10.0.131.129 0.255.0.0
 180 permit 10.0.131.130 0.255.0.0
!
!
snmp-server group V3-RO v3 auth read V3ROVIEW 
snmp-server group V3-RW v3 auth write V3RWVIEW 
snmp-server view V3ROVIEW iso included
snmp-server view V3RWVIEW iso included
snmp-server trap-source Loopback0
snmp-server enable traps snmp authentication linkdown linkup coldstart warmstart
snmp-server enable traps vtp
snmp-server enable traps vlancreate
snmp-server enable traps vlandelete
snmp-server enable traps port-security
snmp-server enable traps stackwise
snmp-server enable traps fru-ctrl
snmp-server enable traps flash insertion
snmp-server enable traps flash removal
snmp-server enable traps entity
snmp-server enable traps envmon fan shutdown supply temperature status
snmp-server enable traps config-copy
snmp-server enable traps config
snmp-server enable traps hsrp
snmp-server enable traps bridge newroot topologychange
snmp-server enable traps stpx inconsistency root-inconsistency loop-inconsistency
snmp-server enable traps bgp
snmp-server enable traps vlan-membership
snmp-server enable traps mac-notification change move threshold
snmp-server host 10.51.11.203 informs version 3 auth V3NetMgtRO 
snmp-server host 10.51.11.203 version 3 auth V3NetMgtRO 
snmp ifmib ifindex persist
tacacs-server directed-request
tacacs server DCW-1
 address ipv4 148.93.49.176
 key 7 141D1E003A54787F111A190F0E3B0020172A7C7F5F706E0B531B3B5872057F017B7B3B033F11756E0924013151093E592A65465D23001B1D5D08332E09001D12
tacacs server DCM-1
 address ipv4 130.172.129.176
 key 7 141D1E003A54787F111A190F0E3B0020172A7C7F5F706E0B531B3B5872057F017B7B3B033F11756E0924013151093E592A65465D23001B1D5D08332E09001D12
tacacs server DCW-2
 address ipv4 148.93.49.177
 key 7 141D1E003A54787F111A190F0E3B0020172A7C7F5F706E0B531B3B5872057F017B7B3B033F11756E0924013151093E592A65465D23001B1D5D08332E09001D12
tacacs server DCM-2
 address ipv4 130.172.129.177
 key 7 141D1E003A54787F111A190F0E3B0020172A7C7F5F706E0B531B3B5872057F017B7B3B033F11756E0924013151093E592A65465D23001B1D5D08332E09001D12
!
radius-server attribute 6 on-for-login-auth
radius-server attribute 8 include-in-access-req
radius-server attribute 25 access-request include
radius-server attribute 31 mac format ietf
radius-server retry method reorder
!
radius server LOCAL-ISE-1
 address ipv4 10.51.11.120 auth-port 1812 acct-port 1813
 pac key 7 063E3A1B785E3E311434015E295C33720F
!
radius server LOCAL-ISE-2
 address ipv4 10.51.11.121 auth-port 1812 acct-port 1813
 pac key 7 063E3A1B785E3E311434015E295C33720F
!
radius server CENTRAL-ISE-1
 address ipv4 148.93.49.192 auth-port 1812 acct-port 1813
 pac key 7 063E3A1B785E3E311434015E295C33720F
!
radius server CENTRAL-ISE-2
 address ipv4 130.172.129.192 auth-port 1812 acct-port 1813
 pac key 7 063E3A1B785E3E311434015E295C33720F
!
!
control-plane
 service-policy input system-cpp-policy
!
banner login ^CC
******************************************************************************
Use of this system is restricted to authorized users. User activity
is monitored and recorded. Anyone using this system expressly consents to such
monitoring and recording. BE ADVISED: if possible criminal activity or
unauthorized changes are detected, system records along with certain personal
information may be provided to management and/or appropriate authorities. 

Requires AS_Zid account
******************************************************************************
^C
!
line con 0
 exec-timeout 30 0
 password 7 144315060A132B2A27273D393B
 stopbits 1
line vty 0 4
 access-class 93 in vrf-also
 exec-timeout 30 0
 password 7 014701095D1C070E2243400500
 transport input ssh
line vty 5 15
 access-class 93 in vrf-also
 exec-timeout 30 0
 password 7 014701095D1C070E2243400500
 transport input ssh
line vty 16 31
 transport input ssh
!
call-home
 ! If contact email address in call-home is configured as sch-smart-licensing@cisco.com
 ! the email address configured in Cisco Smart License Portal will be used as contact email address to send SCH notifications.
 contact-email-addr sch-smart-licensing@cisco.com
 no http secure server-identity-check
 profile "CiscoTAC-1"
  no reporting smart-licensing-data
  destination transport-method http
 profile "Site-Engineering-LAN"
  reporting smart-licensing-data
  destination transport-method http
  no destination transport-method email
  destination address http https://148.93.145.110:443/Transportgateway/services/DeviceRequestHandler 
ntp source Loopback0
ntp server 10.51.3.129
ntp server 10.51.3.130
!
mac address-table notification change
mac address-table aging-time 1800
!
!
!
!
!
end

fwaaclast122-dc-1ipt#!

fwaaclast122-dc-1ipt#! *************************************************

fwaaclast122-dc-1ipt#! **** END

fwaaclast122-dc-1ipt#! *************************************************