
fwaac-spare2-C9300-48UXM#!STEPS for VALIDATION for Layer 3

fwaac-spare2-C9300-48UXM#terminal length 0

fwaac-spare2-C9300-48UXM#! *************************************************

fwaac-spare2-C9300-48UXM#! **** Switch STATUS

fwaac-spare2-C9300-48UXM#! *************************************************

fwaac-spare2-C9300-48UXM#show boot
---------------------------
Switch 2
---------------------------
Current Boot Variables:
BOOT variable = flash:packages.conf;

Boot Variables on next reload:
BOOT variable = flash:packages.conf;
Manual Boot = no
Enable Break = no
Boot Mode = DEVICE
iPXE Timeout = 0
fwaac-spare2-C9300-48UXM#!

fwaac-spare2-C9300-48UXM#show clock
*12:06:42.908 UTC Sun Apr 2 2023
fwaac-spare2-C9300-48UXM#!

fwaac-spare2-C9300-48UXM#show ntp status
Clock is unsynchronized, stratum 16, no reference clock
nominal freq is 250.0000 Hz, actual freq is 250.0000 Hz, precision is 2**10
ntp uptime is 1006871704 (1/100 of seconds), resolution is 4000
reference time is 00000000.00000000 (00:00:00.000 UTC Mon Jan 1 1900)
clock offset is 0.0000 msec, root delay is 0.00 msec
root dispersion is 795275.86 msec, peer dispersion is 0.00 msec
loopfilter state is 'FSET' (Drift set from file), drift is 0.000000000 s/s
system poll interval is 8, never updated.
fwaac-spare2-C9300-48UXM#!

fwaac-spare2-C9300-48UXM#show env all
Switch	 FAN	 Speed	 State
---------------------------------------------------
  2  	  1	14240 	  OK
  2  	  2	14240 	  OK
  2  	  3	14240 	  OK
FAN PS-1 is OK
FAN PS-2 is NOT PRESENT
Switch 2: SYSTEM TEMPERATURE is OK
Inlet Temperature Value: 29 Degree Celsius
Temperature State: GREEN
Yellow Threshold : 46 Degree Celsius
Red Threshold    : 56 Degree Celsius

Outlet Temperature Value: 46 Degree Celsius
Temperature State: GREEN
Yellow Threshold : 105 Degree Celsius
Red Threshold    : 125 Degree Celsius

Hotspot Temperature Value: 72 Degree Celsius
Temperature State: GREEN
Yellow Threshold : 105 Degree Celsius
Red Threshold    : 125 Degree Celsius
SW  PID                 Serial#     Status           Sys Pwr  PoE Pwr  Watts
--  ------------------  ----------  ---------------  -------  -------  -----
2A  PWR-C1-1100WAC      LIT2429557V  OK              Good     Good     1100
2B  Not Present

fwaac-spare2-C9300-48UXM#!

fwaac-spare2-C9300-48UXM#show power
% Incomplete command.

fwaac-spare2-C9300-48UXM#!

fwaac-spare2-C9300-48UXM#show stackwise-virtual
Stackwise Virtual Configuration:
--------------------------------

fwaac-spare2-C9300-48UXM#!

fwaac-spare2-C9300-48UXM#show switch detail
Switch/Stack Mac Address : 689e.0bc9.c300 - Local Mac Address
Mac persistency wait time: Indefinite
                                             H/W   Current
Switch#   Role    Mac Address     Priority Version  State 
-------------------------------------------------------------------------------------
*2       Active   689e.0bc9.c300     14     V03     Ready                



         Stack Port Status             Neighbors     
Switch#  Port 1     Port 2           Port 1   Port 2 
--------------------------------------------------------
  2       DOWN       DOWN             None     None

fwaac-spare2-C9300-48UXM#!

fwaac-spare2-C9300-48UXM#show stack-power detail
    Power Stack                      Stack   Stack    Total   Rsvd    Alloc   Sw_Avail Num  Num
    Name                             Mode    Topolgy  Pwr(W)  Pwr(W)  Pwr(W)   Pwr(W)  SW   PS
    --------------------             ------  -------  ------  ------  ------  ------  ----- -----
    Powerstack-2                     SP-PS   Stndaln  1100    0       575     525       1    1   

Power stack name: Powerstack-2
    Stack mode: Power sharing
    Stack topology: Standalone
    Switch 2:
        Power budget: 1100
        Power allocated: 575
        Low port priority value: 22
        High port priority value: 13
        Switch priority value: 4
        Port 1 status: Not connected
        Port 2 status: Not connected
        Neighbor on port 1: 0000.0000.0000
        Neighbor on port 2: 0000.0000.0000


fwaac-spare2-C9300-48UXM#!

fwaac-spare2-C9300-48UXM#sh interfaces transceiver
No transceiver present

fwaac-spare2-C9300-48UXM#!

fwaac-spare2-C9300-48UXM#show license status
Smart Licensing is ENABLED

Utility:
  Status: DISABLED

Data Privacy:
  Sending Hostname: yes
    Callhome hostname privacy: DISABLED
    Smart Licensing hostname privacy: DISABLED
  Version privacy: DISABLED

Transport:
  Type: Callhome

Registration:
  Status: UNREGISTERED
  Export-Controlled Functionality: ALLOWED

License Authorization: 
  Status: EVAL EXPIRED on Feb 19 06:11:02 2023 UTC

Export Authorization Key:
  Features Authorized:
    <none>


fwaac-spare2-C9300-48UXM#!

fwaac-spare2-C9300-48UXM#show platform
Switch  Ports    Model                Serial No.   MAC address     Hw Ver.       Sw Ver. 
------  -----   ---------             -----------  --------------  -------       --------
 2       65     C9300-48UXM           FJC24411BGY  689e.0bc9.c300  V03           16.12.05b     
Switch/Stack Mac Address : 689e.0bc9.c300 - Local Mac Address
Mac persistency wait time: Indefinite
                                   Current
Switch#   Role        Priority      State 
-------------------------------------------
*2       Active          14         Ready               



fwaac-spare2-C9300-48UXM#! *************************************************

fwaac-spare2-C9300-48UXM#! **** VTP and VLAN

fwaac-spare2-C9300-48UXM#! *************************************************

fwaac-spare2-C9300-48UXM#show vtp status
VTP Version capable             : 1 to 3
VTP version running             : 1
VTP Domain Name                 : fwaac
VTP Pruning Mode                : Disabled
VTP Traps Generation            : Disabled
Device ID                       : 689e.0bc9.c300
Configuration last modified by 0.0.0.0 at 0-0-00 00:00:00

Feature VLAN:
--------------
VTP Operating Mode                : Transparent
Maximum VLANs supported locally   : 1005
Number of existing VLANs          : 7
Configuration Revision            : 0
MD5 digest                        : 0x43 0x51 0x3B 0x32 0xD3 0x7D 0x9C 0xAB 
                                    0x4A 0xDD 0x56 0x48 0x0F 0x4C 0x7D 0x63 
fwaac-spare2-C9300-48UXM#!

fwaac-spare2-C9300-48UXM#show vlan

VLAN Name                             Status    Ports
---- -------------------------------- --------- -------------------------------
1    default                          active    Tw2/0/1, Ap2/0/1
800  PFCN_L2_Mgmt                     active    
999  unused_ports                     active    Tw2/0/2, Tw2/0/3, Tw2/0/4, Tw2/0/5, Tw2/0/6, Tw2/0/7, Tw2/0/8, Tw2/0/9, Tw2/0/10, Tw2/0/11, Tw2/0/12, Tw2/0/13, Tw2/0/14, Tw2/0/15, Tw2/0/16, Tw2/0/17, Tw2/0/18, Tw2/0/19, Tw2/0/20, Tw2/0/21, Tw2/0/22, Tw2/0/23, Tw2/0/24, Tw2/0/25, Tw2/0/26, Tw2/0/27, Tw2/0/28, Tw2/0/29, Tw2/0/30, Tw2/0/31, Tw2/0/32, Tw2/0/33, Tw2/0/34, Tw2/0/35, Tw2/0/36, Te2/0/37, Te2/0/38, Te2/0/39, Te2/0/40, Te2/0/41, Te2/0/42, Te2/0/43, Te2/0/44, Te2/0/45, Te2/0/46, Te2/0/47, Te2/0/48
                                                Te2/1/1, Te2/1/2, Te2/1/3, Te2/1/4, Te2/1/5, Te2/1/6, Te2/1/7, Te2/1/8
1002 fddi-default                     act/unsup 
1003 token-ring-default               act/unsup 
1004 fddinet-default                  act/unsup 
1005 trnet-default                    act/unsup 

VLAN Type  SAID       MTU   Parent RingNo BridgeNo Stp  BrdgMode Trans1 Trans2
---- ----- ---------- ----- ------ ------ -------- ---- -------- ------ ------
1    enet  100001     1500  -      -      -        -    -        0      0   
800  enet  100800     1500  -      -      -        -    -        0      0   
999  enet  100999     1500  -      -      -        -    -        0      0   
1002 fddi  101002     1500  -      -      -        -    -        0      0   
1003 tr    101003     1500  -      -      -        -    -        0      0   
1004 fdnet 101004     1500  -      -      -        ieee -        0      0   
1005 trnet 101005     1500  -      -      -        ibm  -        0      0   

Remote SPAN VLANs
------------------------------------------------------------------------------


Primary Secondary Type              Ports
------- --------- ----------------- ------------------------------------------

fwaac-spare2-C9300-48UXM#!

fwaac-spare2-C9300-48UXM#show spanning-tree | include VLAN|This bridge

fwaac-spare2-C9300-48UXM#! *************************************************

fwaac-spare2-C9300-48UXM#! **** Layer 2 Status

fwaac-spare2-C9300-48UXM#! *************************************************

fwaac-spare2-C9300-48UXM#show cdp neighbors
Capability Codes: R - Router, T - Trans Bridge, B - Source Route Bridge
                  S - Switch, H - Host, I - IGMP, r - Repeater, P - Phone, 
                  D - Remote, C - CVTA, M - Two-port Mac Relay 

Device ID        Local Intrfce     Holdtme    Capability  Platform  Port ID
fwaac-spare5-C9300-48UXM.fwa.nam.gm.com
                 Gig 0/0           179             R S I  C9300-48U Two 5/0/1

Total cdp entries displayed : 1
fwaac-spare2-C9300-48UXM#!

fwaac-spare2-C9300-48UXM#show interface counters errors

Port           Align-Err     FCS-Err    Xmit-Err     Rcv-Err  UnderSize  OutDiscards 
Tw2/0/1                0           0           0           0          0            0 
Tw2/0/2                0           0           0           0          0            0 
Tw2/0/3                0           0           0           0          0            0 
Tw2/0/4                0           0           0           0          0            0 
Tw2/0/5                0           0           0           0          0            0 
Tw2/0/6                0           0           0           0          0            0 
Tw2/0/7                0           0           0           0          0            0 
Tw2/0/8                0           0           0           0          0            0 
Tw2/0/9                0           0           0           0          0            0 
Tw2/0/10               0           0           0           0          0            0 
Tw2/0/11               0           0           0           0          0            0 
Tw2/0/12               0           0           0           0          0            0 
Tw2/0/13               0           0           0           0          0            0 
Tw2/0/14               0           0           0           0          0            0 
Tw2/0/15               0           0           0           0          0            0 
Tw2/0/16               0           0           0           0          0            0 
Tw2/0/17               0           0           0           0          0            0 
Tw2/0/18               0           0           0           0          0            0 
Tw2/0/19               0           0           0           0          0            0 
Tw2/0/20               0           0           0           0          0            0 
Tw2/0/21               0           0           0           0          0            0 
Tw2/0/22               0           0           0           0          0            0 
Tw2/0/23               0           0           0           0          0            0 
Tw2/0/24               0           0           0           0          0            0 
Tw2/0/25               0           0           0           0          0            0 
Tw2/0/26               0           0           0           0          0            0 
Tw2/0/27               0           0           0           0          0            0 
Tw2/0/28               0           0           0           0          0            0 
Tw2/0/29               0           0           0           0          0            0 
Tw2/0/30               0           0           0           0          0            0 
Tw2/0/31               0           0           0           0          0            0 
Tw2/0/32               0           0           0           0          0            0 
Tw2/0/33               0           0           0           0          0            0 
Tw2/0/34               0           0           0           0          0            0 
Tw2/0/35               0           0           0           0          0            0 
Tw2/0/36               0           0           0           0          0            0 
Te2/0/37               0           0           0           0          0            0 
Te2/0/38               0           0           0           0          0            0 
Te2/0/39               0           0           0           0          0            0 
Te2/0/40               0           0           0           0          0            0 
Te2/0/41               0           0           0           0          0            0 
Te2/0/42               0           0           0           0          0            0 
Te2/0/43               0           0           0           0          0            0 
Te2/0/44               0           0           0           0          0            0 
Te2/0/45               0           0           0           0          0            0 
Te2/0/46               0           0           0           0          0            0 
Te2/0/47               0           0           0           0          0            0 
Te2/0/48               0           0           0           0          0            0 
Te2/1/1                0           0           0           0          0            0 
Te2/1/2                0           0           0           0          0            0 
Te2/1/3                0           0           0           0          0            0 
Te2/1/4                0           0           0           0          0            0 
Te2/1/5                0           0           0           0          0            0 
Te2/1/6                0           0           0           0          0            0 
Te2/1/7                0           0           0           0          0            0 
Te2/1/8                0           0           0           0          0            0 
Ap2/0/1                0           0           0           0          0            0 

Port         Single-Col  Multi-Col   Late-Col  Excess-Col  Carri-Sen      Runts 
Tw2/0/1               0          0          0           0          0          0 
Tw2/0/2               0          0          0           0          0          0 
Tw2/0/3               0          0          0           0          0          0 
Tw2/0/4               0          0          0           0          0          0 
Tw2/0/5               0          0          0           0          0          0 
Tw2/0/6               0          0          0           0          0          0 
Tw2/0/7               0          0          0           0          0          0 
Tw2/0/8               0          0          0           0          0          0 
Tw2/0/9               0          0          0           0          0          0 
Tw2/0/10              0          0          0           0          0          0 
Tw2/0/11              0          0          0           0          0          0 
Tw2/0/12              0          0          0           0          0          0 
Tw2/0/13              0          0          0           0          0          0 
Tw2/0/14              0          0          0           0          0          0 
Tw2/0/15              0          0          0           0          0          0 
Tw2/0/16              0          0          0           0          0          0 
Tw2/0/17              0          0          0           0          0          0 
Tw2/0/18              0          0          0           0          0          0 
Tw2/0/19              0          0          0           0          0          0 
Tw2/0/20              0          0          0           0          0          0 
Tw2/0/21              0          0          0           0          0          0 
Tw2/0/22              0          0          0           0          0          0 
Tw2/0/23              0          0          0           0          0          0 
Tw2/0/24              0          0          0           0          0          0 
Tw2/0/25              0          0          0           0          0          0 
Tw2/0/26              0          0          0           0          0          0 
Tw2/0/27              0          0          0           0          0          0 
Tw2/0/28              0          0          0           0          0          0 
Tw2/0/29              0          0          0           0          0          0 
Tw2/0/30              0          0          0           0          0          0 
Tw2/0/31              0          0          0           0          0          0 
Tw2/0/32              0          0          0           0          0          0 
Tw2/0/33              0          0          0           0          0          0 
Tw2/0/34              0          0          0           0          0          0 
Tw2/0/35              0          0          0           0          0          0 
Tw2/0/36              0          0          0           0          0          0 
Te2/0/37              0          0          0           0          0          0 
Te2/0/38              0          0          0           0          0          0 
Te2/0/39              0          0          0           0          0          0 
Te2/0/40              0          0          0           0          0          0 
Te2/0/41              0          0          0           0          0          0 
Te2/0/42              0          0          0           0          0          0 
Te2/0/43              0          0          0           0          0          0 
Te2/0/44              0          0          0           0          0          0 
Te2/0/45              0          0          0           0          0          0 
Te2/0/46              0          0          0           0          0          0 
Te2/0/47              0          0          0           0          0          0 
Te2/0/48              0          0          0           0          0          0 
Te2/1/1               0          0          0           0          0          0 
Te2/1/2               0          0          0           0          0          0 
Te2/1/3               0          0          0           0          0          0 
Te2/1/4               0          0          0           0          0          0 
Te2/1/5               0          0          0           0          0          0 
Te2/1/6               0          0          0           0          0          0 
Te2/1/7               0          0          0           0          0          0 
Te2/1/8               0          0          0           0          0          0 
Ap2/0/1               0          0          0           0          0          0 
fwaac-spare2-C9300-48UXM#!

fwaac-spare2-C9300-48UXM#show interface status

Port         Name               Status       Vlan       Duplex  Speed Type
Tw2/0/1      unused_port        notconnect   1            auto   auto 100/1000/2.5GBaseTX
Tw2/0/2      unused_port        disabled     999          auto   auto 100/1000/2.5GBaseTX
Tw2/0/3      unused_port        disabled     999          auto   auto 100/1000/2.5GBaseTX
Tw2/0/4      unused_port        disabled     999          auto   auto 100/1000/2.5GBaseTX
Tw2/0/5      unused_port        disabled     999          auto   auto 100/1000/2.5GBaseTX
Tw2/0/6      unused_port        disabled     999          auto   auto 100/1000/2.5GBaseTX
Tw2/0/7      unused_port        disabled     999          auto   auto 100/1000/2.5GBaseTX
Tw2/0/8      unused_port        disabled     999          auto   auto 100/1000/2.5GBaseTX
Tw2/0/9      unused_port        disabled     999          auto   auto 100/1000/2.5GBaseTX
Tw2/0/10     unused_port        disabled     999          auto   auto 100/1000/2.5GBaseTX
Tw2/0/11     unused_port        disabled     999          auto   auto 100/1000/2.5GBaseTX
Tw2/0/12     unused_port        disabled     999          auto   auto 100/1000/2.5GBaseTX
Tw2/0/13     unused_port        disabled     999          auto   auto 100/1000/2.5GBaseTX
Tw2/0/14     unused_port        disabled     999          auto   auto 100/1000/2.5GBaseTX
Tw2/0/15     unused_port        disabled     999          auto   auto 100/1000/2.5GBaseTX
Tw2/0/16     unused_port        disabled     999          auto   auto 100/1000/2.5GBaseTX
Tw2/0/17     unused_port        disabled     999          auto   auto 100/1000/2.5GBaseTX
Tw2/0/18     unused_port        disabled     999          auto   auto 100/1000/2.5GBaseTX
Tw2/0/19     unused_port        disabled     999          auto   auto 100/1000/2.5GBaseTX
Tw2/0/20     unused_port        disabled     999          auto   auto 100/1000/2.5GBaseTX
Tw2/0/21     unused_port        disabled     999          auto   auto 100/1000/2.5GBaseTX
Tw2/0/22     unused_port        disabled     999          auto   auto 100/1000/2.5GBaseTX
Tw2/0/23     unused_port        disabled     999          auto   auto 100/1000/2.5GBaseTX
Tw2/0/24     unused_port        disabled     999          auto   auto 100/1000/2.5GBaseTX
Tw2/0/25     unused_port        disabled     999          auto   auto 100/1000/2.5GBaseTX
Tw2/0/26     unused_port        disabled     999          auto   auto 100/1000/2.5GBaseTX
Tw2/0/27     unused_port        disabled     999          auto   auto 100/1000/2.5GBaseTX
Tw2/0/28     unused_port        disabled     999          auto   auto 100/1000/2.5GBaseTX
Tw2/0/29     unused_port        disabled     999          auto   auto 100/1000/2.5GBaseTX
Tw2/0/30     unused_port        disabled     999          auto   auto 100/1000/2.5GBaseTX
Tw2/0/31     unused_port        disabled     999          auto   auto 100/1000/2.5GBaseTX
Tw2/0/32     unused_port        disabled     999          auto   auto 100/1000/2.5GBaseTX
Tw2/0/33     unused_port        disabled     999          auto   auto 100/1000/2.5GBaseTX
Tw2/0/34     unused_port        disabled     999          auto   auto 100/1000/2.5GBaseTX
Tw2/0/35     unused_port        disabled     999          auto   auto 100/1000/2.5GBaseTX
Tw2/0/36     unused_port        disabled     999          auto   auto 100/1000/2.5GBaseTX
Te2/0/37     unused_port        disabled     999          auto   auto 100/1000/2.5G/5G/10GBaseTX
Te2/0/38     unused_port        disabled     999          auto   auto 100/1000/2.5G/5G/10GBaseTX
Te2/0/39     unused_port        disabled     999          auto   auto 100/1000/2.5G/5G/10GBaseTX
Te2/0/40     unused_port        disabled     999          auto   auto 100/1000/2.5G/5G/10GBaseTX
Te2/0/41     unused_port        disabled     999          auto   auto 100/1000/2.5G/5G/10GBaseTX
Te2/0/42     unused_port        disabled     999          auto   auto 100/1000/2.5G/5G/10GBaseTX
Te2/0/43     unused_port        disabled     999          auto   auto 100/1000/2.5G/5G/10GBaseTX
Te2/0/44     unused_port        disabled     999          auto   auto 100/1000/2.5G/5G/10GBaseTX
Te2/0/45     unused_port        disabled     999          auto   auto 100/1000/2.5G/5G/10GBaseTX
Te2/0/46     unused_port        disabled     999          auto   auto 100/1000/2.5G/5G/10GBaseTX
Te2/0/47     unused_port        disabled     999          auto   auto 100/1000/2.5G/5G/10GBaseTX
Te2/0/48     unused_port        disabled     999          auto   auto 100/1000/2.5G/5G/10GBaseTX
Te2/1/1      unused_port        disabled     999          auto   auto unknown
Te2/1/2      unused_port        disabled     999          auto   auto unknown
Te2/1/3      unused_port        disabled     999          auto   auto unknown
Te2/1/4      unused_port        disabled     999          auto   auto unknown
Te2/1/5      unused_port        disabled     999          auto   auto unknown
Te2/1/6      unused_port        disabled     999          auto   auto unknown
Te2/1/7      unused_port        disabled     999          auto   auto unknown
Te2/1/8      unused_port        disabled     999          auto   auto unknown
Ap2/0/1      unused_port        disabled     1            auto   auto App-hosting port
fwaac-spare2-C9300-48UXM#!

fwaac-spare2-C9300-48UXM#show interface status | in connected

fwaac-spare2-C9300-48UXM#!

fwaac-spare2-C9300-48UXM#show authentication sessions
No sessions currently exist

fwaac-spare2-C9300-48UXM#!

fwaac-spare2-C9300-48UXM#show power inline | in on

fwaac-spare2-C9300-48UXM#!

fwaac-spare2-C9300-48UXM#show interface trunk

fwaac-spare2-C9300-48UXM#!

fwaac-spare2-C9300-48UXM#show interface status err-disabled

fwaac-spare2-C9300-48UXM#!

fwaac-spare2-C9300-48UXM#show interfaces | include ^Vlan
Vlan1 is administratively down, line protocol is down , Autostate Enabled
fwaac-spare2-C9300-48UXM#!

fwaac-spare2-C9300-48UXM#show mac address-table
          Mac Address Table
-------------------------------------------

Vlan    Mac Address       Type        Ports
----    -----------       --------    -----
 All    0100.0ccc.cccc    STATIC      CPU
 All    0100.0ccc.cccd    STATIC      CPU
 All    0180.c200.0000    STATIC      CPU
 All    0180.c200.0001    STATIC      CPU
 All    0180.c200.0002    STATIC      CPU
 All    0180.c200.0003    STATIC      CPU
 All    0180.c200.0004    STATIC      CPU
 All    0180.c200.0005    STATIC      CPU
 All    0180.c200.0006    STATIC      CPU
 All    0180.c200.0007    STATIC      CPU
 All    0180.c200.0008    STATIC      CPU
 All    0180.c200.0009    STATIC      CPU
 All    0180.c200.000a    STATIC      CPU
 All    0180.c200.000b    STATIC      CPU
 All    0180.c200.000c    STATIC      CPU
 All    0180.c200.000d    STATIC      CPU
 All    0180.c200.000e    STATIC      CPU
 All    0180.c200.000f    STATIC      CPU
 All    0180.c200.0010    STATIC      CPU
 All    0180.c200.0021    STATIC      CPU
 All    ffff.ffff.ffff    STATIC      CPU
Total Mac Addresses for this criterion: 21
fwaac-spare2-C9300-48UXM#! *************************************************

fwaac-spare2-C9300-48UXM#! **** Layer 3 Status

fwaac-spare2-C9300-48UXM#! *************************************************

fwaac-spare2-C9300-48UXM#show arp

fwaac-spare2-C9300-48UXM#!

fwaac-spare2-C9300-48UXM#show ip int brief | exclude unassigned
Interface              IP-Address      OK? Method Status                Protocol
GigabitEthernet0/0     10.51.1.253     YES manual up                    up      

fwaac-spare2-C9300-48UXM#!

fwaac-spare2-C9300-48UXM#show ip route static
Codes: L - local, C - connected, S - static, R - RIP, M - mobile, B - BGP
       D - EIGRP, EX - EIGRP external, O - OSPF, IA - OSPF inter area 
       N1 - OSPF NSSA external type 1, N2 - OSPF NSSA external type 2
       E1 - OSPF external type 1, E2 - OSPF external type 2, m - OMP
       n - NAT, Ni - NAT inside, No - NAT outside, Nd - NAT DIA
       i - IS-IS, su - IS-IS summary, L1 - IS-IS level-1, L2 - IS-IS level-2
       ia - IS-IS inter area, * - candidate default, U - per-user static route
       H - NHRP, G - NHRP registered, g - NHRP registration summary
       o - ODR, P - periodic downloaded static route, l - LISP
       a - application route
       + - replicated route, % - next hop override, p - overrides from PfR

Gateway of last resort is not set

fwaac-spare2-C9300-48UXM#!

fwaac-spare2-C9300-48UXM#show ip route eigrp

fwaac-spare2-C9300-48UXM#!

fwaac-spare2-C9300-48UXM#show ip eigrp neighbors

fwaac-spare2-C9300-48UXM#!

fwaac-spare2-C9300-48UXM#show ip eigrp interfaces

fwaac-spare2-C9300-48UXM#!

fwaac-spare2-C9300-48UXM#show standby brief

fwaac-spare2-C9300-48UXM#! *************************************************

fwaac-spare2-C9300-48UXM#! **** IECN ARP Table

fwaac-spare2-C9300-48UXM#! *************************************************

fwaac-spare2-C9300-48UXM#show vlan | in IECN 

fwaac-spare2-C9300-48UXM#!

fwaac-spare2-C9300-48UXM#show interface status | in 500|_50[1-9]|510|497|498 

fwaac-spare2-C9300-48UXM#!

fwaac-spare2-C9300-48UXM#show arp | in Vlan((5)*[0-1][0-9]) 

fwaac-spare2-C9300-48UXM#!

fwaac-spare2-C9300-48UXM#show mac address-table | in 500|_50[1-9]|510|530|495|497|498 

fwaac-spare2-C9300-48UXM#! *************************************************

fwaac-spare2-C9300-48UXM#! **** Multicast Status

fwaac-spare2-C9300-48UXM#! *************************************************

fwaac-spare2-C9300-48UXM#show ip igmp membership
Flags: A  - aggregate, T - tracked
       L  - Local, S - static, V - virtual, R - Reported through v3 
       I - v3lite, U - Urd, M - SSM (S,G) channel 
       1,2,3 - The version of IGMP, the group is in
Channel/Group-Flags: 
       / - Filtering entry (Exclude mode (S,G), Include mode (G))
Reporter:
       <mac-or-ip-address> - last reporter if group is not explicitly tracked
       <n>/<m>      - <n> reporter in include mode, <m> reporter in exclude

 Channel/Group                  Reporter        Uptime   Exp.  Flags  Interface 
fwaac-spare2-C9300-48UXM#!

fwaac-spare2-C9300-48UXM#show ip pim neighbor
PIM Neighbor Table
Mode: B - Bidir Capable, DR - Designated Router, N - Default DR Priority,
      P - Proxy Capable, S - State Refresh Capable, G - GenID Capable,
      L - DR Load-balancing Capable
Neighbor          Interface                Uptime/Expires    Ver   DR
Address                                                            Prio/Mode
fwaac-spare2-C9300-48UXM#!

fwaac-spare2-C9300-48UXM#show ip mroute summary
IP Multicast Forwarding is not enabled.
IP Multicast Routing Table
Flags: D - Dense, S - Sparse, B - Bidir Group, s - SSM Group, C - Connected,
       L - Local, P - Pruned, R - RP-bit set, F - Register flag,
       T - SPT-bit set, J - Join SPT, M - MSDP created entry, E - Extranet,
       X - Proxy Join Timer Running, A - Candidate for MSDP Advertisement,
       U - URD, I - Received Source Specific Host Report, 
       Z - Multicast Tunnel, z - MDT-data group sender, 
       Y - Joined MDT-data group, y - Sending to MDT-data group, 
       G - Received BGP C-Mroute, g - Sent BGP C-Mroute, 
       N - Received BGP Shared-Tree Prune, n - BGP C-Mroute suppressed, 
       Q - Received BGP S-A Route, q - Sent BGP S-A Route, 
       V - RD & Vector, v - Vector, p - PIM Joins on route, 
       x - VxLAN group, c - PFP-SA cache created entry, 
       * - determined by Assert
Outgoing interface flags: H - Hardware switched, A - Assert winner, p - PIM Join
 Timers: Uptime/Expires
 Interface state: Interface, Next-Hop or VCD, State/Mode

fwaac-spare2-C9300-48UXM#!

fwaac-spare2-C9300-48UXM#show ip igmp group
IGMP Connected Group Membership
Group Address    Interface                Uptime    Expires   Last Reporter   Group Accounted
fwaac-spare2-C9300-48UXM#!

fwaac-spare2-C9300-48UXM#show ip traffic
IP statistics:
  Rcvd:  977549 total, 31913548 local destination
         0 format errors, 0 checksum errors, 516749 bad hop count
         0 unknown protocol, 0 not a gateway
         0 security failures, 0 bad options, 516755 with options
  Opts:  0 end, 0 nop, 0 basic security, 0 loose source route
         0 timestamp, 0 extended security, 0 record route
         0 stream ID, 0 strict source route, 516755 alert, 0 cipso, 0 ump
         0 other, 0 ignored
  Frags: 0 reassembled, 0 timeouts, 0 couldn't reassemble
         279 fragmented, 570 fragments, 0 couldn't fragment
         0 invalid hole
  Bcast: 47392898 received, 0 sent
  Mcast: 0 received, 0 sent
  Sent:  13974494 generated, 116 forwarded
  Drop:  1781 encapsulation failed, 0 unresolved, 0 no adjacency
         0 no route, 0 unicast RPF, 0 forced drop, 0 unsupported-addr
         0 options denied, 0 source IP address zero

ICMP statistics:
  Rcvd: 0 format errors, 0 checksum errors, 0 redirects, 3224 unreachable
        457575 echo, 0 echo reply, 0 mask requests, 0 mask replies, 0 quench
        0 parameter, 0 timestamp, 0 timestamp replies, 0 info request, 0 other
        0 irdp solicitations, 0 irdp advertisements
        0 time exceeded, 0 info replies
  Sent: 0 redirects, 0 unreachable, 15 echo, 457575 echo reply
        0 mask requests, 0 mask replies, 0 quench, 0 timestamp, 0 timestamp replies
        0 info reply, 0 time exceeded, 0 parameter problem
        0 irdp solicitations, 0 irdp advertisements

UDP statistics:
  Rcvd: 26513274 total, 0 checksum errors, 23696449 no port 0 finput
  Sent: 3141353 total, 0 forwarded broadcasts

OSPF statistics:
  Last clearing of OSPF traffic counters never
  Rcvd: 0 total, 0 checksum errors
  	0 hello, 0 database desc, 0 link state req
  	0 link state updates, 0 link state acks
  Sent: 0 total
  	0 hello, 0 database desc, 0 link state req
  	0 link state updates, 0 link state acks

PIMv2 statistics: Sent/Received
  Total: 0/0, 0 checksum errors, 0 format errors
  Registers: 0/0 (0 non-rp, 0 non-sm-group), Register Stops: 0/0,  Hellos: 0/0
  Join/Prunes: 0/0, Asserts: 0/0, grafts: 0/0
  Bootstraps: 0/0, Candidate_RP_Advertisements: 0/0
  Queue drops: 0
  State-Refresh: 0/0

IGMP statistics: Sent/Received
  Total: 0/0, Format errors: 0/0, Checksum errors: 0/0
  Host Queries: 0/0, Host Reports: 0/0, Host Leaves: 0/0 
  DVMRP: 0/0, PIM: 0/0
  Queue drops: 0
  Report VRF mismatch drops: 0

TCP statistics:
  Rcvd: 4939475 total, 0 checksum errors, 6773 no port
  Sent: 10375566 total

BGP statistics:
  Rcvd: 0 total, 0 opens, 0 notifications, 0 updates
        0 keepalives, 0 route-refresh, 0 unrecognized
  Sent: 0 total, 0 opens, 0 notifications, 0 updates
        0 keepalives, 0 route-refresh

EIGRP-IPv4 statistics:
  Rcvd: 0 total
  Sent: 0 total

ARP statistics:
  Rcvd: 2116865 requests, 82261 replies, 0 reverse, 0 other
  Sent: 83344 requests, 19307 replies (0 proxy), 0 reverse
  Drop due to input queue full: 0
fwaac-spare2-C9300-48UXM#! *************************************************

fwaac-spare2-C9300-48UXM#! **** VRF

fwaac-spare2-C9300-48UXM#! *************************************************

fwaac-spare2-C9300-48UXM#sh vrf gm-security
% No VRF named gm-security
fwaac-spare2-C9300-48UXM#!

fwaac-spare2-C9300-48UXM#show ip eigrp vrf gm-security interfaces
%VRF gm-security does not exist.
fwaac-spare2-C9300-48UXM#!

fwaac-spare2-C9300-48UXM#sh ip route vrf gm-security
% IP routing table vrf gm-security does not exist
fwaac-spare2-C9300-48UXM#!

fwaac-spare2-C9300-48UXM#show ip eigrp vrf gm-security neighbors
%VRF gm-security does not exist.
fwaac-spare2-C9300-48UXM#!

fwaac-spare2-C9300-48UXM#ping vrf gm-security 192.168.0.1 repeat 50
vrf gm-security does not exist                                                          ^
% Invalid input detected at '^' marker.

fwaac-spare2-C9300-48UXM#!

fwaac-spare2-C9300-48UXM#sh ip interface brief vlan762
                                                ^
% Invalid input detected at '^' marker.

fwaac-spare2-C9300-48UXM#!

fwaac-spare2-C9300-48UXM#ping vrf gm-security 192.168.0.1 repeat 50
vrf gm-security does not exist                                                          ^
% Invalid input detected at '^' marker.

fwaac-spare2-C9300-48UXM#!

fwaac-spare2-C9300-48UXM#sh vlan | in vrf

fwaac-spare2-C9300-48UXM#!

fwaac-spare2-C9300-48UXM#sh int trunk

fwaac-spare2-C9300-48UXM#! *************************************************

fwaac-spare2-C9300-48UXM#! **** Show Logging and running-config

fwaac-spare2-C9300-48UXM#! *************************************************

fwaac-spare2-C9300-48UXM#show log
Syslog logging: enabled (0 messages dropped, 2 messages rate-limited, 0 flushes, 0 overruns, xml disabled, filtering disabled)

Active Message Discriminator:
FILTER    facility       drops    DOT1X|MAB|SESSION_MGR




No Inactive Message Discriminator.


    Console logging: level informational, 647044 messages logged, xml disabled,
                     filtering disabled
    Monitor logging: level informational, 0 messages logged, xml disabled,
                     filtering disabled
    Buffer logging:  level informational, 647048 messages logged, xml disabled,
                    filtering disabled, discriminator(FILTER), 
                     0 messages rate-limited, 0 messages dropped-by-MD
    Exception Logging: size (4096 bytes)
    Count and timestamp logging messages: disabled
    File logging: disabled
    Persistent logging: enabled, url flash:/syslog, disk space 5120000 bytes, file size 500000 bytes, batch size 4096 bytes, threshold capacity 0  , immediate  

No active filter modules.

    Trap logging: level informational, 647046 message lines logged
        Logging to 148.93.49.21  (udp port 5012, audit disabled,
              link up),
              647044 message lines logged, 
              0 message lines rate-limited, 
              0 message lines dropped-by-MD, 
              xml disabled, sequence number disabled
              filtering disabled
        Logging to 130.172.129.8  (udp port 5012, audit disabled,
              link up),
              647046 message lines logged, 
              0 message lines rate-limited, 
              0 message lines dropped-by-MD, 
              xml disabled, sequence number disabled
              filtering disabled
        Logging to 148.93.115.30  (Mgmt-vrf) (udp port 5500, audit disabled,
              link up),
              162253 message lines logged, 
              0 message lines rate-limited, 
              0 message lines dropped-by-MD, 
              xml disabled, sequence number disabled
              filtering disabled
        Logging to 130.172.83.30  (Mgmt-vrf) (udp port 5500, audit disabled,
              link up),
              162253 message lines logged, 
              0 message lines rate-limited, 
              0 message lines dropped-by-MD, 
              xml disabled, sequence number disabled
              filtering disabled
        Logging Source-Interface:       VRF Name:

Log Buffer (40960 bytes):
n Success [user: si_nam_52343_p_004] [Source: 130.172.129.13] [localport: 22] at 03:13:40 UTC Tue Mar 14 2023
*Mar 14 03:13:44.742: %SYS-6-LOGOUT: User si_nam_52343_p_004 has exited tty session 1(130.172.129.13)
*Mar 14 09:56:56.047: %SEC_LOGIN-5-LOGIN_SUCCESS: Login Success [user: si_nam_52343_p_004] [Source: 130.172.129.13] [localport: 22] at 09:56:56 UTC Tue Mar 14 2023
*Mar 14 09:56:57.027: %SYS-6-LOGOUT: User si_nam_52343_p_004 has exited tty session 1(130.172.129.13)
*Mar 14 13:41:25.962: %SEC_LOGIN-5-LOGIN_SUCCESS: Login Success [user: si_nam_52343_p_004] [Source: 130.172.129.13] [localport: 22] at 13:41:25 UTC Tue Mar 14 2023
*Mar 14 13:41:27.379: %SYS-6-LOGOUT: User si_nam_52343_p_004 has exited tty session 1(130.172.129.13)
*Mar 14 14:30:35.634: %SEC_LOGIN-5-LOGIN_SUCCESS: Login Success [user: si_nam_52343_p_004] [Source: 130.172.129.13] [localport: 22] at 14:30:35 UTC Tue Mar 14 2023
*Mar 14 14:33:05.559: %SYS-6-LOGOUT: User si_nam_52343_p_004 has exited tty session 1(130.172.129.13)
*Mar 14 23:05:58.978: %SEC_LOGIN-5-LOGIN_SUCCESS: Login Success [user: SI_NAM_52343_P_011] [Source: 10.14.9.251] [localport: 22] at 23:05:58 UTC Tue Mar 14 2023
*Mar 14 23:05:59.277: %SYS-6-LOGOUT: User SI_NAM_52343_P_011 has exited tty session 1(10.14.9.251)
*Mar 14 23:06:00.055: %SEC_LOGIN-5-LOGIN_SUCCESS: Login Success [user: SI_NAM_52343_P_011] [Source: 10.14.9.251] [localport: 22] at 23:06:00 UTC Tue Mar 14 2023
*Mar 14 23:06:06.914: %SEC_LOGIN-5-LOGIN_SUCCESS: Login Success [user: SI_NAM_52343_P_011] [Source: 10.14.9.251] [localport: 22] at 23:06:06 UTC Tue Mar 14 2023
*Mar 14 23:06:07.904: %SEC_LOGIN-5-LOGIN_SUCCESS: Login Success [user: SI_NAM_52343_P_011] [Source: 10.14.9.251] [localport: 22] at 23:06:07 UTC Tue Mar 14 2023
*Mar 14 23:06:12.138: %SEC_LOGIN-5-LOGIN_SUCCESS: Login Success [user: SI_NAM_52343_P_011] [Source: 10.14.9.251] [localport: 22] at 23:06:12 UTC Tue Mar 14 2023
*Mar 14 23:06:12.500: %SYS-6-LOGOUT: User SI_NAM_52343_P_011 has exited tty session 1(10.14.9.251)
*Mar 14 23:06:16.334: %SEC_LOGIN-5-LOGIN_SUCCESS: Login Success [user: SI_NAM_52343_P_011] [Source: 10.14.9.251] [localport: 22] at 23:06:16 UTC Tue Mar 14 2023
*Mar 14 23:06:17.279: %SEC_LOGIN-5-LOGIN_SUCCESS: Login Success [user: SI_NAM_52343_P_011] [Source: 10.14.9.251] [localport: 22] at 23:06:17 UTC Tue Mar 14 2023
*Mar 14 23:06:18.261: %SEC_LOGIN-5-LOGIN_SUCCESS: Login Success [user: SI_NAM_52343_P_011] [Source: 10.14.9.251] [localport: 22] at 23:06:18 UTC Tue Mar 14 2023
*Mar 15 02:27:57.930: %SEC_LOGIN-5-LOGIN_SUCCESS: Login Success [user: si_nam_52343_p_004] [Source: 130.172.129.13] [localport: 22] at 02:27:57 UTC Wed Mar 15 2023
*Mar 15 02:29:25.966: %SYS-6-LOGOUT: User si_nam_52343_p_004 has exited tty session 1(130.172.129.13)
*Mar 15 09:57:21.194: %SEC_LOGIN-5-LOGIN_SUCCESS: Login Success [user: si_nam_52343_p_004] [Source: 130.172.129.13] [localport: 22] at 09:57:21 UTC Wed Mar 15 2023
*Mar 15 09:57:22.184: %SYS-6-LOGOUT: User si_nam_52343_p_004 has exited tty session 1(130.172.129.13)
*Mar 15 13:41:25.132: %SEC_LOGIN-5-LOGIN_SUCCESS: Login Success [user: si_nam_52343_p_004] [Source: 130.172.129.13] [localport: 22] at 13:41:25 UTC Wed Mar 15 2023
*Mar 15 13:41:26.523: %SYS-6-LOGOUT: User si_nam_52343_p_004 has exited tty session 1(130.172.129.13)
*Mar 15 14:40:40.348: %SEC_LOGIN-5-LOGIN_SUCCESS: Login Success [user: si_nam_52343_p_004] [Source: 130.172.129.13] [localport: 22] at 14:40:40 UTC Wed Mar 15 2023
*Mar 15 14:43:06.747: %SYS-6-LOGOUT: User si_nam_52343_p_004 has exited tty session 1(130.172.129.13)
*Mar 15 16:49:38.975: %SEC_LOGIN-5-LOGIN_SUCCESS: Login Success [user: si_nam_52343_p_004] [Source: 130.172.129.13] [localport: 22] at 16:49:38 UTC Wed Mar 15 2023
*Mar 15 16:49:43.291: %SYS-6-LOGOUT: User si_nam_52343_p_004 has exited tty session 1(130.172.129.13)
*Mar 16 02:27:30.469: %SEC_LOGIN-5-LOGIN_SUCCESS: Login Success [user: si_nam_52343_p_004] [Source: 130.172.129.13] [localport: 22] at 02:27:30 UTC Thu Mar 16 2023
*Mar 16 02:28:55.370: %SYS-6-LOGOUT: User si_nam_52343_p_004 has exited tty session 1(130.172.129.13)
*Mar 16 09:57:27.718: %SEC_LOGIN-5-LOGIN_SUCCESS: Login Success [user: si_nam_52343_p_004] [Source: 130.172.129.13] [localport: 22] at 09:57:27 UTC Thu Mar 16 2023
*Mar 16 09:57:28.822: %SYS-6-LOGOUT: User si_nam_52343_p_004 has exited tty session 1(130.172.129.13)
*Mar 16 13:41:25.067: %SEC_LOGIN-5-LOGIN_SUCCESS: Login Success [user: si_nam_52343_p_004] [Source: 130.172.129.13] [localport: 22] at 13:41:25 UTC Thu Mar 16 2023
*Mar 16 13:41:26.575: %SYS-6-LOGOUT: User si_nam_52343_p_004 has exited tty session 1(130.172.129.13)
*Mar 16 14:32:59.142: %SEC_LOGIN-5-LOGIN_SUCCESS: Login Success [user: si_nam_52343_p_004] [Source: 130.172.129.13] [localport: 22] at 14:32:59 UTC Thu Mar 16 2023
*Mar 16 14:35:06.595: %SYS-6-LOGOUT: User si_nam_52343_p_004 has exited tty session 1(130.172.129.13)
*Mar 16 23:07:06.981: %SEC_LOGIN-5-LOGIN_SUCCESS: Login Success [user: SI_NAM_52343_P_011] [Source: 10.14.9.251] [localport: 22] at 23:07:06 UTC Thu Mar 16 2023
*Mar 16 23:07:07.280: %SYS-6-LOGOUT: User SI_NAM_52343_P_011 has exited tty session 1(10.14.9.251)
*Mar 16 23:07:07.921: %SEC_LOGIN-5-LOGIN_SUCCESS: Login Success [user: SI_NAM_52343_P_011] [Source: 10.14.9.251] [localport: 22] at 23:07:07 UTC Thu Mar 16 2023
*Mar 16 23:07:09.173: %SEC_LOGIN-5-LOGIN_SUCCESS: Login Success [user: SI_NAM_52343_P_011] [Source: 10.14.9.251] [localport: 22] at 23:07:09 UTC Thu Mar 16 2023
*Mar 16 23:07:10.167: %SEC_LOGIN-5-LOGIN_SUCCESS: Login Success [user: SI_NAM_52343_P_011] [Source: 10.14.9.251] [localport: 22] at 23:07:10 UTC Thu Mar 16 2023
*Mar 16 23:07:11.201: %SEC_LOGIN-5-LOGIN_SUCCESS: Login Success [user: SI_NAM_52343_P_011] [Source: 10.14.9.251] [localport: 22] at 23:07:11 UTC Thu Mar 16 2023
*Mar 16 23:07:12.190: %SEC_LOGIN-5-LOGIN_SUCCESS: Login Success [user: SI_NAM_52343_P_011] [Source: 10.14.9.251] [localport: 22] at 23:07:12 UTC Thu Mar 16 2023
*Mar 16 23:07:13.167: %SEC_LOGIN-5-LOGIN_SUCCESS: Login Success [user: SI_NAM_52343_P_011] [Source: 10.14.9.251] [localport: 22] at 23:07:13 UTC Thu Mar 16 2023
*Mar 16 23:07:14.119: %SEC_LOGIN-5-LOGIN_SUCCESS: Login Success [user: SI_NAM_52343_P_011] [Source: 10.14.9.251] [localport: 22] at 23:07:14 UTC Thu Mar 16 2023
*Mar 17 02:29:30.012: %SEC_LOGIN-5-LOGIN_SUCCESS: Login Success [user: si_nam_52343_p_004] [Source: 130.172.129.13] [localport: 22] at 02:29:30 UTC Fri Mar 17 2023
*Mar 17 02:30:58.838: %SYS-6-LOGOUT: User si_nam_52343_p_004 has exited tty session 1(130.172.129.13)
*Mar 17 03:18:27.819: %SEC_LOGIN-5-LOGIN_SUCCESS: Login Success [user: si_nam_52343_p_004] [Source: 130.172.129.13] [localport: 22] at 03:18:27 UTC Fri Mar 17 2023
*Mar 17 03:18:34.572: %SYS-6-LOGOUT: User si_nam_52343_p_004 has exited tty session 1(130.172.129.13)
*Mar 17 09:56:41.642: %SEC_LOGIN-5-LOGIN_SUCCESS: Login Success [user: si_nam_52343_p_004] [Source: 130.172.129.13] [localport: 22] at 09:56:41 UTC Fri Mar 17 2023
*Mar 17 09:56:42.627: %SYS-6-LOGOUT: User si_nam_52343_p_004 has exited tty session 1(130.172.129.13)
*Mar 17 13:41:17.356: %SEC_LOGIN-5-LOGIN_SUCCESS: Login Success [user: si_nam_52343_p_004] [Source: 130.172.129.13] [localport: 22] at 13:41:17 UTC Fri Mar 17 2023
*Mar 17 13:41:18.653: %SYS-6-LOGOUT: User si_nam_52343_p_004 has exited tty session 1(130.172.129.13)
*Mar 17 14:30:17.167: %SEC_LOGIN-5-LOGIN_SUCCESS: Login Success [user: si_nam_52343_p_004] [Source: 130.172.129.13] [localport: 22] at 14:30:17 UTC Fri Mar 17 2023
*Mar 17 14:32:36.416: %SYS-6-LOGOUT: User si_nam_52343_p_004 has exited tty session 1(130.172.129.13)
*Mar 18 02:33:38.321: %SEC_LOGIN-5-LOGIN_SUCCESS: Login Success [user: si_nam_52343_p_004] [Source: 130.172.129.13] [localport: 22] at 02:33:38 UTC Sat Mar 18 2023
*Mar 18 02:36:22.410: %SYS-6-LOGOUT: User si_nam_52343_p_004 has exited tty session 1(130.172.129.13)
*Mar 18 03:01:41.720: %SEC_LOGIN-5-LOGIN_SUCCESS: Login Success [user: SI_NAM_52343_P_012] [Source: 148.93.49.26] [localport: 22] at 03:01:41 UTC Sat Mar 18 2023
*Mar 18 03:01:53.012: %SYS-6-LOGOUT: User SI_NAM_52343_P_012 has exited tty session 1(148.93.49.26)
*Mar 18 05:01:12.984: %SEC_LOGIN-5-LOGIN_SUCCESS: Login Success [user: SI_NAM_52343_P_012] [Source: 148.93.49.26] [localport: 22] at 05:01:12 UTC Sat Mar 18 2023
*Mar 18 05:18:29.020: %SYS-6-LOGOUT: User SI_NAM_52343_P_012 has exited tty session 1(148.93.49.26)
*Mar 18 09:58:38.567: %SEC_LOGIN-5-LOGIN_SUCCESS: Login Success [user: si_nam_52343_p_004] [Source: 130.172.129.13] [localport: 22] at 09:58:38 UTC Sat Mar 18 2023
*Mar 18 09:58:39.772: %SYS-6-LOGOUT: User si_nam_52343_p_004 has exited tty session 1(130.172.129.13)
*Mar 18 14:26:32.811: %SEC_LOGIN-5-LOGIN_SUCCESS: Login Success [user: si_nam_52343_p_004] [Source: 130.172.129.13] [localport: 22] at 14:26:32 UTC Sat Mar 18 2023
*Mar 18 14:27:54.265: %SYS-6-LOGOUT: User si_nam_52343_p_004 has exited tty session 1(130.172.129.13)
*Mar 19 02:29:59.843: %SEC_LOGIN-5-LOGIN_SUCCESS: Login Success [user: si_nam_52343_p_004] [Source: 130.172.129.13] [localport: 22] at 02:29:59 UTC Sun Mar 19 2023
*Mar 19 02:31:52.790: %SYS-6-LOGOUT: User si_nam_52343_p_004 has exited tty session 1(130.172.129.13)
*Mar 19 09:57:34.925: %SEC_LOGIN-5-LOGIN_SUCCESS: Login Success [user: si_nam_52343_p_004] [Source: 130.172.129.13] [localport: 22] at 09:57:34 UTC Sun Mar 19 2023
*Mar 19 09:57:36.457: %SYS-6-LOGOUT: User si_nam_52343_p_004 has exited tty session 1(130.172.129.13)
*Mar 19 14:28:06.533: %SEC_LOGIN-5-LOGIN_SUCCESS: Login Success [user: si_nam_52343_p_004] [Source: 130.172.129.13] [localport: 22] at 14:28:06 UTC Sun Mar 19 2023
*Mar 19 14:29:27.199: %SYS-6-LOGOUT: User si_nam_52343_p_004 has exited tty session 1(130.172.129.13)
*Mar 19 23:06:53.563: %SEC_LOGIN-5-LOGIN_SUCCESS: Login Success [user: SI_NAM_52343_P_011] [Source: 10.14.9.251] [localport: 22] at 23:06:53 UTC Sun Mar 19 2023
*Mar 19 23:06:53.893: %SYS-6-LOGOUT: User SI_NAM_52343_P_011 has exited tty session 1(10.14.9.251)
*Mar 19 23:06:54.547: %SEC_LOGIN-5-LOGIN_SUCCESS: Login Success [user: SI_NAM_52343_P_011] [Source: 10.14.9.251] [localport: 22] at 23:06:54 UTC Sun Mar 19 2023
*Mar 19 23:06:55.871: %SEC_LOGIN-5-LOGIN_SUCCESS: Login Success [user: SI_NAM_52343_P_011] [Source: 10.14.9.251] [localport: 22] at 23:06:55 UTC Sun Mar 19 2023
*Mar 19 23:06:56.868: %SEC_LOGIN-5-LOGIN_SUCCESS: Login Success [user: SI_NAM_52343_P_011] [Source: 10.14.9.251] [localport: 22] at 23:06:56 UTC Sun Mar 19 2023
*Mar 19 23:06:57.979: %SEC_LOGIN-5-LOGIN_SUCCESS: Login Success [user: SI_NAM_52343_P_011] [Source: 10.14.9.251] [localport: 22] at 23:06:57 UTC Sun Mar 19 2023
*Mar 19 23:06:59.088: %SEC_LOGIN-5-LOGIN_SUCCESS: Login Success [user: SI_NAM_52343_P_011] [Source: 10.14.9.251] [localport: 22] at 23:06:59 UTC Sun Mar 19 2023
*Mar 19 23:07:00.138: %SEC_LOGIN-5-LOGIN_SUCCESS: Login Success [user: SI_NAM_52343_P_011] [Source: 10.14.9.251] [localport: 22] at 23:07:00 UTC Sun Mar 19 2023
*Mar 19 23:07:01.144: %SEC_LOGIN-5-LOGIN_SUCCESS: Login Success [user: SI_NAM_52343_P_011] [Source: 10.14.9.251] [localport: 22] at 23:07:01 UTC Sun Mar 19 2023
*Mar 20 03:53:05.226: %SEC_LOGIN-5-LOGIN_SUCCESS: Login Success [user: si_nam_52343_p_004] [Source: 130.172.129.13] [localport: 22] at 03:53:05 UTC Mon Mar 20 2023
*Mar 20 03:56:25.441: %SYS-6-LOGOUT: User si_nam_52343_p_004 has exited tty session 1(130.172.129.13)
*Mar 20 09:58:43.379: %SEC_LOGIN-5-LOGIN_SUCCESS: Login Success [user: si_nam_52343_p_004] [Source: 130.172.129.13] [localport: 22] at 09:58:43 UTC Mon Mar 20 2023
*Mar 20 09:58:47.567: %SYS-6-LOGOUT: User si_nam_52343_p_004 has exited tty session 1(130.172.129.13)
*Mar 20 10:00:43.598: %SEC_LOGIN-5-LOGIN_SUCCESS: Login Success [user: si_nam_52343_p_004] [Source: 130.172.129.13] [localport: 22] at 10:00:43 UTC Mon Mar 20 2023
*Mar 20 10:00:44.528: %SYS-6-LOGOUT: User si_nam_52343_p_004 has exited tty session 1(130.172.129.13)
*Mar 20 10:05:52.011: %SEC_LOGIN-5-LOGIN_SUCCESS: Login Success [user: si_nam_52343_p_004] [Source: 130.172.129.13] [localport: 22] at 10:05:52 UTC Mon Mar 20 2023
*Mar 20 10:05:53.077: %SYS-6-LOGOUT: User si_nam_52343_p_004 has exited tty session 1(130.172.129.13)
*Mar 20 13:41:27.460: %SEC_LOGIN-5-LOGIN_SUCCESS: Login Success [user: si_nam_52343_p_004] [Source: 130.172.129.13] [localport: 22] at 13:41:27 UTC Mon Mar 20 2023
*Mar 20 13:41:29.027: %SYS-6-LOGOUT: User si_nam_52343_p_004 has exited tty session 1(130.172.129.13)
*Mar 20 14:58:56.603: %SEC_LOGIN-5-LOGIN_SUCCESS: Login Success [user: si_nam_52343_p_004] [Source: 130.172.129.13] [localport: 22] at 14:58:56 UTC Mon Mar 20 2023
*Mar 20 15:00:21.345: %SYS-6-LOGOUT: User si_nam_52343_p_004 has exited tty session 1(130.172.129.13)
*Mar 21 03:01:01.150: %SEC_LOGIN-5-LOGIN_SUCCESS: Login Success [user: si_nam_52343_p_004] [Source: 130.172.129.13] [localport: 22] at 03:01:01 UTC Tue Mar 21 2023
*Mar 21 03:01:40.991: %SYS-6-LOGOUT: User si_nam_52343_p_004 has exited tty session 1(130.172.129.13)
*Mar 21 04:12:48.650: %SEC_LOGIN-5-LOGIN_SUCCESS: Login Success [user: si_nam_52343_p_004] [Source: 130.172.129.13] [localport: 22] at 04:12:48 UTC Tue Mar 21 2023
*Mar 21 04:15:08.031: %SYS-6-LOGOUT: User si_nam_52343_p_004 has exited tty session 1(130.172.129.13)
*Mar 21 09:59:31.915: %SEC_LOGIN-5-LOGIN_SUCCESS: Login Success [user: si_nam_52343_p_004] [Source: 130.172.129.13] [localport: 22] at 09:59:31 UTC Tue Mar 21 2023
*Mar 21 09:59:33.058: %SYS-6-LOGOUT: User si_nam_52343_p_004 has exited tty session 1(130.172.129.13)
*Mar 21 13:41:14.984: %SEC_LOGIN-5-LOGIN_SUCCESS: Login Success [user: si_nam_52343_p_004] [Source: 130.172.129.13] [localport: 22] at 13:41:14 UTC Tue Mar 21 2023
*Mar 21 13:41:16.242: %SYS-6-LOGOUT: User si_nam_52343_p_004 has exited tty session 1(130.172.129.13)
*Mar 21 14:29:05.334: %SEC_LOGIN-5-LOGIN_SUCCESS: Login Success [user: si_nam_52343_p_004] [Source: 130.172.129.13] [localport: 22] at 14:29:05 UTC Tue Mar 21 2023
*Mar 21 14:30:34.664: %SYS-6-LOGOUT: User si_nam_52343_p_004 has exited tty session 1(130.172.129.13)
*Mar 21 14:44:35.860: %SEC_LOGIN-5-LOGIN_SUCCESS: Login Success [user: si_nam_52343_p_004] [Source: 130.172.129.13] [localport: 22] at 14:44:35 UTC Tue Mar 21 2023
*Mar 21 14:44:42.122: %SYS-6-LOGOUT: User si_nam_52343_p_004 has exited tty session 1(130.172.129.13)
*Mar 21 14:54:16.203: %SEC_LOGIN-5-LOGIN_SUCCESS: Login Success [user: si_nam_52343_p_004] [Source: 130.172.129.13] [localport: 22] at 14:54:16 UTC Tue Mar 21 2023
*Mar 21 14:54:19.857: %SYS-6-LOGOUT: User si_nam_52343_p_004 has exited tty session 1(130.172.129.13)
*Mar 21 19:39:56.326: %SEC_LOGIN-5-LOGIN_SUCCESS: Login Success [user: si_nam_52343_p_004] [Source: 130.172.129.13] [localport: 22] at 19:39:56 UTC Tue Mar 21 2023
*Mar 21 19:39:59.343: %SYS-6-LOGOUT: User si_nam_52343_p_004 has exited tty session 1(130.172.129.13)
*Mar 21 21:02:27.154: %SEC_LOGIN-5-LOGIN_SUCCESS: Login Success [user: as_cz507f] [Source: 130.172.119.141] [localport: 22] at 21:02:27 UTC Tue Mar 21 2023
*Mar 21 21:02:28.412: %SYS-6-LOGOUT: User as_cz507f has exited tty session 1(130.172.119.141)
*Mar 21 21:17:06.613: %SEC_LOGIN-5-LOGIN_SUCCESS: Login Success [user: as_cz507f] [Source: 130.172.119.141] [localport: 22] at 21:17:06 UTC Tue Mar 21 2023
*Mar 21 21:17:11.094: %SYS-6-LOGOUT: User as_cz507f has exited tty session 1(130.172.119.141)
*Mar 21 21:30:53.786: %SEC_LOGIN-5-LOGIN_SUCCESS: Login Success [user: as_cz507f] [Source: 130.172.119.141] [localport: 22] at 21:30:53 UTC Tue Mar 21 2023
*Mar 21 21:30:57.388: %SYS-6-LOGOUT: User as_cz507f has exited tty session 1(130.172.119.141)
*Mar 21 21:49:18.441: %SEC_LOGIN-5-LOGIN_SUCCESS: Login Success [user: as_cz507f] [Source: 130.172.119.141] [localport: 22] at 21:49:18 UTC Tue Mar 21 2023
*Mar 21 21:51:04.311: %SYS-6-LOGOUT: User as_cz507f has exited tty session 1(130.172.119.141)
*Mar 21 22:39:09.642: %SEC_LOGIN-5-LOGIN_SUCCESS: Login Success [user: as_cz507f] [Source: 130.172.119.141] [localport: 22] at 22:39:09 UTC Tue Mar 21 2023
*Mar 21 22:48:15.211: %SYS-6-LOGOUT: User as_cz507f has exited tty session 1(130.172.119.141)
*Mar 21 22:51:51.190: %SEC_LOGIN-5-LOGIN_SUCCESS: Login Success [user: as_cz507f] [Source: 130.172.119.141] [localport: 22] at 22:51:51 UTC Tue Mar 21 2023
*Mar 21 23:02:16.525: %SYS-6-LOGOUT: User as_cz507f has exited tty session 1(130.172.119.141)
*Mar 21 23:06:45.749: %SEC_LOGIN-5-LOGIN_SUCCESS: Login Success [user: SI_NAM_52343_P_011] [Source: 10.14.9.251] [localport: 22] at 23:06:45 UTC Tue Mar 21 2023
*Mar 21 23:06:46.043: %SYS-6-LOGOUT: User SI_NAM_52343_P_011 has exited tty session 1(10.14.9.251)
*Mar 21 23:06:46.680: %SEC_LOGIN-5-LOGIN_SUCCESS: Login Success [user: SI_NAM_52343_P_011] [Source: 10.14.9.251] [localport: 22] at 23:06:46 UTC Tue Mar 21 2023
*Mar 21 23:06:47.975: %SEC_LOGIN-5-LOGIN_SUCCESS: Login Success [user: SI_NAM_52343_P_011] [Source: 10.14.9.251] [localport: 22] at 23:06:47 UTC Tue Mar 21 2023
*Mar 21 23:06:48.972: %SEC_LOGIN-5-LOGIN_SUCCESS: Login Success [user: SI_NAM_52343_P_011] [Source: 10.14.9.251] [localport: 22] at 23:06:48 UTC Tue Mar 21 2023
*Mar 21 23:06:49.971: %SEC_LOGIN-5-LOGIN_SUCCESS: Login Success [user: SI_NAM_52343_P_011] [Source: 10.14.9.251] [localport: 22] at 23:06:49 UTC Tue Mar 21 2023
*Mar 21 23:06:50.945: %SEC_LOGIN-5-LOGIN_SUCCESS: Login Success [user: SI_NAM_52343_P_011] [Source: 10.14.9.251] [localport: 22] at 23:06:50 UTC Tue Mar 21 2023
*Mar 21 23:06:51.878: %SEC_LOGIN-5-LOGIN_SUCCESS: Login Success [user: SI_NAM_52343_P_011] [Source: 10.14.9.251] [localport: 22] at 23:06:51 UTC Tue Mar 21 2023
*Mar 21 23:06:58.385: %SEC_LOGIN-5-LOGIN_SUCCESS: Login Success [user: SI_NAM_52343_P_011] [Source: 10.14.9.251] [localport: 22] at 23:06:58 UTC Tue Mar 21 2023
*Mar 21 23:06:58.709: %SYS-6-LOGOUT: User SI_NAM_52343_P_011 has exited tty session 1(10.14.9.251)
*Mar 21 23:13:01.966: %SEC_LOGIN-5-LOGIN_SUCCESS: Login Success [user: as_cz507f] [Source: 130.172.119.141] [localport: 22] at 23:13:01 UTC Tue Mar 21 2023
*Mar 21 23:15:00.760: %SYS-6-LOGOUT: User as_cz507f has exited tty session 1(130.172.119.141)
*Mar 21 23:22:19.905: %SEC_LOGIN-5-LOGIN_SUCCESS: Login Success [user: as_cz507f] [Source: 130.172.119.141] [localport: 22] at 23:22:19 UTC Tue Mar 21 2023
*Mar 21 23:34:25.394: %SYS-6-LOGOUT: User as_cz507f has exited tty session 1(130.172.119.141)
*Mar 22 02:31:03.218: %SEC_LOGIN-5-LOGIN_SUCCESS: Login Success [user: si_nam_52343_p_004] [Source: 130.172.129.13] [localport: 22] at 02:31:03 UTC Wed Mar 22 2023
*Mar 22 02:33:13.181: %SYS-6-LOGOUT: User si_nam_52343_p_004 has exited tty session 1(130.172.129.13)
*Mar 22 09:57:55.086: %SEC_LOGIN-5-LOGIN_SUCCESS: Login Success [user: si_nam_52343_p_004] [Source: 130.172.129.13] [localport: 22] at 09:57:55 UTC Wed Mar 22 2023
*Mar 22 09:57:56.482: %SYS-6-LOGOUT: User si_nam_52343_p_004 has exited tty session 1(130.172.129.13)
*Mar 22 13:41:20.435: %SEC_LOGIN-5-LOGIN_SUCCESS: Login Success [user: si_nam_52343_p_004] [Source: 130.172.129.13] [localport: 22] at 13:41:20 UTC Wed Mar 22 2023
*Mar 22 13:41:21.631: %SYS-6-LOGOUT: User si_nam_52343_p_004 has exited tty session 1(130.172.129.13)
*Mar 22 14:29:48.141: %SEC_LOGIN-5-LOGIN_SUCCESS: Login Success [user: si_nam_52343_p_004] [Source: 130.172.129.13] [localport: 22] at 14:29:48 UTC Wed Mar 22 2023
*Mar 22 14:31:05.275: %SYS-6-LOGOUT: User si_nam_52343_p_004 has exited tty session 1(130.172.129.13)
*Mar 23 03:12:39.671: %SEC_LOGIN-5-LOGIN_SUCCESS: Login Success [user: si_nam_52343_p_004] [Source: 130.172.129.13] [localport: 22] at 03:12:39 UTC Thu Mar 23 2023
*Mar 23 03:13:54.204: %SYS-6-LOGOUT: User si_nam_52343_p_004 has exited tty session 1(130.172.129.13)
*Mar 23 09:58:37.608: %SEC_LOGIN-5-LOGIN_SUCCESS: Login Success [user: si_nam_52343_p_004] [Source: 130.172.129.13] [localport: 22] at 09:58:37 UTC Thu Mar 23 2023
*Mar 23 09:58:38.815: %SYS-6-LOGOUT: User si_nam_52343_p_004 has exited tty session 1(130.172.129.13)
*Mar 23 13:41:18.103: %SEC_LOGIN-5-LOGIN_SUCCESS: Login Success [user: si_nam_52343_p_004] [Source: 130.172.129.13] [localport: 22] at 13:41:18 UTC Thu Mar 23 2023
*Mar 23 13:41:19.112: %SYS-6-LOGOUT: User si_nam_52343_p_004 has exited tty session 1(130.172.129.13)
*Mar 23 14:28:11.335: %SEC_LOGIN-5-LOGIN_SUCCESS: Login Success [user: si_nam_52343_p_004] [Source: 130.172.129.13] [localport: 22] at 14:28:11 UTC Thu Mar 23 2023
*Mar 23 14:29:34.771: %SYS-6-LOGOUT: User si_nam_52343_p_004 has exited tty session 1(130.172.129.13)
*Mar 23 19:12:55.650: %SEC_LOGIN-5-LOGIN_SUCCESS: Login Success [user: as_cz507f] [Source: 130.172.119.194] [localport: 22] at 19:12:55 UTC Thu Mar 23 2023
*Mar 23 19:18:14.669: %SYS-6-LOGOUT: User as_cz507f has exited tty session 1(130.172.119.194)
*Mar 23 23:06:23.975: %SEC_LOGIN-5-LOGIN_SUCCESS: Login Success [user: SI_NAM_52343_P_011] [Source: 10.14.9.251] [localport: 22] at 23:06:23 UTC Thu Mar 23 2023
*Mar 23 23:06:24.313: %SYS-6-LOGOUT: User SI_NAM_52343_P_011 has exited tty session 1(10.14.9.251)
*Mar 23 23:06:25.013: %SEC_LOGIN-5-LOGIN_SUCCESS: Login Success [user: SI_NAM_52343_P_011] [Source: 10.14.9.251] [localport: 22] at 23:06:25 UTC Thu Mar 23 2023
*Mar 23 23:06:26.421: %SEC_LOGIN-5-LOGIN_SUCCESS: Login Success [user: SI_NAM_52343_P_011] [Source: 10.14.9.251] [localport: 22] at 23:06:26 UTC Thu Mar 23 2023
*Mar 23 23:06:27.536: %SEC_LOGIN-5-LOGIN_SUCCESS: Login Success [user: SI_NAM_52343_P_011] [Source: 10.14.9.251] [localport: 22] at 23:06:27 UTC Thu Mar 23 2023
*Mar 23 23:06:31.279: %SEC_LOGIN-5-LOGIN_SUCCESS: Login Success [user: SI_NAM_52343_P_011] [Source: 10.14.9.251] [localport: 22] at 23:06:31 UTC Thu Mar 23 2023
*Mar 23 23:06:32.345: %SEC_LOGIN-5-LOGIN_SUCCESS: Login Success [user: SI_NAM_52343_P_011] [Source: 10.14.9.251] [localport: 22] at 23:06:32 UTC Thu Mar 23 2023
*Mar 23 23:06:33.412: %SEC_LOGIN-5-LOGIN_SUCCESS: Login Success [user: SI_NAM_52343_P_011] [Source: 10.14.9.251] [localport: 22] at 23:06:33 UTC Thu Mar 23 2023
*Mar 23 23:06:34.461: %SEC_LOGIN-5-LOGIN_SUCCESS: Login Success [user: SI_NAM_52343_P_011] [Source: 10.14.9.251] [localport: 22] at 23:06:34 UTC Thu Mar 23 2023
*Mar 23 23:06:34.842: %SYS-6-LOGOUT: User SI_NAM_52343_P_011 has exited tty session 1(10.14.9.251)
*Mar 24 02:33:05.240: %SEC_LOGIN-5-LOGIN_SUCCESS: Login Success [user: si_nam_52343_p_004] [Source: 130.172.129.13] [localport: 22] at 02:33:05 UTC Fri Mar 24 2023
*Mar 24 02:35:31.801: %SYS-6-LOGOUT: User si_nam_52343_p_004 has exited tty session 1(130.172.129.13)
*Mar 24 03:41:00.470: %SEC_LOGIN-5-LOGIN_SUCCESS: Login Success [user: si_nam_52343_p_004] [Source: 130.172.129.13] [localport: 22] at 03:41:00 UTC Fri Mar 24 2023
*Mar 24 03:41:05.866: %SYS-6-LOGOUT: User si_nam_52343_p_004 has exited tty session 1(130.172.129.13)
*Mar 24 09:56:41.846: %SEC_LOGIN-5-LOGIN_SUCCESS: Login Success [user: si_nam_52343_p_004] [Source: 130.172.129.13] [localport: 22] at 09:56:41 UTC Fri Mar 24 2023
*Mar 24 09:56:45.483: %SYS-6-LOGOUT: User si_nam_52343_p_004 has exited tty session 1(130.172.129.13)
*Mar 24 13:41:15.982: %SEC_LOGIN-5-LOGIN_SUCCESS: Login Success [user: si_nam_52343_p_004] [Source: 130.172.129.13] [localport: 22] at 13:41:15 UTC Fri Mar 24 2023
*Mar 24 13:41:17.158: %SYS-6-LOGOUT: User si_nam_52343_p_004 has exited tty session 1(130.172.129.13)
*Mar 24 23:32:34.554: %SEC_LOGIN-5-LOGIN_SUCCESS: Login Success [user: as_cz507f] [Source: 148.93.114.222] [localport: 22] at 23:32:34 UTC Fri Mar 24 2023
*Mar 24 23:32:35.333: %SYS-6-LOGOUT: User as_cz507f has exited tty session 1(148.93.114.222)
*Mar 24 23:36:35.144: %SEC_LOGIN-5-LOGIN_SUCCESS: Login Success [user: as_cz507f] [Source: 148.93.114.222] [localport: 22] at 23:36:35 UTC Fri Mar 24 2023
*Mar 24 23:36:35.899: %SYS-6-LOGOUT: User as_cz507f has exited tty session 1(148.93.114.222)
*Mar 24 23:38:46.267: %SEC_LOGIN-5-LOGIN_SUCCESS: Login Success [user: as_cz507f] [Source: 148.93.114.222] [localport: 22] at 23:38:46 UTC Fri Mar 24 2023
*Mar 24 23:38:47.041: %SYS-6-LOGOUT: User as_cz507f has exited tty session 1(148.93.114.222)
*Mar 24 23:44:20.589: %SEC_LOGIN-5-LOGIN_SUCCESS: Login Success [user: as_cz507f] [Source: 148.93.114.222] [localport: 22] at 23:44:20 UTC Fri Mar 24 2023
*Mar 24 23:44:24.381: %SYS-6-LOGOUT: User as_cz507f has exited tty session 1(148.93.114.222)
*Mar 25 02:33:20.612: %SEC_LOGIN-5-LOGIN_SUCCESS: Login Success [user: si_nam_52343_p_004] [Source: 130.172.129.13] [localport: 22] at 02:33:20 UTC Sat Mar 25 2023
*Mar 25 02:35:41.905: %SYS-6-LOGOUT: User si_nam_52343_p_004 has exited tty session 1(130.172.129.13)
*Mar 25 03:01:47.795: %SEC_LOGIN-5-LOGIN_SUCCESS: Login Success [user: SI_NAM_52343_P_012] [Source: 148.93.49.26] [localport: 22] at 03:01:47 UTC Sat Mar 25 2023
*Mar 25 03:01:58.747: %SYS-6-LOGOUT: User SI_NAM_52343_P_012 has exited tty session 1(148.93.49.26)
*Mar 25 05:00:56.872: %SEC_LOGIN-5-LOGIN_SUCCESS: Login Success [user: SI_NAM_52343_P_012] [Source: 148.93.49.26] [localport: 22] at 05:00:56 UTC Sat Mar 25 2023
*Mar 25 05:18:43.949: %SYS-6-LOGOUT: User SI_NAM_52343_P_012 has exited tty session 1(148.93.49.26)
*Mar 25 09:58:38.451: %SEC_LOGIN-5-LOGIN_SUCCESS: Login Success [user: si_nam_52343_p_004] [Source: 130.172.129.13] [localport: 22] at 09:58:38 UTC Sat Mar 25 2023
*Mar 25 09:58:39.555: %SYS-6-LOGOUT: User si_nam_52343_p_004 has exited tty session 1(130.172.129.13)
*Mar 25 14:28:41.396: %SEC_LOGIN-5-LOGIN_SUCCESS: Login Success [user: si_nam_52343_p_004] [Source: 130.172.129.13] [localport: 22] at 14:28:41 UTC Sat Mar 25 2023
*Mar 25 14:30:02.292: %SYS-6-LOGOUT: User si_nam_52343_p_004 has exited tty session 1(130.172.129.13)
*Mar 26 02:30:52.000: %SEC_LOGIN-5-LOGIN_SUCCESS: Login Success [user: si_nam_52343_p_004] [Source: 130.172.129.13] [localport: 22] at 02:30:52 UTC Sun Mar 26 2023
*Mar 26 02:32:54.402: %SYS-6-LOGOUT: User si_nam_52343_p_004 has exited tty session 1(130.172.129.13)
*Mar 26 09:58:20.864: %SEC_LOGIN-5-LOGIN_SUCCESS: Login Success [user: si_nam_52343_p_004] [Source: 130.172.129.13] [localport: 22] at 09:58:20 UTC Sun Mar 26 2023
*Mar 26 09:58:22.079: %SYS-6-LOGOUT: User si_nam_52343_p_004 has exited tty session 1(130.172.129.13)
*Mar 26 14:26:51.760: %SEC_LOGIN-5-LOGIN_SUCCESS: Login Success [user: si_nam_52343_p_004] [Source: 130.172.129.13] [localport: 22] at 14:26:51 UTC Sun Mar 26 2023
*Mar 26 14:28:25.134: %SYS-6-LOGOUT: User si_nam_52343_p_004 has exited tty session 1(130.172.129.13)
*Mar 26 23:06:01.496: %SEC_LOGIN-5-LOGIN_SUCCESS: Login Success [user: SI_NAM_52343_P_011] [Source: 10.14.9.251] [localport: 22] at 23:06:01 UTC Sun Mar 26 2023
*Mar 26 23:06:01.788: %SYS-6-LOGOUT: User SI_NAM_52343_P_011 has exited tty session 1(10.14.9.251)
*Mar 26 23:06:02.430: %SEC_LOGIN-5-LOGIN_SUCCESS: Login Success [user: SI_NAM_52343_P_011] [Source: 10.14.9.251] [localport: 22] at 23:06:02 UTC Sun Mar 26 2023
*Mar 26 23:06:03.719: %SEC_LOGIN-5-LOGIN_SUCCESS: Login Success [user: SI_NAM_52343_P_011] [Source: 10.14.9.251] [localport: 22] at 23:06:03 UTC Sun Mar 26 2023
*Mar 26 23:06:04.703: %SEC_LOGIN-5-LOGIN_SUCCESS: Login Success [user: SI_NAM_52343_P_011] [Source: 10.14.9.251] [localport: 22] at 23:06:04 UTC Sun Mar 26 2023
*Mar 26 23:06:05.741: %SEC_LOGIN-5-LOGIN_SUCCESS: Login Success [user: SI_NAM_52343_P_011] [Source: 10.14.9.251] [localport: 22] at 23:06:05 UTC Sun Mar 26 2023
*Mar 26 23:06:06.735: %SEC_LOGIN-5-LOGIN_SUCCESS: Login Success [user: SI_NAM_52343_P_011] [Source: 10.14.9.251] [localport: 22] at 23:06:06 UTC Sun Mar 26 2023
*Mar 26 23:06:07.747: %SEC_LOGIN-5-LOGIN_SUCCESS: Login Success [user: SI_NAM_52343_P_011] [Source: 10.14.9.251] [localport: 22] at 23:06:07 UTC Sun Mar 26 2023
*Mar 26 23:06:08.669: %SEC_LOGIN-5-LOGIN_SUCCESS: Login Success [user: SI_NAM_52343_P_011] [Source: 10.14.9.251] [localport: 22] at 23:06:08 UTC Sun Mar 26 2023
*Mar 27 02:32:21.885: %SEC_LOGIN-5-LOGIN_SUCCESS: Login Success [user: si_nam_52343_p_004] [Source: 130.172.129.13] [localport: 22] at 02:32:21 UTC Mon Mar 27 2023
*Mar 27 02:34:35.751: %SYS-6-LOGOUT: User si_nam_52343_p_004 has exited tty session 1(130.172.129.13)
*Mar 27 09:58:06.956: %SEC_LOGIN-5-LOGIN_SUCCESS: Login Success [user: si_nam_52343_p_004] [Source: 130.172.129.13] [localport: 22] at 09:58:06 UTC Mon Mar 27 2023
*Mar 27 09:58:08.028: %SYS-6-LOGOUT: User si_nam_52343_p_004 has exited tty session 1(130.172.129.13)
*Mar 27 10:00:04.809: %SEC_LOGIN-5-LOGIN_SUCCESS: Login Success [user: si_nam_52343_p_004] [Source: 130.172.129.13] [localport: 22] at 10:00:04 UTC Mon Mar 27 2023
*Mar 27 10:00:06.009: %SYS-6-LOGOUT: User si_nam_52343_p_004 has exited tty session 1(130.172.129.13)
*Mar 27 10:03:12.217: %SEC_LOGIN-5-LOGIN_SUCCESS: Login Success [user: si_nam_52343_p_004] [Source: 130.172.129.13] [localport: 22] at 10:03:12 UTC Mon Mar 27 2023
*Mar 27 10:03:13.213: %SYS-6-LOGOUT: User si_nam_52343_p_004 has exited tty session 1(130.172.129.13)
*Mar 27 12:55:53.369: %SEC_LOGIN-5-LOGIN_SUCCESS: Login Success [user: si_nam_52343_p_004] [Source: 130.172.129.13] [localport: 22] at 12:55:53 UTC Mon Mar 27 2023
*Mar 27 12:55:56.009: %SYS-6-LOGOUT: User si_nam_52343_p_004 has exited tty session 1(130.172.129.13)
*Mar 27 13:41:18.102: %SEC_LOGIN-5-LOGIN_SUCCESS: Login Success [user: si_nam_52343_p_004] [Source: 130.172.129.13] [localport: 22] at 13:41:18 UTC Mon Mar 27 2023
*Mar 27 13:41:19.495: %SYS-6-LOGOUT: User si_nam_52343_p_004 has exited tty session 1(130.172.129.13)
*Mar 27 14:33:55.840: %SEC_LOGIN-5-LOGIN_SUCCESS: Login Success [user: si_nam_52343_p_004] [Source: 130.172.129.13] [localport: 22] at 14:33:55 UTC Mon Mar 27 2023
*Mar 27 14:36:21.830: %SYS-6-LOGOUT: User si_nam_52343_p_004 has exited tty session 1(130.172.129.13)
*Mar 28 02:53:02.516: %SEC_LOGIN-5-LOGIN_SUCCESS: Login Success [user: si_nam_52343_p_004] [Source: 130.172.129.13] [localport: 22] at 02:53:02 UTC Tue Mar 28 2023
*Mar 28 02:56:20.451: %SYS-6-LOGOUT: User si_nam_52343_p_004 has exited tty session 1(130.172.129.13)
*Mar 28 04:09:12.067: %SEC_LOGIN-5-LOGIN_SUCCESS: Login Success [user: si_nam_52343_p_004] [Source: 130.172.129.13] [localport: 22] at 04:09:12 UTC Tue Mar 28 2023
*Mar 28 04:09:22.019: %SYS-6-LOGOUT: User si_nam_52343_p_004 has exited tty session 1(130.172.129.13)
*Mar 28 09:59:23.380: %SEC_LOGIN-5-LOGIN_SUCCESS: Login Success [user: si_nam_52343_p_004] [Source: 130.172.129.13] [localport: 22] at 09:59:23 UTC Tue Mar 28 2023
*Mar 28 09:59:24.366: %SYS-6-LOGOUT: User si_nam_52343_p_004 has exited tty session 1(130.172.129.13)
*Mar 28 13:41:38.781: %SEC_LOGIN-5-LOGIN_SUCCESS: Login Success [user: si_nam_52343_p_004] [Source: 130.172.129.13] [localport: 22] at 13:41:38 UTC Tue Mar 28 2023
*Mar 28 13:41:40.124: %SYS-6-LOGOUT: User si_nam_52343_p_004 has exited tty session 1(130.172.129.13)
*Mar 28 13:46:45.714: %SEC_LOGIN-5-LOGIN_SUCCESS: Login Success [user: si_nam_52343_p_004] [Source: 130.172.129.13] [localport: 22] at 13:46:45 UTC Tue Mar 28 2023
*Mar 28 13:46:46.736: %SYS-6-LOGOUT: User si_nam_52343_p_004 has exited tty session 1(130.172.129.13)
*Mar 28 15:09:14.487: %SEC_LOGIN-5-LOGIN_SUCCESS: Login Success [user: si_nam_52343_p_004] [Source: 130.172.129.13] [localport: 22] at 15:09:14 UTC Tue Mar 28 2023
*Mar 28 15:10:16.633: %SYS-6-LOGOUT: User si_nam_52343_p_004 has exited tty session 1(130.172.129.13)
*Mar 28 20:48:05.522: %PLATFORM_THERMAL-4-SECONDARY_OVERTEMP: Switch 2: Temperature is above normal (yellow) limit. 
*Mar 28 23:05:21.509: %SEC_LOGIN-5-LOGIN_SUCCESS: Login Success [user: SI_NAM_52343_P_011] [Source: 10.14.9.251] [localport: 22] at 23:05:21 UTC Tue Mar 28 2023
*Mar 28 23:05:21.800: %SYS-6-LOGOUT: User SI_NAM_52343_P_011 has exited tty session 1(10.14.9.251)
*Mar 28 23:05:22.432: %SEC_LOGIN-5-LOGIN_SUCCESS: Login Success [user: SI_NAM_52343_P_011] [Source: 10.14.9.251] [localport: 22] at 23:05:22 UTC Tue Mar 28 2023
*Mar 28 23:05:23.726: %SEC_LOGIN-5-LOGIN_SUCCESS: Login Success [user: SI_NAM_52343_P_011] [Source: 10.14.9.251] [localport: 22] at 23:05:23 UTC Tue Mar 28 2023
*Mar 28 23:05:25.011: %SEC_LOGIN-5-LOGIN_SUCCESS: Login Success [user: SI_NAM_52343_P_011] [Source: 10.14.9.251] [localport: 22] at 23:05:25 UTC Tue Mar 28 2023
*Mar 28 23:05:27.331: %SEC_LOGIN-5-LOGIN_SUCCESS: Login Success [user: SI_NAM_52343_P_011] [Source: 10.14.9.251] [localport: 22] at 23:05:27 UTC Tue Mar 28 2023
*Mar 28 23:05:28.337: %SEC_LOGIN-5-LOGIN_SUCCESS: Login Success [user: SI_NAM_52343_P_011] [Source: 10.14.9.251] [localport: 22] at 23:05:28 UTC Tue Mar 28 2023
*Mar 28 23:05:29.325: %SEC_LOGIN-5-LOGIN_SUCCESS: Login Success [user: SI_NAM_52343_P_011] [Source: 10.14.9.251] [localport: 22] at 23:05:29 UTC Tue Mar 28 2023
*Mar 28 23:05:30.925: %SEC_LOGIN-5-LOGIN_SUCCESS: Login Success [user: SI_NAM_52343_P_011] [Source: 10.14.9.251] [localport: 22] at 23:05:30 UTC Tue Mar 28 2023
*Mar 29 03:28:09.173: %SEC_LOGIN-5-LOGIN_SUCCESS: Login Success [user: si_nam_52343_p_004] [Source: 130.172.129.13] [localport: 22] at 03:28:09 UTC Wed Mar 29 2023
*Mar 29 03:30:14.833: %SYS-6-LOGOUT: User si_nam_52343_p_004 has exited tty session 1(130.172.129.13)
*Mar 29 09:58:05.336: %SEC_LOGIN-5-LOGIN_SUCCESS: Login Success [user: si_nam_52343_p_004] [Source: 130.172.129.13] [localport: 22] at 09:58:05 UTC Wed Mar 29 2023
*Mar 29 09:58:06.487: %SYS-6-LOGOUT: User si_nam_52343_p_004 has exited tty session 1(130.172.129.13)
*Mar 29 13:41:24.463: %SEC_LOGIN-5-LOGIN_SUCCESS: Login Success [user: si_nam_52343_p_004] [Source: 130.172.129.13] [localport: 22] at 13:41:24 UTC Wed Mar 29 2023
*Mar 29 13:41:26.068: %SYS-6-LOGOUT: User si_nam_52343_p_004 has exited tty session 1(130.172.129.13)
*Mar 29 14:31:06.863: %SEC_LOGIN-5-LOGIN_SUCCESS: Login Success [user: si_nam_52343_p_004] [Source: 130.172.129.13] [localport: 22] at 14:31:06 UTC Wed Mar 29 2023
*Mar 29 14:32:42.063: %SYS-6-LOGOUT: User si_nam_52343_p_004 has exited tty session 1(130.172.129.13)
*Mar 30 02:36:18.165: %SEC_LOGIN-5-LOGIN_SUCCESS: Login Success [user: si_nam_52343_p_004] [Source: 130.172.129.13] [localport: 22] at 02:36:18 UTC Thu Mar 30 2023
*Mar 30 02:38:29.947: %SYS-6-LOGOUT: User si_nam_52343_p_004 has exited tty session 1(130.172.129.13)
*Mar 30 04:14:46.299: %SEC_LOGIN-5-LOGIN_SUCCESS: Login Success [user: as_lzz26f] [Source: 148.93.114.122] [localport: 22] at 04:14:46 UTC Thu Mar 30 2023
*Mar 30 04:14:46.616: %SYS-6-LOGOUT: User as_lzz26f has exited tty session 1(148.93.114.122)
*Mar 30 04:14:47.432: %SEC_LOGIN-5-LOGIN_SUCCESS: Login Success [user: as_lzz26f] [Source: 148.93.114.122] [localport: 22] at 04:14:47 UTC Thu Mar 30 2023
*Mar 30 09:58:28.431: %SEC_LOGIN-5-LOGIN_SUCCESS: Login Success [user: si_nam_52343_p_004] [Source: 130.172.129.13] [localport: 22] at 09:58:28 UTC Thu Mar 30 2023
*Mar 30 09:58:34.422: %SYS-6-LOGOUT: User si_nam_52343_p_004 has exited tty session 1(130.172.129.13)
*Mar 30 13:41:20.036: %SEC_LOGIN-5-LOGIN_SUCCESS: Login Success [user: si_nam_52343_p_004] [Source: 130.172.129.13] [localport: 22] at 13:41:20 UTC Thu Mar 30 2023
*Mar 30 13:41:21.621: %SYS-6-LOGOUT: User si_nam_52343_p_004 has exited tty session 1(130.172.129.13)
*Mar 30 14:30:12.425: %SEC_LOGIN-5-LOGIN_SUCCESS: Login Success [user: si_nam_52343_p_004] [Source: 130.172.129.13] [localport: 22] at 14:30:12 UTC Thu Mar 30 2023
*Mar 30 14:31:36.325: %SYS-6-LOGOUT: User si_nam_52343_p_004 has exited tty session 1(130.172.129.13)
*Mar 30 15:48:16.832: %SEC_LOGIN-5-LOGIN_SUCCESS: Login Success [user: as_cz507f] [Source: 130.172.119.194] [localport: 22] at 15:48:16 UTC Thu Mar 30 2023
*Mar 30 15:53:38.540: %SYS-6-LOGOUT: User as_cz507f has exited tty session 1(130.172.119.194)
*Mar 30 16:45:42.764: %SEC_LOGIN-5-LOGIN_SUCCESS: Login Success [user: as_cz507f] [Source: 130.172.119.194] [localport: 22] at 16:45:42 UTC Thu Mar 30 2023
*Mar 30 16:45:49.433: %SYS-6-LOGOUT: User as_cz507f has exited tty session 1(130.172.119.194)
*Mar 30 18:19:28.812: %SEC_LOGIN-5-LOGIN_SUCCESS: Login Success [user: as_cz507f] [Source: 130.172.119.194] [localport: 22] at 18:19:28 UTC Thu Mar 30 2023
*Mar 30 18:49:48.775: %SYS-6-LOGOUT: User as_cz507f has exited tty session 1(130.172.119.194)
*Mar 30 19:02:51.416: %SEC_LOGIN-5-LOGIN_SUCCESS: Login Success [user: as_cz507f] [Source: 130.172.119.194] [localport: 22] at 19:02:51 UTC Thu Mar 30 2023
*Mar 30 19:03:17.748: %SYS-6-LOGOUT: User as_cz507f has exited tty session 1(130.172.119.194)
*Mar 30 23:05:20.719: %SEC_LOGIN-5-LOGIN_SUCCESS: Login Success [user: SI_NAM_52343_P_011] [Source: 10.14.9.251] [localport: 22] at 23:05:20 UTC Thu Mar 30 2023
*Mar 30 23:05:21.022: %SYS-6-LOGOUT: User SI_NAM_52343_P_011 has exited tty session 1(10.14.9.251)
*Mar 30 23:05:21.676: %SEC_LOGIN-5-LOGIN_SUCCESS: Login Success [user: SI_NAM_52343_P_011] [Source: 10.14.9.251] [localport: 22] at 23:05:21 UTC Thu Mar 30 2023
*Mar 30 23:05:22.944: %SEC_LOGIN-5-LOGIN_SUCCESS: Login Success [user: SI_NAM_52343_P_011] [Source: 10.14.9.251] [localport: 22] at 23:05:22 UTC Thu Mar 30 2023
*Mar 30 23:05:23.913: %SEC_LOGIN-5-LOGIN_SUCCESS: Login Success [user: SI_NAM_52343_P_011] [Source: 10.14.9.251] [localport: 22] at 23:05:23 UTC Thu Mar 30 2023
*Mar 30 23:05:25.057: %SEC_LOGIN-5-LOGIN_SUCCESS: Login Success [user: SI_NAM_52343_P_011] [Source: 10.14.9.251] [localport: 22] at 23:05:25 UTC Thu Mar 30 2023
*Mar 30 23:05:26.065: %SEC_LOGIN-5-LOGIN_SUCCESS: Login Success [user: SI_NAM_52343_P_011] [Source: 10.14.9.251] [localport: 22] at 23:05:26 UTC Thu Mar 30 2023
*Mar 30 23:05:27.055: %SEC_LOGIN-5-LOGIN_SUCCESS: Login Success [user: SI_NAM_52343_P_011] [Source: 10.14.9.251] [localport: 22] at 23:05:27 UTC Thu Mar 30 2023
*Mar 30 23:05:28.043: %SEC_LOGIN-5-LOGIN_SUCCESS: Login Success [user: SI_NAM_52343_P_011] [Source: 10.14.9.251] [localport: 22] at 23:05:28 UTC Thu Mar 30 2023
*Mar 31 02:50:31.683: %SEC_LOGIN-5-LOGIN_SUCCESS: Login Success [user: si_nam_52343_p_004] [Source: 130.172.129.13] [localport: 22] at 02:50:31 UTC Fri Mar 31 2023
*Mar 31 02:53:19.043: %SYS-6-LOGOUT: User si_nam_52343_p_004 has exited tty session 1(130.172.129.13)
*Mar 31 04:06:20.738: %SEC_LOGIN-5-LOGIN_SUCCESS: Login Success [user: si_nam_52343_p_004] [Source: 130.172.129.13] [localport: 22] at 04:06:20 UTC Fri Mar 31 2023
*Mar 31 04:06:30.813: %SYS-6-LOGOUT: User si_nam_52343_p_004 has exited tty session 1(130.172.129.13)
*Mar 31 09:58:07.891: %SEC_LOGIN-5-LOGIN_SUCCESS: Login Success [user: si_nam_52343_p_004] [Source: 130.172.129.13] [localport: 22] at 09:58:07 UTC Fri Mar 31 2023
*Mar 31 09:58:09.575: %SYS-6-LOGOUT: User si_nam_52343_p_004 has exited tty session 1(130.172.129.13)
*Mar 31 13:41:16.704: %SEC_LOGIN-5-LOGIN_SUCCESS: Login Success [user: si_nam_52343_p_004] [Source: 130.172.129.13] [localport: 22] at 13:41:16 UTC Fri Mar 31 2023
*Mar 31 13:41:18.093: %SYS-6-LOGOUT: User si_nam_52343_p_004 has exited tty session 1(130.172.129.13)
*Mar 31 15:06:23.836: %SEC_LOGIN-5-LOGIN_SUCCESS: Login Success [user: si_nam_52343_p_004] [Source: 130.172.129.13] [localport: 22] at 15:06:23 UTC Fri Mar 31 2023
*Mar 31 15:07:18.707: %SYS-6-LOGOUT: User si_nam_52343_p_004 has exited tty session 1(130.172.129.13)
*Apr  1 02:28:56.013: %SEC_LOGIN-5-LOGIN_SUCCESS: Login Success [user: si_nam_52343_p_004] [Source: 130.172.129.13] [localport: 22] at 02:28:56 UTC Sat Apr 1 2023
*Apr  1 02:30:41.708: %SYS-6-LOGOUT: User si_nam_52343_p_004 has exited tty session 1(130.172.129.13)
*Apr  1 03:02:29.798: %SEC_LOGIN-5-LOGIN_SUCCESS: Login Success [user: SI_NAM_52343_P_012] [Source: 148.93.49.26] [localport: 22] at 03:02:29 UTC Sat Apr 1 2023
*Apr  1 03:02:40.756: %SYS-6-LOGOUT: User SI_NAM_52343_P_012 has exited tty session 1(148.93.49.26)
*Apr  1 04:58:00.949: %SEC_LOGIN-5-LOGIN_SUCCESS: Login Success [user: SI_NAM_52343_P_012] [Source: 148.93.49.26] [localport: 22] at 04:58:00 UTC Sat Apr 1 2023
*Apr  1 05:15:39.707: %SYS-6-LOGOUT: User SI_NAM_52343_P_012 has exited tty session 1(148.93.49.26)
*Apr  1 09:58:08.424: %SEC_LOGIN-5-LOGIN_SUCCESS: Login Success [user: si_nam_52343_p_004] [Source: 130.172.129.13] [localport: 22] at 09:58:08 UTC Sat Apr 1 2023
*Apr  1 09:58:09.409: %SYS-6-LOGOUT: User si_nam_52343_p_004 has exited tty session 1(130.172.129.13)
*Apr  1 14:31:23.366: %SEC_LOGIN-5-LOGIN_SUCCESS: Login Success [user: si_nam_52343_p_004] [Source: 130.172.129.13] [localport: 22] at 14:31:23 UTC Sat Apr 1 2023
*Apr  1 14:33:45.937: %SYS-6-LOGOUT: User si_nam_52343_p_004 has exited tty session 1(130.172.129.13)
*Apr  2 02:26:30.301: %SEC_LOGIN-5-LOGIN_SUCCESS: Login Success [user: si_nam_52343_p_004] [Source: 130.172.129.13] [localport: 22] at 02:26:30 UTC Sun Apr 2 2023
*Apr  2 02:27:46.467: %SYS-6-LOGOUT: User si_nam_52343_p_004 has exited tty session 1(130.172.129.13)
*Apr  2 09:57:15.404: %SEC_LOGIN-5-LOGIN_SUCCESS: Login Success [user: si_nam_52343_p_004] [Source: 130.172.129.13] [localport: 22] at 09:57:15 UTC Sun Apr 2 2023
*Apr  2 09:57:16.504: %SYS-6-LOGOUT: User si_nam_52343_p_004 has exited tty session 1(130.172.129.13)
*Apr  2 12:06:39.934: %SEC_LOGIN-5-LOGIN_SUCCESS: Login Success [user: as_cz507f] [Source: 148.93.114.53] [localport: 22] at 12:06:39 UTC Sun Apr 2 2023
fwaac-spare2-C9300-48UXM#!

fwaac-spare2-C9300-48UXM#show running-config
Building configuration...

Current configuration : 28157 bytes
!
! Last configuration change at 20:26:54 UTC Fri Nov 18 2022 by as_jztcg6
!
version 16.12
no service pad
service timestamps debug datetime msec localtime
service timestamps log datetime msec localtime
service password-encryption
service call-home
platform punt-keepalive disable-kernel-core
!
hostname fwaac-spare2-C9300-48UXM
!
!
vrf definition Mgmt-vrf
 !
 address-family ipv4
 exit-address-family
 !
 address-family ipv6
 exit-address-family
!
logging discriminator FILTER facility drops DOT1X|MAB|SESSION_MGR 
logging buffered discriminator FILTER 40960 informational
logging persistent url flash:/syslog size 5120000 filesize 500000 immediate
logging console informational
logging monitor informational
enable secret 9 $9$.WdJnHuGz02oNU$Jvw982a0zYCNbJJMbMCvsdLHw93PY9UTlPiPI1lYnlo
enable password 7 062122705F4B0A0B0003
!
aaa new-model
!
!
aaa group server tacacs+ gm-tacacs
 server name DCW-1
 server name DCM-1
 server name DCW-2
 server name DCM-2
 ip vrf forwarding Mgmt-vrf
 ip tacacs source-interface GigabitEthernet0/0
!
aaa authentication login default group gm-tacacs local
aaa authentication enable default group gm-tacacs enable
aaa authorization console
aaa authorization config-commands
aaa authorization exec default group gm-tacacs local 
aaa authorization commands 1 default group gm-tacacs none 
aaa authorization commands 15 default group gm-tacacs none 
aaa accounting send stop-record authentication failure
aaa accounting exec default stop-only group gm-tacacs
aaa accounting commands 15 default stop-only group gm-tacacs
!
!
!
!
!
!
aaa session-id common
process cpu threshold type total rising 60 interval 120 falling 30 interval 120
boot system switch all flash:packages.conf
clock summer-time UTC recurring
switch 2 provision c9300-48uxm
!
!
!
!
call-home
 ! If contact email address in call-home is configured as sch-smart-licensing@cisco.com
 ! the email address configured in Cisco Smart License Portal will be used as contact email address to send SCH notifications.
 contact-email-addr sch-smart-licensing@cisco.com
 profile "CiscoTAC-1"
  no reporting smart-licensing-data
  destination transport-method http
  no destination transport-method email
 profile "Manufacturing-LAN"
  reporting smart-licensing-data
  destination transport-method http
  no destination transport-method email
  destination address http http://130.172.129.7:8080/Transportgateway/services/DeviceRequestHandler 
  destination address http http://148.93.49.7:8080/Transportgateway/services/DeviceRequestHandler 
ip routing
!
!
!
!
!
no ip domain lookup
ip domain name fwa.nam.gm.com
!
!
!
login on-success log
!
!
!
!
!
!
!
vtp domain fwaac
vtp mode transparent
udld aggressive

no device-tracking logging theft
!
crypto pki trustpoint SLA-TrustPoint
 enrollment terminal
 revocation-check crl
!
crypto pki trustpoint TP-self-signed-1053181218
 enrollment selfsigned
 subject-name cn=IOS-Self-Signed-Certificate-1053181218
 revocation-check none
 rsakeypair TP-self-signed-1053181218
!
!
crypto pki certificate chain SLA-TrustPoint
 certificate ca 01
  30820321 30820209 A0030201 02020101 300D0609 2A864886 F70D0101 0B050030 
  32310E30 0C060355 040A1305 43697363 6F312030 1E060355 04031317 43697363 
  6F204C69 63656E73 696E6720 526F6F74 20434130 1E170D31 33303533 30313934 
  3834375A 170D3338 30353330 31393438 34375A30 32310E30 0C060355 040A1305 
  43697363 6F312030 1E060355 04031317 43697363 6F204C69 63656E73 696E6720 
  526F6F74 20434130 82012230 0D06092A 864886F7 0D010101 05000382 010F0030 
  82010A02 82010100 A6BCBD96 131E05F7 145EA72C 2CD686E6 17222EA1 F1EFF64D 
  CBB4C798 212AA147 C655D8D7 9471380D 8711441E 1AAF071A 9CAE6388 8A38E520 
  1C394D78 462EF239 C659F715 B98C0A59 5BBB5CBD 0CFEBEA3 700A8BF7 D8F256EE 
  4AA4E80D DB6FD1C9 60B1FD18 FFC69C96 6FA68957 A2617DE7 104FDC5F EA2956AC 
  7390A3EB 2B5436AD C847A2C5 DAB553EB 69A9A535 58E9F3E3 C0BD23CF 58BD7188 
  68E69491 20F320E7 948E71D7 AE3BCC84 F10684C7 4BC8E00F 539BA42B 42C68BB7 
  C7479096 B4CB2D62 EA2F505D C7B062A4 6811D95B E8250FC4 5D5D5FB8 8F27D191 
  C55F0D76 61F9A4CD 3D992327 A8BB03BD 4E6D7069 7CBADF8B DF5F4368 95135E44 
  DFC7C6CF 04DD7FD1 02030100 01A34230 40300E06 03551D0F 0101FF04 04030201 
  06300F06 03551D13 0101FF04 05300301 01FF301D 0603551D 0E041604 1449DC85 
  4B3D31E5 1B3E6A17 606AF333 3D3B4C73 E8300D06 092A8648 86F70D01 010B0500 
  03820101 00507F24 D3932A66 86025D9F E838AE5C 6D4DF6B0 49631C78 240DA905 
  604EDCDE FF4FED2B 77FC460E CD636FDB DD44681E 3A5673AB 9093D3B1 6C9E3D8B 
  D98987BF E40CBD9E 1AECA0C2 2189BB5C 8FA85686 CD98B646 5575B146 8DFC66A8 
  467A3DF4 4D565700 6ADF0F0D CF835015 3C04FF7C 21E878AC 11BA9CD2 55A9232C 
  7CA7B7E6 C1AF74F6 152E99B7 B1FCF9BB E973DE7F 5BDDEB86 C71E3B49 1765308B 
  5FB0DA06 B92AFE7F 494E8A9E 07B85737 F3A58BE1 1A48A229 C37C1E69 39F08678 
  80DDCD16 D6BACECA EEBC7CF9 8428787B 35202CDC 60E4616A B623CDBD 230E3AFB 
  418616A9 4093E049 4D10AB75 27E86F73 932E35B5 8862FDAE 0275156F 719BB2F0 
  D697DF7F 28
  	quit
crypto pki certificate chain TP-self-signed-1053181218
!
!
system mtu 9100
license boot level network-advantage addon dna-advantage
!
!
diagnostic bootup level minimal
!
spanning-tree mode rapid-pvst
spanning-tree loopguard default
spanning-tree portfast bpduguard default
spanning-tree extend system-id
archive
 path flash:backup
 maximum 7
 time-period 1440
memory free low-watermark processor 134344
!
errdisable recovery cause udld
errdisable recovery cause bpduguard
errdisable recovery cause security-violation
errdisable recovery cause channel-misconfig
errdisable recovery cause pagp-flap
errdisable recovery cause dtp-flap
errdisable recovery cause link-flap
errdisable recovery cause sfp-config-mismatch
errdisable recovery cause gbic-invalid
errdisable recovery cause l2ptguard
errdisable recovery cause psecure-violation
errdisable recovery cause port-mode-failure
errdisable recovery cause dhcp-rate-limit
errdisable recovery cause pppoe-ia-rate-limit
errdisable recovery cause mac-limit
errdisable recovery cause storm-control
errdisable recovery cause inline-power
errdisable recovery cause arp-inspection
errdisable recovery cause link-monitor-failure
errdisable recovery cause oam-remote-failure
errdisable recovery cause loopback
errdisable recovery cause psp
errdisable recovery cause mrp-miscabling
errdisable recovery interval 1200
username localadmin privilege 15 secret 9 $9$O11v1VY7xoHSYU$EPsupoyc2Um4Wu3dDZrZCdFomAHW526WbTsf3UoEptU
!
redundancy
 mode sso
!
!
!
!
!
transceiver type all
 monitoring
!
vlan 800
 name PFCN_L2_Mgmt
!
vlan 999
 name unused_ports
lldp run
!
!
class-map match-any system-cpp-police-ewlc-control
  description EWLC Control 
class-map match-any system-cpp-police-topology-control
  description Topology control
class-map match-any system-cpp-police-sw-forward
  description Sw forwarding, L2 LVX data packets, LOGGING, Transit Traffic
class-map match-any system-cpp-default
  description EWLC Data, Inter FED Traffic 
class-map match-any system-cpp-police-sys-data
  description Openflow, Exception, EGR Exception, NFL Sampled Data, RPF Failed
class-map match-any system-cpp-police-punt-webauth
  description Punt Webauth
class-map match-any system-cpp-police-l2lvx-control
  description L2 LVX control packets
class-map match-any system-cpp-police-forus
  description Forus Address resolution and Forus traffic
class-map match-any system-cpp-police-multicast-end-station
  description MCAST END STATION
class-map match-any system-cpp-police-high-rate-app
  description High Rate Applications 
class-map match-any system-cpp-police-multicast
  description MCAST Data
class-map match-any system-cpp-police-l2-control
  description L2 control
class-map match-any system-cpp-police-dot1x-auth
  description DOT1X Auth
class-map match-any system-cpp-police-data
  description ICMP redirect, ICMP_GEN and BROADCAST
class-map match-any system-cpp-police-stackwise-virt-control
  description Stackwise Virtual OOB
class-map match-any non-client-nrt-class
class-map match-any system-cpp-police-routing-control
  description Routing control and Low Latency
class-map match-any system-cpp-police-protocol-snooping
  description Protocol snooping
class-map match-any system-cpp-police-dhcp-snooping
  description DHCP snooping
class-map match-any system-cpp-police-ios-routing
  description L2 control, Topology control, Routing control, Low Latency
class-map match-any system-cpp-police-system-critical
  description System Critical and Gold Pkt
class-map match-any system-cpp-police-ios-feature
  description ICMPGEN,BROADCAST,ICMP,L2LVXCntrl,ProtoSnoop,PuntWebauth,MCASTData,Transit,DOT1XAuth,Swfwd,LOGGING,L2LVXData,ForusTraffic,ForusARP,McastEndStn,Openflow,Exception,EGRExcption,NflSampled,RpfFailed
!
policy-map system-cpp-policy
!
! 
!
!
!
!
!
!
!
!
!
interface GigabitEthernet0/0
 description link-to-fwaac-spare5-C9300-48UXM-Tw5/0/2
 vrf forwarding Mgmt-vrf
 ip address 10.51.1.253 255.255.254.0
 no ip redirects
 no ip unreachables
 no ip proxy-arp
 negotiation auto
 arp timeout 1500
!
interface TwoGigabitEthernet2/0/1
 description unused_port
 switchport mode access
 no logging event link-status
 power inline never
 no snmp trap link-status
 no mdix auto
 spanning-tree portfast
!
interface TwoGigabitEthernet2/0/2
 description unused_port
 switchport access vlan 999
 switchport mode access
 no logging event link-status
 shutdown
 power inline never
 no snmp trap link-status
 no mdix auto
 spanning-tree portfast
!
interface TwoGigabitEthernet2/0/3
 description unused_port
 switchport access vlan 999
 switchport mode access
 no logging event link-status
 shutdown
 power inline never
 no snmp trap link-status
 no mdix auto
 spanning-tree portfast
!
interface TwoGigabitEthernet2/0/4
 description unused_port
 switchport access vlan 999
 switchport mode access
 no logging event link-status
 shutdown
 power inline never
 no snmp trap link-status
 no mdix auto
 spanning-tree portfast
!
interface TwoGigabitEthernet2/0/5
 description unused_port
 switchport access vlan 999
 switchport mode access
 no logging event link-status
 shutdown
 power inline never
 no snmp trap link-status
 no mdix auto
 spanning-tree portfast
!
interface TwoGigabitEthernet2/0/6
 description unused_port
 switchport access vlan 999
 switchport mode access
 no logging event link-status
 shutdown
 power inline never
 no snmp trap link-status
 no mdix auto
 spanning-tree portfast
!
interface TwoGigabitEthernet2/0/7
 description unused_port
 switchport access vlan 999
 switchport mode access
 no logging event link-status
 shutdown
 power inline never
 no snmp trap link-status
 no mdix auto
 spanning-tree portfast
!
interface TwoGigabitEthernet2/0/8
 description unused_port
 switchport access vlan 999
 switchport mode access
 no logging event link-status
 shutdown
 power inline never
 no snmp trap link-status
 no mdix auto
 spanning-tree portfast
!
interface TwoGigabitEthernet2/0/9
 description unused_port
 switchport access vlan 999
 switchport mode access
 no logging event link-status
 shutdown
 power inline never
 no snmp trap link-status
 no mdix auto
 spanning-tree portfast
!
interface TwoGigabitEthernet2/0/10
 description unused_port
 switchport access vlan 999
 switchport mode access
 no logging event link-status
 shutdown
 power inline never
 no snmp trap link-status
 no mdix auto
 spanning-tree portfast
!
interface TwoGigabitEthernet2/0/11
 description unused_port
 switchport access vlan 999
 switchport mode access
 no logging event link-status
 shutdown
 power inline never
 no snmp trap link-status
 no mdix auto
 spanning-tree portfast
!
interface TwoGigabitEthernet2/0/12
 description unused_port
 switchport access vlan 999
 switchport mode access
 no logging event link-status
 shutdown
 power inline never
 no snmp trap link-status
 no mdix auto
 spanning-tree portfast
!
interface TwoGigabitEthernet2/0/13
 description unused_port
 switchport access vlan 999
 switchport mode access
 no logging event link-status
 shutdown
 power inline never
 no snmp trap link-status
 no mdix auto
 spanning-tree portfast
!
interface TwoGigabitEthernet2/0/14
 description unused_port
 switchport access vlan 999
 switchport mode access
 no logging event link-status
 shutdown
 power inline never
 no snmp trap link-status
 no mdix auto
 spanning-tree portfast
!
interface TwoGigabitEthernet2/0/15
 description unused_port
 switchport access vlan 999
 switchport mode access
 no logging event link-status
 shutdown
 power inline never
 no snmp trap link-status
 no mdix auto
 spanning-tree portfast
!
interface TwoGigabitEthernet2/0/16
 description unused_port
 switchport access vlan 999
 switchport mode access
 no logging event link-status
 shutdown
 power inline never
 no snmp trap link-status
 no mdix auto
 spanning-tree portfast
!
interface TwoGigabitEthernet2/0/17
 description unused_port
 switchport access vlan 999
 switchport mode access
 no logging event link-status
 shutdown
 power inline never
 no snmp trap link-status
 no mdix auto
 spanning-tree portfast
!
interface TwoGigabitEthernet2/0/18
 description unused_port
 switchport access vlan 999
 switchport mode access
 no logging event link-status
 shutdown
 power inline never
 no snmp trap link-status
 no mdix auto
 spanning-tree portfast
!
interface TwoGigabitEthernet2/0/19
 description unused_port
 switchport access vlan 999
 switchport mode access
 no logging event link-status
 shutdown
 power inline never
 no snmp trap link-status
 no mdix auto
 spanning-tree portfast
!
interface TwoGigabitEthernet2/0/20
 description unused_port
 switchport access vlan 999
 switchport mode access
 no logging event link-status
 shutdown
 power inline never
 no snmp trap link-status
 no mdix auto
 spanning-tree portfast
!
interface TwoGigabitEthernet2/0/21
 description unused_port
 switchport access vlan 999
 switchport mode access
 no logging event link-status
 shutdown
 power inline never
 no snmp trap link-status
 no mdix auto
 spanning-tree portfast
!
interface TwoGigabitEthernet2/0/22
 description unused_port
 switchport access vlan 999
 switchport mode access
 no logging event link-status
 shutdown
 power inline never
 no snmp trap link-status
 no mdix auto
 spanning-tree portfast
!
interface TwoGigabitEthernet2/0/23
 description unused_port
 switchport access vlan 999
 switchport mode access
 no logging event link-status
 shutdown
 power inline never
 no snmp trap link-status
 no mdix auto
 spanning-tree portfast
!
interface TwoGigabitEthernet2/0/24
 description unused_port
 switchport access vlan 999
 switchport mode access
 no logging event link-status
 shutdown
 power inline never
 no snmp trap link-status
 no mdix auto
 spanning-tree portfast
!
interface TwoGigabitEthernet2/0/25
 description unused_port
 switchport access vlan 999
 switchport mode access
 no logging event link-status
 shutdown
 power inline never
 no snmp trap link-status
 no mdix auto
 spanning-tree portfast
!
interface TwoGigabitEthernet2/0/26
 description unused_port
 switchport access vlan 999
 switchport mode access
 no logging event link-status
 shutdown
 power inline never
 no snmp trap link-status
 no mdix auto
 spanning-tree portfast
!
interface TwoGigabitEthernet2/0/27
 description unused_port
 switchport access vlan 999
 switchport mode access
 no logging event link-status
 shutdown
 power inline never
 no snmp trap link-status
 no mdix auto
 spanning-tree portfast
!
interface TwoGigabitEthernet2/0/28
 description unused_port
 switchport access vlan 999
 switchport mode access
 no logging event link-status
 shutdown
 power inline never
 no snmp trap link-status
 no mdix auto
 spanning-tree portfast
!
interface TwoGigabitEthernet2/0/29
 description unused_port
 switchport access vlan 999
 switchport mode access
 no logging event link-status
 shutdown
 power inline never
 no snmp trap link-status
 no mdix auto
 spanning-tree portfast
!
interface TwoGigabitEthernet2/0/30
 description unused_port
 switchport access vlan 999
 switchport mode access
 no logging event link-status
 shutdown
 power inline never
 no snmp trap link-status
 no mdix auto
 spanning-tree portfast
!
interface TwoGigabitEthernet2/0/31
 description unused_port
 switchport access vlan 999
 switchport mode access
 no logging event link-status
 shutdown
 power inline never
 no snmp trap link-status
 no mdix auto
 spanning-tree portfast
!
interface TwoGigabitEthernet2/0/32
 description unused_port
 switchport access vlan 999
 switchport mode access
 no logging event link-status
 shutdown
 power inline never
 no snmp trap link-status
 no mdix auto
 spanning-tree portfast
!
interface TwoGigabitEthernet2/0/33
 description unused_port
 switchport access vlan 999
 switchport mode access
 no logging event link-status
 shutdown
 power inline never
 no snmp trap link-status
 no mdix auto
 spanning-tree portfast
!
interface TwoGigabitEthernet2/0/34
 description unused_port
 switchport access vlan 999
 switchport mode access
 no logging event link-status
 shutdown
 power inline never
 no snmp trap link-status
 no mdix auto
 spanning-tree portfast
!
interface TwoGigabitEthernet2/0/35
 description unused_port
 switchport access vlan 999
 switchport mode access
 no logging event link-status
 shutdown
 power inline never
 no snmp trap link-status
 no mdix auto
 spanning-tree portfast
!
interface TwoGigabitEthernet2/0/36
 description unused_port
 switchport access vlan 999
 switchport mode access
 no logging event link-status
 shutdown
 power inline never
 no snmp trap link-status
 no mdix auto
 spanning-tree portfast
!
interface TenGigabitEthernet2/0/37
 description unused_port
 switchport access vlan 999
 switchport mode access
 no logging event link-status
 shutdown
 power inline never
 no snmp trap link-status
 no mdix auto
 spanning-tree portfast
!
interface TenGigabitEthernet2/0/38
 description unused_port
 switchport access vlan 999
 switchport mode access
 no logging event link-status
 shutdown
 power inline never
 no snmp trap link-status
 no mdix auto
 spanning-tree portfast
!
interface TenGigabitEthernet2/0/39
 description unused_port
 switchport access vlan 999
 switchport mode access
 no logging event link-status
 shutdown
 power inline never
 no snmp trap link-status
 no mdix auto
 spanning-tree portfast
!
interface TenGigabitEthernet2/0/40
 description unused_port
 switchport access vlan 999
 switchport mode access
 no logging event link-status
 shutdown
 power inline never
 no snmp trap link-status
 no mdix auto
 spanning-tree portfast
!
interface TenGigabitEthernet2/0/41
 description unused_port
 switchport access vlan 999
 switchport mode access
 no logging event link-status
 shutdown
 power inline never
 no snmp trap link-status
 no mdix auto
 spanning-tree portfast
!
interface TenGigabitEthernet2/0/42
 description unused_port
 switchport access vlan 999
 switchport mode access
 no logging event link-status
 shutdown
 power inline never
 no snmp trap link-status
 no mdix auto
 spanning-tree portfast
!
interface TenGigabitEthernet2/0/43
 description unused_port
 switchport access vlan 999
 switchport mode access
 no logging event link-status
 shutdown
 power inline never
 no snmp trap link-status
 no mdix auto
 spanning-tree portfast
!
interface TenGigabitEthernet2/0/44
 description unused_port
 switchport access vlan 999
 switchport mode access
 no logging event link-status
 shutdown
 power inline never
 no snmp trap link-status
 no mdix auto
 spanning-tree portfast
!
interface TenGigabitEthernet2/0/45
 description unused_port
 switchport access vlan 999
 switchport mode access
 no logging event link-status
 shutdown
 power inline never
 no snmp trap link-status
 no mdix auto
 spanning-tree portfast
!
interface TenGigabitEthernet2/0/46
 description unused_port
 switchport access vlan 999
 switchport mode access
 no logging event link-status
 shutdown
 power inline never
 no snmp trap link-status
 no mdix auto
 spanning-tree portfast
!
interface TenGigabitEthernet2/0/47
 description unused_port
 switchport access vlan 999
 switchport mode access
 no logging event link-status
 shutdown
 power inline never
 no snmp trap link-status
 no mdix auto
 spanning-tree portfast
!
interface TenGigabitEthernet2/0/48
 description unused_port
 switchport access vlan 999
 switchport mode access
 no logging event link-status
 shutdown
 power inline never
 no snmp trap link-status
 no mdix auto
 spanning-tree portfast
!
interface GigabitEthernet2/1/1
 description unused_port
 switchport access vlan 999
 switchport mode access
 no logging event link-status
 shutdown
 no snmp trap link-status
 spanning-tree portfast
!
interface GigabitEthernet2/1/2
 description unused_port
 switchport access vlan 999
 switchport mode access
 no logging event link-status
 shutdown
 no snmp trap link-status
 spanning-tree portfast
!
interface GigabitEthernet2/1/3
 description unused_port
 switchport access vlan 999
 switchport mode access
 no logging event link-status
 shutdown
 no snmp trap link-status
 spanning-tree portfast
!
interface GigabitEthernet2/1/4
 description unused_port
 switchport access vlan 999
 switchport mode access
 no logging event link-status
 shutdown
 no snmp trap link-status
 spanning-tree portfast
!
interface TenGigabitEthernet2/1/1
 description unused_port
 switchport access vlan 999
 switchport mode access
 no logging event link-status
 shutdown
 no snmp trap link-status
 spanning-tree portfast
!
interface TenGigabitEthernet2/1/2
 description unused_port
 switchport access vlan 999
 switchport mode access
 no logging event link-status
 shutdown
 no snmp trap link-status
 spanning-tree portfast
!
interface TenGigabitEthernet2/1/3
 description unused_port
 switchport access vlan 999
 switchport mode access
 no logging event link-status
 shutdown
 no snmp trap link-status
 spanning-tree portfast
!
interface TenGigabitEthernet2/1/4
 description unused_port
 switchport access vlan 999
 switchport mode access
 no logging event link-status
 shutdown
 no snmp trap link-status
 spanning-tree portfast
!
interface TenGigabitEthernet2/1/5
 description unused_port
 switchport access vlan 999
 switchport mode access
 no logging event link-status
 shutdown
 no snmp trap link-status
 spanning-tree portfast
!
interface TenGigabitEthernet2/1/6
 description unused_port
 switchport access vlan 999
 switchport mode access
 no logging event link-status
 shutdown
 no snmp trap link-status
 spanning-tree portfast
!
interface TenGigabitEthernet2/1/7
 description unused_port
 switchport access vlan 999
 switchport mode access
 no logging event link-status
 shutdown
 no snmp trap link-status
 spanning-tree portfast
!
interface TenGigabitEthernet2/1/8
 description unused_port
 switchport access vlan 999
 switchport mode access
 no logging event link-status
 shutdown
 no snmp trap link-status
 spanning-tree portfast
!
interface FortyGigabitEthernet2/1/1
 description unused_port
 switchport access vlan 999
 switchport mode access
 no logging event link-status
 shutdown
 no snmp trap link-status
 spanning-tree portfast
!
interface FortyGigabitEthernet2/1/2
 description unused_port
 switchport access vlan 999
 switchport mode access
 no logging event link-status
 shutdown
 no snmp trap link-status
 spanning-tree portfast
!
interface TwentyFiveGigE2/1/1
 description unused_port
 switchport access vlan 999
 switchport mode access
 no logging event link-status
 shutdown
 no snmp trap link-status
 spanning-tree portfast
!
interface TwentyFiveGigE2/1/2
 description unused_port
 switchport access vlan 999
 switchport mode access
 no logging event link-status
 shutdown
 no snmp trap link-status
 spanning-tree portfast
!
interface AppGigabitEthernet2/0/1
 description unused_port
 no logging event link-status
 shutdown
 no snmp trap link-status
!
interface Vlan1
 description Cat9K Spare 10.x L2 Template v01.10
 no ip address
 shutdown
!
no ip forward-protocol nd
no ip forward-protocol udp tftp
no ip forward-protocol udp nameserver
no ip forward-protocol udp domain
no ip forward-protocol udp time
no ip forward-protocol udp netbios-ns
no ip forward-protocol udp netbios-dgm
no ip forward-protocol udp tacacs
no ip http server
ip http authentication local
no ip http secure-server
ip http client source-interface GigabitEthernet0/0
ip ftp source-interface GigabitEthernet0/0
ip tftp source-interface GigabitEthernet0/0
ip route vrf Mgmt-vrf 0.0.0.0 0.0.0.0 10.51.0.1
ip tacacs source-interface GigabitEthernet0/0 
ip ssh source-interface GigabitEthernet0/0
ip ssh version 2
!
!
!
logging host 148.93.49.21 transport udp port 5012
logging host 130.172.129.8 transport udp port 5012
logging host 148.93.115.30 vrf Mgmt-vrf transport udp port 5500
logging host 130.172.83.30 vrf Mgmt-vrf transport udp port 5500
ip access-list standard 93
 60 permit 10.14.9.251
 10 remark version 1.0 
 10 remark GM monitor/manage center in Warren
 10 permit 148.93.114.0 0.0.0.255
 20 permit 148.93.49.0 0.0.0.255
 30 permit 148.93.144.0 0.0.1.255
 40 permit 148.93.146.0 0.0.1.255
 50 permit 148.93.148.0 0.0.1.255
 70 permit 148.93.50.0 0.0.0.255
 80 remark GM monitor/manage center in Milford
 80 permit 130.172.119.0 0.0.0.255
 90 permit 130.172.129.0 0.0.0.255
 100 permit 130.172.100.0 0.0.1.255
 110 permit 130.172.36.0 0.0.1.255
 120 permit 130.172.42.0 0.0.1.255
 130 remark GM monitor/manage center in Singapore
 130 permit 10.147.62.128 0.0.0.127
 140 permit 10.147.52.128 0.0.0.127
 150 remark Plant Cores
 150 permit 10.0.3.129 0.255.0.0
 160 permit 10.0.3.130 0.255.0.0
 170 permit 10.0.131.129 0.255.0.0
 180 permit 10.0.131.130 0.255.0.0
!
!
snmp-server group V3-RO v3 auth read V3ROVIEW 
snmp-server group V3-RW v3 auth write V3RWVIEW 
snmp-server view V3ROVIEW iso included
snmp-server view V3RWVIEW iso included
snmp-server trap-source GigabitEthernet0/0
snmp-server location NUSFWA | ROANOKE INDIANA | (SPARE2)12200 LAFAYETTE CENTER RD | 1 |  DATA CENTER | NS10 | GM-LAN-GRP | PLANT
snmp-server enable traps snmp authentication linkdown linkup coldstart warmstart
snmp-server enable traps envmon fan shutdown supply temperature status
snmp-server host 10.51.11.203 informs version 3 auth V3NetMgtRO 
snmp-server host 10.51.11.203 vrf Mgmt-vrf informs version 3 auth V3NetMgtRO 
snmp-server host 10.51.11.203 version 3 auth V3NetMgtRO 
snmp-server host 10.51.11.203 vrf Mgmt-vrf version 3 auth V3NetMgtRO 
tacacs-server directed-request
tacacs server DCW-1
 address ipv4 148.93.49.176
 key 7 141D1E003A54787F111A190F0E3B0020172A7C7F5F706E0B531B3B5872057F017B7B3B033F11756E0924013151093E592A65465D23001B1D5D08332E09001D12
tacacs server DCM-1
 address ipv4 130.172.129.176
 key 7 141D1E003A54787F111A190F0E3B0020172A7C7F5F706E0B531B3B5872057F017B7B3B033F11756E0924013151093E592A65465D23001B1D5D08332E09001D12
tacacs server DCM-2
 address ipv4 130.172.129.177
 key 7 141D1E003A54787F111A190F0E3B0020172A7C7F5F706E0B531B3B5872057F017B7B3B033F11756E0924013151093E592A65465D23001B1D5D08332E09001D12
tacacs server DCW-2
 address ipv4 148.93.49.177
 key 7 141D1E003A54787F111A190F0E3B0020172A7C7F5F706E0B531B3B5872057F017B7B3B033F11756E0924013151093E592A65465D23001B1D5D08332E09001D12
!
!
!
control-plane
 service-policy input system-cpp-policy
!
banner login ^CC
******************************************************************************
Use of this system is restricted to authorized users. User activity
is monitored and recorded. Anyone using this system expressly consents to such
monitoring and recording. BE ADVISED: if possible criminal activity or
unauthorized changes are detected, system records along with certain personal
information may be provided to management and/or appropriate authorities. 

Requires AS_Zid account
******************************************************************************
^C
!
line con 0
 exec-timeout 30 0
 password 7 014701095D1C070E2243400500
 stopbits 1
line vty 0 4
 access-class 93 in vrf-also
 exec-timeout 30 0
 password 7 124D021A141C0D0529242A242A
 transport input ssh
line vty 5 15
 access-class 93 in vrf-also
 exec-timeout 30 0
 password 7 03505C060018204D4D0617090E
 transport input ssh
!
ntp source GigabitEthernet0/0
ntp server 10.51.3.129
ntp server 10.51.3.130
!
mac address-table aging-time 1800
!
!
!
!
!
end

fwaac-spare2-C9300-48UXM#!

fwaac-spare2-C9300-48UXM#! *************************************************

fwaac-spare2-C9300-48UXM#! **** END

fwaac-spare2-C9300-48UXM#! *************************************************