
fwaac-spare5-C9300-48UXM#!STEPS for VALIDATION for Layer 3

fwaac-spare5-C9300-48UXM#terminal length 0

fwaac-spare5-C9300-48UXM#! *************************************************

fwaac-spare5-C9300-48UXM#! **** Switch STATUS

fwaac-spare5-C9300-48UXM#! *************************************************

fwaac-spare5-C9300-48UXM#show boot
---------------------------
Switch 5
---------------------------
Current Boot Variables:
BOOT variable = flash:packages.conf;

Boot Variables on next reload:
BOOT variable = flash:packages.conf;
Manual Boot = no
Enable Break = no
Boot Mode = DEVICE
iPXE Timeout = 0
fwaac-spare5-C9300-48UXM#!

fwaac-spare5-C9300-48UXM#show clock
*11:04:18.370 UTC Sun Apr 2 2023
fwaac-spare5-C9300-48UXM#!

fwaac-spare5-C9300-48UXM#show ntp status
Clock is unsynchronized, stratum 16, no reference clock
nominal freq is 250.0000 Hz, actual freq is 250.0000 Hz, precision is 2**10
ntp uptime is 4172664500 (1/100 of seconds), resolution is 4000
reference time is 00000000.00000000 (00:00:00.000 UTC Mon Jan 1 1900)
clock offset is 0.0000 msec, root delay is 0.00 msec
root dispersion is 625899.68 msec, peer dispersion is 0.00 msec
loopfilter state is 'FSET' (Drift set from file), drift is 0.000000000 s/s
system poll interval is 8, never updated.
fwaac-spare5-C9300-48UXM#!

fwaac-spare5-C9300-48UXM#show env all
Switch	 FAN	 Speed	 State
---------------------------------------------------
  5  	  1	14240 	  OK
  5  	  2	14240 	  OK
  5  	  3	14240 	  OK
FAN PS-1 is OK
FAN PS-2 is NOT PRESENT
Switch 5: SYSTEM TEMPERATURE is OK
Inlet Temperature Value: 34 Degree Celsius
Temperature State: GREEN
Yellow Threshold : 46 Degree Celsius
Red Threshold    : 56 Degree Celsius

Outlet Temperature Value: 45 Degree Celsius
Temperature State: GREEN
Yellow Threshold : 105 Degree Celsius
Red Threshold    : 125 Degree Celsius

Hotspot Temperature Value: 69 Degree Celsius
Temperature State: GREEN
Yellow Threshold : 105 Degree Celsius
Red Threshold    : 125 Degree Celsius
SW  PID                 Serial#     Status           Sys Pwr  PoE Pwr  Watts
--  ------------------  ----------  ---------------  -------  -------  -----
5A  PWR-C1-1100WAC      LIT24294ZDV  OK              Good     Good     1100
5B  Not Present

fwaac-spare5-C9300-48UXM#!

fwaac-spare5-C9300-48UXM#show power
% Incomplete command.

fwaac-spare5-C9300-48UXM#!

fwaac-spare5-C9300-48UXM#show stackwise-virtual
Stackwise Virtual Configuration:
--------------------------------

fwaac-spare5-C9300-48UXM#!

fwaac-spare5-C9300-48UXM#show switch detail
Switch/Stack Mac Address : 689e.0bc9.c180 - Local Mac Address
Mac persistency wait time: Indefinite
                                             H/W   Current
Switch#   Role    Mac Address     Priority Version  State 
-------------------------------------------------------------------------------------
*5       Active   689e.0bc9.c180     11     V03     Ready                



         Stack Port Status             Neighbors     
Switch#  Port 1     Port 2           Port 1   Port 2 
--------------------------------------------------------
  5       DOWN       DOWN             None     None

fwaac-spare5-C9300-48UXM#!

fwaac-spare5-C9300-48UXM#show stack-power detail
    Power Stack                      Stack   Stack    Total   Rsvd    Alloc   Sw_Avail Num  Num
    Name                             Mode    Topolgy  Pwr(W)  Pwr(W)  Pwr(W)   Pwr(W)  SW   PS
    --------------------             ------  -------  ------  ------  ------  ------  ----- -----
    Powerstack-5                     SP-PS   Stndaln  1100    0       695     405       1    1   

Power stack name: Powerstack-5
    Stack mode: Power sharing
    Stack topology: Standalone
    Switch 5:
        Power budget: 1100
        Power allocated: 695
        Low port priority value: 22
        High port priority value: 13
        Switch priority value: 4
        Port 1 status: Not connected
        Port 2 status: Not connected
        Neighbor on port 1: 0000.0000.0000
        Neighbor on port 2: 0000.0000.0000


fwaac-spare5-C9300-48UXM#!

fwaac-spare5-C9300-48UXM#sh interfaces transceiver
No transceiver present

fwaac-spare5-C9300-48UXM#!

fwaac-spare5-C9300-48UXM#show license status
Smart Licensing is ENABLED

Utility:
  Status: DISABLED

Data Privacy:
  Sending Hostname: yes
    Callhome hostname privacy: DISABLED
    Smart Licensing hostname privacy: DISABLED
  Version privacy: DISABLED

Transport:
  Type: Callhome

Registration:
  Status: REGISTERING - REGISTRATION IN PROGRESS
  Export-Controlled Functionality: NOT ALLOWED
  Initial Registration: FAILED on Apr 02 11:00:02 2023 UTC
    Failure reason: Fail to send out Call Home HTTP message.
  Next Registration Attempt: Apr 02 12:03:00 2023 UTC

License Authorization: 
  Status: EVAL EXPIRED on Feb 19 14:54:26 2022 UTC

Export Authorization Key:
  Features Authorized:
    <none>


fwaac-spare5-C9300-48UXM#!

fwaac-spare5-C9300-48UXM#show platform
Switch  Ports    Model                Serial No.   MAC address     Hw Ver.       Sw Ver. 
------  -----   ---------             -----------  --------------  -------       --------
 5       65     C9300-48UXM           FJC24411A4E  689e.0bc9.c180  V03           16.12.05b     
Switch/Stack Mac Address : 689e.0bc9.c180 - Local Mac Address
Mac persistency wait time: Indefinite
                                   Current
Switch#   Role        Priority      State 
-------------------------------------------
*5       Active          11         Ready               



fwaac-spare5-C9300-48UXM#! *************************************************

fwaac-spare5-C9300-48UXM#! **** VTP and VLAN

fwaac-spare5-C9300-48UXM#! *************************************************

fwaac-spare5-C9300-48UXM#show vtp status
VTP Version capable             : 1 to 3
VTP version running             : 1
VTP Domain Name                 : fwaac
VTP Pruning Mode                : Disabled
VTP Traps Generation            : Disabled
Device ID                       : 689e.0bc9.c180
Configuration last modified by 0.0.0.0 at 0-0-00 00:00:00

Feature VLAN:
--------------
VTP Operating Mode                : Transparent
Maximum VLANs supported locally   : 1005
Number of existing VLANs          : 7
Configuration Revision            : 0
MD5 digest                        : 0x43 0x51 0x3B 0x32 0xD3 0x7D 0x9C 0xAB 
                                    0x4A 0xDD 0x56 0x48 0x0F 0x4C 0x7D 0x63 
fwaac-spare5-C9300-48UXM#!

fwaac-spare5-C9300-48UXM#show vlan

VLAN Name                             Status    Ports
---- -------------------------------- --------- -------------------------------
1    default                          active    Te5/0/47, Ap5/0/1
800  PFCN_L2_Mgmt                     active    Tw5/0/1, Tw5/0/2, Tw5/0/3, Tw5/0/4, Tw5/0/5, Tw5/0/6, Tw5/0/7, Tw5/0/8, Tw5/0/9, Tw5/0/10, Tw5/0/11, Tw5/0/12, Tw5/0/13, Tw5/0/14, Tw5/0/15, Tw5/0/16, Tw5/0/17, Tw5/0/18, Tw5/0/25, Tw5/0/26, Tw5/0/27, Tw5/0/28, Te5/0/48
999  unused_ports                     active    Tw5/0/19, Tw5/0/20, Tw5/0/21, Tw5/0/22, Tw5/0/23, Tw5/0/24, Tw5/0/29, Tw5/0/30, Tw5/0/31, Tw5/0/32, Tw5/0/33, Tw5/0/34, Tw5/0/35, Tw5/0/36, Te5/0/37, Te5/0/38, Te5/0/39, Te5/0/40, Te5/0/41, Te5/0/42, Te5/0/43, Te5/0/44, Te5/0/45, Te5/0/46
1002 fddi-default                     act/unsup 
1003 token-ring-default               act/unsup 
1004 fddinet-default                  act/unsup 
1005 trnet-default                    act/unsup 

VLAN Type  SAID       MTU   Parent RingNo BridgeNo Stp  BrdgMode Trans1 Trans2
---- ----- ---------- ----- ------ ------ -------- ---- -------- ------ ------
1    enet  100001     1500  -      -      -        -    -        0      0   
800  enet  100800     1500  -      -      -        -    -        0      0   
999  enet  100999     1500  -      -      -        -    -        0      0   
1002 fddi  101002     1500  -      -      -        -    -        0      0   
1003 tr    101003     1500  -      -      -        -    -        0      0   
1004 fdnet 101004     1500  -      -      -        ieee -        0      0   
1005 trnet 101005     1500  -      -      -        ibm  -        0      0   

Remote SPAN VLANs
------------------------------------------------------------------------------


Primary Secondary Type              Ports
------- --------- ----------------- ------------------------------------------

fwaac-spare5-C9300-48UXM#!

fwaac-spare5-C9300-48UXM#show spanning-tree | include VLAN|This bridge
VLAN0800
fwaac-spare5-C9300-48UXM#! *************************************************

fwaac-spare5-C9300-48UXM#! **** Layer 2 Status

fwaac-spare5-C9300-48UXM#! *************************************************

fwaac-spare5-C9300-48UXM#show cdp neighbors
Capability Codes: R - Router, T - Trans Bridge, B - Source Route Bridge
                  S - Switch, H - Host, I - IGMP, r - Repeater, P - Phone, 
                  D - Remote, C - CVTA, M - Two-port Mac Relay 

Device ID        Local Intrfce     Holdtme    Capability  Platform  Port ID
fwaac-spare9-C9200.fwa.nam.gm.com
                 Two 5/0/11        176             R S I  C9200-24P Gig 0/0
fwaac-spare10-3400-8P2S
                 Two 5/0/10        131             R S I  IE-3400-8 Gig 1/3
fwaac-spare21-3400-8P2S
                 Two 5/0/9         178             R S I  IE-3400-8 Gig 1/3
fwaac-spare7-9500-48y4c
                 Two 5/0/6         134             R S I  C9500-48Y Gig 0/0
fwaac-spare12-C9300-24U.fwa.nam.gm.com
                 Two 5/0/8         166             R S I  C9300-24U Gig 0/0
fwaac-spare32-C9120-AXE-B
                 Two 5/0/26        143              R T   C9120AXE- Gig 0
fwaac-spare6-c9500-48y4c
                 Two 5/0/5         157             R S I  C9500-48Y Gig 0/0
fwaac-spare31-C9120-AXE-B
                 Two 5/0/28        119              R T   C9120AXE- Gig 0
fwaac-spare13-c9200l-24.fwa.nam.gm.com
                 Two 5/0/14        128             R S I  C9200L-24 Gig 0/0
fwaac-spare19-c9200l-48.fwa.nam.gm.com
                 Two 5/0/18        133             R S I  C9200L-48 Gig 0/0
fwaac-spare30-C9120-AXE-B
                 Two 5/0/25        164              R T   C9120AXE- Gig 0
fwaac-spare14-c9200l-24.fwa.nam.gm.com
                 Two 5/0/13        153             R S I  C9200L-24 Gig 0/0
fwaac-spare15-c9200l-24.fwa.nam.gm.com
                 Two 5/0/15        168             R S I  C9200L-24 Gig 0/0
fwaac-spare16-c9200l-24.fwa.nam.gm.com
                 Two 5/0/16        158             R S I  C9200L-24 Gig 0/0
fwaac-spare33-C9120-AXI-B
                 Two 5/0/27        153              R T   C9120AXI- Gig 0
fwaac-spare11-3400-8p2s.fwa.nam.gm.com
                 Two 5/0/12        175             R S I  IE-3400-8 Gig 1/3
fwaac-spare4-C9300-48UXM.fwa.nam.gm.com
                 Two 5/0/3         157             R S I  C9300-48U Gig 0/0
fwaac-spare2-C9300-48UXM.fwa.nam.gm.com
                 Two 5/0/1         160             R S I  C9300-48U Gig 0/0
fwaac-spare3-C9300-48UXM.fwa.nam.gm.com
                 Two 5/0/4         143             R S I  C9300-48U Gig 0/0
fwaaclast003-dc-1mcm.fwa.nam.gm.com
                 Ten 5/0/48        167             R S I  C9300-48U Two 1/0/1
fwaac-spare1-C9300-48UXM.fwa.nam.gm.com
                 Two 5/0/2         131             R S I  C9300-48U Gig 0/0
fwaac-spare20-c9200l.fwa.nam.gm.com
                 Two 5/0/17        133             R S I  C9200L-48 Gig 0/0
fwaac-spare8-9500-32c
                 Two 5/0/7         158             R S I  C9500-32C Gig 0/0

Total cdp entries displayed : 23
fwaac-spare5-C9300-48UXM#!

fwaac-spare5-C9300-48UXM#show interface counters errors

Port           Align-Err     FCS-Err    Xmit-Err     Rcv-Err  UnderSize  OutDiscards 
Tw5/0/1                0           0           0           0          0            0 
Tw5/0/2                0           0           0           0          0            0 
Tw5/0/3                0           0           0           0          0            0 
Tw5/0/4                0           0           0           0          0            0 
Tw5/0/5                0           0           0           0          0            0 
Tw5/0/6                0           0           0           0          0            0 
Tw5/0/7                0           0           0           0          0            0 
Tw5/0/8                0           0           0           0          0            0 
Tw5/0/9                0           0           0           0          0            0 
Tw5/0/10               0           0           0           0          0            0 
Tw5/0/11               0           0           0           0          0            0 
Tw5/0/12               0           0           0           0          0            0 
Tw5/0/13               0       31954           0       31954          0            0 
Tw5/0/14               0           0           0           0          0            0 
Tw5/0/15               0           1           0           1          0            0 
Tw5/0/16               0          38           0          41          0            0 
Tw5/0/17               0           0           0           0          0            0 
Tw5/0/18               0           0           0           0          0            0 
Tw5/0/19               0           0           0           0          0            0 
Tw5/0/20               0           0           0           0          0            0 
Tw5/0/21               0           0           0           0          0            0 
Tw5/0/22               0           0           0           0          0            0 
Tw5/0/23               0           0           0           0          0            0 
Tw5/0/24               0           0           0           0          0            0 
Tw5/0/25               0           0           0           0          0            0 
Tw5/0/26               0           0           0           0          0            0 
Tw5/0/27               0           0           0           0          0            0 
Tw5/0/28               0           0           0           0          0            0 
Tw5/0/29               0           0           0           0          0            0 
Tw5/0/30               0           0           0           0          0            0 
Tw5/0/31               0           0           0           0          0            0 
Tw5/0/32               0           0           0           0          0            0 
Tw5/0/33               0           0           0           0          0            0 
Tw5/0/34               0           0           0           0          0            0 
Tw5/0/35               0           0           0           0          0            0 
Tw5/0/36               0           0           0           0          0            0 
Te5/0/37               0           0           0           0          0            0 
Te5/0/38               0           0           0           0          0            0 
Te5/0/39               0           0           0           0          0            0 
Te5/0/40               0           0           0           0          0            0 
Te5/0/41               0           0           0           0          0            0 
Te5/0/42               0           0           0           0          0            0 
Te5/0/43               0           0           0           0          0            0 
Te5/0/44               0           0           0           0          0            0 
Te5/0/45               0           0           0           0          0            0 
Te5/0/46               0           0           0           0          0            0 
Te5/0/47               0           0           0           0          0            0 
Te5/0/48               0           0           0           0          0            0 
Ap5/0/1                0           0           0           0          0            0 

Port         Single-Col  Multi-Col   Late-Col  Excess-Col  Carri-Sen      Runts 
Tw5/0/1               0          0          0           0          0          0 
Tw5/0/2               0          0          0           0          0          0 
Tw5/0/3               0          0          0           0          0          0 
Tw5/0/4               0          0          0           0          0          0 
Tw5/0/5               0          0          0           0          0          0 
Tw5/0/6               0          0          0           0          0          0 
Tw5/0/7               0          0          0           0          0          0 
Tw5/0/8               0          0          0           0          0          0 
Tw5/0/9               0          0          0           0          0          0 
Tw5/0/10              0          0          0           0          0          0 
Tw5/0/11              0          0          0           0          0          0 
Tw5/0/12              0          0          0           0          0          0 
Tw5/0/13              0          0          0           0          0          0 
Tw5/0/14              0          0          0           0          0          0 
Tw5/0/15              0          0          0           0          0          0 
Tw5/0/16              0          0          0           0          0          0 
Tw5/0/17              0          0          0           0          0          0 
Tw5/0/18              0          0          0           0          0          0 
Tw5/0/19              0          0          0           0          0          0 
Tw5/0/20              0          0          0           0          0          0 
Tw5/0/21              0          0          0           0          0          0 
Tw5/0/22              0          0          0           0          0          0 
Tw5/0/23              0          0          0           0          0          0 
Tw5/0/24              0          0          0           0          0          0 
Tw5/0/25              0          0          0           0          0          0 
Tw5/0/26              0          0          0           0          0          0 
Tw5/0/27              0          0          0           0          0          0 
Tw5/0/28              0          0          0           0          0          0 
Tw5/0/29              0          0          0           0          0          0 
Tw5/0/30              0          0          0           0          0          0 
Tw5/0/31              0          0          0           0          0          0 
Tw5/0/32              0          0          0           0          0          0 
Tw5/0/33              0          0          0           0          0          0 
Tw5/0/34              0          0          0           0          0          0 
Tw5/0/35              0          0          0           0          0          0 
Tw5/0/36              0          0          0           0          0          0 
Te5/0/37              0          0          0           0          0          0 
Te5/0/38              0          0          0           0          0          0 
Te5/0/39              0          0          0           0          0          0 
Te5/0/40              0          0          0           0          0          0 
Te5/0/41              0          0          0           0          0          0 
Te5/0/42              0          0          0           0          0          0 
Te5/0/43              0          0          0           0          0          0 
Te5/0/44              0          0          0           0          0          0 
Te5/0/45              0          0          0           0          0          0 
Te5/0/46              0          0          0           0          0          0 
Te5/0/47              0          0          0           0          0          0 
Te5/0/48              0          0          0           0          0          0 
Ap5/0/1               0          0          0           0          0          0 
fwaac-spare5-C9300-48UXM#!

fwaac-spare5-C9300-48UXM#show interface status

Port         Name               Status       Vlan       Duplex  Speed Type
Tw5/0/1      link-to-fwaac-spar connected    800        a-full a-1000 100/1000/2.5GBaseTX
Tw5/0/2      link-to-fwaac-spar connected    800        a-full a-1000 100/1000/2.5GBaseTX
Tw5/0/3      link-to-fwaac-spar connected    800        a-full a-1000 100/1000/2.5GBaseTX
Tw5/0/4      link-to-fwaac-spar connected    800        a-full a-1000 100/1000/2.5GBaseTX
Tw5/0/5      link-to-fwaac-spar connected    800        a-full a-1000 100/1000/2.5GBaseTX
Tw5/0/6      link-to-fwaac-spar connected    800        a-full a-1000 100/1000/2.5GBaseTX
Tw5/0/7      link-to-fwaac-spar connected    800        a-full a-1000 100/1000/2.5GBaseTX
Tw5/0/8      link-to-fwaac-spar connected    800        a-full a-1000 100/1000/2.5GBaseTX
Tw5/0/9      link-to-fwaac-spar connected    800        a-full a-1000 100/1000/2.5GBaseTX
Tw5/0/10     link-to-fwaac-spar connected    800        a-full a-1000 100/1000/2.5GBaseTX
Tw5/0/11     link-to-fwaac-spar connected    800        a-full a-1000 100/1000/2.5GBaseTX
Tw5/0/12     link-to-fwaac-spar connected    800        a-full a-1000 100/1000/2.5GBaseTX
Tw5/0/13     link-to-fwaac-spar connected    800        a-full a-1000 100/1000/2.5GBaseTX
Tw5/0/14     link-to-fwaac-spar connected    800        a-full a-1000 100/1000/2.5GBaseTX
Tw5/0/15     link-to-fwaac-spar connected    800        a-full a-1000 100/1000/2.5GBaseTX
Tw5/0/16     link-to-fwaac-spar connected    800        a-full a-1000 100/1000/2.5GBaseTX
Tw5/0/17     link-to-fwaac-spar connected    800        a-full a-1000 100/1000/2.5GBaseTX
Tw5/0/18     link-to-fwaac-spar connected    800        a-full a-1000 100/1000/2.5GBaseTX
Tw5/0/19     unused_port        disabled     999          auto   auto 100/1000/2.5GBaseTX
Tw5/0/20     unused_port        disabled     999          auto   auto 100/1000/2.5GBaseTX
Tw5/0/21     unused_port        disabled     999          auto   auto 100/1000/2.5GBaseTX
Tw5/0/22     unused_port        disabled     999          auto   auto 100/1000/2.5GBaseTX
Tw5/0/23     unused_port        disabled     999          auto   auto 100/1000/2.5GBaseTX
Tw5/0/24     unused_port        disabled     999          auto   auto 100/1000/2.5GBaseTX
Tw5/0/25     link-to-fwaac-spar connected    800        a-full a-2500 100/1000/2.5GBaseTX
Tw5/0/26     link-to-fwaac-spar connected    800        a-full a-2500 100/1000/2.5GBaseTX
Tw5/0/27     link-to-fwaac-spar connected    800        a-full a-2500 100/1000/2.5GBaseTX
Tw5/0/28     link-to-fwaac-spar connected    800        a-full a-2500 100/1000/2.5GBaseTX
Tw5/0/29     unused_port        disabled     999          auto   auto 100/1000/2.5GBaseTX
Tw5/0/30     unused_port        disabled     999          auto   auto 100/1000/2.5GBaseTX
Tw5/0/31     unused_port        disabled     999          auto   auto 100/1000/2.5GBaseTX
Tw5/0/32     unused_port        disabled     999          auto   auto 100/1000/2.5GBaseTX
Tw5/0/33     unused_port        disabled     999          auto   auto 100/1000/2.5GBaseTX
Tw5/0/34     unused_port        disabled     999          auto   auto 100/1000/2.5GBaseTX
Tw5/0/35     unused_port        disabled     999          auto   auto 100/1000/2.5GBaseTX
Tw5/0/36     unused_port        disabled     999          auto   auto 100/1000/2.5GBaseTX
Te5/0/37     unused_port        disabled     999          auto   auto 100/1000/2.5G/5G/10GBaseTX
Te5/0/38     unused_port        disabled     999          auto   auto 100/1000/2.5G/5G/10GBaseTX
Te5/0/39     unused_port        disabled     999          auto   auto 100/1000/2.5G/5G/10GBaseTX
Te5/0/40     unused_port        disabled     999          auto   auto 100/1000/2.5G/5G/10GBaseTX
Te5/0/41     unused_port        disabled     999          auto   auto 100/1000/2.5G/5G/10GBaseTX
Te5/0/42     unused_port        disabled     999          auto   auto 100/1000/2.5G/5G/10GBaseTX
Te5/0/43     unused_port        disabled     999          auto   auto 100/1000/2.5G/5G/10GBaseTX
Te5/0/44     unused_port        disabled     999          auto   auto 100/1000/2.5G/5G/10GBaseTX
Te5/0/45     unused_port        disabled     999          auto   auto 100/1000/2.5G/5G/10GBaseTX
Te5/0/46     unused_port        disabled     999          auto   auto 100/1000/2.5G/5G/10GBaseTX
Te5/0/47     unused_port        notconnect   1            auto   auto 100/1000/2.5G/5G/10GBaseTX
Te5/0/48     fwaaclast003-tw1/0 connected    800        a-full a-2500 100/1000/2.5G/5G/10GBaseTX
Ap5/0/1      unused_port        disabled     1            auto   auto App-hosting port
fwaac-spare5-C9300-48UXM#!

fwaac-spare5-C9300-48UXM#show interface status | in connected
Tw5/0/1      link-to-fwaac-spar connected    800        a-full a-1000 100/1000/2.5GBaseTX
Tw5/0/2      link-to-fwaac-spar connected    800        a-full a-1000 100/1000/2.5GBaseTX
Tw5/0/3      link-to-fwaac-spar connected    800        a-full a-1000 100/1000/2.5GBaseTX
Tw5/0/4      link-to-fwaac-spar connected    800        a-full a-1000 100/1000/2.5GBaseTX
Tw5/0/5      link-to-fwaac-spar connected    800        a-full a-1000 100/1000/2.5GBaseTX
Tw5/0/6      link-to-fwaac-spar connected    800        a-full a-1000 100/1000/2.5GBaseTX
Tw5/0/7      link-to-fwaac-spar connected    800        a-full a-1000 100/1000/2.5GBaseTX
Tw5/0/8      link-to-fwaac-spar connected    800        a-full a-1000 100/1000/2.5GBaseTX
Tw5/0/9      link-to-fwaac-spar connected    800        a-full a-1000 100/1000/2.5GBaseTX
Tw5/0/10     link-to-fwaac-spar connected    800        a-full a-1000 100/1000/2.5GBaseTX
Tw5/0/11     link-to-fwaac-spar connected    800        a-full a-1000 100/1000/2.5GBaseTX
Tw5/0/12     link-to-fwaac-spar connected    800        a-full a-1000 100/1000/2.5GBaseTX
Tw5/0/13     link-to-fwaac-spar connected    800        a-full a-1000 100/1000/2.5GBaseTX
Tw5/0/14     link-to-fwaac-spar connected    800        a-full a-1000 100/1000/2.5GBaseTX
Tw5/0/15     link-to-fwaac-spar connected    800        a-full a-1000 100/1000/2.5GBaseTX
Tw5/0/16     link-to-fwaac-spar connected    800        a-full a-1000 100/1000/2.5GBaseTX
Tw5/0/17     link-to-fwaac-spar connected    800        a-full a-1000 100/1000/2.5GBaseTX
Tw5/0/18     link-to-fwaac-spar connected    800        a-full a-1000 100/1000/2.5GBaseTX
Tw5/0/25     link-to-fwaac-spar connected    800        a-full a-2500 100/1000/2.5GBaseTX
Tw5/0/26     link-to-fwaac-spar connected    800        a-full a-2500 100/1000/2.5GBaseTX
Tw5/0/27     link-to-fwaac-spar connected    800        a-full a-2500 100/1000/2.5GBaseTX
Tw5/0/28     link-to-fwaac-spar connected    800        a-full a-2500 100/1000/2.5GBaseTX
Te5/0/48     fwaaclast003-tw1/0 connected    800        a-full a-2500 100/1000/2.5G/5G/10GBaseTX
fwaac-spare5-C9300-48UXM#!

fwaac-spare5-C9300-48UXM#show authentication sessions
No sessions currently exist

fwaac-spare5-C9300-48UXM#!

fwaac-spare5-C9300-48UXM#show power inline | in on
Tw5/0/25  auto   on         30.0    C9120AXE-B          4     60.0 
Tw5/0/26  auto   on         30.0    C9120AXE-B          4     60.0 
Tw5/0/27  auto   on         30.0    C9120AXI-B          4     60.0 
Tw5/0/28  auto   on         30.0    C9120AXE-B          4     60.0 
fwaac-spare5-C9300-48UXM#!

fwaac-spare5-C9300-48UXM#show interface trunk

fwaac-spare5-C9300-48UXM#!

fwaac-spare5-C9300-48UXM#show interface status err-disabled

fwaac-spare5-C9300-48UXM#!

fwaac-spare5-C9300-48UXM#show interfaces | include ^Vlan
Vlan1 is administratively down, line protocol is down , Autostate Enabled
Vlan800 is up, line protocol is up , Autostate Enabled
fwaac-spare5-C9300-48UXM#!

fwaac-spare5-C9300-48UXM#show mac address-table
          Mac Address Table
-------------------------------------------

Vlan    Mac Address       Type        Ports
----    -----------       --------    -----
 All    0100.0ccc.cccc    STATIC      CPU
 All    0100.0ccc.cccd    STATIC      CPU
 All    0180.c200.0000    STATIC      CPU
 All    0180.c200.0001    STATIC      CPU
 All    0180.c200.0002    STATIC      CPU
 All    0180.c200.0003    STATIC      CPU
 All    0180.c200.0004    STATIC      CPU
 All    0180.c200.0005    STATIC      CPU
 All    0180.c200.0006    STATIC      CPU
 All    0180.c200.0007    STATIC      CPU
 All    0180.c200.0008    STATIC      CPU
 All    0180.c200.0009    STATIC      CPU
 All    0180.c200.000a    STATIC      CPU
 All    0180.c200.000b    STATIC      CPU
 All    0180.c200.000c    STATIC      CPU
 All    0180.c200.000d    STATIC      CPU
 All    0180.c200.000e    STATIC      CPU
 All    0180.c200.000f    STATIC      CPU
 All    0180.c200.0010    STATIC      CPU
 All    0180.c200.0021    STATIC      CPU
 All    ffff.ffff.ffff    STATIC      CPU
 800    0000.0c07.ac02    DYNAMIC     Te5/0/48
 800    0013.c608.b264    DYNAMIC     Te5/0/48
 800    0476.b01d.d0d2    DYNAMIC     Te5/0/48
 800    0476.b08b.ec00    DYNAMIC     Tw5/0/11
 800    0476.b0e8.00a0    DYNAMIC     Tw5/0/5
 800    1c72.1d9b.b780    DYNAMIC     Te5/0/48
 800    1c72.1d9b.b781    DYNAMIC     Te5/0/48
 800    28af.fdf5.2460    DYNAMIC     Te5/0/48
 800    4aaa.e74b.d37d    DYNAMIC     Tw5/0/16
 800    5488.dec0.8b80    DYNAMIC     Tw5/0/2
 800    643a.ea31.1620    DYNAMIC     Tw5/0/7
 800    687d.b402.d89c    DYNAMIC     Tw5/0/25
 800    687d.b402.eb14    DYNAMIC     Tw5/0/28
 800    687d.b402.ef6c    DYNAMIC     Tw5/0/26
 800    689e.0b03.ff40    DYNAMIC     Tw5/0/6
 800    689e.0bba.5600    DYNAMIC     Tw5/0/4
 800    689e.0bbd.da01    DYNAMIC     Te5/0/48
 800    689e.0bc9.c1d2    STATIC      Vl800 
 800    689e.0bc9.c300    DYNAMIC     Tw5/0/1
 800    689e.0be2.e100    DYNAMIC     Tw5/0/8
 800    6c8b.d3d6.31df    DYNAMIC     Te5/0/48
 800    74ad.9839.1580    DYNAMIC     Tw5/0/15
 800    8024.8f33.f400    DYNAMIC     Tw5/0/3
 800    9077.ee4b.4780    DYNAMIC     Tw5/0/17
 800    9a74.a257.1191    DYNAMIC     Tw5/0/15
 800    a478.06c9.6400    DYNAMIC     Tw5/0/18
 800    a488.73cf.2538    DYNAMIC     Tw5/0/27
 800    c2cf.3aff.43ac    DYNAMIC     Tw5/0/14
 800    ce4d.1502.bdbe    DYNAMIC     Tw5/0/17
 800    d477.985a.a200    DYNAMIC     Tw5/0/16
 800    d477.985a.a380    DYNAMIC     Tw5/0/13
 800    d477.987a.7d00    DYNAMIC     Tw5/0/14
 800    dc77.4ce2.3103    DYNAMIC     Tw5/0/10
 800    dc77.4ce2.310b    DYNAMIC     Tw5/0/10
 800    dc77.4ce2.32e3    DYNAMIC     Tw5/0/12
 800    dc77.4ce2.32eb    DYNAMIC     Tw5/0/12
 800    dc77.4ce2.348b    DYNAMIC     Te5/0/48
 800    dc77.4ce2.36eb    DYNAMIC     Te5/0/48
 800    dc77.4ce2.5843    DYNAMIC     Tw5/0/9
 800    dc77.4ce2.584b    DYNAMIC     Tw5/0/9
 800    e41f.7bb6.0cdf    DYNAMIC     Te5/0/48
 800    eecf.c661.6f54    DYNAMIC     Tw5/0/18
 800    f04a.02a9.de80    DYNAMIC     Te5/0/48
Total Mac Addresses for this criterion: 64
fwaac-spare5-C9300-48UXM#! *************************************************

fwaac-spare5-C9300-48UXM#! **** Layer 3 Status

fwaac-spare5-C9300-48UXM#! *************************************************

fwaac-spare5-C9300-48UXM#show arp
Protocol  Address          Age (min)  Hardware Addr   Type   Interface
Internet  10.51.0.1             113   0000.0c07.ac02  ARPA   Vlan800
Internet  10.51.0.2               4   6c8b.d3d6.31df  ARPA   Vlan800
Internet  10.51.0.3               3   e41f.7bb6.0cdf  ARPA   Vlan800
Internet  10.51.1.228           133   dc77.4ce2.584b  ARPA   Vlan800
Internet  10.51.1.229            35   dc77.4ce2.32eb  ARPA   Vlan800
Internet  10.51.1.230            80   dc77.4ce2.310b  ARPA   Vlan800
Internet  10.51.1.239             6   d477.985a.a380  ARPA   Vlan800
Internet  10.51.1.245             6   0476.b0e8.00a0  ARPA   Vlan800
Internet  10.51.1.250             -   689e.0bc9.c1d2  ARPA   Vlan800
Internet  10.51.1.253            12   689e.0bc9.c300  ARPA   Vlan800
fwaac-spare5-C9300-48UXM#!

fwaac-spare5-C9300-48UXM#show ip int brief | exclude unassigned
Interface              IP-Address      OK? Method Status                Protocol
Vlan800                10.51.1.250     YES NVRAM  up                    up      

fwaac-spare5-C9300-48UXM#!

fwaac-spare5-C9300-48UXM#show ip route static
Codes: L - local, C - connected, S - static, R - RIP, M - mobile, B - BGP
       D - EIGRP, EX - EIGRP external, O - OSPF, IA - OSPF inter area 
       N1 - OSPF NSSA external type 1, N2 - OSPF NSSA external type 2
       E1 - OSPF external type 1, E2 - OSPF external type 2, m - OMP
       n - NAT, Ni - NAT inside, No - NAT outside, Nd - NAT DIA
       i - IS-IS, su - IS-IS summary, L1 - IS-IS level-1, L2 - IS-IS level-2
       ia - IS-IS inter area, * - candidate default, U - per-user static route
       H - NHRP, G - NHRP registered, g - NHRP registration summary
       o - ODR, P - periodic downloaded static route, l - LISP
       a - application route
       + - replicated route, % - next hop override, p - overrides from PfR

Gateway of last resort is 10.51.0.1 to network 0.0.0.0

S*    0.0.0.0/0 [1/0] via 10.51.0.1
fwaac-spare5-C9300-48UXM#!

fwaac-spare5-C9300-48UXM#show ip route eigrp

fwaac-spare5-C9300-48UXM#!

fwaac-spare5-C9300-48UXM#show ip eigrp neighbors

fwaac-spare5-C9300-48UXM#!

fwaac-spare5-C9300-48UXM#show ip eigrp interfaces

fwaac-spare5-C9300-48UXM#!

fwaac-spare5-C9300-48UXM#show standby brief

fwaac-spare5-C9300-48UXM#! *************************************************

fwaac-spare5-C9300-48UXM#! **** IECN ARP Table

fwaac-spare5-C9300-48UXM#! *************************************************

fwaac-spare5-C9300-48UXM#show vlan | in IECN 

fwaac-spare5-C9300-48UXM#!

fwaac-spare5-C9300-48UXM#show interface status | in 500|_50[1-9]|510|497|498 
Tw5/0/25     link-to-fwaac-spar connected    800        a-full a-2500 100/1000/2.5GBaseTX
Tw5/0/26     link-to-fwaac-spar connected    800        a-full a-2500 100/1000/2.5GBaseTX
Tw5/0/27     link-to-fwaac-spar connected    800        a-full a-2500 100/1000/2.5GBaseTX
Tw5/0/28     link-to-fwaac-spar connected    800        a-full a-2500 100/1000/2.5GBaseTX
Te5/0/48     fwaaclast003-tw1/0 connected    800        a-full a-2500 100/1000/2.5G/5G/10GBaseTX
fwaac-spare5-C9300-48UXM#!

fwaac-spare5-C9300-48UXM#show arp | in Vlan((5)*[0-1][0-9]) 

fwaac-spare5-C9300-48UXM#!

fwaac-spare5-C9300-48UXM#show mac address-table | in 500|_50[1-9]|510|530|495|497|498 

fwaac-spare5-C9300-48UXM#! *************************************************

fwaac-spare5-C9300-48UXM#! **** Multicast Status

fwaac-spare5-C9300-48UXM#! *************************************************

fwaac-spare5-C9300-48UXM#show ip igmp membership
Flags: A  - aggregate, T - tracked
       L  - Local, S - static, V - virtual, R - Reported through v3 
       I - v3lite, U - Urd, M - SSM (S,G) channel 
       1,2,3 - The version of IGMP, the group is in
Channel/Group-Flags: 
       / - Filtering entry (Exclude mode (S,G), Include mode (G))
Reporter:
       <mac-or-ip-address> - last reporter if group is not explicitly tracked
       <n>/<m>      - <n> reporter in include mode, <m> reporter in exclude

 Channel/Group                  Reporter        Uptime   Exp.  Flags  Interface 
fwaac-spare5-C9300-48UXM#!

fwaac-spare5-C9300-48UXM#show ip pim neighbor
PIM Neighbor Table
Mode: B - Bidir Capable, DR - Designated Router, N - Default DR Priority,
      P - Proxy Capable, S - State Refresh Capable, G - GenID Capable,
      L - DR Load-balancing Capable
Neighbor          Interface                Uptime/Expires    Ver   DR
Address                                                            Prio/Mode
fwaac-spare5-C9300-48UXM#!

fwaac-spare5-C9300-48UXM#show ip mroute summary
IP Multicast Forwarding is not enabled.
IP Multicast Routing Table
Flags: D - Dense, S - Sparse, B - Bidir Group, s - SSM Group, C - Connected,
       L - Local, P - Pruned, R - RP-bit set, F - Register flag,
       T - SPT-bit set, J - Join SPT, M - MSDP created entry, E - Extranet,
       X - Proxy Join Timer Running, A - Candidate for MSDP Advertisement,
       U - URD, I - Received Source Specific Host Report, 
       Z - Multicast Tunnel, z - MDT-data group sender, 
       Y - Joined MDT-data group, y - Sending to MDT-data group, 
       G - Received BGP C-Mroute, g - Sent BGP C-Mroute, 
       N - Received BGP Shared-Tree Prune, n - BGP C-Mroute suppressed, 
       Q - Received BGP S-A Route, q - Sent BGP S-A Route, 
       V - RD & Vector, v - Vector, p - PIM Joins on route, 
       x - VxLAN group, c - PFP-SA cache created entry, 
       * - determined by Assert
Outgoing interface flags: H - Hardware switched, A - Assert winner, p - PIM Join
 Timers: Uptime/Expires
 Interface state: Interface, Next-Hop or VCD, State/Mode

fwaac-spare5-C9300-48UXM#!

fwaac-spare5-C9300-48UXM#show ip igmp group
IGMP Connected Group Membership
Group Address    Interface                Uptime    Expires   Last Reporter   Group Accounted
fwaac-spare5-C9300-48UXM#!

fwaac-spare5-C9300-48UXM#show ip traffic
IP statistics:
  Rcvd:  68250881 total, 30380611 local destination
         0 format errors, 0 checksum errors, 44199741 bad hop count
         0 unknown protocol, 0 not a gateway
         0 security failures, 0 bad options, 4292476 with options
  Opts:  0 end, 0 nop, 0 basic security, 0 loose source route
         0 timestamp, 0 extended security, 0 record route
         0 stream ID, 0 strict source route, 4292476 alert, 0 cipso, 0 ump
         0 other, 0 ignored
  Frags: 0 reassembled, 0 timeouts, 0 couldn't reassemble
         0 fragmented, 0 fragments, 0 couldn't fragment
         0 invalid hole
  Bcast: 23590850 received, 0 sent
  Mcast: 40182317 received, 0 sent
  Sent:  8470010 generated, 569 forwarded
  Drop:  2 encapsulation failed, 0 unresolved, 8469049 no adjacency
         0 no route, 0 unicast RPF, 0 forced drop, 0 unsupported-addr
         0 options denied, 2 source IP address zero

ICMP statistics:
  Rcvd: 0 format errors, 8 checksum errors, 0 redirects, 2622 unreachable
        457578 echo, 84 echo reply, 0 mask requests, 0 mask replies, 0 quench
        0 parameter, 0 timestamp, 0 timestamp replies, 0 info request, 0 other
        0 irdp solicitations, 0 irdp advertisements
        0 time exceeded, 0 info replies
  Sent: 0 redirects, 2 unreachable, 125 echo, 457578 echo reply
        0 mask requests, 0 mask replies, 0 quench, 0 timestamp, 0 timestamp replies
        0 info reply, 0 time exceeded, 0 parameter problem
        0 irdp solicitations, 0 irdp advertisements

UDP statistics:
  Rcvd: 27315315 total, 0 checksum errors, 23590849 no port 0 finput
  Sent: 4280681 total, 0 forwarded broadcasts

OSPF statistics:
  Last clearing of OSPF traffic counters never
  Rcvd: 0 total, 0 checksum errors
  	0 hello, 0 database desc, 0 link state req
  	0 link state updates, 0 link state acks
  Sent: 0 total
  	0 hello, 0 database desc, 0 link state req
  	0 link state updates, 0 link state acks

PIMv2 statistics: Sent/Received
  Total: 0/0, 0 checksum errors, 0 format errors
  Registers: 0/0 (0 non-rp, 0 non-sm-group), Register Stops: 0/0,  Hellos: 0/0
  Join/Prunes: 0/0, Asserts: 0/0, grafts: 0/0
  Bootstraps: 0/0, Candidate_RP_Advertisements: 0/0
  Queue drops: 0
  State-Refresh: 0/0

IGMP statistics: Sent/Received
  Total: 0/0, Format errors: 0/0, Checksum errors: 0/0
  Host Queries: 0/0, Host Reports: 0/0, Host Leaves: 0/0 
  DVMRP: 0/0, PIM: 0/0
  Queue drops: 0
  Report VRF mismatch drops: 0

TCP statistics:
  Rcvd: 2605004 total, 0 checksum errors, 3262 no port
  Sent: 3731624 total

BGP statistics:
  Rcvd: 0 total, 0 opens, 0 notifications, 0 updates
        0 keepalives, 0 route-refresh, 0 unrecognized
  Sent: 0 total, 0 opens, 0 notifications, 0 updates
        0 keepalives, 0 route-refresh

EIGRP-IPv4 statistics:
  Rcvd: 0 total
  Sent: 0 total

ARP statistics:
  Rcvd: 2025020 requests, 5602 replies, 0 reverse, 0 other
  Sent: 5214 requests, 86565 replies (0 proxy), 0 reverse
  Drop due to input queue full: 0
fwaac-spare5-C9300-48UXM#! *************************************************

fwaac-spare5-C9300-48UXM#! **** VRF

fwaac-spare5-C9300-48UXM#! *************************************************

fwaac-spare5-C9300-48UXM#sh vrf gm-security
% No VRF named gm-security
fwaac-spare5-C9300-48UXM#!

fwaac-spare5-C9300-48UXM#show ip eigrp vrf gm-security interfaces
%VRF gm-security does not exist.
fwaac-spare5-C9300-48UXM#!

fwaac-spare5-C9300-48UXM#sh ip route vrf gm-security
% IP routing table vrf gm-security does not exist
fwaac-spare5-C9300-48UXM#!

fwaac-spare5-C9300-48UXM#show ip eigrp vrf gm-security neighbors
%VRF gm-security does not exist.
fwaac-spare5-C9300-48UXM#!

fwaac-spare5-C9300-48UXM#ping vrf gm-security 192.168.0.1 repeat 50
vrf gm-security does not exist                                                          ^
% Invalid input detected at '^' marker.

fwaac-spare5-C9300-48UXM#!

fwaac-spare5-C9300-48UXM#sh ip interface brief vlan762
                                                ^
% Invalid input detected at '^' marker.

fwaac-spare5-C9300-48UXM#!

fwaac-spare5-C9300-48UXM#ping vrf gm-security 192.168.0.1 repeat 50
vrf gm-security does not exist                                                          ^
% Invalid input detected at '^' marker.

fwaac-spare5-C9300-48UXM#!

fwaac-spare5-C9300-48UXM#sh vlan | in vrf

fwaac-spare5-C9300-48UXM#!

fwaac-spare5-C9300-48UXM#sh int trunk

fwaac-spare5-C9300-48UXM#! *************************************************

fwaac-spare5-C9300-48UXM#! **** Show Logging and running-config

fwaac-spare5-C9300-48UXM#! *************************************************

fwaac-spare5-C9300-48UXM#show log
Syslog logging: enabled (0 messages dropped, 2 messages rate-limited, 0 flushes, 0 overruns, xml disabled, filtering disabled)

Active Message Discriminator:
FILTER    facility       drops    DOT1X|MAB|SESSION_MGR




No Inactive Message Discriminator.


    Console logging: level informational, 278064 messages logged, xml disabled,
                     filtering disabled
    Monitor logging: level informational, 0 messages logged, xml disabled,
                     filtering disabled
    Buffer logging:  level informational, 295990 messages logged, xml disabled,
                    filtering disabled, discriminator(FILTER), 
                     0 messages rate-limited, 0 messages dropped-by-MD
    Exception Logging: size (4096 bytes)
    Count and timestamp logging messages: disabled
    File logging: disabled
    Persistent logging: enabled, url flash:/syslog, disk space 5120000 bytes, file size 500000 bytes, batch size 4096 bytes, threshold capacity 0  , immediate  

No active filter modules.

    Trap logging: level informational, 278066 message lines logged
        Logging to 148.93.49.21  (udp port 5012, audit disabled,
              link up),
              278064 message lines logged, 
              0 message lines rate-limited, 
              0 message lines dropped-by-MD, 
              xml disabled, sequence number disabled
              filtering disabled
        Logging to 130.172.129.8  (udp port 5012, audit disabled,
              link up),
              278066 message lines logged, 
              0 message lines rate-limited, 
              0 message lines dropped-by-MD, 
              xml disabled, sequence number disabled
              filtering disabled
        Logging to 148.93.115.30  (Mgmt-vrf) (udp port 5500, audit disabled,
              link up),
              32028 message lines logged, 
              0 message lines rate-limited, 
              0 message lines dropped-by-MD, 
              xml disabled, sequence number disabled
              filtering disabled
        Logging to 130.172.83.30  (Mgmt-vrf) (udp port 5500, audit disabled,
              link up),
              32028 message lines logged, 
              0 message lines rate-limited, 
              0 message lines dropped-by-MD, 
              xml disabled, sequence number disabled
              filtering disabled
        Logging Source-Interface:       VRF Name:

Log Buffer (40960 bytes):
 (CSSM) failed: Fail to send out Call Home HTTP message.
*Mar 31 13:49:58.073: %SMART_LIC-3-COMM_FAILED: Communications failure with the Cisco Smart Software Manager (CSSM) : Fail to send out Call Home HTTP message. 
*Mar 31 14:23:58.383: %SEC_LOGIN-5-LOGIN_SUCCESS: Login Success [user: si_nam_52343_p_024] [Source: 148.93.49.60] [localport: 22] at 14:23:58 UTC Fri Mar 31 2023
*Mar 31 14:26:43.723: %SYS-6-LOGOUT: User si_nam_52343_p_024 has exited tty session 1(148.93.49.60)
*Mar 31 14:52:46.074: %CRYPTO_ENGINE-5-KEY_DELETED: A key named SLA-KeyPair2 has been removed from key storage
*Mar 31 14:52:47.582: %CRYPTO_ENGINE-5-KEY_ADDITION: A key named SLA-KeyPair2 has been generated or imported by crypto-engine
*Mar 31 14:52:47.626: %PKI-4-NOCONFIGAUTOSAVE: Configuration was modified.  Issue "write memory" to save new IOS PKI configuration
*Mar 31 14:54:48.652: %CALL_HOME-5-SL_MESSAGE_FAILED: Fail to send out Smart Licensing message to: http://130.172.129.7:8080/Transportgateway/services/DeviceRequestHandler (ERR 207 : Connection time out)
*Mar 31 14:54:48.652: %SMART_LIC-3-AGENT_REG_FAILED: Smart Agent for Licensing Registration with the Cisco Smart Software Manager (CSSM) failed: Fail to send out Call Home HTTP message.
*Mar 31 14:54:48.652: %SMART_LIC-3-COMM_FAILED: Communications failure with the Cisco Smart Software Manager (CSSM) : Fail to send out Call Home HTTP message. 
*Mar 31 15:54:49.653: %CRYPTO_ENGINE-5-KEY_DELETED: A key named SLA-KeyPair has been removed from key storage
*Mar 31 15:54:50.643: %CRYPTO_ENGINE-5-KEY_ADDITION: A key named SLA-KeyPair has been generated or imported by crypto-engine
*Mar 31 15:54:50.687: %PKI-4-NOCONFIGAUTOSAVE: Configuration was modified.  Issue "write memory" to save new IOS PKI configuration
*Mar 31 15:57:01.713: %CALL_HOME-5-SL_MESSAGE_FAILED: Fail to send out Smart Licensing message to: http://130.172.129.7:8080/Transportgateway/services/DeviceRequestHandler (ERR 207 : Connection time out)
*Mar 31 15:57:01.714: %SMART_LIC-3-AGENT_REG_FAILED: Smart Agent for Licensing Registration with the Cisco Smart Software Manager (CSSM) failed: Fail to send out Call Home HTTP message.
*Mar 31 15:57:01.714: %SMART_LIC-3-COMM_FAILED: Communications failure with the Cisco Smart Software Manager (CSSM) : Fail to send out Call Home HTTP message. 
*Mar 31 16:59:37.715: %CRYPTO_ENGINE-5-KEY_DELETED: A key named SLA-KeyPair2 has been removed from key storage
*Mar 31 16:59:38.757: %CRYPTO_ENGINE-5-KEY_ADDITION: A key named SLA-KeyPair2 has been generated or imported by crypto-engine
*Mar 31 16:59:38.801: %PKI-4-NOCONFIGAUTOSAVE: Configuration was modified.  Issue "write memory" to save new IOS PKI configuration
*Mar 31 17:01:39.831: %CALL_HOME-5-SL_MESSAGE_FAILED: Fail to send out Smart Licensing message to: http://130.172.129.7:8080/Transportgateway/services/DeviceRequestHandler (ERR 207 : Connection time out)
*Mar 31 17:01:39.832: %SMART_LIC-3-AGENT_REG_FAILED: Smart Agent for Licensing Registration with the Cisco Smart Software Manager (CSSM) failed: Fail to send out Call Home HTTP message.
*Mar 31 17:01:39.832: %SMART_LIC-3-COMM_FAILED: Communications failure with the Cisco Smart Software Manager (CSSM) : Fail to send out Call Home HTTP message. 
*Mar 31 18:05:47.833: %CRYPTO_ENGINE-5-KEY_DELETED: A key named SLA-KeyPair has been removed from key storage
*Mar 31 18:05:48.240: %CRYPTO_ENGINE-5-KEY_ADDITION: A key named SLA-KeyPair has been generated or imported by crypto-engine
*Mar 31 18:05:48.284: %PKI-4-NOCONFIGAUTOSAVE: Configuration was modified.  Issue "write memory" to save new IOS PKI configuration
*Mar 31 18:07:59.318: %CALL_HOME-5-SL_MESSAGE_FAILED: Fail to send out Smart Licensing message to: http://130.172.129.7:8080/Transportgateway/services/DeviceRequestHandler (ERR 207 : Connection time out)
*Mar 31 18:07:59.318: %SMART_LIC-3-AGENT_REG_FAILED: Smart Agent for Licensing Registration with the Cisco Smart Software Manager (CSSM) failed: Fail to send out Call Home HTTP message.
*Mar 31 18:07:59.319: %SMART_LIC-3-COMM_FAILED: Communications failure with the Cisco Smart Software Manager (CSSM) : Fail to send out Call Home HTTP message. 
*Mar 31 19:10:35.319: %CRYPTO_ENGINE-5-KEY_DELETED: A key named SLA-KeyPair2 has been removed from key storage
*Mar 31 19:10:35.900: %CRYPTO_ENGINE-5-KEY_ADDITION: A key named SLA-KeyPair2 has been generated or imported by crypto-engine
*Mar 31 19:10:35.944: %PKI-4-NOCONFIGAUTOSAVE: Configuration was modified.  Issue "write memory" to save new IOS PKI configuration
*Mar 31 19:12:36.973: %CALL_HOME-5-SL_MESSAGE_FAILED: Fail to send out Smart Licensing message to: http://130.172.129.7:8080/Transportgateway/services/DeviceRequestHandler (ERR 207 : Connection time out)
*Mar 31 19:12:36.974: %SMART_LIC-3-AGENT_REG_FAILED: Smart Agent for Licensing Registration with the Cisco Smart Software Manager (CSSM) failed: Fail to send out Call Home HTTP message.
*Mar 31 19:12:36.974: %SMART_LIC-3-COMM_FAILED: Communications failure with the Cisco Smart Software Manager (CSSM) : Fail to send out Call Home HTTP message. 
*Mar 31 20:13:57.975: %CRYPTO_ENGINE-5-KEY_DELETED: A key named SLA-KeyPair has been removed from key storage
*Mar 31 20:13:58.787: %CRYPTO_ENGINE-5-KEY_ADDITION: A key named SLA-KeyPair has been generated or imported by crypto-engine
*Mar 31 20:13:58.831: %PKI-4-NOCONFIGAUTOSAVE: Configuration was modified.  Issue "write memory" to save new IOS PKI configuration
*Mar 31 20:15:59.857: %CALL_HOME-5-SL_MESSAGE_FAILED: Fail to send out Smart Licensing message to: http://130.172.129.7:8080/Transportgateway/services/DeviceRequestHandler (ERR 207 : Connection time out)
*Mar 31 20:15:59.857: %SMART_LIC-3-AGENT_REG_FAILED: Smart Agent for Licensing Registration with the Cisco Smart Software Manager (CSSM) failed: Fail to send out Call Home HTTP message.
*Mar 31 20:15:59.858: %SMART_LIC-3-COMM_FAILED: Communications failure with the Cisco Smart Software Manager (CSSM) : Fail to send out Call Home HTTP message. 
*Mar 31 21:20:28.858: %CRYPTO_ENGINE-5-KEY_DELETED: A key named SLA-KeyPair2 has been removed from key storage
*Mar 31 21:20:30.279: %CRYPTO_ENGINE-5-KEY_ADDITION: A key named SLA-KeyPair2 has been generated or imported by crypto-engine
*Mar 31 21:20:30.323: %PKI-4-NOCONFIGAUTOSAVE: Configuration was modified.  Issue "write memory" to save new IOS PKI configuration
*Mar 31 21:22:41.351: %CALL_HOME-5-SL_MESSAGE_FAILED: Fail to send out Smart Licensing message to: http://130.172.129.7:8080/Transportgateway/services/DeviceRequestHandler (ERR 207 : Connection time out)
*Mar 31 21:22:41.352: %SMART_LIC-3-AGENT_REG_FAILED: Smart Agent for Licensing Registration with the Cisco Smart Software Manager (CSSM) failed: Fail to send out Call Home HTTP message.
*Mar 31 21:22:41.352: %SMART_LIC-3-COMM_FAILED: Communications failure with the Cisco Smart Software Manager (CSSM) : Fail to send out Call Home HTTP message. 
*Mar 31 22:25:32.353: %CRYPTO_ENGINE-5-KEY_DELETED: A key named SLA-KeyPair has been removed from key storage
*Mar 31 22:25:32.896: %CRYPTO_ENGINE-5-KEY_ADDITION: A key named SLA-KeyPair has been generated or imported by crypto-engine
*Mar 31 22:25:32.940: %PKI-4-NOCONFIGAUTOSAVE: Configuration was modified.  Issue "write memory" to save new IOS PKI configuration
*Mar 31 22:27:33.969: %CALL_HOME-5-SL_MESSAGE_FAILED: Fail to send out Smart Licensing message to: http://130.172.129.7:8080/Transportgateway/services/DeviceRequestHandler (ERR 207 : Connection time out)
*Mar 31 22:27:33.969: %SMART_LIC-3-AGENT_REG_FAILED: Smart Agent for Licensing Registration with the Cisco Smart Software Manager (CSSM) failed: Fail to send out Call Home HTTP message.
*Mar 31 22:27:33.969: %SMART_LIC-3-COMM_FAILED: Communications failure with the Cisco Smart Software Manager (CSSM) : Fail to send out Call Home HTTP message. 
*Mar 31 23:27:39.969: %CRYPTO_ENGINE-5-KEY_DELETED: A key named SLA-KeyPair2 has been removed from key storage
*Mar 31 23:27:40.519: %CRYPTO_ENGINE-5-KEY_ADDITION: A key named SLA-KeyPair2 has been generated or imported by crypto-engine
*Mar 31 23:27:40.563: %PKI-4-NOCONFIGAUTOSAVE: Configuration was modified.  Issue "write memory" to save new IOS PKI configuration
*Mar 31 23:29:41.594: %CALL_HOME-5-SL_MESSAGE_FAILED: Fail to send out Smart Licensing message to: http://130.172.129.7:8080/Transportgateway/services/DeviceRequestHandler (ERR 207 : Connection time out)
*Mar 31 23:29:41.595: %SMART_LIC-3-AGENT_REG_FAILED: Smart Agent for Licensing Registration with the Cisco Smart Software Manager (CSSM) failed: Fail to send out Call Home HTTP message.
*Mar 31 23:29:41.595: %SMART_LIC-3-COMM_FAILED: Communications failure with the Cisco Smart Software Manager (CSSM) : Fail to send out Call Home HTTP message. 
*Apr  1 00:31:00.595: %CRYPTO_ENGINE-5-KEY_DELETED: A key named SLA-KeyPair has been removed from key storage
*Apr  1 00:31:02.024: %CRYPTO_ENGINE-5-KEY_ADDITION: A key named SLA-KeyPair has been generated or imported by crypto-engine
*Apr  1 00:31:02.068: %PKI-4-NOCONFIGAUTOSAVE: Configuration was modified.  Issue "write memory" to save new IOS PKI configuration
*Apr  1 00:33:13.101: %CALL_HOME-5-SL_MESSAGE_FAILED: Fail to send out Smart Licensing message to: http://130.172.129.7:8080/Transportgateway/services/DeviceRequestHandler (ERR 207 : Connection time out)
*Apr  1 00:33:13.102: %SMART_LIC-3-AGENT_REG_FAILED: Smart Agent for Licensing Registration with the Cisco Smart Software Manager (CSSM) failed: Fail to send out Call Home HTTP message.
*Apr  1 00:33:13.102: %SMART_LIC-3-COMM_FAILED: Communications failure with the Cisco Smart Software Manager (CSSM) : Fail to send out Call Home HTTP message. 
*Apr  1 00:54:10.191: %SEC_LOGIN-5-LOGIN_SUCCESS: Login Success [user: si_nam_52343_p_024] [Source: 148.93.49.60] [localport: 22] at 00:54:10 UTC Sat Apr 1 2023
*Apr  1 00:54:45.594: %SYS-6-LOGOUT: User si_nam_52343_p_024 has exited tty session 1(148.93.49.60)
*Apr  1 01:34:34.103: %CRYPTO_ENGINE-5-KEY_DELETED: A key named SLA-KeyPair2 has been removed from key storage
*Apr  1 01:34:34.860: %CRYPTO_ENGINE-5-KEY_ADDITION: A key named SLA-KeyPair2 has been generated or imported by crypto-engine
*Apr  1 01:34:34.903: %PKI-4-NOCONFIGAUTOSAVE: Configuration was modified.  Issue "write memory" to save new IOS PKI configuration
*Apr  1 01:36:35.935: %CALL_HOME-5-SL_MESSAGE_FAILED: Fail to send out Smart Licensing message to: http://130.172.129.7:8080/Transportgateway/services/DeviceRequestHandler (ERR 207 : Connection time out)
*Apr  1 01:36:35.935: %SMART_LIC-3-AGENT_REG_FAILED: Smart Agent for Licensing Registration with the Cisco Smart Software Manager (CSSM) failed: Fail to send out Call Home HTTP message.
*Apr  1 01:36:35.936: %SMART_LIC-3-COMM_FAILED: Communications failure with the Cisco Smart Software Manager (CSSM) : Fail to send out Call Home HTTP message. 
*Apr  1 01:41:50.836: %SEC_LOGIN-5-LOGIN_SUCCESS: Login Success [user: SI_NAM_52343_P_012] [Source: 148.93.49.26] [localport: 22] at 01:41:50 UTC Sat Apr 1 2023
*Apr  1 01:42:01.784: %SYS-6-LOGOUT: User SI_NAM_52343_P_012 has exited tty session 1(148.93.49.26)
*Apr  1 02:38:18.936: %CRYPTO_ENGINE-5-KEY_DELETED: A key named SLA-KeyPair has been removed from key storage
*Apr  1 02:38:20.245: %CRYPTO_ENGINE-5-KEY_ADDITION: A key named SLA-KeyPair has been generated or imported by crypto-engine
*Apr  1 02:38:20.289: %PKI-4-NOCONFIGAUTOSAVE: Configuration was modified.  Issue "write memory" to save new IOS PKI configuration
*Apr  1 02:40:31.316: %CALL_HOME-5-SL_MESSAGE_FAILED: Fail to send out Smart Licensing message to: http://130.172.129.7:8080/Transportgateway/services/DeviceRequestHandler (ERR 207 : Connection time out)
*Apr  1 02:40:31.316: %SMART_LIC-3-AGENT_REG_FAILED: Smart Agent for Licensing Registration with the Cisco Smart Software Manager (CSSM) failed: Fail to send out Call Home HTTP message.
*Apr  1 02:40:31.316: %SMART_LIC-3-COMM_FAILED: Communications failure with the Cisco Smart Software Manager (CSSM) : Fail to send out Call Home HTTP message. 
*Apr  1 03:42:24.316: %CRYPTO_ENGINE-5-KEY_DELETED: A key named SLA-KeyPair2 has been removed from key storage
*Apr  1 03:42:25.836: %CRYPTO_ENGINE-5-KEY_ADDITION: A key named SLA-KeyPair2 has been generated or imported by crypto-engine
*Apr  1 03:42:25.883: %PKI-4-NOCONFIGAUTOSAVE: Configuration was modified.  Issue "write memory" to save new IOS PKI configuration
*Apr  1 03:44:26.907: %CALL_HOME-5-SL_MESSAGE_FAILED: Fail to send out Smart Licensing message to: http://130.172.129.7:8080/Transportgateway/services/DeviceRequestHandler (ERR 207 : Connection time out)
*Apr  1 03:44:26.908: %SMART_LIC-3-AGENT_REG_FAILED: Smart Agent for Licensing Registration with the Cisco Smart Software Manager (CSSM) failed: Fail to send out Call Home HTTP message.
*Apr  1 03:44:26.908: %SMART_LIC-3-COMM_FAILED: Communications failure with the Cisco Smart Software Manager (CSSM) : Fail to send out Call Home HTTP message. 
*Apr  1 04:16:00.960: %SEC_LOGIN-5-LOGIN_SUCCESS: Login Success [user: SI_NAM_52343_P_012] [Source: 148.93.49.26] [localport: 22] at 04:16:00 UTC Sat Apr 1 2023
*Apr  1 04:32:16.544: %SYS-6-LOGOUT: User SI_NAM_52343_P_012 has exited tty session 1(148.93.49.26)
*Apr  1 04:44:58.909: %CRYPTO_ENGINE-5-KEY_DELETED: A key named SLA-KeyPair has been removed from key storage
*Apr  1 04:45:00.789: %CRYPTO_ENGINE-5-KEY_ADDITION: A key named SLA-KeyPair has been generated or imported by crypto-engine
*Apr  1 04:45:00.833: %PKI-4-NOCONFIGAUTOSAVE: Configuration was modified.  Issue "write memory" to save new IOS PKI configuration
*Apr  1 04:47:11.861: %CALL_HOME-5-SL_MESSAGE_FAILED: Fail to send out Smart Licensing message to: http://130.172.129.7:8080/Transportgateway/services/DeviceRequestHandler (ERR 207 : Connection time out)
*Apr  1 04:47:11.862: %SMART_LIC-3-AGENT_REG_FAILED: Smart Agent for Licensing Registration with the Cisco Smart Software Manager (CSSM) failed: Fail to send out Call Home HTTP message.
*Apr  1 04:47:11.862: %SMART_LIC-3-COMM_FAILED: Communications failure with the Cisco Smart Software Manager (CSSM) : Fail to send out Call Home HTTP message. 
*Apr  1 05:48:16.863: %CRYPTO_ENGINE-5-KEY_DELETED: A key named SLA-KeyPair2 has been removed from key storage
*Apr  1 05:48:18.209: %CRYPTO_ENGINE-5-KEY_ADDITION: A key named SLA-KeyPair2 has been generated or imported by crypto-engine
*Apr  1 05:48:18.254: %PKI-4-NOCONFIGAUTOSAVE: Configuration was modified.  Issue "write memory" to save new IOS PKI configuration
*Apr  1 05:50:58.263: %CALL_HOME-5-SL_MESSAGE_FAILED: Fail to send out Smart Licensing message to: http://130.172.129.7:8080/Transportgateway/services/DeviceRequestHandler (ERR 207 : Connection time out)
*Apr  1 05:50:58.263: %SMART_LIC-3-AGENT_REG_FAILED: Smart Agent for Licensing Registration with the Cisco Smart Software Manager (CSSM) failed: Fail to send out Call Home HTTP message.
*Apr  1 05:50:58.263: %SMART_LIC-3-COMM_FAILED: Communications failure with the Cisco Smart Software Manager (CSSM) : Fail to send out Call Home HTTP message. 
*Apr  1 06:55:03.264: %CRYPTO_ENGINE-5-KEY_DELETED: A key named SLA-KeyPair has been removed from key storage
*Apr  1 06:55:03.789: %CRYPTO_ENGINE-5-KEY_ADDITION: A key named SLA-KeyPair has been generated or imported by crypto-engine
*Apr  1 06:55:03.833: %PKI-4-NOCONFIGAUTOSAVE: Configuration was modified.  Issue "write memory" to save new IOS PKI configuration
*Apr  1 06:57:29.863: %CALL_HOME-5-SL_MESSAGE_FAILED: Fail to send out Smart Licensing message to: http://130.172.129.7:8080/Transportgateway/services/DeviceRequestHandler (ERR 205 : Request Aborted)
*Apr  1 06:57:29.864: %SMART_LIC-3-AGENT_REG_FAILED: Smart Agent for Licensing Registration with the Cisco Smart Software Manager (CSSM) failed: Fail to send out Call Home HTTP message.
*Apr  1 06:57:29.864: %SMART_LIC-3-COMM_FAILED: Communications failure with the Cisco Smart Software Manager (CSSM) : Fail to send out Call Home HTTP message. 
*Apr  1 07:57:39.864: %CRYPTO_ENGINE-5-KEY_DELETED: A key named SLA-KeyPair2 has been removed from key storage
*Apr  1 07:57:40.801: %CRYPTO_ENGINE-5-KEY_ADDITION: A key named SLA-KeyPair2 has been generated or imported by crypto-engine
*Apr  1 07:57:40.845: %PKI-4-NOCONFIGAUTOSAVE: Configuration was modified.  Issue "write memory" to save new IOS PKI configuration
*Apr  1 08:00:20.858: %CALL_HOME-5-SL_MESSAGE_FAILED: Fail to send out Smart Licensing message to: http://130.172.129.7:8080/Transportgateway/services/DeviceRequestHandler (ERR 207 : Connection time out)
*Apr  1 08:00:20.858: %SMART_LIC-3-AGENT_REG_FAILED: Smart Agent for Licensing Registration with the Cisco Smart Software Manager (CSSM) failed: Fail to send out Call Home HTTP message.
*Apr  1 08:00:20.858: %SMART_LIC-3-COMM_FAILED: Communications failure with the Cisco Smart Software Manager (CSSM) : Fail to send out Call Home HTTP message. 
*Apr  1 08:53:05.385: %SEC_LOGIN-5-LOGIN_SUCCESS: Login Success [user: si_nam_52343_p_024] [Source: 148.93.49.60] [localport: 22] at 08:53:05 UTC Sat Apr 1 2023
*Apr  1 08:53:09.919: %SYS-6-LOGOUT: User si_nam_52343_p_024 has exited tty session 1(148.93.49.60)
*Apr  1 09:04:42.859: %CRYPTO_ENGINE-5-KEY_DELETED: A key named SLA-KeyPair has been removed from key storage
*Apr  1 09:04:44.217: %CRYPTO_ENGINE-5-KEY_ADDITION: A key named SLA-KeyPair has been generated or imported by crypto-engine
*Apr  1 09:04:44.260: %PKI-4-NOCONFIGAUTOSAVE: Configuration was modified.  Issue "write memory" to save new IOS PKI configuration
*Apr  1 09:07:04.290: %CALL_HOME-5-SL_MESSAGE_FAILED: Fail to send out Smart Licensing message to: http://130.172.129.7:8080/Transportgateway/services/DeviceRequestHandler (ERR 207 : Connection time out)
*Apr  1 09:07:04.291: %SMART_LIC-3-AGENT_REG_FAILED: Smart Agent for Licensing Registration with the Cisco Smart Software Manager (CSSM) failed: Fail to send out Call Home HTTP message.
*Apr  1 09:07:04.291: %SMART_LIC-3-COMM_FAILED: Communications failure with the Cisco Smart Software Manager (CSSM) : Fail to send out Call Home HTTP message. 
*Apr  1 10:09:25.292: %CRYPTO_ENGINE-5-KEY_DELETED: A key named SLA-KeyPair2 has been removed from key storage
*Apr  1 10:09:25.782: %CRYPTO_ENGINE-5-KEY_ADDITION: A key named SLA-KeyPair2 has been generated or imported by crypto-engine
*Apr  1 10:09:25.826: %PKI-4-NOCONFIGAUTOSAVE: Configuration was modified.  Issue "write memory" to save new IOS PKI configuration
*Apr  1 10:11:45.881: %CALL_HOME-5-SL_MESSAGE_FAILED: Fail to send out Smart Licensing message to: http://130.172.129.7:8080/Transportgateway/services/DeviceRequestHandler (ERR 205 : Request Aborted)
*Apr  1 10:11:45.881: %SMART_LIC-3-AGENT_REG_FAILED: Smart Agent for Licensing Registration with the Cisco Smart Software Manager (CSSM) failed: Fail to send out Call Home HTTP message.
*Apr  1 10:11:45.881: %SMART_LIC-3-COMM_FAILED: Communications failure with the Cisco Smart Software Manager (CSSM) : Fail to send out Call Home HTTP message. 
*Apr  1 11:12:44.882: %CRYPTO_ENGINE-5-KEY_DELETED: A key named SLA-KeyPair has been removed from key storage
*Apr  1 11:12:45.825: %CRYPTO_ENGINE-5-KEY_ADDITION: A key named SLA-KeyPair has been generated or imported by crypto-engine
*Apr  1 11:12:45.869: %PKI-4-NOCONFIGAUTOSAVE: Configuration was modified.  Issue "write memory" to save new IOS PKI configuration
*Apr  1 11:15:25.877: %CALL_HOME-5-SL_MESSAGE_FAILED: Fail to send out Smart Licensing message to: http://130.172.129.7:8080/Transportgateway/services/DeviceRequestHandler (ERR 207 : Connection time out)
*Apr  1 11:15:25.878: %SMART_LIC-3-AGENT_REG_FAILED: Smart Agent for Licensing Registration with the Cisco Smart Software Manager (CSSM) failed: Fail to send out Call Home HTTP message.
*Apr  1 11:15:25.878: %SMART_LIC-3-COMM_FAILED: Communications failure with the Cisco Smart Software Manager (CSSM) : Fail to send out Call Home HTTP message. 
*Apr  1 12:15:37.879: %CRYPTO_ENGINE-5-KEY_DELETED: A key named SLA-KeyPair2 has been removed from key storage
*Apr  1 12:15:39.480: %CRYPTO_ENGINE-5-KEY_ADDITION: A key named SLA-KeyPair2 has been generated or imported by crypto-engine
*Apr  1 12:15:39.526: %PKI-4-NOCONFIGAUTOSAVE: Configuration was modified.  Issue "write memory" to save new IOS PKI configuration
*Apr  1 12:17:40.554: %CALL_HOME-5-SL_MESSAGE_FAILED: Fail to send out Smart Licensing message to: http://130.172.129.7:8080/Transportgateway/services/DeviceRequestHandler (ERR 207 : Connection time out)
*Apr  1 12:17:40.554: %SMART_LIC-3-AGENT_REG_FAILED: Smart Agent for Licensing Registration with the Cisco Smart Software Manager (CSSM) failed: Fail to send out Call Home HTTP message.
*Apr  1 12:17:40.554: %SMART_LIC-3-COMM_FAILED: Communications failure with the Cisco Smart Software Manager (CSSM) : Fail to send out Call Home HTTP message. 
*Apr  1 12:53:16.642: %SEC_LOGIN-5-LOGIN_SUCCESS: Login Success [user: si_nam_52343_p_024] [Source: 148.93.49.60] [localport: 22] at 12:53:16 UTC Sat Apr 1 2023
*Apr  1 12:54:12.190: %SYS-6-LOGOUT: User si_nam_52343_p_024 has exited tty session 1(148.93.49.60)
*Apr  1 13:20:32.555: %CRYPTO_ENGINE-5-KEY_DELETED: A key named SLA-KeyPair has been removed from key storage
*Apr  1 13:20:33.945: %CRYPTO_ENGINE-5-KEY_ADDITION: A key named SLA-KeyPair has been generated or imported by crypto-engine
*Apr  1 13:20:33.990: %PKI-4-NOCONFIGAUTOSAVE: Configuration was modified.  Issue "write memory" to save new IOS PKI configuration
*Apr  1 13:22:35.020: %CALL_HOME-5-SL_MESSAGE_FAILED: Fail to send out Smart Licensing message to: http://130.172.129.7:8080/Transportgateway/services/DeviceRequestHandler (ERR 207 : Connection time out)
*Apr  1 13:22:35.020: %SMART_LIC-3-AGENT_REG_FAILED: Smart Agent for Licensing Registration with the Cisco Smart Software Manager (CSSM) failed: Fail to send out Call Home HTTP message.
*Apr  1 13:22:35.020: %SMART_LIC-3-COMM_FAILED: Communications failure with the Cisco Smart Software Manager (CSSM) : Fail to send out Call Home HTTP message. 
*Apr  1 14:25:51.021: %CRYPTO_ENGINE-5-KEY_DELETED: A key named SLA-KeyPair2 has been removed from key storage
*Apr  1 14:25:51.665: %CRYPTO_ENGINE-5-KEY_ADDITION: A key named SLA-KeyPair2 has been generated or imported by crypto-engine
*Apr  1 14:25:51.709: %PKI-4-NOCONFIGAUTOSAVE: Configuration was modified.  Issue "write memory" to save new IOS PKI configuration
*Apr  1 14:27:52.737: %CALL_HOME-5-SL_MESSAGE_FAILED: Fail to send out Smart Licensing message to: http://130.172.129.7:8080/Transportgateway/services/DeviceRequestHandler (ERR 207 : Connection time out)
*Apr  1 14:27:52.737: %SMART_LIC-3-AGENT_REG_FAILED: Smart Agent for Licensing Registration with the Cisco Smart Software Manager (CSSM) failed: Fail to send out Call Home HTTP message.
*Apr  1 14:27:52.737: %SMART_LIC-3-COMM_FAILED: Communications failure with the Cisco Smart Software Manager (CSSM) : Fail to send out Call Home HTTP message. 
*Apr  1 15:29:10.738: %CRYPTO_ENGINE-5-KEY_DELETED: A key named SLA-KeyPair has been removed from key storage
*Apr  1 15:29:12.196: %CRYPTO_ENGINE-5-KEY_ADDITION: A key named SLA-KeyPair has been generated or imported by crypto-engine
*Apr  1 15:29:12.240: %PKI-4-NOCONFIGAUTOSAVE: Configuration was modified.  Issue "write memory" to save new IOS PKI configuration
*Apr  1 15:31:32.269: %CALL_HOME-5-SL_MESSAGE_FAILED: Fail to send out Smart Licensing message to: http://130.172.129.7:8080/Transportgateway/services/DeviceRequestHandler (ERR 207 : Connection time out)
*Apr  1 15:31:32.269: %SMART_LIC-3-AGENT_REG_FAILED: Smart Agent for Licensing Registration with the Cisco Smart Software Manager (CSSM) failed: Fail to send out Call Home HTTP message.
*Apr  1 15:31:32.269: %SMART_LIC-3-COMM_FAILED: Communications failure with the Cisco Smart Software Manager (CSSM) : Fail to send out Call Home HTTP message. 
*Apr  1 16:34:22.270: %CRYPTO_ENGINE-5-KEY_DELETED: A key named SLA-KeyPair2 has been removed from key storage
*Apr  1 16:34:23.520: %CRYPTO_ENGINE-5-KEY_ADDITION: A key named SLA-KeyPair2 has been generated or imported by crypto-engine
*Apr  1 16:34:23.564: %PKI-4-NOCONFIGAUTOSAVE: Configuration was modified.  Issue "write memory" to save new IOS PKI configuration
*Apr  1 16:36:43.592: %CALL_HOME-5-SL_MESSAGE_FAILED: Fail to send out Smart Licensing message to: http://130.172.129.7:8080/Transportgateway/services/DeviceRequestHandler (ERR 207 : Connection time out)
*Apr  1 16:36:43.592: %SMART_LIC-3-AGENT_REG_FAILED: Smart Agent for Licensing Registration with the Cisco Smart Software Manager (CSSM) failed: Fail to send out Call Home HTTP message.
*Apr  1 16:36:43.593: %SMART_LIC-3-COMM_FAILED: Communications failure with the Cisco Smart Software Manager (CSSM) : Fail to send out Call Home HTTP message. 
*Apr  1 17:39:20.594: %CRYPTO_ENGINE-5-KEY_DELETED: A key named SLA-KeyPair has been removed from key storage
*Apr  1 17:39:21.792: %CRYPTO_ENGINE-5-KEY_ADDITION: A key named SLA-KeyPair has been generated or imported by crypto-engine
*Apr  1 17:39:21.837: %PKI-4-NOCONFIGAUTOSAVE: Configuration was modified.  Issue "write memory" to save new IOS PKI configuration
*Apr  1 17:41:31.884: %CALL_HOME-5-SL_MESSAGE_FAILED: Fail to send out Smart Licensing message to: http://130.172.129.7:8080/Transportgateway/services/DeviceRequestHandler (ERR 207 : Connection time out)
*Apr  1 17:41:31.884: %SMART_LIC-3-AGENT_REG_FAILED: Smart Agent for Licensing Registration with the Cisco Smart Software Manager (CSSM) failed: Fail to send out Call Home HTTP message.
*Apr  1 17:41:31.884: %SMART_LIC-3-COMM_FAILED: Communications failure with the Cisco Smart Software Manager (CSSM) : Fail to send out Call Home HTTP message. 
*Apr  1 18:45:57.885: %CRYPTO_ENGINE-5-KEY_DELETED: A key named SLA-KeyPair2 has been removed from key storage
*Apr  1 18:45:58.456: %CRYPTO_ENGINE-5-KEY_ADDITION: A key named SLA-KeyPair2 has been generated or imported by crypto-engine
*Apr  1 18:45:58.500: %PKI-4-NOCONFIGAUTOSAVE: Configuration was modified.  Issue "write memory" to save new IOS PKI configuration
*Apr  1 18:47:59.531: %CALL_HOME-5-SL_MESSAGE_FAILED: Fail to send out Smart Licensing message to: http://130.172.129.7:8080/Transportgateway/services/DeviceRequestHandler (ERR 207 : Connection time out)
*Apr  1 18:47:59.532: %SMART_LIC-3-AGENT_REG_FAILED: Smart Agent for Licensing Registration with the Cisco Smart Software Manager (CSSM) failed: Fail to send out Call Home HTTP message.
*Apr  1 18:47:59.532: %SMART_LIC-3-COMM_FAILED: Communications failure with the Cisco Smart Software Manager (CSSM) : Fail to send out Call Home HTTP message. 
*Apr  1 19:49:16.533: %CRYPTO_ENGINE-5-KEY_DELETED: A key named SLA-KeyPair has been removed from key storage
*Apr  1 19:49:17.580: %CRYPTO_ENGINE-5-KEY_ADDITION: A key named SLA-KeyPair has been generated or imported by crypto-engine
*Apr  1 19:49:17.624: %PKI-4-NOCONFIGAUTOSAVE: Configuration was modified.  Issue "write memory" to save new IOS PKI configuration
*Apr  1 19:51:37.652: %CALL_HOME-5-SL_MESSAGE_FAILED: Fail to send out Smart Licensing message to: http://130.172.129.7:8080/Transportgateway/services/DeviceRequestHandler (ERR 207 : Connection time out)
*Apr  1 19:51:37.652: %SMART_LIC-3-AGENT_REG_FAILED: Smart Agent for Licensing Registration with the Cisco Smart Software Manager (CSSM) failed: Fail to send out Call Home HTTP message.
*Apr  1 19:51:37.652: %SMART_LIC-3-COMM_FAILED: Communications failure with the Cisco Smart Software Manager (CSSM) : Fail to send out Call Home HTTP message. 
*Apr  1 20:54:01.653: %CRYPTO_ENGINE-5-KEY_DELETED: A key named SLA-KeyPair2 has been removed from key storage
*Apr  1 20:54:02.669: %CRYPTO_ENGINE-5-KEY_ADDITION: A key named SLA-KeyPair2 has been generated or imported by crypto-engine
*Apr  1 20:54:02.716: %PKI-4-NOCONFIGAUTOSAVE: Configuration was modified.  Issue "write memory" to save new IOS PKI configuration
*Apr  1 20:56:32.744: %CALL_HOME-5-SL_MESSAGE_FAILED: Fail to send out Smart Licensing message to: http://130.172.129.7:8080/Transportgateway/services/DeviceRequestHandler (ERR 207 : Connection time out)
*Apr  1 20:56:32.745: %SMART_LIC-3-AGENT_REG_FAILED: Smart Agent for Licensing Registration with the Cisco Smart Software Manager (CSSM) failed: Fail to send out Call Home HTTP message.
*Apr  1 20:56:32.745: %SMART_LIC-3-COMM_FAILED: Communications failure with the Cisco Smart Software Manager (CSSM) : Fail to send out Call Home HTTP message. 
*Apr  1 21:58:54.746: %CRYPTO_ENGINE-5-KEY_DELETED: A key named SLA-KeyPair has been removed from key storage
*Apr  1 21:58:55.945: %CRYPTO_ENGINE-5-KEY_ADDITION: A key named SLA-KeyPair has been generated or imported by crypto-engine
*Apr  1 21:58:55.989: %PKI-4-NOCONFIGAUTOSAVE: Configuration was modified.  Issue "write memory" to save new IOS PKI configuration
*Apr  1 22:01:22.022: %CALL_HOME-5-SL_MESSAGE_FAILED: Fail to send out Smart Licensing message to: http://130.172.129.7:8080/Transportgateway/services/DeviceRequestHandler (ERR 207 : Connection time out)
*Apr  1 22:01:22.023: %SMART_LIC-3-AGENT_REG_FAILED: Smart Agent for Licensing Registration with the Cisco Smart Software Manager (CSSM) failed: Fail to send out Call Home HTTP message.
*Apr  1 22:01:22.023: %SMART_LIC-3-COMM_FAILED: Communications failure with the Cisco Smart Software Manager (CSSM) : Fail to send out Call Home HTTP message. 
*Apr  1 23:06:05.023: %CRYPTO_ENGINE-5-KEY_DELETED: A key named SLA-KeyPair2 has been removed from key storage
*Apr  1 23:06:06.043: %CRYPTO_ENGINE-5-KEY_ADDITION: A key named SLA-KeyPair2 has been generated or imported by crypto-engine
*Apr  1 23:06:06.088: %PKI-4-NOCONFIGAUTOSAVE: Configuration was modified.  Issue "write memory" to save new IOS PKI configuration
*Apr  1 23:08:17.118: %CALL_HOME-5-SL_MESSAGE_FAILED: Fail to send out Smart Licensing message to: http://130.172.129.7:8080/Transportgateway/services/DeviceRequestHandler (ERR 207 : Connection time out)
*Apr  1 23:08:17.118: %SMART_LIC-3-AGENT_REG_FAILED: Smart Agent for Licensing Registration with the Cisco Smart Software Manager (CSSM) failed: Fail to send out Call Home HTTP message.
*Apr  1 23:08:17.118: %SMART_LIC-3-COMM_FAILED: Communications failure with the Cisco Smart Software Manager (CSSM) : Fail to send out Call Home HTTP message. 
*Apr  2 00:12:39.119: %CRYPTO_ENGINE-5-KEY_DELETED: A key named SLA-KeyPair has been removed from key storage
*Apr  2 00:12:40.011: %CRYPTO_ENGINE-5-KEY_ADDITION: A key named SLA-KeyPair has been generated or imported by crypto-engine
*Apr  2 00:12:40.055: %PKI-4-NOCONFIGAUTOSAVE: Configuration was modified.  Issue "write memory" to save new IOS PKI configuration
*Apr  2 00:14:51.082: %CALL_HOME-5-SL_MESSAGE_FAILED: Fail to send out Smart Licensing message to: http://130.172.129.7:8080/Transportgateway/services/DeviceRequestHandler (ERR 207 : Connection time out)
*Apr  2 00:14:51.083: %SMART_LIC-3-AGENT_REG_FAILED: Smart Agent for Licensing Registration with the Cisco Smart Software Manager (CSSM) failed: Fail to send out Call Home HTTP message.
*Apr  2 00:14:51.083: %SMART_LIC-3-COMM_FAILED: Communications failure with the Cisco Smart Software Manager (CSSM) : Fail to send out Call Home HTTP message. 
*Apr  2 00:53:27.717: %SEC_LOGIN-5-LOGIN_SUCCESS: Login Success [user: si_nam_52343_p_024] [Source: 148.93.49.60] [localport: 22] at 00:53:27 UTC Sun Apr 2 2023
*Apr  2 00:54:25.831: %SYS-6-LOGOUT: User si_nam_52343_p_024 has exited tty session 1(148.93.49.60)
*Apr  2 01:19:43.084: %CRYPTO_ENGINE-5-KEY_DELETED: A key named SLA-KeyPair2 has been removed from key storage
*Apr  2 01:19:43.502: %CRYPTO_ENGINE-5-KEY_ADDITION: A key named SLA-KeyPair2 has been generated or imported by crypto-engine
*Apr  2 01:19:43.545: %PKI-4-NOCONFIGAUTOSAVE: Configuration was modified.  Issue "write memory" to save new IOS PKI configuration
*Apr  2 01:21:44.573: %CALL_HOME-5-SL_MESSAGE_FAILED: Fail to send out Smart Licensing message to: http://130.172.129.7:8080/Transportgateway/services/DeviceRequestHandler (ERR 207 : Connection time out)
*Apr  2 01:21:44.573: %SMART_LIC-3-AGENT_REG_FAILED: Smart Agent for Licensing Registration with the Cisco Smart Software Manager (CSSM) failed: Fail to send out Call Home HTTP message.
*Apr  2 01:21:44.574: %SMART_LIC-3-COMM_FAILED: Communications failure with the Cisco Smart Software Manager (CSSM) : Fail to send out Call Home HTTP message. 
*Apr  2 02:22:32.574: %CRYPTO_ENGINE-5-KEY_DELETED: A key named SLA-KeyPair has been removed from key storage
*Apr  2 02:22:33.423: %CRYPTO_ENGINE-5-KEY_ADDITION: A key named SLA-KeyPair has been generated or imported by crypto-engine
*Apr  2 02:22:33.467: %PKI-4-NOCONFIGAUTOSAVE: Configuration was modified.  Issue "write memory" to save new IOS PKI configuration
*Apr  2 02:24:34.502: %CALL_HOME-5-SL_MESSAGE_FAILED: Fail to send out Smart Licensing message to: http://130.172.129.7:8080/Transportgateway/services/DeviceRequestHandler (ERR 207 : Connection time out)
*Apr  2 02:24:34.502: %SMART_LIC-3-AGENT_REG_FAILED: Smart Agent for Licensing Registration with the Cisco Smart Software Manager (CSSM) failed: Fail to send out Call Home HTTP message.
*Apr  2 02:24:34.503: %SMART_LIC-3-COMM_FAILED: Communications failure with the Cisco Smart Software Manager (CSSM) : Fail to send out Call Home HTTP message. 
*Apr  2 03:24:51.504: %CRYPTO_ENGINE-5-KEY_DELETED: A key named SLA-KeyPair2 has been removed from key storage
*Apr  2 03:24:52.698: %CRYPTO_ENGINE-5-KEY_ADDITION: A key named SLA-KeyPair2 has been generated or imported by crypto-engine
*Apr  2 03:24:52.741: %PKI-4-NOCONFIGAUTOSAVE: Configuration was modified.  Issue "write memory" to save new IOS PKI configuration
*Apr  2 03:26:53.769: %CALL_HOME-5-SL_MESSAGE_FAILED: Fail to send out Smart Licensing message to: http://130.172.129.7:8080/Transportgateway/services/DeviceRequestHandler (ERR 207 : Connection time out)
*Apr  2 03:26:53.770: %SMART_LIC-3-AGENT_REG_FAILED: Smart Agent for Licensing Registration with the Cisco Smart Software Manager (CSSM) failed: Fail to send out Call Home HTTP message.
*Apr  2 03:26:53.770: %SMART_LIC-3-COMM_FAILED: Communications failure with the Cisco Smart Software Manager (CSSM) : Fail to send out Call Home HTTP message. 
*Apr  2 04:29:35.771: %CRYPTO_ENGINE-5-KEY_DELETED: A key named SLA-KeyPair has been removed from key storage
*Apr  2 04:29:36.151: %CRYPTO_ENGINE-5-KEY_ADDITION: A key named SLA-KeyPair has been generated or imported by crypto-engine
*Apr  2 04:29:36.194: %PKI-4-NOCONFIGAUTOSAVE: Configuration was modified.  Issue "write memory" to save new IOS PKI configuration
*Apr  2 04:31:38.246: %CALL_HOME-5-SL_MESSAGE_FAILED: Fail to send out Smart Licensing message to: http://130.172.129.7:8080/Transportgateway/services/DeviceRequestHandler (ERR 207 : Connection time out)
*Apr  2 04:31:38.247: %SMART_LIC-3-AGENT_REG_FAILED: Smart Agent for Licensing Registration with the Cisco Smart Software Manager (CSSM) failed: Fail to send out Call Home HTTP message.
*Apr  2 04:31:38.247: %SMART_LIC-3-COMM_FAILED: Communications failure with the Cisco Smart Software Manager (CSSM) : Fail to send out Call Home HTTP message. 
*Apr  2 05:35:00.248: %CRYPTO_ENGINE-5-KEY_DELETED: A key named SLA-KeyPair2 has been removed from key storage
*Apr  2 05:35:01.115: %CRYPTO_ENGINE-5-KEY_ADDITION: A key named SLA-KeyPair2 has been generated or imported by crypto-engine
*Apr  2 05:35:01.159: %PKI-4-NOCONFIGAUTOSAVE: Configuration was modified.  Issue "write memory" to save new IOS PKI configuration
*Apr  2 05:37:02.186: %CALL_HOME-5-SL_MESSAGE_FAILED: Fail to send out Smart Licensing message to: http://130.172.129.7:8080/Transportgateway/services/DeviceRequestHandler (ERR 207 : Connection time out)
*Apr  2 05:37:02.187: %SMART_LIC-3-AGENT_REG_FAILED: Smart Agent for Licensing Registration with the Cisco Smart Software Manager (CSSM) failed: Fail to send out Call Home HTTP message.
*Apr  2 05:37:02.187: %SMART_LIC-3-COMM_FAILED: Communications failure with the Cisco Smart Software Manager (CSSM) : Fail to send out Call Home HTTP message. 
*Apr  2 06:37:10.188: %CRYPTO_ENGINE-5-KEY_DELETED: A key named SLA-KeyPair has been removed from key storage
*Apr  2 06:37:11.133: %CRYPTO_ENGINE-5-KEY_ADDITION: A key named SLA-KeyPair has been generated or imported by crypto-engine
*Apr  2 06:37:11.177: %PKI-4-NOCONFIGAUTOSAVE: Configuration was modified.  Issue "write memory" to save new IOS PKI configuration
*Apr  2 06:39:31.209: %CALL_HOME-5-SL_MESSAGE_FAILED: Fail to send out Smart Licensing message to: http://130.172.129.7:8080/Transportgateway/services/DeviceRequestHandler (ERR 205 : Request Aborted)
*Apr  2 06:39:31.209: %SMART_LIC-3-AGENT_REG_FAILED: Smart Agent for Licensing Registration with the Cisco Smart Software Manager (CSSM) failed: Fail to send out Call Home HTTP message.
*Apr  2 06:39:31.209: %SMART_LIC-3-COMM_FAILED: Communications failure with the Cisco Smart Software Manager (CSSM) : Fail to send out Call Home HTTP message. 
*Apr  2 07:41:21.210: %CRYPTO_ENGINE-5-KEY_DELETED: A key named SLA-KeyPair2 has been removed from key storage
*Apr  2 07:41:22.174: %CRYPTO_ENGINE-5-KEY_ADDITION: A key named SLA-KeyPair2 has been generated or imported by crypto-engine
*Apr  2 07:41:22.219: %PKI-4-NOCONFIGAUTOSAVE: Configuration was modified.  Issue "write memory" to save new IOS PKI configuration
*Apr  2 07:44:02.232: %CALL_HOME-5-SL_MESSAGE_FAILED: Fail to send out Smart Licensing message to: http://130.172.129.7:8080/Transportgateway/services/DeviceRequestHandler (ERR 207 : Connection time out)
*Apr  2 07:44:02.233: %SMART_LIC-3-AGENT_REG_FAILED: Smart Agent for Licensing Registration with the Cisco Smart Software Manager (CSSM) failed: Fail to send out Call Home HTTP message.
*Apr  2 07:44:02.233: %SMART_LIC-3-COMM_FAILED: Communications failure with the Cisco Smart Software Manager (CSSM) : Fail to send out Call Home HTTP message. 
*Apr  2 08:47:19.234: %CRYPTO_ENGINE-5-KEY_DELETED: A key named SLA-KeyPair has been removed from key storage
*Apr  2 08:47:19.769: %CRYPTO_ENGINE-5-KEY_ADDITION: A key named SLA-KeyPair has been generated or imported by crypto-engine
*Apr  2 08:47:19.815: %PKI-4-NOCONFIGAUTOSAVE: Configuration was modified.  Issue "write memory" to save new IOS PKI configuration
*Apr  2 08:49:49.881: %CALL_HOME-5-SL_MESSAGE_FAILED: Fail to send out Smart Licensing message to: http://130.172.129.7:8080/Transportgateway/services/DeviceRequestHandler (ERR 207 : Connection time out)
*Apr  2 08:49:49.881: %SMART_LIC-3-AGENT_REG_FAILED: Smart Agent for Licensing Registration with the Cisco Smart Software Manager (CSSM) failed: Fail to send out Call Home HTTP message.
*Apr  2 08:49:49.882: %SMART_LIC-3-COMM_FAILED: Communications failure with the Cisco Smart Software Manager (CSSM) : Fail to send out Call Home HTTP message. 
*Apr  2 08:52:34.976: %SEC_LOGIN-5-LOGIN_SUCCESS: Login Success [user: si_nam_52343_p_024] [Source: 148.93.49.60] [localport: 22] at 08:52:34 UTC Sun Apr 2 2023
*Apr  2 08:52:37.821: %SYS-6-LOGOUT: User si_nam_52343_p_024 has exited tty session 1(148.93.49.60)
*Apr  2 09:54:41.883: %CRYPTO_ENGINE-5-KEY_DELETED: A key named SLA-KeyPair2 has been removed from key storage
*Apr  2 09:54:42.833: %CRYPTO_ENGINE-5-KEY_ADDITION: A key named SLA-KeyPair2 has been generated or imported by crypto-engine
*Apr  2 09:54:42.877: %PKI-4-NOCONFIGAUTOSAVE: Configuration was modified.  Issue "write memory" to save new IOS PKI configuration
*Apr  2 09:57:22.887: %CALL_HOME-5-SL_MESSAGE_FAILED: Fail to send out Smart Licensing message to: http://130.172.129.7:8080/Transportgateway/services/DeviceRequestHandler (ERR 207 : Connection time out)
*Apr  2 09:57:22.887: %SMART_LIC-3-AGENT_REG_FAILED: Smart Agent for Licensing Registration with the Cisco Smart Software Manager (CSSM) failed: Fail to send out Call Home HTTP message.
*Apr  2 09:57:22.887: %SMART_LIC-3-COMM_FAILED: Communications failure with the Cisco Smart Software Manager (CSSM) : Fail to send out Call Home HTTP message. 
*Apr  2 10:57:53.888: %CRYPTO_ENGINE-5-KEY_DELETED: A key named SLA-KeyPair has been removed from key storage
*Apr  2 10:57:54.361: %CRYPTO_ENGINE-5-KEY_ADDITION: A key named SLA-KeyPair has been generated or imported by crypto-engine
*Apr  2 10:57:54.405: %PKI-4-NOCONFIGAUTOSAVE: Configuration was modified.  Issue "write memory" to save new IOS PKI configuration
*Apr  2 11:00:02.458: %CALL_HOME-5-SL_MESSAGE_FAILED: Fail to send out Smart Licensing message to: http://130.172.129.7:8080/Transportgateway/services/DeviceRequestHandler (ERR 207 : Connection time out)
*Apr  2 11:00:02.458: %SMART_LIC-3-AGENT_REG_FAILED: Smart Agent for Licensing Registration with the Cisco Smart Software Manager (CSSM) failed: Fail to send out Call Home HTTP message.
*Apr  2 11:00:02.459: %SMART_LIC-3-COMM_FAILED: Communications failure with the Cisco Smart Software Manager (CSSM) : Fail to send out Call Home HTTP message. 
*Apr  2 11:04:15.505: %SEC_LOGIN-5-LOGIN_SUCCESS: Login Success [user: as_cz507f] [Source: 148.93.114.53] [localport: 22] at 11:04:15 UTC Sun Apr 2 2023
fwaac-spare5-C9300-48UXM#!

fwaac-spare5-C9300-48UXM#show running-config
Building configuration...

Current configuration : 28598 bytes
!
! Last configuration change at 17:38:53 UTC Thu Mar 30 2023 by as_cz507f
!
version 16.12
no service pad
service timestamps debug datetime msec localtime
service timestamps log datetime msec localtime
service password-encryption
service call-home
platform punt-keepalive disable-kernel-core
!
hostname fwaac-spare5-C9300-48UXM
!
!
vrf definition Mgmt-vrf
 !
 address-family ipv4
 exit-address-family
 !
 address-family ipv6
 exit-address-family
!
logging discriminator FILTER facility drops DOT1X|MAB|SESSION_MGR 
logging buffered discriminator FILTER 40960 informational
logging persistent url flash:/syslog size 5120000 filesize 500000 immediate
logging console informational
logging monitor informational
enable secret 9 $9$.WdJnHuGz02oNU$Jvw982a0zYCNbJJMbMCvsdLHw93PY9UTlPiPI1lYnlo
enable password 7 096B63580A0014000E18
!
aaa new-model
!
!
aaa group server tacacs+ gm-tacacs
 server name DCW-1
 server name DCM-1
 server name DCW-2
 server name DCM-2
 ip tacacs source-interface Vlan800
!
aaa authentication login default group gm-tacacs local
aaa authentication enable default group gm-tacacs enable
aaa authorization console
aaa authorization config-commands
aaa authorization exec default group gm-tacacs local 
aaa authorization commands 1 default group gm-tacacs none 
aaa authorization commands 15 default group gm-tacacs none 
aaa accounting send stop-record authentication failure
aaa accounting exec default stop-only group gm-tacacs
aaa accounting commands 15 default stop-only group gm-tacacs
!
!
!
!
!
!
aaa session-id common
process cpu threshold type total rising 60 interval 120 falling 30 interval 120
boot system switch all flash:packages.conf
switch 5 provision c9300-48uxm
!
!
!
!
call-home
 ! If contact email address in call-home is configured as sch-smart-licensing@cisco.com
 ! the email address configured in Cisco Smart License Portal will be used as contact email address to send SCH notifications.
 contact-email-addr sch-smart-licensing@cisco.com
 no http secure server-identity-check
 profile "CiscoTAC-1"
  no reporting smart-licensing-data
  destination transport-method http
  no destination transport-method email
 profile "Manufacturing-LAN"
  reporting smart-licensing-data
  destination transport-method http
  no destination transport-method email
  destination address http http://130.172.129.7:8080/Transportgateway/services/DeviceRequestHandler 
  destination address http http://148.93.49.7:8080/Transportgateway/services/DeviceRequestHandler 
 profile "Site-Engineering-LAN"
  destination transport-method http
  no destination transport-method email
  destination address http https://148.93.145.110:443/Transportgateway/services/DeviceRequestHandler 
ip routing
!
!
!
!
!
no ip domain lookup
ip domain name fwa.nam.gm.com
!
!
!
login on-success log
!
!
!
!
!
!
!
vtp domain fwaac
vtp mode transparent
udld aggressive

no device-tracking logging theft
!
crypto pki trustpoint SLA-TrustPoint
 enrollment terminal
 revocation-check none
!
crypto pki trustpoint TP-self-signed-665817181
 enrollment selfsigned
 subject-name cn=IOS-Self-Signed-Certificate-665817181
 revocation-check none
 rsakeypair TP-self-signed-665817181
!
!
crypto pki certificate chain SLA-TrustPoint
 certificate ca 01
  30820321 30820209 A0030201 02020101 300D0609 2A864886 F70D0101 0B050030 
  32310E30 0C060355 040A1305 43697363 6F312030 1E060355 04031317 43697363 
  6F204C69 63656E73 696E6720 526F6F74 20434130 1E170D31 33303533 30313934 
  3834375A 170D3338 30353330 31393438 34375A30 32310E30 0C060355 040A1305 
  43697363 6F312030 1E060355 04031317 43697363 6F204C69 63656E73 696E6720 
  526F6F74 20434130 82012230 0D06092A 864886F7 0D010101 05000382 010F0030 
  82010A02 82010100 A6BCBD96 131E05F7 145EA72C 2CD686E6 17222EA1 F1EFF64D 
  CBB4C798 212AA147 C655D8D7 9471380D 8711441E 1AAF071A 9CAE6388 8A38E520 
  1C394D78 462EF239 C659F715 B98C0A59 5BBB5CBD 0CFEBEA3 700A8BF7 D8F256EE 
  4AA4E80D DB6FD1C9 60B1FD18 FFC69C96 6FA68957 A2617DE7 104FDC5F EA2956AC 
  7390A3EB 2B5436AD C847A2C5 DAB553EB 69A9A535 58E9F3E3 C0BD23CF 58BD7188 
  68E69491 20F320E7 948E71D7 AE3BCC84 F10684C7 4BC8E00F 539BA42B 42C68BB7 
  C7479096 B4CB2D62 EA2F505D C7B062A4 6811D95B E8250FC4 5D5D5FB8 8F27D191 
  C55F0D76 61F9A4CD 3D992327 A8BB03BD 4E6D7069 7CBADF8B DF5F4368 95135E44 
  DFC7C6CF 04DD7FD1 02030100 01A34230 40300E06 03551D0F 0101FF04 04030201 
  06300F06 03551D13 0101FF04 05300301 01FF301D 0603551D 0E041604 1449DC85 
  4B3D31E5 1B3E6A17 606AF333 3D3B4C73 E8300D06 092A8648 86F70D01 010B0500 
  03820101 00507F24 D3932A66 86025D9F E838AE5C 6D4DF6B0 49631C78 240DA905 
  604EDCDE FF4FED2B 77FC460E CD636FDB DD44681E 3A5673AB 9093D3B1 6C9E3D8B 
  D98987BF E40CBD9E 1AECA0C2 2189BB5C 8FA85686 CD98B646 5575B146 8DFC66A8 
  467A3DF4 4D565700 6ADF0F0D CF835015 3C04FF7C 21E878AC 11BA9CD2 55A9232C 
  7CA7B7E6 C1AF74F6 152E99B7 B1FCF9BB E973DE7F 5BDDEB86 C71E3B49 1765308B 
  5FB0DA06 B92AFE7F 494E8A9E 07B85737 F3A58BE1 1A48A229 C37C1E69 39F08678 
  80DDCD16 D6BACECA EEBC7CF9 8428787B 35202CDC 60E4616A B623CDBD 230E3AFB 
  418616A9 4093E049 4D10AB75 27E86F73 932E35B5 8862FDAE 0275156F 719BB2F0 
  D697DF7F 28
  	quit
crypto pki certificate chain TP-self-signed-665817181
!
!
system mtu 9100
license boot level network-advantage addon dna-advantage
!
!
diagnostic bootup level minimal
!
spanning-tree mode rapid-pvst
spanning-tree loopguard default
spanning-tree portfast bpduguard default
spanning-tree extend system-id
archive
 path flash:backup
 maximum 3
 time-period 1440
memory free low-watermark processor 134344
!
errdisable recovery cause udld
errdisable recovery cause bpduguard
errdisable recovery cause security-violation
errdisable recovery cause channel-misconfig
errdisable recovery cause pagp-flap
errdisable recovery cause dtp-flap
errdisable recovery cause link-flap
errdisable recovery cause sfp-config-mismatch
errdisable recovery cause gbic-invalid
errdisable recovery cause l2ptguard
errdisable recovery cause psecure-violation
errdisable recovery cause port-mode-failure
errdisable recovery cause dhcp-rate-limit
errdisable recovery cause pppoe-ia-rate-limit
errdisable recovery cause mac-limit
errdisable recovery cause storm-control
errdisable recovery cause inline-power
errdisable recovery cause arp-inspection
errdisable recovery cause link-monitor-failure
errdisable recovery cause oam-remote-failure
errdisable recovery cause loopback
errdisable recovery cause psp
errdisable recovery cause mrp-miscabling
errdisable recovery interval 1200
username localadmin privilege 15 secret 9 $9$O11v1VY7xoHSYU$EPsupoyc2Um4Wu3dDZrZCdFomAHW526WbTsf3UoEptU
!
redundancy
 mode sso
!
!
!
!
!
transceiver type all
 monitoring
!
vlan 800
 name PFCN_L2_Mgmt
!
vlan 999
 name unused_ports
lldp run
!
!
class-map match-any system-cpp-police-ewlc-control
  description EWLC Control 
class-map match-any system-cpp-police-topology-control
  description Topology control
class-map match-any system-cpp-police-sw-forward
  description Sw forwarding, L2 LVX data packets, LOGGING, Transit Traffic
class-map match-any system-cpp-default
  description EWLC Data, Inter FED Traffic 
class-map match-any system-cpp-police-sys-data
  description Openflow, Exception, EGR Exception, NFL Sampled Data, RPF Failed
class-map match-any system-cpp-police-punt-webauth
  description Punt Webauth
class-map match-any system-cpp-police-l2lvx-control
  description L2 LVX control packets
class-map match-any system-cpp-police-forus
  description Forus Address resolution and Forus traffic
class-map match-any system-cpp-police-multicast-end-station
  description MCAST END STATION
class-map match-any system-cpp-police-high-rate-app
  description High Rate Applications 
class-map match-any system-cpp-police-multicast
  description MCAST Data
class-map match-any system-cpp-police-l2-control
  description L2 control
class-map match-any system-cpp-police-dot1x-auth
  description DOT1X Auth
class-map match-any system-cpp-police-data
  description ICMP redirect, ICMP_GEN and BROADCAST
class-map match-any system-cpp-police-stackwise-virt-control
  description Stackwise Virtual OOB
class-map match-any non-client-nrt-class
class-map match-any system-cpp-police-routing-control
  description Routing control and Low Latency
class-map match-any system-cpp-police-protocol-snooping
  description Protocol snooping
class-map match-any system-cpp-police-dhcp-snooping
  description DHCP snooping
class-map match-any system-cpp-police-ios-routing
  description L2 control, Topology control, Routing control, Low Latency
class-map match-any system-cpp-police-system-critical
  description System Critical and Gold Pkt
class-map match-any system-cpp-police-ios-feature
  description ICMPGEN,BROADCAST,ICMP,L2LVXCntrl,ProtoSnoop,PuntWebauth,MCASTData,Transit,DOT1XAuth,Swfwd,LOGGING,L2LVXData,ForusTraffic,ForusARP,McastEndStn,Openflow,Exception,EGRExcption,NflSampled,RpfFailed
!
policy-map system-cpp-policy
!
! 
!
!
!
!
!
!
!
!
!
interface GigabitEthernet0/0
 description link-to-fwaaclast003-Tw1/0/1
 vrf forwarding Mgmt-vrf
 no ip address
 no ip redirects
 no ip unreachables
 no ip proxy-arp
 negotiation auto
 arp timeout 1500
!
interface TwoGigabitEthernet5/0/1
 description link-to-fwaac-spare1-C9300-48UXM
 switchport access vlan 800
 udld port aggressive
 no mdix auto
 spanning-tree portfast disable
 spanning-tree bpduguard disable
!
interface TwoGigabitEthernet5/0/2
 description link-to-fwaac-spare2-C9300-48UXM
 switchport access vlan 800
 udld port aggressive
 no mdix auto
 spanning-tree portfast disable
 spanning-tree bpduguard disable
!
interface TwoGigabitEthernet5/0/3
 description link-to-fwaac-spare3-C9300-48UXM
 switchport access vlan 800
 udld port aggressive
 no mdix auto
 spanning-tree portfast disable
 spanning-tree bpduguard disable
!
interface TwoGigabitEthernet5/0/4
 description link-to-fwaac-spare4-C9300-48UXM
 switchport access vlan 800
 udld port aggressive
 no mdix auto
 spanning-tree portfast disable
 spanning-tree bpduguard disable
!
interface TwoGigabitEthernet5/0/5
 description link-to-fwaac-spare6-C9500-48Y4C
 switchport access vlan 800
 udld port aggressive
 no mdix auto
 spanning-tree portfast disable
 spanning-tree bpduguard disable
!
interface TwoGigabitEthernet5/0/6
 description link-to-fwaac-spare7-C9500-48Y4C
 switchport access vlan 800
 udld port aggressive
 no mdix auto
 spanning-tree portfast disable
 spanning-tree bpduguard disable
!
interface TwoGigabitEthernet5/0/7
 description link-to-fwaac-spare8-C9500-32C
 switchport access vlan 800
 udld port aggressive
 no mdix auto
 spanning-tree portfast disable
 spanning-tree bpduguard disable
!
interface TwoGigabitEthernet5/0/8
 description link-to-fwaac-spare9-C9200
 switchport access vlan 800
 udld port aggressive
 no mdix auto
 spanning-tree portfast disable
 spanning-tree bpduguard disable
!
interface TwoGigabitEthernet5/0/9
 description link-to-fwaac-spare10-3400-8P2S
 switchport access vlan 800
 udld port aggressive
 no mdix auto
 spanning-tree portfast disable
 spanning-tree bpduguard disable
!
interface TwoGigabitEthernet5/0/10
 description link-to-fwaac-spare11-3400-8P2S
 switchport access vlan 800
 udld port aggressive
 no mdix auto
 spanning-tree portfast disable
 spanning-tree bpduguard disable
!
interface TwoGigabitEthernet5/0/11
 description link-to-fwaac-spare12-C9300-24U
 switchport access vlan 800
 udld port aggressive
 no mdix auto
 spanning-tree portfast disable
 spanning-tree bpduguard disable
!
interface TwoGigabitEthernet5/0/12
 description link-to-fwaac-spare21-3400-8P2S
 switchport access vlan 800
 switchport mode access
 no logging event link-status
 power inline never
 udld port aggressive
 no snmp trap link-status
 no mdix auto
 spanning-tree portfast disable
 spanning-tree bpduguard disable
!
interface TwoGigabitEthernet5/0/13
 description link-to-fwaac-spare13-c9200l-24
 switchport access vlan 800
 switchport mode access
 no logging event link-status
 power inline never
 udld port aggressive
 no snmp trap link-status
 no mdix auto
 spanning-tree portfast disable
 spanning-tree bpduguard disable
!
interface TwoGigabitEthernet5/0/14
 description link-to-fwaac-spare14-c9200l-24
 switchport access vlan 800
 switchport mode access
 no logging event link-status
 power inline never
 udld port aggressive
 no snmp trap link-status
 no mdix auto
 spanning-tree portfast disable
 spanning-tree bpduguard disable
!
interface TwoGigabitEthernet5/0/15
 description link-to-fwaac-spare15-c9200l-24
 switchport access vlan 800
 switchport mode access
 no logging event link-status
 power inline never
 udld port aggressive
 no snmp trap link-status
 no mdix auto
 spanning-tree portfast disable
 spanning-tree bpduguard disable
!
interface TwoGigabitEthernet5/0/16
 description link-to-fwaac-spare21-3400-8P2S
 switchport access vlan 800
 switchport mode access
 no logging event link-status
 power inline never
 udld port aggressive
 no snmp trap link-status
 no mdix auto
 spanning-tree portfast disable
 spanning-tree bpduguard disable
!
interface TwoGigabitEthernet5/0/17
 description link-to-fwaac-spare19-3400-8P2S
 switchport access vlan 800
 switchport mode access
 no logging event link-status
 power inline never
 udld port aggressive
 no snmp trap link-status
 no mdix auto
 spanning-tree portfast disable
 spanning-tree bpduguard disable
!
interface TwoGigabitEthernet5/0/18
 description link-to-fwaac-spare20-9200L-48
 switchport access vlan 800
 switchport mode access
 no logging event link-status
 power inline never
 udld port aggressive
 no snmp trap link-status
 no mdix auto
 spanning-tree portfast disable
 spanning-tree bpduguard disable
!
interface TwoGigabitEthernet5/0/19
 description unused_port
 switchport access vlan 999
 switchport mode access
 no logging event link-status
 shutdown
 power inline never
 no snmp trap link-status
 spanning-tree portfast
!
interface TwoGigabitEthernet5/0/20
 description unused_port
 switchport access vlan 999
 switchport mode access
 no logging event link-status
 shutdown
 power inline never
 udld port aggressive
 no snmp trap link-status
 no mdix auto
 spanning-tree portfast
 spanning-tree bpduguard disable
!
interface TwoGigabitEthernet5/0/21
 description unused_port
 switchport access vlan 999
 switchport mode access
 no logging event link-status
 shutdown
 power inline never
 no snmp trap link-status
 spanning-tree portfast
!
interface TwoGigabitEthernet5/0/22
 description unused_port
 switchport access vlan 999
 switchport mode access
 no logging event link-status
 shutdown
 power inline never
 no snmp trap link-status
 spanning-tree portfast
!
interface TwoGigabitEthernet5/0/23
 description unused_port
 switchport access vlan 999
 switchport mode access
 no logging event link-status
 shutdown
 power inline never
 udld port aggressive
 no snmp trap link-status
 no mdix auto
 spanning-tree portfast
 spanning-tree bpduguard disable
!
interface TwoGigabitEthernet5/0/24
 description unused_port
 switchport access vlan 999
 switchport mode access
 no logging event link-status
 shutdown
 power inline never
 udld port aggressive
 no snmp trap link-status
 no mdix auto
 spanning-tree portfast
 spanning-tree bpduguard disable
!
interface TwoGigabitEthernet5/0/25
 description link-to-fwaac-spare30-C9120AXE-B
 switchport access vlan 800
 switchport mode access
 no logging event link-status
 udld port aggressive
 no snmp trap link-status
 no mdix auto
 spanning-tree portfast disable
 spanning-tree bpduguard disable
!
interface TwoGigabitEthernet5/0/26
 description link-to-fwaac-spare31-C9120AXE-B
 switchport access vlan 800
 switchport mode access
 no logging event link-status
 udld port aggressive
 no snmp trap link-status
 no mdix auto
 spanning-tree portfast disable
 spanning-tree bpduguard disable
!
interface TwoGigabitEthernet5/0/27
 description link-to-fwaac-spare32-C9120AXE-B
 switchport access vlan 800
 switchport mode access
 no logging event link-status
 udld port aggressive
 no snmp trap link-status
 no mdix auto
 spanning-tree portfast disable
 spanning-tree bpduguard disable
!
interface TwoGigabitEthernet5/0/28
 description link-to-fwaac-spare33-C9120AXI-B
 switchport access vlan 800
 switchport mode access
 no logging event link-status
 udld port aggressive
 no snmp trap link-status
 no mdix auto
 spanning-tree portfast disable
 spanning-tree bpduguard disable
!
interface TwoGigabitEthernet5/0/29
 description unused_port
 switchport access vlan 999
 switchport mode access
 no logging event link-status
 shutdown
 power inline never
 no snmp trap link-status
 spanning-tree portfast
!
interface TwoGigabitEthernet5/0/30
 description unused_port
 switchport access vlan 999
 switchport mode access
 no logging event link-status
 shutdown
 power inline never
 no snmp trap link-status
 spanning-tree portfast
!
interface TwoGigabitEthernet5/0/31
 description unused_port
 switchport access vlan 999
 switchport mode access
 no logging event link-status
 shutdown
 power inline never
 no snmp trap link-status
 spanning-tree portfast
!
interface TwoGigabitEthernet5/0/32
 description unused_port
 switchport access vlan 999
 switchport mode access
 no logging event link-status
 shutdown
 power inline never
 no snmp trap link-status
 spanning-tree portfast
!
interface TwoGigabitEthernet5/0/33
 description unused_port
 switchport access vlan 999
 switchport mode access
 no logging event link-status
 shutdown
 power inline never
 no snmp trap link-status
 spanning-tree portfast
!
interface TwoGigabitEthernet5/0/34
 description unused_port
 switchport access vlan 999
 switchport mode access
 no logging event link-status
 shutdown
 power inline never
 no snmp trap link-status
 spanning-tree portfast
!
interface TwoGigabitEthernet5/0/35
 description unused_port
 switchport access vlan 999
 switchport mode access
 no logging event link-status
 shutdown
 power inline never
 no snmp trap link-status
 spanning-tree portfast
!
interface TwoGigabitEthernet5/0/36
 description unused_port
 switchport access vlan 999
 switchport mode access
 no logging event link-status
 shutdown
 power inline never
 no snmp trap link-status
 spanning-tree portfast
!
interface TenGigabitEthernet5/0/37
 description unused_port
 switchport access vlan 999
 switchport mode access
 no logging event link-status
 shutdown
 power inline never
 no snmp trap link-status
 spanning-tree portfast
!
interface TenGigabitEthernet5/0/38
 description unused_port
 switchport access vlan 999
 switchport mode access
 no logging event link-status
 shutdown
 power inline never
 no snmp trap link-status
 spanning-tree portfast
!
interface TenGigabitEthernet5/0/39
 description unused_port
 switchport access vlan 999
 switchport mode access
 no logging event link-status
 shutdown
 power inline never
 no snmp trap link-status
 spanning-tree portfast
!
interface TenGigabitEthernet5/0/40
 description unused_port
 switchport access vlan 999
 switchport mode access
 no logging event link-status
 shutdown
 power inline never
 no snmp trap link-status
 spanning-tree portfast
!
interface TenGigabitEthernet5/0/41
 description unused_port
 switchport access vlan 999
 switchport mode access
 no logging event link-status
 shutdown
 power inline never
 no snmp trap link-status
 spanning-tree portfast
!
interface TenGigabitEthernet5/0/42
 description unused_port
 switchport access vlan 999
 switchport mode access
 no logging event link-status
 shutdown
 power inline never
 no snmp trap link-status
 spanning-tree portfast
!
interface TenGigabitEthernet5/0/43
 description unused_port
 switchport access vlan 999
 switchport mode access
 no logging event link-status
 shutdown
 power inline never
 no snmp trap link-status
 spanning-tree portfast
!
interface TenGigabitEthernet5/0/44
 description unused_port
 switchport access vlan 999
 switchport mode access
 no logging event link-status
 shutdown
 power inline never
 no snmp trap link-status
 spanning-tree portfast
!
interface TenGigabitEthernet5/0/45
 description unused_port
 switchport access vlan 999
 switchport mode access
 no logging event link-status
 shutdown
 power inline never
 no snmp trap link-status
 spanning-tree portfast
!
interface TenGigabitEthernet5/0/46
 description unused_port
 switchport access vlan 999
 switchport mode access
 no logging event link-status
 shutdown
 power inline never
 no snmp trap link-status
 spanning-tree portfast
!
interface TenGigabitEthernet5/0/47
 description unused_port
 switchport mode access
 no logging event link-status
 power inline never
 no snmp trap link-status
 spanning-tree portfast
!
interface TenGigabitEthernet5/0/48
 description fwaaclast003-tw1/0/1
 switchport access vlan 800
 switchport mode access
 power inline never
 udld port aggressive
 spanning-tree portfast disable
 spanning-tree bpduguard disable
!
interface GigabitEthernet5/1/1
 description unused_port
 switchport access vlan 999
 switchport mode access
 no logging event link-status
 shutdown
 no snmp trap link-status
 spanning-tree portfast
!
interface GigabitEthernet5/1/2
 description unused_port
 switchport access vlan 999
 switchport mode access
 no logging event link-status
 shutdown
 no snmp trap link-status
 spanning-tree portfast
!
interface GigabitEthernet5/1/3
 description unused_port
 switchport access vlan 999
 switchport mode access
 no logging event link-status
 shutdown
 no snmp trap link-status
 spanning-tree portfast
!
interface GigabitEthernet5/1/4
 description unused_port
 switchport access vlan 999
 switchport mode access
 no logging event link-status
 shutdown
 no snmp trap link-status
 spanning-tree portfast
!
interface TenGigabitEthernet5/1/1
 description unused_port
 switchport access vlan 999
 switchport mode access
 no logging event link-status
 shutdown
 no snmp trap link-status
 spanning-tree portfast
!
interface TenGigabitEthernet5/1/2
 description unused_port
 switchport access vlan 999
 switchport mode access
 no logging event link-status
 shutdown
 no snmp trap link-status
 spanning-tree portfast
!
interface TenGigabitEthernet5/1/3
 description unused_port
 switchport access vlan 999
 switchport mode access
 no logging event link-status
 shutdown
 no snmp trap link-status
 spanning-tree portfast
!
interface TenGigabitEthernet5/1/4
 description unused_port
 switchport access vlan 999
 switchport mode access
 no logging event link-status
 shutdown
 no snmp trap link-status
 spanning-tree portfast
!
interface TenGigabitEthernet5/1/5
 description unused_port
 switchport access vlan 999
 switchport mode access
 no logging event link-status
 shutdown
 no snmp trap link-status
 spanning-tree portfast
!
interface TenGigabitEthernet5/1/6
 description unused_port
 switchport access vlan 999
 switchport mode access
 no logging event link-status
 shutdown
 no snmp trap link-status
 spanning-tree portfast
!
interface TenGigabitEthernet5/1/7
 description unused_port
 switchport access vlan 999
 switchport mode access
 no logging event link-status
 shutdown
 no snmp trap link-status
 spanning-tree portfast
!
interface TenGigabitEthernet5/1/8
 description unused_port
 switchport access vlan 999
 switchport mode access
 no logging event link-status
 shutdown
 no snmp trap link-status
 spanning-tree portfast
!
interface FortyGigabitEthernet5/1/1
 description unused_port
 switchport access vlan 999
 switchport mode access
 no logging event link-status
 shutdown
 no snmp trap link-status
 spanning-tree portfast
!
interface FortyGigabitEthernet5/1/2
 description unused_port
 switchport access vlan 999
 switchport mode access
 no logging event link-status
 shutdown
 no snmp trap link-status
 spanning-tree portfast
!
interface TwentyFiveGigE5/1/1
 description unused_port
 switchport access vlan 999
 switchport mode access
 no logging event link-status
 shutdown
 no snmp trap link-status
 spanning-tree portfast
!
interface TwentyFiveGigE5/1/2
 description unused_port
 switchport access vlan 999
 switchport mode access
 no logging event link-status
 shutdown
 no snmp trap link-status
 spanning-tree portfast
!
interface AppGigabitEthernet5/0/1
 description unused_port
 no logging event link-status
 shutdown
 no snmp trap link-status
!
interface Vlan1
 description Cat9K Spare 10.x L2 Template v01.12
 no ip address
 shutdown
!
interface Vlan800
 ip address 10.51.1.250 255.255.254.0
!
ip default-gateway 10.51.0.1
no ip forward-protocol nd
no ip forward-protocol udp tftp
no ip forward-protocol udp nameserver
no ip forward-protocol udp domain
no ip forward-protocol udp time
no ip forward-protocol udp netbios-ns
no ip forward-protocol udp netbios-dgm
no ip forward-protocol udp tacacs
no ip http server
ip http authentication local
no ip http secure-server
ip http client source-interface Vlan800
ip ftp source-interface Vlan800
ip tftp source-interface Vlan800
ip route 0.0.0.0 0.0.0.0 10.51.0.1
ip tacacs source-interface Vlan800 
ip ssh source-interface Vlan800
ip ssh version 2
!
!
!
logging host 148.93.49.21 transport udp port 5012
logging host 130.172.129.8 transport udp port 5012
logging host 148.93.115.30 vrf Mgmt-vrf transport udp port 5500
logging host 130.172.83.30 vrf Mgmt-vrf transport udp port 5500
ip access-list standard 93
 60 permit 10.14.9.251
 10 remark version 1.0 
 10 remark GM monitor/manage center in Warren
 10 permit 148.93.114.0 0.0.0.255
 20 permit 148.93.49.0 0.0.0.255
 30 permit 148.93.144.0 0.0.1.255
 40 permit 148.93.146.0 0.0.1.255
 50 permit 148.93.148.0 0.0.1.255
 70 permit 148.93.50.0 0.0.0.255
 80 remark GM monitor/manage center in Milford
 80 permit 130.172.119.0 0.0.0.255
 90 permit 130.172.129.0 0.0.0.255
 100 permit 130.172.100.0 0.0.1.255
 110 permit 130.172.36.0 0.0.1.255
 120 permit 130.172.42.0 0.0.1.255
 130 remark GM monitor/manage center in Singapore
 130 permit 10.147.62.128 0.0.0.127
 140 permit 10.147.52.128 0.0.0.127
 150 remark Plant Cores
 150 permit 10.0.3.129 0.255.0.0
 160 permit 10.0.3.130 0.255.0.0
 170 permit 10.0.131.129 0.255.0.0
 180 permit 10.0.131.130 0.255.0.0
!
!
snmp-server group V3-RO v3 auth read V3ROVIEW 
snmp-server group V3-RW v3 auth write V3RWVIEW 
snmp-server view V3ROVIEW iso included
snmp-server view V3RWVIEW iso included
snmp-server trap-source TenGigabitEthernet5/0/48
snmp-server location NUSFWA | ROANOKE INDIANA | (SPARE5)12200 LAFAYETTE CENTER RD | 1 |  DATA CENTER | NS10 | GM-LAN-GRP | PLANT
snmp-server enable traps snmp authentication linkdown linkup coldstart warmstart
snmp-server enable traps envmon fan shutdown supply temperature status
snmp-server host 10.51.11.203 informs version 3 auth V3NetMgtRO 
snmp-server host 10.51.11.203 vrf Mgmt-vrf informs version 3 auth V3NetMgtRO 
snmp-server host 10.51.11.203 version 3 auth V3NetMgtRO 
snmp-server host 10.51.11.203 vrf Mgmt-vrf version 3 auth V3NetMgtRO 
tacacs-server directed-request
tacacs server DCW-1
 address ipv4 148.93.49.176
 key 7 141D1E003A54787F111A190F0E3B0020172A7C7F5F706E0B531B3B5872057F017B7B3B033F11756E0924013151093E592A65465D23001B1D5D08332E09001D12
tacacs server DCM-1
 address ipv4 130.172.129.176
 key 7 141D1E003A54787F111A190F0E3B0020172A7C7F5F706E0B531B3B5872057F017B7B3B033F11756E0924013151093E592A65465D23001B1D5D08332E09001D12
tacacs server DCW-2
 address ipv4 148.93.49.177
 key 7 141D1E003A54787F111A190F0E3B0020172A7C7F5F706E0B531B3B5872057F017B7B3B033F11756E0924013151093E592A65465D23001B1D5D08332E09001D12
tacacs server DCM-2
 address ipv4 130.172.129.177
 key 7 141D1E003A54787F111A190F0E3B0020172A7C7F5F706E0B531B3B5872057F017B7B3B033F11756E0924013151093E592A65465D23001B1D5D08332E09001D12
!
!
!
control-plane
 service-policy input system-cpp-policy
!
banner login ^C
******************************************************************************
Use of this system is restricted to authorized users. User activity
is monitored and recorded. Anyone using this system expressly consents to such
monitoring and recording. BE ADVISED: if possible criminal activity or
unauthorized changes are detected, system records along with certain personal
information may be provided to management and/or appropriate authorities. 

Requires AS_Zid account
******************************************************************************
^C
!
line con 0
 exec-timeout 30 0
 password 7 08754B430F0E04161104020833
 stopbits 1
line vty 0 4
 access-class 93 in vrf-also
 exec-timeout 30 0
 password 7 055F0102275B4F081A0A191E12
 transport input ssh
line vty 5 15
 access-class 93 in vrf-also
 exec-timeout 30 0
 password 7 115D1E0811050A0D0725252831
 transport input ssh
!
ntp source GigabitEthernet0/0
ntp server 10.51.3.129
ntp server 10.51.3.130
!
mac address-table aging-time 1800
!
!
!
!
!
end

fwaac-spare5-C9300-48UXM#!

fwaac-spare5-C9300-48UXM#! *************************************************

fwaac-spare5-C9300-48UXM#! **** END

fwaac-spare5-C9300-48UXM#! *************************************************